Command line invocation:
    /Applications/Xcode.app/Contents/Developer/usr/bin/xcodebuild -workspace ios/Gripah.xcworkspace -configuration Debug -scheme Gripah -destination "generic/platform=iOS Simulator" ARCHS=arm64

Build settings from command line:
    ARCHS = arm64

ComputePackagePrebuildTargetDependencyGraph

Prepare packages

CreateBuildRequest

SendProjectDescription

CreateBuildOperation

ComputeTargetDependencyGraph
note: Building targets in dependency order
note: Target dependency graph (164 targets)
    Target 'Gripah' in project 'Gripah'
        ➜ Implicit dependency on target 'Pods-Gripah' in project 'Pods' via file 'libPods-Gripah.a' in build phase 'Link Binary'
        ➜ Implicit dependency on target 'A0Auth0' in project 'Pods' via options '-lA0Auth0' in build setting 'OTHER_LDFLAGS'
        ➜ Implicit dependency on target 'Auth0' in project 'Pods' via options '-lAuth0' in build setting 'OTHER_LDFLAGS'
        ➜ Implicit dependency on target 'DoubleConversion' in project 'Pods' via options '-lDoubleConversion' in build setting 'OTHER_LDFLAGS'
        ➜ Implicit dependency on target 'EXConstants' in project 'Pods' via options '-lEXConstants' in build setting 'OTHER_LDFLAGS'
        ➜ Implicit dependency on target 'EXImageLoader' in project 'Pods' via options '-lEXImageLoader' in build setting 'OTHER_LDFLAGS'
        ➜ Implicit dependency on target 'EXJSONUtils' in project 'Pods' via options '-lEXJSONUtils' in build setting 'OTHER_LDFLAGS'
        ➜ Implicit dependency on target 'EXManifests' in project 'Pods' via options '-lEXManifests' in build setting 'OTHER_LDFLAGS'
        ➜ Implicit dependency on target 'EXUpdatesInterface' in project 'Pods' via options '-lEXUpdatesInterface' in build setting 'OTHER_LDFLAGS'
        ➜ Implicit dependency on target 'Expo' in project 'Pods' via options '-lExpo' in build setting 'OTHER_LDFLAGS'
        ➜ Implicit dependency on target 'ExpoAsset' in project 'Pods' via options '-lExpoAsset' in build setting 'OTHER_LDFLAGS'
        ➜ Implicit dependency on target 'ExpoCamera' in project 'Pods' via options '-lExpoCamera' in build setting 'OTHER_LDFLAGS'
        ➜ Implicit dependency on target 'ExpoFileSystem' in project 'Pods' via options '-lExpoFileSystem' in build setting 'OTHER_LDFLAGS'
        ➜ Implicit dependency on target 'ExpoFont' in project 'Pods' via options '-lExpoFont' in build setting 'OTHER_LDFLAGS'
        ➜ Implicit dependency on target 'ExpoImagePicker' in project 'Pods' via options '-lExpoImagePicker' in build setting 'OTHER_LDFLAGS'
        ➜ Implicit dependency on target 'ExpoKeepAwake' in project 'Pods' via options '-lExpoKeepAwake' in build setting 'OTHER_LDFLAGS'
        ➜ Implicit dependency on target 'ExpoModulesCore' in project 'Pods' via options '-lExpoModulesCore' in build setting 'OTHER_LDFLAGS'
        ➜ Implicit dependency on target 'GTMSessionFetcher' in project 'Pods' via options '-lGTMSessionFetcher' in build setting 'OTHER_LDFLAGS'
        ➜ Implicit dependency on target 'Google-Mobile-Ads-SDK' in project 'Pods' via options '-lGoogle-Mobile-Ads-SDK' in build setting 'OTHER_LDFLAGS'
        ➜ Implicit dependency on target 'GoogleDataTransport' in project 'Pods' via options '-lGoogleDataTransport' in build setting 'OTHER_LDFLAGS'
        ➜ Implicit dependency on target 'GoogleToolboxForMac' in project 'Pods' via options '-lGoogleToolboxForMac' in build setting 'OTHER_LDFLAGS'
        ➜ Implicit dependency on target 'GoogleUtilities' in project 'Pods' via options '-lGoogleUtilities' in build setting 'OTHER_LDFLAGS'
        ➜ Implicit dependency on target 'JWTDecode' in project 'Pods' via options '-lJWTDecode' in build setting 'OTHER_LDFLAGS'
        ➜ Implicit dependency on target 'PromisesObjC' in project 'Pods' via options '-lPromisesObjC' in build setting 'OTHER_LDFLAGS'
        ➜ Implicit dependency on target 'RCT-Folly' in project 'Pods' via options '-lRCT-Folly' in build setting 'OTHER_LDFLAGS'
        ➜ Implicit dependency on target 'RCTDeprecation' in project 'Pods' via options '-lRCTDeprecation' in build setting 'OTHER_LDFLAGS'
        ➜ Implicit dependency on target 'RCTTypeSafety' in project 'Pods' via options '-lRCTTypeSafety' in build setting 'OTHER_LDFLAGS'
        ➜ Implicit dependency on target 'RNCAsyncStorage' in project 'Pods' via options '-lRNCAsyncStorage' in build setting 'OTHER_LDFLAGS'
        ➜ Implicit dependency on target 'RNCPicker' in project 'Pods' via options '-lRNCPicker' in build setting 'OTHER_LDFLAGS'
        ➜ Implicit dependency on target 'RNGoogleMobileAds' in project 'Pods' via options '-lRNGoogleMobileAds' in build setting 'OTHER_LDFLAGS'
        ➜ Implicit dependency on target 'RNMLKitTextRecognition' in project 'Pods' via options '-lRNMLKitTextRecognition' in build setting 'OTHER_LDFLAGS'
        ➜ Implicit dependency on target 'RNSVG' in project 'Pods' via options '-lRNSVG' in build setting 'OTHER_LDFLAGS'
        ➜ Implicit dependency on target 'React-Core' in project 'Pods' via options '-lReact-Core' in build setting 'OTHER_LDFLAGS'
        ➜ Implicit dependency on target 'React-CoreModules' in project 'Pods' via options '-lReact-CoreModules' in build setting 'OTHER_LDFLAGS'
        ➜ Implicit dependency on target 'React-Fabric' in project 'Pods' via options '-lReact-Fabric' in build setting 'OTHER_LDFLAGS'
        ➜ Implicit dependency on target 'React-FabricComponents' in project 'Pods' via options '-lReact-FabricComponents' in build setting 'OTHER_LDFLAGS'
        ➜ Implicit dependency on target 'React-FabricImage' in project 'Pods' via options '-lReact-FabricImage' in build setting 'OTHER_LDFLAGS'
        ➜ Implicit dependency on target 'React-ImageManager' in project 'Pods' via options '-lReact-ImageManager' in build setting 'OTHER_LDFLAGS'
        ➜ Implicit dependency on target 'React-Mapbuffer' in project 'Pods' via options '-lReact-Mapbuffer' in build setting 'OTHER_LDFLAGS'
        ➜ Implicit dependency on target 'React-NativeModulesApple' in project 'Pods' via options '-lReact-NativeModulesApple' in build setting 'OTHER_LDFLAGS'
        ➜ Implicit dependency on target 'React-RCTAnimation' in project 'Pods' via options '-lReact-RCTAnimation' in build setting 'OTHER_LDFLAGS'
        ➜ Implicit dependency on target 'React-RCTAppDelegate' in project 'Pods' via options '-lReact-RCTAppDelegate' in build setting 'OTHER_LDFLAGS'
        ➜ Implicit dependency on target 'React-RCTBlob' in project 'Pods' via options '-lReact-RCTBlob' in build setting 'OTHER_LDFLAGS'
        ➜ Implicit dependency on target 'React-RCTFBReactNativeSpec' in project 'Pods' via options '-lReact-RCTFBReactNativeSpec' in build setting 'OTHER_LDFLAGS'
        ➜ Implicit dependency on target 'React-RCTFabric' in project 'Pods' via options '-lReact-RCTFabric' in build setting 'OTHER_LDFLAGS'
        ➜ Implicit dependency on target 'React-RCTImage' in project 'Pods' via options '-lReact-RCTImage' in build setting 'OTHER_LDFLAGS'
        ➜ Implicit dependency on target 'React-RCTLinking' in project 'Pods' via options '-lReact-RCTLinking' in build setting 'OTHER_LDFLAGS'
        ➜ Implicit dependency on target 'React-RCTNetwork' in project 'Pods' via options '-lReact-RCTNetwork' in build setting 'OTHER_LDFLAGS'
        ➜ Implicit dependency on target 'React-RCTRuntime' in project 'Pods' via options '-lReact-RCTRuntime' in build setting 'OTHER_LDFLAGS'
        ➜ Implicit dependency on target 'React-RCTSettings' in project 'Pods' via options '-lReact-RCTSettings' in build setting 'OTHER_LDFLAGS'
        ➜ Implicit dependency on target 'React-RCTText' in project 'Pods' via options '-lReact-RCTText' in build setting 'OTHER_LDFLAGS'
        ➜ Implicit dependency on target 'React-RCTVibration' in project 'Pods' via options '-lReact-RCTVibration' in build setting 'OTHER_LDFLAGS'
        ➜ Implicit dependency on target 'React-RuntimeApple' in project 'Pods' via options '-lReact-RuntimeApple' in build setting 'OTHER_LDFLAGS'
        ➜ Implicit dependency on target 'React-RuntimeCore' in project 'Pods' via options '-lReact-RuntimeCore' in build setting 'OTHER_LDFLAGS'
        ➜ Implicit dependency on target 'React-RuntimeHermes' in project 'Pods' via options '-lReact-RuntimeHermes' in build setting 'OTHER_LDFLAGS'
        ➜ Implicit dependency on target 'React-cxxreact' in project 'Pods' via options '-lReact-cxxreact' in build setting 'OTHER_LDFLAGS'
        ➜ Implicit dependency on target 'React-debug' in project 'Pods' via options '-lReact-debug' in build setting 'OTHER_LDFLAGS'
        ➜ Implicit dependency on target 'React-defaultsnativemodule' in project 'Pods' via options '-lReact-defaultsnativemodule' in build setting 'OTHER_LDFLAGS'
        ➜ Implicit dependency on target 'React-domnativemodule' in project 'Pods' via options '-lReact-domnativemodule' in build setting 'OTHER_LDFLAGS'
        ➜ Implicit dependency on target 'React-featureflags' in project 'Pods' via options '-lReact-featureflags' in build setting 'OTHER_LDFLAGS'
        ➜ Implicit dependency on target 'React-featureflagsnativemodule' in project 'Pods' via options '-lReact-featureflagsnativemodule' in build setting 'OTHER_LDFLAGS'
        ➜ Implicit dependency on target 'React-graphics' in project 'Pods' via options '-lReact-graphics' in build setting 'OTHER_LDFLAGS'
        ➜ Implicit dependency on target 'React-hermes' in project 'Pods' via options '-lReact-hermes' in build setting 'OTHER_LDFLAGS'
        ➜ Implicit dependency on target 'React-idlecallbacksnativemodule' in project 'Pods' via options '-lReact-idlecallbacksnativemodule' in build setting 'OTHER_LDFLAGS'
        ➜ Implicit dependency on target 'React-jserrorhandler' in project 'Pods' via options '-lReact-jserrorhandler' in build setting 'OTHER_LDFLAGS'
        ➜ Implicit dependency on target 'React-jsi' in project 'Pods' via options '-lReact-jsi' in build setting 'OTHER_LDFLAGS'
        ➜ Implicit dependency on target 'React-jsiexecutor' in project 'Pods' via options '-lReact-jsiexecutor' in build setting 'OTHER_LDFLAGS'
        ➜ Implicit dependency on target 'React-jsinspector' in project 'Pods' via options '-lReact-jsinspector' in build setting 'OTHER_LDFLAGS'
        ➜ Implicit dependency on target 'React-jsinspectorcdp' in project 'Pods' via options '-lReact-jsinspectorcdp' in build setting 'OTHER_LDFLAGS'
        ➜ Implicit dependency on target 'React-jsinspectornetwork' in project 'Pods' via options '-lReact-jsinspectornetwork' in build setting 'OTHER_LDFLAGS'
        ➜ Implicit dependency on target 'React-jsinspectortracing' in project 'Pods' via options '-lReact-jsinspectortracing' in build setting 'OTHER_LDFLAGS'
        ➜ Implicit dependency on target 'React-jsitooling' in project 'Pods' via options '-lReact-jsitooling' in build setting 'OTHER_LDFLAGS'
        ➜ Implicit dependency on target 'React-logger' in project 'Pods' via options '-lReact-logger' in build setting 'OTHER_LDFLAGS'
        ➜ Implicit dependency on target 'React-microtasksnativemodule' in project 'Pods' via options '-lReact-microtasksnativemodule' in build setting 'OTHER_LDFLAGS'
        ➜ Implicit dependency on target 'React-oscompat' in project 'Pods' via options '-lReact-oscompat' in build setting 'OTHER_LDFLAGS'
        ➜ Implicit dependency on target 'React-perflogger' in project 'Pods' via options '-lReact-perflogger' in build setting 'OTHER_LDFLAGS'
        ➜ Implicit dependency on target 'React-performancetimeline' in project 'Pods' via options '-lReact-performancetimeline' in build setting 'OTHER_LDFLAGS'
        ➜ Implicit dependency on target 'React-rendererconsistency' in project 'Pods' via options '-lReact-rendererconsistency' in build setting 'OTHER_LDFLAGS'
        ➜ Implicit dependency on target 'React-renderercss' in project 'Pods' via options '-lReact-renderercss' in build setting 'OTHER_LDFLAGS'
        ➜ Implicit dependency on target 'React-rendererdebug' in project 'Pods' via options '-lReact-rendererdebug' in build setting 'OTHER_LDFLAGS'
        ➜ Implicit dependency on target 'React-runtimeexecutor' in project 'Pods' via options '-lReact-runtimeexecutor' in build setting 'OTHER_LDFLAGS'
        ➜ Implicit dependency on target 'React-runtimescheduler' in project 'Pods' via options '-lReact-runtimescheduler' in build setting 'OTHER_LDFLAGS'
        ➜ Implicit dependency on target 'React-utils' in project 'Pods' via options '-lReact-utils' in build setting 'OTHER_LDFLAGS'
        ➜ Implicit dependency on target 'ReactAppDependencyProvider' in project 'Pods' via options '-lReactAppDependencyProvider' in build setting 'OTHER_LDFLAGS'
        ➜ Implicit dependency on target 'ReactCodegen' in project 'Pods' via options '-lReactCodegen' in build setting 'OTHER_LDFLAGS'
        ➜ Implicit dependency on target 'ReactCommon' in project 'Pods' via options '-lReactCommon' in build setting 'OTHER_LDFLAGS'
        ➜ Implicit dependency on target 'SimpleKeychain' in project 'Pods' via options '-lSimpleKeychain' in build setting 'OTHER_LDFLAGS'
        ➜ Implicit dependency on target 'SocketRocket' in project 'Pods' via options '-lSocketRocket' in build setting 'OTHER_LDFLAGS'
        ➜ Implicit dependency on target 'Stripe' in project 'Pods' via options '-lStripe' in build setting 'OTHER_LDFLAGS'
        ➜ Implicit dependency on target 'StripeApplePay' in project 'Pods' via options '-lStripeApplePay' in build setting 'OTHER_LDFLAGS'
        ➜ Implicit dependency on target 'StripeCore' in project 'Pods' via options '-lStripeCore' in build setting 'OTHER_LDFLAGS'
        ➜ Implicit dependency on target 'StripeFinancialConnections' in project 'Pods' via options '-lStripeFinancialConnections' in build setting 'OTHER_LDFLAGS'
        ➜ Implicit dependency on target 'StripePaymentSheet' in project 'Pods' via options '-lStripePaymentSheet' in build setting 'OTHER_LDFLAGS'
        ➜ Implicit dependency on target 'StripePayments' in project 'Pods' via options '-lStripePayments' in build setting 'OTHER_LDFLAGS'
        ➜ Implicit dependency on target 'StripePaymentsUI' in project 'Pods' via options '-lStripePaymentsUI' in build setting 'OTHER_LDFLAGS'
        ➜ Implicit dependency on target 'StripeUICore' in project 'Pods' via options '-lStripeUICore' in build setting 'OTHER_LDFLAGS'
        ➜ Implicit dependency on target 'Yoga' in project 'Pods' via options '-lYoga' in build setting 'OTHER_LDFLAGS'
        ➜ Implicit dependency on target 'ZXingObjC' in project 'Pods' via options '-lZXingObjC' in build setting 'OTHER_LDFLAGS'
        ➜ Implicit dependency on target 'expo-dev-launcher' in project 'Pods' via options '-lexpo-dev-launcher' in build setting 'OTHER_LDFLAGS'
        ➜ Implicit dependency on target 'expo-dev-menu' in project 'Pods' via options '-lexpo-dev-menu' in build setting 'OTHER_LDFLAGS'
        ➜ Implicit dependency on target 'expo-dev-menu-interface' in project 'Pods' via options '-lexpo-dev-menu-interface' in build setting 'OTHER_LDFLAGS'
        ➜ Implicit dependency on target 'fmt' in project 'Pods' via options '-lfmt' in build setting 'OTHER_LDFLAGS'
        ➜ Implicit dependency on target 'glog' in project 'Pods' via options '-lglog' in build setting 'OTHER_LDFLAGS'
        ➜ Implicit dependency on target 'nanopb' in project 'Pods' via options '-lnanopb' in build setting 'OTHER_LDFLAGS'
        ➜ Implicit dependency on target 'react-native-slider' in project 'Pods' via options '-lreact-native-slider' in build setting 'OTHER_LDFLAGS'
        ➜ Implicit dependency on target 'stripe-react-native' in project 'Pods' via options '-lstripe-react-native' in build setting 'OTHER_LDFLAGS'
    Target 'Pods-Gripah' in project 'Pods'
        ➜ Explicit dependency on target 'A0Auth0' in project 'Pods'
        ➜ Explicit dependency on target 'Auth0' in project 'Pods'
        ➜ Explicit dependency on target 'DoubleConversion' in project 'Pods'
        ➜ Explicit dependency on target 'EXConstants' in project 'Pods'
        ➜ Explicit dependency on target 'EXImageLoader' in project 'Pods'
        ➜ Explicit dependency on target 'EXJSONUtils' in project 'Pods'
        ➜ Explicit dependency on target 'EXManifests' in project 'Pods'
        ➜ Explicit dependency on target 'EXUpdatesInterface' in project 'Pods'
        ➜ Explicit dependency on target 'Expo' in project 'Pods'
        ➜ Explicit dependency on target 'ExpoAsset' in project 'Pods'
        ➜ Explicit dependency on target 'ExpoCamera' in project 'Pods'
        ➜ Explicit dependency on target 'ExpoFileSystem' in project 'Pods'
        ➜ Explicit dependency on target 'ExpoFont' in project 'Pods'
        ➜ Explicit dependency on target 'ExpoImagePicker' in project 'Pods'
        ➜ Explicit dependency on target 'ExpoKeepAwake' in project 'Pods'
        ➜ Explicit dependency on target 'ExpoModulesCore' in project 'Pods'
        ➜ Explicit dependency on target 'FBLazyVector' in project 'Pods'
        ➜ Explicit dependency on target 'GTMSessionFetcher' in project 'Pods'
        ➜ Explicit dependency on target 'Google-Mobile-Ads-SDK' in project 'Pods'
        ➜ Explicit dependency on target 'GoogleDataTransport' in project 'Pods'
        ➜ Explicit dependency on target 'GoogleMLKit' in project 'Pods'
        ➜ Explicit dependency on target 'GoogleToolboxForMac' in project 'Pods'
        ➜ Explicit dependency on target 'GoogleUserMessagingPlatform' in project 'Pods'
        ➜ Explicit dependency on target 'GoogleUtilities' in project 'Pods'
        ➜ Explicit dependency on target 'JWTDecode' in project 'Pods'
        ➜ Explicit dependency on target 'MLImage' in project 'Pods'
        ➜ Explicit dependency on target 'MLKitCommon' in project 'Pods'
        ➜ Explicit dependency on target 'MLKitTextRecognition' in project 'Pods'
        ➜ Explicit dependency on target 'MLKitTextRecognitionChinese' in project 'Pods'
        ➜ Explicit dependency on target 'MLKitTextRecognitionCommon' in project 'Pods'
        ➜ Explicit dependency on target 'MLKitTextRecognitionDevanagari' in project 'Pods'
        ➜ Explicit dependency on target 'MLKitTextRecognitionJapanese' in project 'Pods'
        ➜ Explicit dependency on target 'MLKitTextRecognitionKorean' in project 'Pods'
        ➜ Explicit dependency on target 'MLKitVision' in project 'Pods'
        ➜ Explicit dependency on target 'PromisesObjC' in project 'Pods'
        ➜ Explicit dependency on target 'RCT-Folly' in project 'Pods'
        ➜ Explicit dependency on target 'RCTDeprecation' in project 'Pods'
        ➜ Explicit dependency on target 'RCTRequired' in project 'Pods'
        ➜ Explicit dependency on target 'RCTTypeSafety' in project 'Pods'
        ➜ Explicit dependency on target 'RNCAsyncStorage' in project 'Pods'
        ➜ Explicit dependency on target 'RNCPicker' in project 'Pods'
        ➜ Explicit dependency on target 'RNGoogleMobileAds' in project 'Pods'
        ➜ Explicit dependency on target 'RNMLKitTextRecognition' in project 'Pods'
        ➜ Explicit dependency on target 'RNSVG' in project 'Pods'
        ➜ Explicit dependency on target 'React' in project 'Pods'
        ➜ Explicit dependency on target 'React-Core' in project 'Pods'
        ➜ Explicit dependency on target 'React-CoreModules' in project 'Pods'
        ➜ Explicit dependency on target 'React-Fabric' in project 'Pods'
        ➜ Explicit dependency on target 'React-FabricComponents' in project 'Pods'
        ➜ Explicit dependency on target 'React-FabricImage' in project 'Pods'
        ➜ Explicit dependency on target 'React-ImageManager' in project 'Pods'
        ➜ Explicit dependency on target 'React-Mapbuffer' in project 'Pods'
        ➜ Explicit dependency on target 'React-NativeModulesApple' in project 'Pods'
        ➜ Explicit dependency on target 'React-RCTActionSheet' in project 'Pods'
        ➜ Explicit dependency on target 'React-RCTAnimation' in project 'Pods'
        ➜ Explicit dependency on target 'React-RCTAppDelegate' in project 'Pods'
        ➜ Explicit dependency on target 'React-RCTBlob' in project 'Pods'
        ➜ Explicit dependency on target 'React-RCTFBReactNativeSpec' in project 'Pods'
        ➜ Explicit dependency on target 'React-RCTFabric' in project 'Pods'
        ➜ Explicit dependency on target 'React-RCTImage' in project 'Pods'
        ➜ Explicit dependency on target 'React-RCTLinking' in project 'Pods'
        ➜ Explicit dependency on target 'React-RCTNetwork' in project 'Pods'
        ➜ Explicit dependency on target 'React-RCTRuntime' in project 'Pods'
        ➜ Explicit dependency on target 'React-RCTSettings' in project 'Pods'
        ➜ Explicit dependency on target 'React-RCTText' in project 'Pods'
        ➜ Explicit dependency on target 'React-RCTVibration' in project 'Pods'
        ➜ Explicit dependency on target 'React-RuntimeApple' in project 'Pods'
        ➜ Explicit dependency on target 'React-RuntimeCore' in project 'Pods'
        ➜ Explicit dependency on target 'React-RuntimeHermes' in project 'Pods'
        ➜ Explicit dependency on target 'React-callinvoker' in project 'Pods'
        ➜ Explicit dependency on target 'React-cxxreact' in project 'Pods'
        ➜ Explicit dependency on target 'React-debug' in project 'Pods'
        ➜ Explicit dependency on target 'React-defaultsnativemodule' in project 'Pods'
        ➜ Explicit dependency on target 'React-domnativemodule' in project 'Pods'
        ➜ Explicit dependency on target 'React-featureflags' in project 'Pods'
        ➜ Explicit dependency on target 'React-featureflagsnativemodule' in project 'Pods'
        ➜ Explicit dependency on target 'React-graphics' in project 'Pods'
        ➜ Explicit dependency on target 'React-hermes' in project 'Pods'
        ➜ Explicit dependency on target 'React-idlecallbacksnativemodule' in project 'Pods'
        ➜ Explicit dependency on target 'React-jserrorhandler' in project 'Pods'
        ➜ Explicit dependency on target 'React-jsi' in project 'Pods'
        ➜ Explicit dependency on target 'React-jsiexecutor' in project 'Pods'
        ➜ Explicit dependency on target 'React-jsinspector' in project 'Pods'
        ➜ Explicit dependency on target 'React-jsinspectorcdp' in project 'Pods'
        ➜ Explicit dependency on target 'React-jsinspectornetwork' in project 'Pods'
        ➜ Explicit dependency on target 'React-jsinspectortracing' in project 'Pods'
        ➜ Explicit dependency on target 'React-jsitooling' in project 'Pods'
        ➜ Explicit dependency on target 'React-jsitracing' in project 'Pods'
        ➜ Explicit dependency on target 'React-logger' in project 'Pods'
        ➜ Explicit dependency on target 'React-microtasksnativemodule' in project 'Pods'
        ➜ Explicit dependency on target 'React-oscompat' in project 'Pods'
        ➜ Explicit dependency on target 'React-perflogger' in project 'Pods'
        ➜ Explicit dependency on target 'React-performancetimeline' in project 'Pods'
        ➜ Explicit dependency on target 'React-rendererconsistency' in project 'Pods'
        ➜ Explicit dependency on target 'React-renderercss' in project 'Pods'
        ➜ Explicit dependency on target 'React-rendererdebug' in project 'Pods'
        ➜ Explicit dependency on target 'React-runtimeexecutor' in project 'Pods'
        ➜ Explicit dependency on target 'React-runtimescheduler' in project 'Pods'
        ➜ Explicit dependency on target 'React-timing' in project 'Pods'
        ➜ Explicit dependency on target 'React-utils' in project 'Pods'
        ➜ Explicit dependency on target 'ReactAppDependencyProvider' in project 'Pods'
        ➜ Explicit dependency on target 'ReactCodegen' in project 'Pods'
        ➜ Explicit dependency on target 'ReactCommon' in project 'Pods'
        ➜ Explicit dependency on target 'SimpleKeychain' in project 'Pods'
        ➜ Explicit dependency on target 'SocketRocket' in project 'Pods'
        ➜ Explicit dependency on target 'Stripe' in project 'Pods'
        ➜ Explicit dependency on target 'StripeApplePay' in project 'Pods'
        ➜ Explicit dependency on target 'StripeCore' in project 'Pods'
        ➜ Explicit dependency on target 'StripeFinancialConnections' in project 'Pods'
        ➜ Explicit dependency on target 'StripePaymentSheet' in project 'Pods'
        ➜ Explicit dependency on target 'StripePayments' in project 'Pods'
        ➜ Explicit dependency on target 'StripePaymentsUI' in project 'Pods'
        ➜ Explicit dependency on target 'StripeUICore' in project 'Pods'
        ➜ Explicit dependency on target 'Yoga' in project 'Pods'
        ➜ Explicit dependency on target 'ZXingObjC' in project 'Pods'
        ➜ Explicit dependency on target 'boost' in project 'Pods'
        ➜ Explicit dependency on target 'expo-dev-client' in project 'Pods'
        ➜ Explicit dependency on target 'expo-dev-launcher' in project 'Pods'
        ➜ Explicit dependency on target 'expo-dev-menu' in project 'Pods'
        ➜ Explicit dependency on target 'expo-dev-menu-interface' in project 'Pods'
        ➜ Explicit dependency on target 'fast_float' in project 'Pods'
        ➜ Explicit dependency on target 'fmt' in project 'Pods'
        ➜ Explicit dependency on target 'glog' in project 'Pods'
        ➜ Explicit dependency on target 'hermes-engine' in project 'Pods'
        ➜ Explicit dependency on target 'nanopb' in project 'Pods'
        ➜ Explicit dependency on target 'react-native-slider' in project 'Pods'
        ➜ Explicit dependency on target 'stripe-react-native' in project 'Pods'
    Target 'stripe-react-native' in project 'Pods'
        ➜ Explicit dependency on target 'React-Core' in project 'Pods'
        ➜ Explicit dependency on target 'Stripe' in project 'Pods'
        ➜ Explicit dependency on target 'StripeApplePay' in project 'Pods'
        ➜ Explicit dependency on target 'StripeFinancialConnections' in project 'Pods'
        ➜ Explicit dependency on target 'StripePaymentSheet' in project 'Pods'
        ➜ Explicit dependency on target 'StripePayments' in project 'Pods'
        ➜ Explicit dependency on target 'StripePaymentsUI' in project 'Pods'
    Target 'react-native-slider' in project 'Pods'
        ➜ Explicit dependency on target 'DoubleConversion' in project 'Pods'
        ➜ Explicit dependency on target 'RCT-Folly' in project 'Pods'
        ➜ Explicit dependency on target 'RCTRequired' in project 'Pods'
        ➜ Explicit dependency on target 'RCTTypeSafety' in project 'Pods'
        ➜ Explicit dependency on target 'React-Core' in project 'Pods'
        ➜ Explicit dependency on target 'React-Fabric' in project 'Pods'
        ➜ Explicit dependency on target 'React-ImageManager' in project 'Pods'
        ➜ Explicit dependency on target 'React-NativeModulesApple' in project 'Pods'
        ➜ Explicit dependency on target 'React-RCTFabric' in project 'Pods'
        ➜ Explicit dependency on target 'React-debug' in project 'Pods'
        ➜ Explicit dependency on target 'React-featureflags' in project 'Pods'
        ➜ Explicit dependency on target 'React-graphics' in project 'Pods'
        ➜ Explicit dependency on target 'React-jsi' in project 'Pods'
        ➜ Explicit dependency on target 'React-renderercss' in project 'Pods'
        ➜ Explicit dependency on target 'React-rendererdebug' in project 'Pods'
        ➜ Explicit dependency on target 'React-utils' in project 'Pods'
        ➜ Explicit dependency on target 'ReactCodegen' in project 'Pods'
        ➜ Explicit dependency on target 'ReactCommon' in project 'Pods'
        ➜ Explicit dependency on target 'SocketRocket' in project 'Pods'
        ➜ Explicit dependency on target 'Yoga' in project 'Pods'
        ➜ Explicit dependency on target 'boost' in project 'Pods'
        ➜ Explicit dependency on target 'fast_float' in project 'Pods'
        ➜ Explicit dependency on target 'fmt' in project 'Pods'
        ➜ Explicit dependency on target 'glog' in project 'Pods'
        ➜ Explicit dependency on target 'hermes-engine' in project 'Pods'
    Target 'expo-dev-client' in project 'Pods'
        ➜ Explicit dependency on target 'EXManifests' in project 'Pods'
        ➜ Explicit dependency on target 'expo-dev-launcher' in project 'Pods'
        ➜ Explicit dependency on target 'expo-dev-menu' in project 'Pods'
        ➜ Explicit dependency on target 'expo-dev-menu-interface' in project 'Pods'
        ➜ Explicit dependency on target 'EXUpdatesInterface' in project 'Pods'
    Target 'expo-dev-launcher' in project 'Pods'
        ➜ Explicit dependency on target 'DoubleConversion' in project 'Pods'
        ➜ Explicit dependency on target 'EXManifests' in project 'Pods'
        ➜ Explicit dependency on target 'EXUpdatesInterface' in project 'Pods'
        ➜ Explicit dependency on target 'ExpoModulesCore' in project 'Pods'
        ➜ Explicit dependency on target 'RCT-Folly' in project 'Pods'
        ➜ Explicit dependency on target 'RCTRequired' in project 'Pods'
        ➜ Explicit dependency on target 'RCTTypeSafety' in project 'Pods'
        ➜ Explicit dependency on target 'React-Core' in project 'Pods'
        ➜ Explicit dependency on target 'React-Fabric' in project 'Pods'
        ➜ Explicit dependency on target 'React-ImageManager' in project 'Pods'
        ➜ Explicit dependency on target 'React-NativeModulesApple' in project 'Pods'
        ➜ Explicit dependency on target 'React-RCTAppDelegate' in project 'Pods'
        ➜ Explicit dependency on target 'React-RCTFabric' in project 'Pods'
        ➜ Explicit dependency on target 'React-debug' in project 'Pods'
        ➜ Explicit dependency on target 'React-featureflags' in project 'Pods'
        ➜ Explicit dependency on target 'React-graphics' in project 'Pods'
        ➜ Explicit dependency on target 'React-jsi' in project 'Pods'
        ➜ Explicit dependency on target 'React-jsinspector' in project 'Pods'
        ➜ Explicit dependency on target 'React-renderercss' in project 'Pods'
        ➜ Explicit dependency on target 'React-rendererdebug' in project 'Pods'
        ➜ Explicit dependency on target 'React-utils' in project 'Pods'
        ➜ Explicit dependency on target 'ReactAppDependencyProvider' in project 'Pods'
        ➜ Explicit dependency on target 'ReactCodegen' in project 'Pods'
        ➜ Explicit dependency on target 'ReactCommon' in project 'Pods'
        ➜ Explicit dependency on target 'SocketRocket' in project 'Pods'
        ➜ Explicit dependency on target 'Yoga' in project 'Pods'
        ➜ Explicit dependency on target 'boost' in project 'Pods'
        ➜ Explicit dependency on target 'expo-dev-launcher-EXDevLauncher' in project 'Pods'
        ➜ Explicit dependency on target 'expo-dev-menu' in project 'Pods'
        ➜ Explicit dependency on target 'expo-dev-menu-interface' in project 'Pods'
        ➜ Explicit dependency on target 'fast_float' in project 'Pods'
        ➜ Explicit dependency on target 'fmt' in project 'Pods'
        ➜ Explicit dependency on target 'glog' in project 'Pods'
        ➜ Explicit dependency on target 'hermes-engine' in project 'Pods'
    Target 'expo-dev-menu' in project 'Pods'
        ➜ Explicit dependency on target 'DoubleConversion' in project 'Pods'
        ➜ Explicit dependency on target 'EXManifests' in project 'Pods'
        ➜ Explicit dependency on target 'ExpoModulesCore' in project 'Pods'
        ➜ Explicit dependency on target 'RCT-Folly' in project 'Pods'
        ➜ Explicit dependency on target 'RCTRequired' in project 'Pods'
        ➜ Explicit dependency on target 'RCTTypeSafety' in project 'Pods'
        ➜ Explicit dependency on target 'React-Core' in project 'Pods'
        ➜ Explicit dependency on target 'React-Fabric' in project 'Pods'
        ➜ Explicit dependency on target 'React-ImageManager' in project 'Pods'
        ➜ Explicit dependency on target 'React-NativeModulesApple' in project 'Pods'
        ➜ Explicit dependency on target 'React-RCTFabric' in project 'Pods'
        ➜ Explicit dependency on target 'React-debug' in project 'Pods'
        ➜ Explicit dependency on target 'React-featureflags' in project 'Pods'
        ➜ Explicit dependency on target 'React-graphics' in project 'Pods'
        ➜ Explicit dependency on target 'React-jsi' in project 'Pods'
        ➜ Explicit dependency on target 'React-jsinspector' in project 'Pods'
        ➜ Explicit dependency on target 'React-renderercss' in project 'Pods'
        ➜ Explicit dependency on target 'React-rendererdebug' in project 'Pods'
        ➜ Explicit dependency on target 'React-utils' in project 'Pods'
        ➜ Explicit dependency on target 'ReactCodegen' in project 'Pods'
        ➜ Explicit dependency on target 'ReactCommon' in project 'Pods'
        ➜ Explicit dependency on target 'SocketRocket' in project 'Pods'
        ➜ Explicit dependency on target 'Yoga' in project 'Pods'
        ➜ Explicit dependency on target 'boost' in project 'Pods'
        ➜ Explicit dependency on target 'expo-dev-menu-EXDevMenu' in project 'Pods'
        ➜ Explicit dependency on target 'expo-dev-menu-interface' in project 'Pods'
        ➜ Explicit dependency on target 'fast_float' in project 'Pods'
        ➜ Explicit dependency on target 'fmt' in project 'Pods'
        ➜ Explicit dependency on target 'glog' in project 'Pods'
        ➜ Explicit dependency on target 'hermes-engine' in project 'Pods'
    Target 'expo-dev-menu-interface' in project 'Pods' (no dependencies)
    Target 'expo-dev-menu-EXDevMenu' in project 'Pods' (no dependencies)
    Target 'expo-dev-launcher-EXDevLauncher' in project 'Pods' (no dependencies)
    Target 'StripePaymentSheet' in project 'Pods'
        ➜ Explicit dependency on target 'StripeApplePay' in project 'Pods'
        ➜ Explicit dependency on target 'StripeCore' in project 'Pods'
        ➜ Explicit dependency on target 'StripePaymentSheet-StripePaymentSheetBundle' in project 'Pods'
        ➜ Explicit dependency on target 'StripePayments' in project 'Pods'
        ➜ Explicit dependency on target 'StripePaymentsUI' in project 'Pods'
    Target 'StripePaymentSheet-StripePaymentSheetBundle' in project 'Pods' (no dependencies)
    Target 'StripeFinancialConnections' in project 'Pods'
        ➜ Explicit dependency on target 'StripeCore' in project 'Pods'
        ➜ Explicit dependency on target 'StripeFinancialConnections-StripeFinancialConnectionsBundle' in project 'Pods'
        ➜ Explicit dependency on target 'StripeUICore' in project 'Pods'
    Target 'StripeFinancialConnections-StripeFinancialConnectionsBundle' in project 'Pods' (no dependencies)
    Target 'Stripe' in project 'Pods'
        ➜ Explicit dependency on target 'Stripe-StripeBundle' in project 'Pods'
        ➜ Explicit dependency on target 'StripeApplePay' in project 'Pods'
        ➜ Explicit dependency on target 'StripeCore' in project 'Pods'
        ➜ Explicit dependency on target 'StripePayments' in project 'Pods'
        ➜ Explicit dependency on target 'StripePaymentsUI' in project 'Pods'
        ➜ Explicit dependency on target 'StripeUICore' in project 'Pods'
    Target 'StripePaymentsUI' in project 'Pods'
        ➜ Explicit dependency on target 'StripeCore' in project 'Pods'
        ➜ Explicit dependency on target 'StripePayments' in project 'Pods'
        ➜ Explicit dependency on target 'StripePaymentsUI-StripePaymentsUIBundle' in project 'Pods'
        ➜ Explicit dependency on target 'StripeUICore' in project 'Pods'
    Target 'StripeUICore' in project 'Pods'
        ➜ Explicit dependency on target 'StripeCore' in project 'Pods'
        ➜ Explicit dependency on target 'StripeUICore-StripeUICoreBundle' in project 'Pods'
    Target 'StripeUICore-StripeUICoreBundle' in project 'Pods' (no dependencies)
    Target 'StripePaymentsUI-StripePaymentsUIBundle' in project 'Pods' (no dependencies)
    Target 'StripePayments' in project 'Pods'
        ➜ Explicit dependency on target 'StripeCore' in project 'Pods'
        ➜ Explicit dependency on target 'StripePayments-Stripe3DS2' in project 'Pods'
        ➜ Explicit dependency on target 'StripePayments-StripePaymentsBundle' in project 'Pods'
    Target 'StripePayments-StripePaymentsBundle' in project 'Pods' (no dependencies)
    Target 'StripePayments-Stripe3DS2' in project 'Pods' (no dependencies)
    Target 'StripeApplePay' in project 'Pods'
        ➜ Explicit dependency on target 'StripeCore' in project 'Pods'
    Target 'StripeCore' in project 'Pods'
        ➜ Explicit dependency on target 'StripeCore-StripeCoreBundle' in project 'Pods'
    Target 'StripeCore-StripeCoreBundle' in project 'Pods' (no dependencies)
    Target 'Stripe-StripeBundle' in project 'Pods' (no dependencies)
    Target 'RNSVG' in project 'Pods'
        ➜ Explicit dependency on target 'RNSVG-RNSVGFilters' in project 'Pods'
        ➜ Explicit dependency on target 'React-Core' in project 'Pods'
    Target 'RNSVG-RNSVGFilters' in project 'Pods' (no dependencies)
    Target 'RNMLKitTextRecognition' in project 'Pods'
        ➜ Explicit dependency on target 'GoogleMLKit' in project 'Pods'
        ➜ Explicit dependency on target 'React' in project 'Pods'
    Target 'React' in project 'Pods'
        ➜ Explicit dependency on target 'React-Core' in project 'Pods'
        ➜ Explicit dependency on target 'React-RCTActionSheet' in project 'Pods'
        ➜ Explicit dependency on target 'React-RCTAnimation' in project 'Pods'
        ➜ Explicit dependency on target 'React-RCTBlob' in project 'Pods'
        ➜ Explicit dependency on target 'React-RCTImage' in project 'Pods'
        ➜ Explicit dependency on target 'React-RCTLinking' in project 'Pods'
        ➜ Explicit dependency on target 'React-RCTNetwork' in project 'Pods'
        ➜ Explicit dependency on target 'React-RCTSettings' in project 'Pods'
        ➜ Explicit dependency on target 'React-RCTText' in project 'Pods'
        ➜ Explicit dependency on target 'React-RCTVibration' in project 'Pods'
    Target 'React-RCTVibration' in project 'Pods'
        ➜ Explicit dependency on target 'DoubleConversion' in project 'Pods'
        ➜ Explicit dependency on target 'RCT-Folly' in project 'Pods'
        ➜ Explicit dependency on target 'React-Core' in project 'Pods'
        ➜ Explicit dependency on target 'React-NativeModulesApple' in project 'Pods'
        ➜ Explicit dependency on target 'React-RCTFBReactNativeSpec' in project 'Pods'
        ➜ Explicit dependency on target 'React-jsi' in project 'Pods'
        ➜ Explicit dependency on target 'ReactCommon' in project 'Pods'
        ➜ Explicit dependency on target 'SocketRocket' in project 'Pods'
        ➜ Explicit dependency on target 'boost' in project 'Pods'
        ➜ Explicit dependency on target 'fast_float' in project 'Pods'
        ➜ Explicit dependency on target 'fmt' in project 'Pods'
        ➜ Explicit dependency on target 'glog' in project 'Pods'
    Target 'React-RCTSettings' in project 'Pods'
        ➜ Explicit dependency on target 'DoubleConversion' in project 'Pods'
        ➜ Explicit dependency on target 'RCT-Folly' in project 'Pods'
        ➜ Explicit dependency on target 'RCTTypeSafety' in project 'Pods'
        ➜ Explicit dependency on target 'React-Core' in project 'Pods'
        ➜ Explicit dependency on target 'React-NativeModulesApple' in project 'Pods'
        ➜ Explicit dependency on target 'React-RCTFBReactNativeSpec' in project 'Pods'
        ➜ Explicit dependency on target 'React-jsi' in project 'Pods'
        ➜ Explicit dependency on target 'ReactCommon' in project 'Pods'
        ➜ Explicit dependency on target 'SocketRocket' in project 'Pods'
        ➜ Explicit dependency on target 'boost' in project 'Pods'
        ➜ Explicit dependency on target 'fast_float' in project 'Pods'
        ➜ Explicit dependency on target 'fmt' in project 'Pods'
        ➜ Explicit dependency on target 'glog' in project 'Pods'
    Target 'React-RCTLinking' in project 'Pods'
        ➜ Explicit dependency on target 'React-Core' in project 'Pods'
        ➜ Explicit dependency on target 'React-NativeModulesApple' in project 'Pods'
        ➜ Explicit dependency on target 'React-RCTFBReactNativeSpec' in project 'Pods'
        ➜ Explicit dependency on target 'React-jsi' in project 'Pods'
        ➜ Explicit dependency on target 'ReactCommon' in project 'Pods'
    Target 'React-RCTActionSheet' in project 'Pods'
        ➜ Explicit dependency on target 'React-Core' in project 'Pods'
    Target 'RNGoogleMobileAds' in project 'Pods'
        ➜ Explicit dependency on target 'DoubleConversion' in project 'Pods'
        ➜ Explicit dependency on target 'Google-Mobile-Ads-SDK' in project 'Pods'
        ➜ Explicit dependency on target 'GoogleUserMessagingPlatform' in project 'Pods'
        ➜ Explicit dependency on target 'RCT-Folly' in project 'Pods'
        ➜ Explicit dependency on target 'RCTRequired' in project 'Pods'
        ➜ Explicit dependency on target 'RCTTypeSafety' in project 'Pods'
        ➜ Explicit dependency on target 'React-Core' in project 'Pods'
        ➜ Explicit dependency on target 'React-Fabric' in project 'Pods'
        ➜ Explicit dependency on target 'React-ImageManager' in project 'Pods'
        ➜ Explicit dependency on target 'React-NativeModulesApple' in project 'Pods'
        ➜ Explicit dependency on target 'React-RCTFabric' in project 'Pods'
        ➜ Explicit dependency on target 'React-debug' in project 'Pods'
        ➜ Explicit dependency on target 'React-featureflags' in project 'Pods'
        ➜ Explicit dependency on target 'React-graphics' in project 'Pods'
        ➜ Explicit dependency on target 'React-jsi' in project 'Pods'
        ➜ Explicit dependency on target 'React-renderercss' in project 'Pods'
        ➜ Explicit dependency on target 'React-rendererdebug' in project 'Pods'
        ➜ Explicit dependency on target 'React-utils' in project 'Pods'
        ➜ Explicit dependency on target 'ReactCodegen' in project 'Pods'
        ➜ Explicit dependency on target 'ReactCommon' in project 'Pods'
        ➜ Explicit dependency on target 'SocketRocket' in project 'Pods'
        ➜ Explicit dependency on target 'Yoga' in project 'Pods'
        ➜ Explicit dependency on target 'boost' in project 'Pods'
        ➜ Explicit dependency on target 'fast_float' in project 'Pods'
        ➜ Explicit dependency on target 'fmt' in project 'Pods'
        ➜ Explicit dependency on target 'glog' in project 'Pods'
        ➜ Explicit dependency on target 'hermes-engine' in project 'Pods'
    Target 'RNCPicker' in project 'Pods'
        ➜ Explicit dependency on target 'React-Core' in project 'Pods'
    Target 'RNCAsyncStorage' in project 'Pods'
        ➜ Explicit dependency on target 'RNCAsyncStorage-RNCAsyncStorage_resources' in project 'Pods'
        ➜ Explicit dependency on target 'React-Core' in project 'Pods'
    Target 'RNCAsyncStorage-RNCAsyncStorage_resources' in project 'Pods' (no dependencies)
    Target 'GoogleMLKit' in project 'Pods'
        ➜ Explicit dependency on target 'MLKitCommon' in project 'Pods'
        ➜ Explicit dependency on target 'MLKitTextRecognition' in project 'Pods'
        ➜ Explicit dependency on target 'MLKitTextRecognitionChinese' in project 'Pods'
        ➜ Explicit dependency on target 'MLKitTextRecognitionDevanagari' in project 'Pods'
        ➜ Explicit dependency on target 'MLKitTextRecognitionJapanese' in project 'Pods'
        ➜ Explicit dependency on target 'MLKitTextRecognitionKorean' in project 'Pods'
    Target 'MLKitTextRecognitionKorean' in project 'Pods'
        ➜ Explicit dependency on target 'MLKitCommon' in project 'Pods'
        ➜ Explicit dependency on target 'MLKitTextRecognitionCommon' in project 'Pods'
        ➜ Explicit dependency on target 'MLKitTextRecognitionKorean-KoreanOCRResources' in project 'Pods'
        ➜ Explicit dependency on target 'MLKitVision' in project 'Pods'
    Target 'MLKitTextRecognitionKorean-KoreanOCRResources' in project 'Pods' (no dependencies)
    Target 'MLKitTextRecognitionJapanese' in project 'Pods'
        ➜ Explicit dependency on target 'MLKitCommon' in project 'Pods'
        ➜ Explicit dependency on target 'MLKitTextRecognitionCommon' in project 'Pods'
        ➜ Explicit dependency on target 'MLKitTextRecognitionJapanese-JapaneseOCRResources' in project 'Pods'
        ➜ Explicit dependency on target 'MLKitVision' in project 'Pods'
    Target 'MLKitTextRecognitionJapanese-JapaneseOCRResources' in project 'Pods' (no dependencies)
    Target 'MLKitTextRecognitionDevanagari' in project 'Pods'
        ➜ Explicit dependency on target 'MLKitCommon' in project 'Pods'
        ➜ Explicit dependency on target 'MLKitTextRecognitionCommon' in project 'Pods'
        ➜ Explicit dependency on target 'MLKitTextRecognitionDevanagari-DevanagariOCRResources' in project 'Pods'
        ➜ Explicit dependency on target 'MLKitVision' in project 'Pods'
    Target 'MLKitTextRecognitionDevanagari-DevanagariOCRResources' in project 'Pods' (no dependencies)
    Target 'MLKitTextRecognitionChinese' in project 'Pods'
        ➜ Explicit dependency on target 'MLKitCommon' in project 'Pods'
        ➜ Explicit dependency on target 'MLKitTextRecognitionChinese-ChineseOCRResources' in project 'Pods'
        ➜ Explicit dependency on target 'MLKitTextRecognitionCommon' in project 'Pods'
        ➜ Explicit dependency on target 'MLKitVision' in project 'Pods'
    Target 'MLKitTextRecognitionChinese-ChineseOCRResources' in project 'Pods' (no dependencies)
    Target 'MLKitTextRecognition' in project 'Pods'
        ➜ Explicit dependency on target 'MLKitCommon' in project 'Pods'
        ➜ Explicit dependency on target 'MLKitTextRecognition-LatinOCRResources' in project 'Pods'
        ➜ Explicit dependency on target 'MLKitTextRecognitionCommon' in project 'Pods'
        ➜ Explicit dependency on target 'MLKitVision' in project 'Pods'
    Target 'MLKitTextRecognitionCommon' in project 'Pods'
        ➜ Explicit dependency on target 'MLKitCommon' in project 'Pods'
        ➜ Explicit dependency on target 'MLKitVision' in project 'Pods'
    Target 'MLKitVision' in project 'Pods'
        ➜ Explicit dependency on target 'GoogleToolboxForMac' in project 'Pods'
        ➜ Explicit dependency on target 'GTMSessionFetcher' in project 'Pods'
        ➜ Explicit dependency on target 'MLImage' in project 'Pods'
        ➜ Explicit dependency on target 'MLKitCommon' in project 'Pods'
    Target 'MLImage' in project 'Pods' (no dependencies)
    Target 'MLKitTextRecognition-LatinOCRResources' in project 'Pods' (no dependencies)
    Target 'MLKitCommon' in project 'Pods'
        ➜ Explicit dependency on target 'GoogleDataTransport' in project 'Pods'
        ➜ Explicit dependency on target 'GoogleToolboxForMac' in project 'Pods'
        ➜ Explicit dependency on target 'GoogleUtilities' in project 'Pods'
        ➜ Explicit dependency on target 'GTMSessionFetcher' in project 'Pods'
    Target 'GoogleUtilities' in project 'Pods'
        ➜ Explicit dependency on target 'GoogleUtilities-GoogleUtilities_Privacy' in project 'Pods'
    Target 'GoogleUtilities-GoogleUtilities_Privacy' in project 'Pods' (no dependencies)
    Target 'GoogleToolboxForMac' in project 'Pods'
        ➜ Explicit dependency on target 'GoogleToolboxForMac-GoogleToolboxForMac_Logger_Privacy' in project 'Pods'
        ➜ Explicit dependency on target 'GoogleToolboxForMac-GoogleToolboxForMac_Privacy' in project 'Pods'
    Target 'GoogleToolboxForMac-GoogleToolboxForMac_Privacy' in project 'Pods' (no dependencies)
    Target 'GoogleToolboxForMac-GoogleToolboxForMac_Logger_Privacy' in project 'Pods' (no dependencies)
    Target 'GoogleDataTransport' in project 'Pods'
        ➜ Explicit dependency on target 'GoogleDataTransport-GoogleDataTransport_Privacy' in project 'Pods'
        ➜ Explicit dependency on target 'PromisesObjC' in project 'Pods'
        ➜ Explicit dependency on target 'nanopb' in project 'Pods'
    Target 'nanopb' in project 'Pods'
        ➜ Explicit dependency on target 'nanopb-nanopb_Privacy' in project 'Pods'
    Target 'nanopb-nanopb_Privacy' in project 'Pods' (no dependencies)
    Target 'PromisesObjC' in project 'Pods'
        ➜ Explicit dependency on target 'PromisesObjC-FBLPromises_Privacy' in project 'Pods'
    Target 'PromisesObjC-FBLPromises_Privacy' in project 'Pods' (no dependencies)
    Target 'GoogleDataTransport-GoogleDataTransport_Privacy' in project 'Pods' (no dependencies)
    Target 'Google-Mobile-Ads-SDK' in project 'Pods'
        ➜ Explicit dependency on target 'Google-Mobile-Ads-SDK-GoogleMobileAdsResources' in project 'Pods'
        ➜ Explicit dependency on target 'GoogleUserMessagingPlatform' in project 'Pods'
    Target 'GoogleUserMessagingPlatform' in project 'Pods'
        ➜ Explicit dependency on target 'GoogleUserMessagingPlatform-UserMessagingPlatformResources' in project 'Pods'
    Target 'GoogleUserMessagingPlatform-UserMessagingPlatformResources' in project 'Pods' (no dependencies)
    Target 'Google-Mobile-Ads-SDK-GoogleMobileAdsResources' in project 'Pods' (no dependencies)
    Target 'GTMSessionFetcher' in project 'Pods'
        ➜ Explicit dependency on target 'GTMSessionFetcher-GTMSessionFetcher_Core_Privacy' in project 'Pods'
    Target 'GTMSessionFetcher-GTMSessionFetcher_Core_Privacy' in project 'Pods' (no dependencies)
    Target 'ExpoKeepAwake' in project 'Pods'
        ➜ Explicit dependency on target 'ExpoModulesCore' in project 'Pods'
    Target 'ExpoImagePicker' in project 'Pods'
        ➜ Explicit dependency on target 'ExpoModulesCore' in project 'Pods'
    Target 'ExpoFont' in project 'Pods'
        ➜ Explicit dependency on target 'ExpoModulesCore' in project 'Pods'
    Target 'ExpoFileSystem' in project 'Pods'
        ➜ Explicit dependency on target 'ExpoFileSystem-ExpoFileSystem_privacy' in project 'Pods'
        ➜ Explicit dependency on target 'ExpoModulesCore' in project 'Pods'
    Target 'ExpoFileSystem-ExpoFileSystem_privacy' in project 'Pods' (no dependencies)
    Target 'ExpoCamera' in project 'Pods'
        ➜ Explicit dependency on target 'ExpoModulesCore' in project 'Pods'
        ➜ Explicit dependency on target 'ZXingObjC' in project 'Pods'
    Target 'ZXingObjC' in project 'Pods' (no dependencies)
    Target 'ExpoAsset' in project 'Pods'
        ➜ Explicit dependency on target 'ExpoModulesCore' in project 'Pods'
    Target 'Expo' in project 'Pods'
        ➜ Explicit dependency on target 'DoubleConversion' in project 'Pods'
        ➜ Explicit dependency on target 'ExpoModulesCore' in project 'Pods'
        ➜ Explicit dependency on target 'RCT-Folly' in project 'Pods'
        ➜ Explicit dependency on target 'RCTRequired' in project 'Pods'
        ➜ Explicit dependency on target 'RCTTypeSafety' in project 'Pods'
        ➜ Explicit dependency on target 'React-Core' in project 'Pods'
        ➜ Explicit dependency on target 'React-Fabric' in project 'Pods'
        ➜ Explicit dependency on target 'React-ImageManager' in project 'Pods'
        ➜ Explicit dependency on target 'React-NativeModulesApple' in project 'Pods'
        ➜ Explicit dependency on target 'React-RCTAppDelegate' in project 'Pods'
        ➜ Explicit dependency on target 'React-RCTFabric' in project 'Pods'
        ➜ Explicit dependency on target 'React-debug' in project 'Pods'
        ➜ Explicit dependency on target 'React-featureflags' in project 'Pods'
        ➜ Explicit dependency on target 'React-graphics' in project 'Pods'
        ➜ Explicit dependency on target 'React-jsi' in project 'Pods'
        ➜ Explicit dependency on target 'React-renderercss' in project 'Pods'
        ➜ Explicit dependency on target 'React-rendererdebug' in project 'Pods'
        ➜ Explicit dependency on target 'React-utils' in project 'Pods'
        ➜ Explicit dependency on target 'ReactAppDependencyProvider' in project 'Pods'
        ➜ Explicit dependency on target 'ReactCodegen' in project 'Pods'
        ➜ Explicit dependency on target 'ReactCommon' in project 'Pods'
        ➜ Explicit dependency on target 'SocketRocket' in project 'Pods'
        ➜ Explicit dependency on target 'Yoga' in project 'Pods'
        ➜ Explicit dependency on target 'boost' in project 'Pods'
        ➜ Explicit dependency on target 'fast_float' in project 'Pods'
        ➜ Explicit dependency on target 'fmt' in project 'Pods'
        ➜ Explicit dependency on target 'glog' in project 'Pods'
        ➜ Explicit dependency on target 'hermes-engine' in project 'Pods'
    Target 'ReactAppDependencyProvider' in project 'Pods'
        ➜ Explicit dependency on target 'ReactCodegen' in project 'Pods'
    Target 'EXUpdatesInterface' in project 'Pods'
        ➜ Explicit dependency on target 'ExpoModulesCore' in project 'Pods'
    Target 'EXManifests' in project 'Pods'
        ➜ Explicit dependency on target 'ExpoModulesCore' in project 'Pods'
    Target 'EXJSONUtils' in project 'Pods' (no dependencies)
    Target 'EXImageLoader' in project 'Pods'
        ➜ Explicit dependency on target 'ExpoModulesCore' in project 'Pods'
        ➜ Explicit dependency on target 'React-Core' in project 'Pods'
    Target 'EXConstants' in project 'Pods'
        ➜ Explicit dependency on target 'EXConstants-EXConstants' in project 'Pods'
        ➜ Explicit dependency on target 'EXConstants-ExpoConstants_privacy' in project 'Pods'
        ➜ Explicit dependency on target 'ExpoModulesCore' in project 'Pods'
    Target 'ExpoModulesCore' in project 'Pods'
        ➜ Explicit dependency on target 'DoubleConversion' in project 'Pods'
        ➜ Explicit dependency on target 'RCT-Folly' in project 'Pods'
        ➜ Explicit dependency on target 'RCTRequired' in project 'Pods'
        ➜ Explicit dependency on target 'RCTTypeSafety' in project 'Pods'
        ➜ Explicit dependency on target 'React-Core' in project 'Pods'
        ➜ Explicit dependency on target 'React-Fabric' in project 'Pods'
        ➜ Explicit dependency on target 'React-ImageManager' in project 'Pods'
        ➜ Explicit dependency on target 'React-NativeModulesApple' in project 'Pods'
        ➜ Explicit dependency on target 'React-RCTFabric' in project 'Pods'
        ➜ Explicit dependency on target 'React-debug' in project 'Pods'
        ➜ Explicit dependency on target 'React-featureflags' in project 'Pods'
        ➜ Explicit dependency on target 'React-graphics' in project 'Pods'
        ➜ Explicit dependency on target 'React-jsi' in project 'Pods'
        ➜ Explicit dependency on target 'React-jsinspector' in project 'Pods'
        ➜ Explicit dependency on target 'React-renderercss' in project 'Pods'
        ➜ Explicit dependency on target 'React-rendererdebug' in project 'Pods'
        ➜ Explicit dependency on target 'React-utils' in project 'Pods'
        ➜ Explicit dependency on target 'ReactCodegen' in project 'Pods'
        ➜ Explicit dependency on target 'ReactCommon' in project 'Pods'
        ➜ Explicit dependency on target 'SocketRocket' in project 'Pods'
        ➜ Explicit dependency on target 'Yoga' in project 'Pods'
        ➜ Explicit dependency on target 'boost' in project 'Pods'
        ➜ Explicit dependency on target 'fast_float' in project 'Pods'
        ➜ Explicit dependency on target 'fmt' in project 'Pods'
        ➜ Explicit dependency on target 'glog' in project 'Pods'
        ➜ Explicit dependency on target 'hermes-engine' in project 'Pods'
    Target 'EXConstants-ExpoConstants_privacy' in project 'Pods' (no dependencies)
    Target 'EXConstants-EXConstants' in project 'Pods' (no dependencies)
    Target 'A0Auth0' in project 'Pods'
        ➜ Explicit dependency on target 'Auth0' in project 'Pods'
        ➜ Explicit dependency on target 'DoubleConversion' in project 'Pods'
        ➜ Explicit dependency on target 'RCT-Folly' in project 'Pods'
        ➜ Explicit dependency on target 'RCTRequired' in project 'Pods'
        ➜ Explicit dependency on target 'RCTTypeSafety' in project 'Pods'
        ➜ Explicit dependency on target 'React-Core' in project 'Pods'
        ➜ Explicit dependency on target 'React-Fabric' in project 'Pods'
        ➜ Explicit dependency on target 'React-ImageManager' in project 'Pods'
        ➜ Explicit dependency on target 'React-NativeModulesApple' in project 'Pods'
        ➜ Explicit dependency on target 'React-RCTFabric' in project 'Pods'
        ➜ Explicit dependency on target 'React-debug' in project 'Pods'
        ➜ Explicit dependency on target 'React-featureflags' in project 'Pods'
        ➜ Explicit dependency on target 'React-graphics' in project 'Pods'
        ➜ Explicit dependency on target 'React-jsi' in project 'Pods'
        ➜ Explicit dependency on target 'React-renderercss' in project 'Pods'
        ➜ Explicit dependency on target 'React-rendererdebug' in project 'Pods'
        ➜ Explicit dependency on target 'React-utils' in project 'Pods'
        ➜ Explicit dependency on target 'ReactCodegen' in project 'Pods'
        ➜ Explicit dependency on target 'ReactCommon' in project 'Pods'
        ➜ Explicit dependency on target 'SocketRocket' in project 'Pods'
        ➜ Explicit dependency on target 'Yoga' in project 'Pods'
        ➜ Explicit dependency on target 'boost' in project 'Pods'
        ➜ Explicit dependency on target 'fast_float' in project 'Pods'
        ➜ Explicit dependency on target 'fmt' in project 'Pods'
        ➜ Explicit dependency on target 'glog' in project 'Pods'
        ➜ Explicit dependency on target 'hermes-engine' in project 'Pods'
    Target 'ReactCodegen' in project 'Pods'
        ➜ Explicit dependency on target 'DoubleConversion' in project 'Pods'
        ➜ Explicit dependency on target 'RCT-Folly' in project 'Pods'
        ➜ Explicit dependency on target 'RCTRequired' in project 'Pods'
        ➜ Explicit dependency on target 'RCTTypeSafety' in project 'Pods'
        ➜ Explicit dependency on target 'React-Core' in project 'Pods'
        ➜ Explicit dependency on target 'React-Fabric' in project 'Pods'
        ➜ Explicit dependency on target 'React-FabricImage' in project 'Pods'
        ➜ Explicit dependency on target 'React-NativeModulesApple' in project 'Pods'
        ➜ Explicit dependency on target 'React-RCTAppDelegate' in project 'Pods'
        ➜ Explicit dependency on target 'React-debug' in project 'Pods'
        ➜ Explicit dependency on target 'React-featureflags' in project 'Pods'
        ➜ Explicit dependency on target 'React-graphics' in project 'Pods'
        ➜ Explicit dependency on target 'React-jsi' in project 'Pods'
        ➜ Explicit dependency on target 'React-jsiexecutor' in project 'Pods'
        ➜ Explicit dependency on target 'React-rendererdebug' in project 'Pods'
        ➜ Explicit dependency on target 'React-utils' in project 'Pods'
        ➜ Explicit dependency on target 'ReactCommon' in project 'Pods'
        ➜ Explicit dependency on target 'SocketRocket' in project 'Pods'
        ➜ Explicit dependency on target 'boost' in project 'Pods'
        ➜ Explicit dependency on target 'fast_float' in project 'Pods'
        ➜ Explicit dependency on target 'fmt' in project 'Pods'
        ➜ Explicit dependency on target 'glog' in project 'Pods'
        ➜ Explicit dependency on target 'hermes-engine' in project 'Pods'
    Target 'React-RCTAppDelegate' in project 'Pods'
        ➜ Explicit dependency on target 'DoubleConversion' in project 'Pods'
        ➜ Explicit dependency on target 'RCT-Folly' in project 'Pods'
        ➜ Explicit dependency on target 'RCTRequired' in project 'Pods'
        ➜ Explicit dependency on target 'RCTTypeSafety' in project 'Pods'
        ➜ Explicit dependency on target 'React-Core' in project 'Pods'
        ➜ Explicit dependency on target 'React-CoreModules' in project 'Pods'
        ➜ Explicit dependency on target 'React-Fabric' in project 'Pods'
        ➜ Explicit dependency on target 'React-NativeModulesApple' in project 'Pods'
        ➜ Explicit dependency on target 'React-RCTFBReactNativeSpec' in project 'Pods'
        ➜ Explicit dependency on target 'React-RCTFabric' in project 'Pods'
        ➜ Explicit dependency on target 'React-RCTImage' in project 'Pods'
        ➜ Explicit dependency on target 'React-RCTNetwork' in project 'Pods'
        ➜ Explicit dependency on target 'React-RCTRuntime' in project 'Pods'
        ➜ Explicit dependency on target 'React-RuntimeApple' in project 'Pods'
        ➜ Explicit dependency on target 'React-RuntimeCore' in project 'Pods'
        ➜ Explicit dependency on target 'React-debug' in project 'Pods'
        ➜ Explicit dependency on target 'React-defaultsnativemodule' in project 'Pods'
        ➜ Explicit dependency on target 'React-featureflags' in project 'Pods'
        ➜ Explicit dependency on target 'React-graphics' in project 'Pods'
        ➜ Explicit dependency on target 'React-hermes' in project 'Pods'
        ➜ Explicit dependency on target 'React-jsitooling' in project 'Pods'
        ➜ Explicit dependency on target 'React-rendererdebug' in project 'Pods'
        ➜ Explicit dependency on target 'React-runtimeexecutor' in project 'Pods'
        ➜ Explicit dependency on target 'React-runtimescheduler' in project 'Pods'
        ➜ Explicit dependency on target 'React-utils' in project 'Pods'
        ➜ Explicit dependency on target 'ReactCommon' in project 'Pods'
        ➜ Explicit dependency on target 'SocketRocket' in project 'Pods'
        ➜ Explicit dependency on target 'boost' in project 'Pods'
        ➜ Explicit dependency on target 'fast_float' in project 'Pods'
        ➜ Explicit dependency on target 'fmt' in project 'Pods'
        ➜ Explicit dependency on target 'glog' in project 'Pods'
        ➜ Explicit dependency on target 'hermes-engine' in project 'Pods'
    Target 'React-defaultsnativemodule' in project 'Pods'
        ➜ Explicit dependency on target 'DoubleConversion' in project 'Pods'
        ➜ Explicit dependency on target 'RCT-Folly' in project 'Pods'
        ➜ Explicit dependency on target 'React-RCTFBReactNativeSpec' in project 'Pods'
        ➜ Explicit dependency on target 'React-domnativemodule' in project 'Pods'
        ➜ Explicit dependency on target 'React-featureflagsnativemodule' in project 'Pods'
        ➜ Explicit dependency on target 'React-idlecallbacksnativemodule' in project 'Pods'
        ➜ Explicit dependency on target 'React-jsi' in project 'Pods'
        ➜ Explicit dependency on target 'React-jsiexecutor' in project 'Pods'
        ➜ Explicit dependency on target 'React-microtasksnativemodule' in project 'Pods'
        ➜ Explicit dependency on target 'SocketRocket' in project 'Pods'
        ➜ Explicit dependency on target 'boost' in project 'Pods'
        ➜ Explicit dependency on target 'fast_float' in project 'Pods'
        ➜ Explicit dependency on target 'fmt' in project 'Pods'
        ➜ Explicit dependency on target 'glog' in project 'Pods'
        ➜ Explicit dependency on target 'hermes-engine' in project 'Pods'
    Target 'React-microtasksnativemodule' in project 'Pods'
        ➜ Explicit dependency on target 'DoubleConversion' in project 'Pods'
        ➜ Explicit dependency on target 'RCT-Folly' in project 'Pods'
        ➜ Explicit dependency on target 'React-RCTFBReactNativeSpec' in project 'Pods'
        ➜ Explicit dependency on target 'React-jsi' in project 'Pods'
        ➜ Explicit dependency on target 'React-jsiexecutor' in project 'Pods'
        ➜ Explicit dependency on target 'ReactCommon' in project 'Pods'
        ➜ Explicit dependency on target 'SocketRocket' in project 'Pods'
        ➜ Explicit dependency on target 'boost' in project 'Pods'
        ➜ Explicit dependency on target 'fast_float' in project 'Pods'
        ➜ Explicit dependency on target 'fmt' in project 'Pods'
        ➜ Explicit dependency on target 'glog' in project 'Pods'
        ➜ Explicit dependency on target 'hermes-engine' in project 'Pods'
    Target 'React-idlecallbacksnativemodule' in project 'Pods'
        ➜ Explicit dependency on target 'DoubleConversion' in project 'Pods'
        ➜ Explicit dependency on target 'RCT-Folly' in project 'Pods'
        ➜ Explicit dependency on target 'React-RCTFBReactNativeSpec' in project 'Pods'
        ➜ Explicit dependency on target 'React-jsi' in project 'Pods'
        ➜ Explicit dependency on target 'React-jsiexecutor' in project 'Pods'
        ➜ Explicit dependency on target 'React-runtimeexecutor' in project 'Pods'
        ➜ Explicit dependency on target 'React-runtimescheduler' in project 'Pods'
        ➜ Explicit dependency on target 'ReactCommon' in project 'Pods'
        ➜ Explicit dependency on target 'SocketRocket' in project 'Pods'
        ➜ Explicit dependency on target 'boost' in project 'Pods'
        ➜ Explicit dependency on target 'fast_float' in project 'Pods'
        ➜ Explicit dependency on target 'fmt' in project 'Pods'
        ➜ Explicit dependency on target 'glog' in project 'Pods'
        ➜ Explicit dependency on target 'hermes-engine' in project 'Pods'
    Target 'React-featureflagsnativemodule' in project 'Pods'
        ➜ Explicit dependency on target 'DoubleConversion' in project 'Pods'
        ➜ Explicit dependency on target 'RCT-Folly' in project 'Pods'
        ➜ Explicit dependency on target 'React-RCTFBReactNativeSpec' in project 'Pods'
        ➜ Explicit dependency on target 'React-featureflags' in project 'Pods'
        ➜ Explicit dependency on target 'React-jsi' in project 'Pods'
        ➜ Explicit dependency on target 'React-jsiexecutor' in project 'Pods'
        ➜ Explicit dependency on target 'ReactCommon' in project 'Pods'
        ➜ Explicit dependency on target 'SocketRocket' in project 'Pods'
        ➜ Explicit dependency on target 'boost' in project 'Pods'
        ➜ Explicit dependency on target 'fast_float' in project 'Pods'
        ➜ Explicit dependency on target 'fmt' in project 'Pods'
        ➜ Explicit dependency on target 'glog' in project 'Pods'
        ➜ Explicit dependency on target 'hermes-engine' in project 'Pods'
    Target 'React-domnativemodule' in project 'Pods'
        ➜ Explicit dependency on target 'DoubleConversion' in project 'Pods'
        ➜ Explicit dependency on target 'RCT-Folly' in project 'Pods'
        ➜ Explicit dependency on target 'React-Fabric' in project 'Pods'
        ➜ Explicit dependency on target 'React-FabricComponents' in project 'Pods'
        ➜ Explicit dependency on target 'React-RCTFBReactNativeSpec' in project 'Pods'
        ➜ Explicit dependency on target 'React-graphics' in project 'Pods'
        ➜ Explicit dependency on target 'React-jsi' in project 'Pods'
        ➜ Explicit dependency on target 'React-jsiexecutor' in project 'Pods'
        ➜ Explicit dependency on target 'React-runtimeexecutor' in project 'Pods'
        ➜ Explicit dependency on target 'ReactCommon' in project 'Pods'
        ➜ Explicit dependency on target 'SocketRocket' in project 'Pods'
        ➜ Explicit dependency on target 'Yoga' in project 'Pods'
        ➜ Explicit dependency on target 'boost' in project 'Pods'
        ➜ Explicit dependency on target 'fast_float' in project 'Pods'
        ➜ Explicit dependency on target 'fmt' in project 'Pods'
        ➜ Explicit dependency on target 'glog' in project 'Pods'
        ➜ Explicit dependency on target 'hermes-engine' in project 'Pods'
    Target 'React-RCTRuntime' in project 'Pods'
        ➜ Explicit dependency on target 'DoubleConversion' in project 'Pods'
        ➜ Explicit dependency on target 'RCT-Folly' in project 'Pods'
        ➜ Explicit dependency on target 'React-Core' in project 'Pods'
        ➜ Explicit dependency on target 'React-RuntimeApple' in project 'Pods'
        ➜ Explicit dependency on target 'React-RuntimeCore' in project 'Pods'
        ➜ Explicit dependency on target 'React-RuntimeHermes' in project 'Pods'
        ➜ Explicit dependency on target 'React-jsi' in project 'Pods'
        ➜ Explicit dependency on target 'React-jsinspector' in project 'Pods'
        ➜ Explicit dependency on target 'React-jsinspectorcdp' in project 'Pods'
        ➜ Explicit dependency on target 'React-jsinspectortracing' in project 'Pods'
        ➜ Explicit dependency on target 'React-jsitooling' in project 'Pods'
        ➜ Explicit dependency on target 'React-runtimeexecutor' in project 'Pods'
        ➜ Explicit dependency on target 'SocketRocket' in project 'Pods'
        ➜ Explicit dependency on target 'boost' in project 'Pods'
        ➜ Explicit dependency on target 'fast_float' in project 'Pods'
        ➜ Explicit dependency on target 'fmt' in project 'Pods'
        ➜ Explicit dependency on target 'glog' in project 'Pods'
        ➜ Explicit dependency on target 'hermes-engine' in project 'Pods'
    Target 'React-RuntimeApple' in project 'Pods'
        ➜ Explicit dependency on target 'DoubleConversion' in project 'Pods'
        ➜ Explicit dependency on target 'RCT-Folly' in project 'Pods'
        ➜ Explicit dependency on target 'React-Core' in project 'Pods'
        ➜ Explicit dependency on target 'React-CoreModules' in project 'Pods'
        ➜ Explicit dependency on target 'React-Mapbuffer' in project 'Pods'
        ➜ Explicit dependency on target 'React-NativeModulesApple' in project 'Pods'
        ➜ Explicit dependency on target 'React-RCTFBReactNativeSpec' in project 'Pods'
        ➜ Explicit dependency on target 'React-RCTFabric' in project 'Pods'
        ➜ Explicit dependency on target 'React-RuntimeCore' in project 'Pods'
        ➜ Explicit dependency on target 'React-RuntimeHermes' in project 'Pods'
        ➜ Explicit dependency on target 'React-callinvoker' in project 'Pods'
        ➜ Explicit dependency on target 'React-cxxreact' in project 'Pods'
        ➜ Explicit dependency on target 'React-featureflags' in project 'Pods'
        ➜ Explicit dependency on target 'React-jserrorhandler' in project 'Pods'
        ➜ Explicit dependency on target 'React-jsi' in project 'Pods'
        ➜ Explicit dependency on target 'React-jsiexecutor' in project 'Pods'
        ➜ Explicit dependency on target 'React-jsinspector' in project 'Pods'
        ➜ Explicit dependency on target 'React-jsitooling' in project 'Pods'
        ➜ Explicit dependency on target 'React-runtimeexecutor' in project 'Pods'
        ➜ Explicit dependency on target 'React-runtimescheduler' in project 'Pods'
        ➜ Explicit dependency on target 'React-utils' in project 'Pods'
        ➜ Explicit dependency on target 'SocketRocket' in project 'Pods'
        ➜ Explicit dependency on target 'boost' in project 'Pods'
        ➜ Explicit dependency on target 'fast_float' in project 'Pods'
        ➜ Explicit dependency on target 'fmt' in project 'Pods'
        ➜ Explicit dependency on target 'glog' in project 'Pods'
        ➜ Explicit dependency on target 'hermes-engine' in project 'Pods'
    Target 'React-RuntimeHermes' in project 'Pods'
        ➜ Explicit dependency on target 'DoubleConversion' in project 'Pods'
        ➜ Explicit dependency on target 'RCT-Folly' in project 'Pods'
        ➜ Explicit dependency on target 'React-RuntimeCore' in project 'Pods'
        ➜ Explicit dependency on target 'React-featureflags' in project 'Pods'
        ➜ Explicit dependency on target 'React-hermes' in project 'Pods'
        ➜ Explicit dependency on target 'React-jsi' in project 'Pods'
        ➜ Explicit dependency on target 'React-jsinspector' in project 'Pods'
        ➜ Explicit dependency on target 'React-jsinspectorcdp' in project 'Pods'
        ➜ Explicit dependency on target 'React-jsinspectortracing' in project 'Pods'
        ➜ Explicit dependency on target 'React-jsitooling' in project 'Pods'
        ➜ Explicit dependency on target 'React-jsitracing' in project 'Pods'
        ➜ Explicit dependency on target 'React-runtimeexecutor' in project 'Pods'
        ➜ Explicit dependency on target 'React-utils' in project 'Pods'
        ➜ Explicit dependency on target 'SocketRocket' in project 'Pods'
        ➜ Explicit dependency on target 'boost' in project 'Pods'
        ➜ Explicit dependency on target 'fast_float' in project 'Pods'
        ➜ Explicit dependency on target 'fmt' in project 'Pods'
        ➜ Explicit dependency on target 'glog' in project 'Pods'
        ➜ Explicit dependency on target 'hermes-engine' in project 'Pods'
    Target 'React-jsitracing' in project 'Pods'
        ➜ Explicit dependency on target 'React-jsi' in project 'Pods'
    Target 'React-RuntimeCore' in project 'Pods'
        ➜ Explicit dependency on target 'DoubleConversion' in project 'Pods'
        ➜ Explicit dependency on target 'RCT-Folly' in project 'Pods'
        ➜ Explicit dependency on target 'React-Fabric' in project 'Pods'
        ➜ Explicit dependency on target 'React-cxxreact' in project 'Pods'
        ➜ Explicit dependency on target 'React-featureflags' in project 'Pods'
        ➜ Explicit dependency on target 'React-jserrorhandler' in project 'Pods'
        ➜ Explicit dependency on target 'React-jsi' in project 'Pods'
        ➜ Explicit dependency on target 'React-jsiexecutor' in project 'Pods'
        ➜ Explicit dependency on target 'React-jsinspector' in project 'Pods'
        ➜ Explicit dependency on target 'React-jsitooling' in project 'Pods'
        ➜ Explicit dependency on target 'React-performancetimeline' in project 'Pods'
        ➜ Explicit dependency on target 'React-runtimeexecutor' in project 'Pods'
        ➜ Explicit dependency on target 'React-runtimescheduler' in project 'Pods'
        ➜ Explicit dependency on target 'React-utils' in project 'Pods'
        ➜ Explicit dependency on target 'SocketRocket' in project 'Pods'
        ➜ Explicit dependency on target 'boost' in project 'Pods'
        ➜ Explicit dependency on target 'fast_float' in project 'Pods'
        ➜ Explicit dependency on target 'fmt' in project 'Pods'
        ➜ Explicit dependency on target 'glog' in project 'Pods'
        ➜ Explicit dependency on target 'hermes-engine' in project 'Pods'
    Target 'React-jserrorhandler' in project 'Pods'
        ➜ Explicit dependency on target 'DoubleConversion' in project 'Pods'
        ➜ Explicit dependency on target 'RCT-Folly' in project 'Pods'
        ➜ Explicit dependency on target 'React-cxxreact' in project 'Pods'
        ➜ Explicit dependency on target 'React-debug' in project 'Pods'
        ➜ Explicit dependency on target 'React-featureflags' in project 'Pods'
        ➜ Explicit dependency on target 'React-jsi' in project 'Pods'
        ➜ Explicit dependency on target 'ReactCommon' in project 'Pods'
        ➜ Explicit dependency on target 'SocketRocket' in project 'Pods'
        ➜ Explicit dependency on target 'boost' in project 'Pods'
        ➜ Explicit dependency on target 'fast_float' in project 'Pods'
        ➜ Explicit dependency on target 'fmt' in project 'Pods'
        ➜ Explicit dependency on target 'glog' in project 'Pods'
        ➜ Explicit dependency on target 'hermes-engine' in project 'Pods'
    Target 'React-Mapbuffer' in project 'Pods'
        ➜ Explicit dependency on target 'DoubleConversion' in project 'Pods'
        ➜ Explicit dependency on target 'RCT-Folly' in project 'Pods'
        ➜ Explicit dependency on target 'React-debug' in project 'Pods'
        ➜ Explicit dependency on target 'SocketRocket' in project 'Pods'
        ➜ Explicit dependency on target 'boost' in project 'Pods'
        ➜ Explicit dependency on target 'fast_float' in project 'Pods'
        ➜ Explicit dependency on target 'fmt' in project 'Pods'
        ➜ Explicit dependency on target 'glog' in project 'Pods'
    Target 'React-CoreModules' in project 'Pods'
        ➜ Explicit dependency on target 'DoubleConversion' in project 'Pods'
        ➜ Explicit dependency on target 'RCT-Folly' in project 'Pods'
        ➜ Explicit dependency on target 'RCTTypeSafety' in project 'Pods'
        ➜ Explicit dependency on target 'React-Core' in project 'Pods'
        ➜ Explicit dependency on target 'React-NativeModulesApple' in project 'Pods'
        ➜ Explicit dependency on target 'React-RCTBlob' in project 'Pods'
        ➜ Explicit dependency on target 'React-RCTFBReactNativeSpec' in project 'Pods'
        ➜ Explicit dependency on target 'React-RCTImage' in project 'Pods'
        ➜ Explicit dependency on target 'React-jsi' in project 'Pods'
        ➜ Explicit dependency on target 'React-jsinspector' in project 'Pods'
        ➜ Explicit dependency on target 'React-jsinspectorcdp' in project 'Pods'
        ➜ Explicit dependency on target 'React-jsinspectortracing' in project 'Pods'
        ➜ Explicit dependency on target 'React-runtimeexecutor' in project 'Pods'
        ➜ Explicit dependency on target 'ReactCommon' in project 'Pods'
        ➜ Explicit dependency on target 'SocketRocket' in project 'Pods'
        ➜ Explicit dependency on target 'boost' in project 'Pods'
        ➜ Explicit dependency on target 'fast_float' in project 'Pods'
        ➜ Explicit dependency on target 'fmt' in project 'Pods'
        ➜ Explicit dependency on target 'glog' in project 'Pods'
    Target 'React-RCTBlob' in project 'Pods'
        ➜ Explicit dependency on target 'DoubleConversion' in project 'Pods'
        ➜ Explicit dependency on target 'RCT-Folly' in project 'Pods'
        ➜ Explicit dependency on target 'React-Core' in project 'Pods'
        ➜ Explicit dependency on target 'React-NativeModulesApple' in project 'Pods'
        ➜ Explicit dependency on target 'React-RCTFBReactNativeSpec' in project 'Pods'
        ➜ Explicit dependency on target 'React-RCTNetwork' in project 'Pods'
        ➜ Explicit dependency on target 'React-jsi' in project 'Pods'
        ➜ Explicit dependency on target 'React-jsinspector' in project 'Pods'
        ➜ Explicit dependency on target 'React-jsinspectorcdp' in project 'Pods'
        ➜ Explicit dependency on target 'ReactCommon' in project 'Pods'
        ➜ Explicit dependency on target 'SocketRocket' in project 'Pods'
        ➜ Explicit dependency on target 'boost' in project 'Pods'
        ➜ Explicit dependency on target 'fast_float' in project 'Pods'
        ➜ Explicit dependency on target 'fmt' in project 'Pods'
        ➜ Explicit dependency on target 'glog' in project 'Pods'
        ➜ Explicit dependency on target 'hermes-engine' in project 'Pods'
    Target 'React-RCTFabric' in project 'Pods'
        ➜ Explicit dependency on target 'DoubleConversion' in project 'Pods'
        ➜ Explicit dependency on target 'RCT-Folly' in project 'Pods'
        ➜ Explicit dependency on target 'React-Core' in project 'Pods'
        ➜ Explicit dependency on target 'React-Fabric' in project 'Pods'
        ➜ Explicit dependency on target 'React-FabricComponents' in project 'Pods'
        ➜ Explicit dependency on target 'React-FabricImage' in project 'Pods'
        ➜ Explicit dependency on target 'React-ImageManager' in project 'Pods'
        ➜ Explicit dependency on target 'React-RCTAnimation' in project 'Pods'
        ➜ Explicit dependency on target 'React-RCTFBReactNativeSpec' in project 'Pods'
        ➜ Explicit dependency on target 'React-RCTImage' in project 'Pods'
        ➜ Explicit dependency on target 'React-RCTText' in project 'Pods'
        ➜ Explicit dependency on target 'React-debug' in project 'Pods'
        ➜ Explicit dependency on target 'React-featureflags' in project 'Pods'
        ➜ Explicit dependency on target 'React-graphics' in project 'Pods'
        ➜ Explicit dependency on target 'React-jsi' in project 'Pods'
        ➜ Explicit dependency on target 'React-jsinspector' in project 'Pods'
        ➜ Explicit dependency on target 'React-jsinspectorcdp' in project 'Pods'
        ➜ Explicit dependency on target 'React-jsinspectornetwork' in project 'Pods'
        ➜ Explicit dependency on target 'React-jsinspectortracing' in project 'Pods'
        ➜ Explicit dependency on target 'React-performancetimeline' in project 'Pods'
        ➜ Explicit dependency on target 'React-rendererconsistency' in project 'Pods'
        ➜ Explicit dependency on target 'React-renderercss' in project 'Pods'
        ➜ Explicit dependency on target 'React-rendererdebug' in project 'Pods'
        ➜ Explicit dependency on target 'React-runtimeexecutor' in project 'Pods'
        ➜ Explicit dependency on target 'React-runtimescheduler' in project 'Pods'
        ➜ Explicit dependency on target 'React-utils' in project 'Pods'
        ➜ Explicit dependency on target 'SocketRocket' in project 'Pods'
        ➜ Explicit dependency on target 'Yoga' in project 'Pods'
        ➜ Explicit dependency on target 'boost' in project 'Pods'
        ➜ Explicit dependency on target 'fast_float' in project 'Pods'
        ➜ Explicit dependency on target 'fmt' in project 'Pods'
        ➜ Explicit dependency on target 'glog' in project 'Pods'
        ➜ Explicit dependency on target 'hermes-engine' in project 'Pods'
    Target 'React-RCTText' in project 'Pods'
        ➜ Explicit dependency on target 'React-Core' in project 'Pods'
        ➜ Explicit dependency on target 'Yoga' in project 'Pods'
    Target 'React-RCTImage' in project 'Pods'
        ➜ Explicit dependency on target 'DoubleConversion' in project 'Pods'
        ➜ Explicit dependency on target 'RCT-Folly' in project 'Pods'
        ➜ Explicit dependency on target 'RCTTypeSafety' in project 'Pods'
        ➜ Explicit dependency on target 'React-Core' in project 'Pods'
        ➜ Explicit dependency on target 'React-NativeModulesApple' in project 'Pods'
        ➜ Explicit dependency on target 'React-RCTFBReactNativeSpec' in project 'Pods'
        ➜ Explicit dependency on target 'React-RCTNetwork' in project 'Pods'
        ➜ Explicit dependency on target 'React-jsi' in project 'Pods'
        ➜ Explicit dependency on target 'ReactCommon' in project 'Pods'
        ➜ Explicit dependency on target 'SocketRocket' in project 'Pods'
        ➜ Explicit dependency on target 'boost' in project 'Pods'
        ➜ Explicit dependency on target 'fast_float' in project 'Pods'
        ➜ Explicit dependency on target 'fmt' in project 'Pods'
        ➜ Explicit dependency on target 'glog' in project 'Pods'
    Target 'React-RCTNetwork' in project 'Pods'
        ➜ Explicit dependency on target 'DoubleConversion' in project 'Pods'
        ➜ Explicit dependency on target 'RCT-Folly' in project 'Pods'
        ➜ Explicit dependency on target 'RCTTypeSafety' in project 'Pods'
        ➜ Explicit dependency on target 'React-Core' in project 'Pods'
        ➜ Explicit dependency on target 'React-NativeModulesApple' in project 'Pods'
        ➜ Explicit dependency on target 'React-RCTFBReactNativeSpec' in project 'Pods'
        ➜ Explicit dependency on target 'React-featureflags' in project 'Pods'
        ➜ Explicit dependency on target 'React-jsi' in project 'Pods'
        ➜ Explicit dependency on target 'React-jsinspectorcdp' in project 'Pods'
        ➜ Explicit dependency on target 'React-jsinspectornetwork' in project 'Pods'
        ➜ Explicit dependency on target 'ReactCommon' in project 'Pods'
        ➜ Explicit dependency on target 'SocketRocket' in project 'Pods'
        ➜ Explicit dependency on target 'boost' in project 'Pods'
        ➜ Explicit dependency on target 'fast_float' in project 'Pods'
        ➜ Explicit dependency on target 'fmt' in project 'Pods'
        ➜ Explicit dependency on target 'glog' in project 'Pods'
    Target 'React-RCTAnimation' in project 'Pods'
        ➜ Explicit dependency on target 'DoubleConversion' in project 'Pods'
        ➜ Explicit dependency on target 'RCT-Folly' in project 'Pods'
        ➜ Explicit dependency on target 'RCTTypeSafety' in project 'Pods'
        ➜ Explicit dependency on target 'React-Core' in project 'Pods'
        ➜ Explicit dependency on target 'React-NativeModulesApple' in project 'Pods'
        ➜ Explicit dependency on target 'React-RCTFBReactNativeSpec' in project 'Pods'
        ➜ Explicit dependency on target 'React-featureflags' in project 'Pods'
        ➜ Explicit dependency on target 'React-jsi' in project 'Pods'
        ➜ Explicit dependency on target 'ReactCommon' in project 'Pods'
        ➜ Explicit dependency on target 'SocketRocket' in project 'Pods'
        ➜ Explicit dependency on target 'boost' in project 'Pods'
        ➜ Explicit dependency on target 'fast_float' in project 'Pods'
        ➜ Explicit dependency on target 'fmt' in project 'Pods'
        ➜ Explicit dependency on target 'glog' in project 'Pods'
    Target 'React-FabricImage' in project 'Pods'
        ➜ Explicit dependency on target 'DoubleConversion' in project 'Pods'
        ➜ Explicit dependency on target 'RCT-Folly' in project 'Pods'
        ➜ Explicit dependency on target 'RCTRequired' in project 'Pods'
        ➜ Explicit dependency on target 'RCTTypeSafety' in project 'Pods'
        ➜ Explicit dependency on target 'React-Fabric' in project 'Pods'
        ➜ Explicit dependency on target 'React-ImageManager' in project 'Pods'
        ➜ Explicit dependency on target 'React-featureflags' in project 'Pods'
        ➜ Explicit dependency on target 'React-graphics' in project 'Pods'
        ➜ Explicit dependency on target 'React-jsi' in project 'Pods'
        ➜ Explicit dependency on target 'React-jsiexecutor' in project 'Pods'
        ➜ Explicit dependency on target 'React-logger' in project 'Pods'
        ➜ Explicit dependency on target 'React-rendererdebug' in project 'Pods'
        ➜ Explicit dependency on target 'React-utils' in project 'Pods'
        ➜ Explicit dependency on target 'ReactCommon' in project 'Pods'
        ➜ Explicit dependency on target 'SocketRocket' in project 'Pods'
        ➜ Explicit dependency on target 'Yoga' in project 'Pods'
        ➜ Explicit dependency on target 'boost' in project 'Pods'
        ➜ Explicit dependency on target 'fast_float' in project 'Pods'
        ➜ Explicit dependency on target 'fmt' in project 'Pods'
        ➜ Explicit dependency on target 'glog' in project 'Pods'
        ➜ Explicit dependency on target 'hermes-engine' in project 'Pods'
    Target 'React-FabricComponents' in project 'Pods'
        ➜ Explicit dependency on target 'DoubleConversion' in project 'Pods'
        ➜ Explicit dependency on target 'RCT-Folly' in project 'Pods'
        ➜ Explicit dependency on target 'RCTRequired' in project 'Pods'
        ➜ Explicit dependency on target 'RCTTypeSafety' in project 'Pods'
        ➜ Explicit dependency on target 'React-Core' in project 'Pods'
        ➜ Explicit dependency on target 'React-Fabric' in project 'Pods'
        ➜ Explicit dependency on target 'React-RCTFBReactNativeSpec' in project 'Pods'
        ➜ Explicit dependency on target 'React-cxxreact' in project 'Pods'
        ➜ Explicit dependency on target 'React-debug' in project 'Pods'
        ➜ Explicit dependency on target 'React-featureflags' in project 'Pods'
        ➜ Explicit dependency on target 'React-graphics' in project 'Pods'
        ➜ Explicit dependency on target 'React-jsi' in project 'Pods'
        ➜ Explicit dependency on target 'React-jsiexecutor' in project 'Pods'
        ➜ Explicit dependency on target 'React-logger' in project 'Pods'
        ➜ Explicit dependency on target 'React-rendererdebug' in project 'Pods'
        ➜ Explicit dependency on target 'React-runtimescheduler' in project 'Pods'
        ➜ Explicit dependency on target 'React-utils' in project 'Pods'
        ➜ Explicit dependency on target 'ReactCommon' in project 'Pods'
        ➜ Explicit dependency on target 'SocketRocket' in project 'Pods'
        ➜ Explicit dependency on target 'Yoga' in project 'Pods'
        ➜ Explicit dependency on target 'boost' in project 'Pods'
        ➜ Explicit dependency on target 'fast_float' in project 'Pods'
        ➜ Explicit dependency on target 'fmt' in project 'Pods'
        ➜ Explicit dependency on target 'glog' in project 'Pods'
        ➜ Explicit dependency on target 'hermes-engine' in project 'Pods'
    Target 'React-RCTFBReactNativeSpec' in project 'Pods'
        ➜ Explicit dependency on target 'DoubleConversion' in project 'Pods'
        ➜ Explicit dependency on target 'RCT-Folly' in project 'Pods'
        ➜ Explicit dependency on target 'RCTRequired' in project 'Pods'
        ➜ Explicit dependency on target 'RCTTypeSafety' in project 'Pods'
        ➜ Explicit dependency on target 'React-Core' in project 'Pods'
        ➜ Explicit dependency on target 'React-Fabric' in project 'Pods'
        ➜ Explicit dependency on target 'React-NativeModulesApple' in project 'Pods'
        ➜ Explicit dependency on target 'React-debug' in project 'Pods'
        ➜ Explicit dependency on target 'React-featureflags' in project 'Pods'
        ➜ Explicit dependency on target 'React-graphics' in project 'Pods'
        ➜ Explicit dependency on target 'React-jsi' in project 'Pods'
        ➜ Explicit dependency on target 'React-rendererdebug' in project 'Pods'
        ➜ Explicit dependency on target 'React-utils' in project 'Pods'
        ➜ Explicit dependency on target 'ReactCommon' in project 'Pods'
        ➜ Explicit dependency on target 'SocketRocket' in project 'Pods'
        ➜ Explicit dependency on target 'Yoga' in project 'Pods'
        ➜ Explicit dependency on target 'boost' in project 'Pods'
        ➜ Explicit dependency on target 'fast_float' in project 'Pods'
        ➜ Explicit dependency on target 'fmt' in project 'Pods'
        ➜ Explicit dependency on target 'glog' in project 'Pods'
        ➜ Explicit dependency on target 'hermes-engine' in project 'Pods'
    Target 'React-NativeModulesApple' in project 'Pods'
        ➜ Explicit dependency on target 'DoubleConversion' in project 'Pods'
        ➜ Explicit dependency on target 'RCT-Folly' in project 'Pods'
        ➜ Explicit dependency on target 'React-Core' in project 'Pods'
        ➜ Explicit dependency on target 'React-callinvoker' in project 'Pods'
        ➜ Explicit dependency on target 'React-cxxreact' in project 'Pods'
        ➜ Explicit dependency on target 'React-featureflags' in project 'Pods'
        ➜ Explicit dependency on target 'React-jsi' in project 'Pods'
        ➜ Explicit dependency on target 'React-jsinspector' in project 'Pods'
        ➜ Explicit dependency on target 'React-jsinspectorcdp' in project 'Pods'
        ➜ Explicit dependency on target 'React-runtimeexecutor' in project 'Pods'
        ➜ Explicit dependency on target 'ReactCommon' in project 'Pods'
        ➜ Explicit dependency on target 'SocketRocket' in project 'Pods'
        ➜ Explicit dependency on target 'boost' in project 'Pods'
        ➜ Explicit dependency on target 'fast_float' in project 'Pods'
        ➜ Explicit dependency on target 'fmt' in project 'Pods'
        ➜ Explicit dependency on target 'glog' in project 'Pods'
        ➜ Explicit dependency on target 'hermes-engine' in project 'Pods'
    Target 'React-ImageManager' in project 'Pods'
        ➜ Explicit dependency on target 'DoubleConversion' in project 'Pods'
        ➜ Explicit dependency on target 'RCT-Folly' in project 'Pods'
        ➜ Explicit dependency on target 'React-Core' in project 'Pods'
        ➜ Explicit dependency on target 'React-Fabric' in project 'Pods'
        ➜ Explicit dependency on target 'React-debug' in project 'Pods'
        ➜ Explicit dependency on target 'React-graphics' in project 'Pods'
        ➜ Explicit dependency on target 'React-rendererdebug' in project 'Pods'
        ➜ Explicit dependency on target 'React-utils' in project 'Pods'
        ➜ Explicit dependency on target 'SocketRocket' in project 'Pods'
        ➜ Explicit dependency on target 'boost' in project 'Pods'
        ➜ Explicit dependency on target 'fast_float' in project 'Pods'
        ➜ Explicit dependency on target 'fmt' in project 'Pods'
        ➜ Explicit dependency on target 'glog' in project 'Pods'
    Target 'React-Fabric' in project 'Pods'
        ➜ Explicit dependency on target 'DoubleConversion' in project 'Pods'
        ➜ Explicit dependency on target 'RCT-Folly' in project 'Pods'
        ➜ Explicit dependency on target 'RCTRequired' in project 'Pods'
        ➜ Explicit dependency on target 'RCTTypeSafety' in project 'Pods'
        ➜ Explicit dependency on target 'React-Core' in project 'Pods'
        ➜ Explicit dependency on target 'React-cxxreact' in project 'Pods'
        ➜ Explicit dependency on target 'React-debug' in project 'Pods'
        ➜ Explicit dependency on target 'React-featureflags' in project 'Pods'
        ➜ Explicit dependency on target 'React-graphics' in project 'Pods'
        ➜ Explicit dependency on target 'React-jsi' in project 'Pods'
        ➜ Explicit dependency on target 'React-jsiexecutor' in project 'Pods'
        ➜ Explicit dependency on target 'React-logger' in project 'Pods'
        ➜ Explicit dependency on target 'React-performancetimeline' in project 'Pods'
        ➜ Explicit dependency on target 'React-rendererconsistency' in project 'Pods'
        ➜ Explicit dependency on target 'React-renderercss' in project 'Pods'
        ➜ Explicit dependency on target 'React-rendererdebug' in project 'Pods'
        ➜ Explicit dependency on target 'React-runtimeexecutor' in project 'Pods'
        ➜ Explicit dependency on target 'React-runtimescheduler' in project 'Pods'
        ➜ Explicit dependency on target 'React-utils' in project 'Pods'
        ➜ Explicit dependency on target 'ReactCommon' in project 'Pods'
        ➜ Explicit dependency on target 'SocketRocket' in project 'Pods'
        ➜ Explicit dependency on target 'Yoga' in project 'Pods'
        ➜ Explicit dependency on target 'boost' in project 'Pods'
        ➜ Explicit dependency on target 'fast_float' in project 'Pods'
        ➜ Explicit dependency on target 'fmt' in project 'Pods'
        ➜ Explicit dependency on target 'glog' in project 'Pods'
        ➜ Explicit dependency on target 'hermes-engine' in project 'Pods'
    Target 'ReactCommon' in project 'Pods'
        ➜ Explicit dependency on target 'DoubleConversion' in project 'Pods'
        ➜ Explicit dependency on target 'RCT-Folly' in project 'Pods'
        ➜ Explicit dependency on target 'React-callinvoker' in project 'Pods'
        ➜ Explicit dependency on target 'React-cxxreact' in project 'Pods'
        ➜ Explicit dependency on target 'React-debug' in project 'Pods'
        ➜ Explicit dependency on target 'React-featureflags' in project 'Pods'
        ➜ Explicit dependency on target 'React-jsi' in project 'Pods'
        ➜ Explicit dependency on target 'React-logger' in project 'Pods'
        ➜ Explicit dependency on target 'React-perflogger' in project 'Pods'
        ➜ Explicit dependency on target 'React-utils' in project 'Pods'
        ➜ Explicit dependency on target 'SocketRocket' in project 'Pods'
        ➜ Explicit dependency on target 'boost' in project 'Pods'
        ➜ Explicit dependency on target 'fast_float' in project 'Pods'
        ➜ Explicit dependency on target 'fmt' in project 'Pods'
        ➜ Explicit dependency on target 'glog' in project 'Pods'
        ➜ Explicit dependency on target 'hermes-engine' in project 'Pods'
    Target 'React-renderercss' in project 'Pods'
        ➜ Explicit dependency on target 'React-debug' in project 'Pods'
        ➜ Explicit dependency on target 'React-utils' in project 'Pods'
    Target 'React-graphics' in project 'Pods'
        ➜ Explicit dependency on target 'DoubleConversion' in project 'Pods'
        ➜ Explicit dependency on target 'RCT-Folly' in project 'Pods'
        ➜ Explicit dependency on target 'React-jsi' in project 'Pods'
        ➜ Explicit dependency on target 'React-jsiexecutor' in project 'Pods'
        ➜ Explicit dependency on target 'React-utils' in project 'Pods'
        ➜ Explicit dependency on target 'SocketRocket' in project 'Pods'
        ➜ Explicit dependency on target 'boost' in project 'Pods'
        ➜ Explicit dependency on target 'fast_float' in project 'Pods'
        ➜ Explicit dependency on target 'fmt' in project 'Pods'
        ➜ Explicit dependency on target 'glog' in project 'Pods'
        ➜ Explicit dependency on target 'hermes-engine' in project 'Pods'
    Target 'RCTTypeSafety' in project 'Pods'
        ➜ Explicit dependency on target 'FBLazyVector' in project 'Pods'
        ➜ Explicit dependency on target 'RCTRequired' in project 'Pods'
        ➜ Explicit dependency on target 'React-Core' in project 'Pods'
    Target 'React-Core' in project 'Pods'
        ➜ Explicit dependency on target 'DoubleConversion' in project 'Pods'
        ➜ Explicit dependency on target 'RCT-Folly' in project 'Pods'
        ➜ Explicit dependency on target 'RCTDeprecation' in project 'Pods'
        ➜ Explicit dependency on target 'React-Core-React-Core_privacy' in project 'Pods'
        ➜ Explicit dependency on target 'React-cxxreact' in project 'Pods'
        ➜ Explicit dependency on target 'React-featureflags' in project 'Pods'
        ➜ Explicit dependency on target 'React-hermes' in project 'Pods'
        ➜ Explicit dependency on target 'React-jsi' in project 'Pods'
        ➜ Explicit dependency on target 'React-jsiexecutor' in project 'Pods'
        ➜ Explicit dependency on target 'React-jsinspector' in project 'Pods'
        ➜ Explicit dependency on target 'React-jsinspectorcdp' in project 'Pods'
        ➜ Explicit dependency on target 'React-jsitooling' in project 'Pods'
        ➜ Explicit dependency on target 'React-perflogger' in project 'Pods'
        ➜ Explicit dependency on target 'React-runtimeexecutor' in project 'Pods'
        ➜ Explicit dependency on target 'React-runtimescheduler' in project 'Pods'
        ➜ Explicit dependency on target 'React-utils' in project 'Pods'
        ➜ Explicit dependency on target 'SocketRocket' in project 'Pods'
        ➜ Explicit dependency on target 'Yoga' in project 'Pods'
        ➜ Explicit dependency on target 'boost' in project 'Pods'
        ➜ Explicit dependency on target 'fast_float' in project 'Pods'
        ➜ Explicit dependency on target 'fmt' in project 'Pods'
        ➜ Explicit dependency on target 'glog' in project 'Pods'
        ➜ Explicit dependency on target 'hermes-engine' in project 'Pods'
    Target 'Yoga' in project 'Pods' (no dependencies)
    Target 'React-runtimescheduler' in project 'Pods'
        ➜ Explicit dependency on target 'DoubleConversion' in project 'Pods'
        ➜ Explicit dependency on target 'RCT-Folly' in project 'Pods'
        ➜ Explicit dependency on target 'React-callinvoker' in project 'Pods'
        ➜ Explicit dependency on target 'React-cxxreact' in project 'Pods'
        ➜ Explicit dependency on target 'React-debug' in project 'Pods'
        ➜ Explicit dependency on target 'React-featureflags' in project 'Pods'
        ➜ Explicit dependency on target 'React-jsi' in project 'Pods'
        ➜ Explicit dependency on target 'React-jsinspectortracing' in project 'Pods'
        ➜ Explicit dependency on target 'React-performancetimeline' in project 'Pods'
        ➜ Explicit dependency on target 'React-rendererconsistency' in project 'Pods'
        ➜ Explicit dependency on target 'React-rendererdebug' in project 'Pods'
        ➜ Explicit dependency on target 'React-runtimeexecutor' in project 'Pods'
        ➜ Explicit dependency on target 'React-timing' in project 'Pods'
        ➜ Explicit dependency on target 'React-utils' in project 'Pods'
        ➜ Explicit dependency on target 'SocketRocket' in project 'Pods'
        ➜ Explicit dependency on target 'boost' in project 'Pods'
        ➜ Explicit dependency on target 'fast_float' in project 'Pods'
        ➜ Explicit dependency on target 'fmt' in project 'Pods'
        ➜ Explicit dependency on target 'glog' in project 'Pods'
        ➜ Explicit dependency on target 'hermes-engine' in project 'Pods'
    Target 'React-rendererdebug' in project 'Pods'
        ➜ Explicit dependency on target 'DoubleConversion' in project 'Pods'
        ➜ Explicit dependency on target 'RCT-Folly' in project 'Pods'
        ➜ Explicit dependency on target 'React-debug' in project 'Pods'
        ➜ Explicit dependency on target 'SocketRocket' in project 'Pods'
        ➜ Explicit dependency on target 'boost' in project 'Pods'
        ➜ Explicit dependency on target 'fast_float' in project 'Pods'
        ➜ Explicit dependency on target 'fmt' in project 'Pods'
        ➜ Explicit dependency on target 'glog' in project 'Pods'
    Target 'React-rendererconsistency' in project 'Pods' (no dependencies)
    Target 'React-jsitooling' in project 'Pods'
        ➜ Explicit dependency on target 'DoubleConversion' in project 'Pods'
        ➜ Explicit dependency on target 'RCT-Folly' in project 'Pods'
        ➜ Explicit dependency on target 'React-cxxreact' in project 'Pods'
        ➜ Explicit dependency on target 'React-jsi' in project 'Pods'
        ➜ Explicit dependency on target 'React-jsinspector' in project 'Pods'
        ➜ Explicit dependency on target 'React-jsinspectorcdp' in project 'Pods'
        ➜ Explicit dependency on target 'React-jsinspectortracing' in project 'Pods'
        ➜ Explicit dependency on target 'React-runtimeexecutor' in project 'Pods'
        ➜ Explicit dependency on target 'SocketRocket' in project 'Pods'
        ➜ Explicit dependency on target 'boost' in project 'Pods'
        ➜ Explicit dependency on target 'fast_float' in project 'Pods'
        ➜ Explicit dependency on target 'fmt' in project 'Pods'
        ➜ Explicit dependency on target 'glog' in project 'Pods'
    Target 'React-hermes' in project 'Pods'
        ➜ Explicit dependency on target 'DoubleConversion' in project 'Pods'
        ➜ Explicit dependency on target 'RCT-Folly' in project 'Pods'
        ➜ Explicit dependency on target 'React-cxxreact' in project 'Pods'
        ➜ Explicit dependency on target 'React-jsi' in project 'Pods'
        ➜ Explicit dependency on target 'React-jsiexecutor' in project 'Pods'
        ➜ Explicit dependency on target 'React-jsinspector' in project 'Pods'
        ➜ Explicit dependency on target 'React-jsinspectorcdp' in project 'Pods'
        ➜ Explicit dependency on target 'React-jsinspectortracing' in project 'Pods'
        ➜ Explicit dependency on target 'React-perflogger' in project 'Pods'
        ➜ Explicit dependency on target 'React-runtimeexecutor' in project 'Pods'
        ➜ Explicit dependency on target 'SocketRocket' in project 'Pods'
        ➜ Explicit dependency on target 'boost' in project 'Pods'
        ➜ Explicit dependency on target 'fast_float' in project 'Pods'
        ➜ Explicit dependency on target 'fmt' in project 'Pods'
        ➜ Explicit dependency on target 'glog' in project 'Pods'
        ➜ Explicit dependency on target 'hermes-engine' in project 'Pods'
    Target 'React-jsiexecutor' in project 'Pods'
        ➜ Explicit dependency on target 'DoubleConversion' in project 'Pods'
        ➜ Explicit dependency on target 'RCT-Folly' in project 'Pods'
        ➜ Explicit dependency on target 'React-cxxreact' in project 'Pods'
        ➜ Explicit dependency on target 'React-jsi' in project 'Pods'
        ➜ Explicit dependency on target 'React-jsinspector' in project 'Pods'
        ➜ Explicit dependency on target 'React-jsinspectorcdp' in project 'Pods'
        ➜ Explicit dependency on target 'React-jsinspectortracing' in project 'Pods'
        ➜ Explicit dependency on target 'React-perflogger' in project 'Pods'
        ➜ Explicit dependency on target 'React-runtimeexecutor' in project 'Pods'
        ➜ Explicit dependency on target 'SocketRocket' in project 'Pods'
        ➜ Explicit dependency on target 'boost' in project 'Pods'
        ➜ Explicit dependency on target 'fast_float' in project 'Pods'
        ➜ Explicit dependency on target 'fmt' in project 'Pods'
        ➜ Explicit dependency on target 'glog' in project 'Pods'
        ➜ Explicit dependency on target 'hermes-engine' in project 'Pods'
    Target 'React-cxxreact' in project 'Pods'
        ➜ Explicit dependency on target 'DoubleConversion' in project 'Pods'
        ➜ Explicit dependency on target 'RCT-Folly' in project 'Pods'
        ➜ Explicit dependency on target 'React-callinvoker' in project 'Pods'
        ➜ Explicit dependency on target 'React-cxxreact-React-cxxreact_privacy' in project 'Pods'
        ➜ Explicit dependency on target 'React-debug' in project 'Pods'
        ➜ Explicit dependency on target 'React-jsi' in project 'Pods'
        ➜ Explicit dependency on target 'React-jsinspector' in project 'Pods'
        ➜ Explicit dependency on target 'React-jsinspectorcdp' in project 'Pods'
        ➜ Explicit dependency on target 'React-jsinspectortracing' in project 'Pods'
        ➜ Explicit dependency on target 'React-logger' in project 'Pods'
        ➜ Explicit dependency on target 'React-perflogger' in project 'Pods'
        ➜ Explicit dependency on target 'React-runtimeexecutor' in project 'Pods'
        ➜ Explicit dependency on target 'React-timing' in project 'Pods'
        ➜ Explicit dependency on target 'SocketRocket' in project 'Pods'
        ➜ Explicit dependency on target 'boost' in project 'Pods'
        ➜ Explicit dependency on target 'fast_float' in project 'Pods'
        ➜ Explicit dependency on target 'fmt' in project 'Pods'
        ➜ Explicit dependency on target 'glog' in project 'Pods'
        ➜ Explicit dependency on target 'hermes-engine' in project 'Pods'
    Target 'React-logger' in project 'Pods'
        ➜ Explicit dependency on target 'DoubleConversion' in project 'Pods'
        ➜ Explicit dependency on target 'RCT-Folly' in project 'Pods'
        ➜ Explicit dependency on target 'SocketRocket' in project 'Pods'
        ➜ Explicit dependency on target 'boost' in project 'Pods'
        ➜ Explicit dependency on target 'fast_float' in project 'Pods'
        ➜ Explicit dependency on target 'fmt' in project 'Pods'
        ➜ Explicit dependency on target 'glog' in project 'Pods'
    Target 'React-jsinspector' in project 'Pods'
        ➜ Explicit dependency on target 'DoubleConversion' in project 'Pods'
        ➜ Explicit dependency on target 'RCT-Folly' in project 'Pods'
        ➜ Explicit dependency on target 'React-featureflags' in project 'Pods'
        ➜ Explicit dependency on target 'React-jsi' in project 'Pods'
        ➜ Explicit dependency on target 'React-jsinspectorcdp' in project 'Pods'
        ➜ Explicit dependency on target 'React-jsinspectornetwork' in project 'Pods'
        ➜ Explicit dependency on target 'React-jsinspectortracing' in project 'Pods'
        ➜ Explicit dependency on target 'React-oscompat' in project 'Pods'
        ➜ Explicit dependency on target 'React-perflogger' in project 'Pods'
        ➜ Explicit dependency on target 'React-runtimeexecutor' in project 'Pods'
        ➜ Explicit dependency on target 'SocketRocket' in project 'Pods'
        ➜ Explicit dependency on target 'boost' in project 'Pods'
        ➜ Explicit dependency on target 'fast_float' in project 'Pods'
        ➜ Explicit dependency on target 'fmt' in project 'Pods'
        ➜ Explicit dependency on target 'glog' in project 'Pods'
        ➜ Explicit dependency on target 'hermes-engine' in project 'Pods'
    Target 'React-runtimeexecutor' in project 'Pods'
        ➜ Explicit dependency on target 'DoubleConversion' in project 'Pods'
        ➜ Explicit dependency on target 'RCT-Folly' in project 'Pods'
        ➜ Explicit dependency on target 'React-debug' in project 'Pods'
        ➜ Explicit dependency on target 'React-featureflags' in project 'Pods'
        ➜ Explicit dependency on target 'React-jsi' in project 'Pods'
        ➜ Explicit dependency on target 'React-utils' in project 'Pods'
        ➜ Explicit dependency on target 'SocketRocket' in project 'Pods'
        ➜ Explicit dependency on target 'boost' in project 'Pods'
        ➜ Explicit dependency on target 'fast_float' in project 'Pods'
        ➜ Explicit dependency on target 'fmt' in project 'Pods'
        ➜ Explicit dependency on target 'glog' in project 'Pods'
    Target 'React-utils' in project 'Pods'
        ➜ Explicit dependency on target 'DoubleConversion' in project 'Pods'
        ➜ Explicit dependency on target 'RCT-Folly' in project 'Pods'
        ➜ Explicit dependency on target 'React-debug' in project 'Pods'
        ➜ Explicit dependency on target 'React-jsi' in project 'Pods'
        ➜ Explicit dependency on target 'SocketRocket' in project 'Pods'
        ➜ Explicit dependency on target 'boost' in project 'Pods'
        ➜ Explicit dependency on target 'fast_float' in project 'Pods'
        ➜ Explicit dependency on target 'fmt' in project 'Pods'
        ➜ Explicit dependency on target 'glog' in project 'Pods'
        ➜ Explicit dependency on target 'hermes-engine' in project 'Pods'
    Target 'React-jsinspectornetwork' in project 'Pods'
        ➜ Explicit dependency on target 'DoubleConversion' in project 'Pods'
        ➜ Explicit dependency on target 'RCT-Folly' in project 'Pods'
        ➜ Explicit dependency on target 'React-featureflags' in project 'Pods'
        ➜ Explicit dependency on target 'React-jsinspectorcdp' in project 'Pods'
        ➜ Explicit dependency on target 'React-performancetimeline' in project 'Pods'
        ➜ Explicit dependency on target 'React-timing' in project 'Pods'
        ➜ Explicit dependency on target 'SocketRocket' in project 'Pods'
        ➜ Explicit dependency on target 'boost' in project 'Pods'
        ➜ Explicit dependency on target 'fast_float' in project 'Pods'
        ➜ Explicit dependency on target 'fmt' in project 'Pods'
        ➜ Explicit dependency on target 'glog' in project 'Pods'
    Target 'React-performancetimeline' in project 'Pods'
        ➜ Explicit dependency on target 'DoubleConversion' in project 'Pods'
        ➜ Explicit dependency on target 'RCT-Folly' in project 'Pods'
        ➜ Explicit dependency on target 'React-featureflags' in project 'Pods'
        ➜ Explicit dependency on target 'React-jsinspectortracing' in project 'Pods'
        ➜ Explicit dependency on target 'React-perflogger' in project 'Pods'
        ➜ Explicit dependency on target 'React-timing' in project 'Pods'
        ➜ Explicit dependency on target 'SocketRocket' in project 'Pods'
        ➜ Explicit dependency on target 'boost' in project 'Pods'
        ➜ Explicit dependency on target 'fast_float' in project 'Pods'
        ➜ Explicit dependency on target 'fmt' in project 'Pods'
        ➜ Explicit dependency on target 'glog' in project 'Pods'
    Target 'React-perflogger' in project 'Pods'
        ➜ Explicit dependency on target 'DoubleConversion' in project 'Pods'
        ➜ Explicit dependency on target 'RCT-Folly' in project 'Pods'
        ➜ Explicit dependency on target 'SocketRocket' in project 'Pods'
        ➜ Explicit dependency on target 'boost' in project 'Pods'
        ➜ Explicit dependency on target 'fast_float' in project 'Pods'
        ➜ Explicit dependency on target 'fmt' in project 'Pods'
        ➜ Explicit dependency on target 'glog' in project 'Pods'
    Target 'React-jsinspectortracing' in project 'Pods'
        ➜ Explicit dependency on target 'DoubleConversion' in project 'Pods'
        ➜ Explicit dependency on target 'RCT-Folly' in project 'Pods'
        ➜ Explicit dependency on target 'React-oscompat' in project 'Pods'
        ➜ Explicit dependency on target 'React-timing' in project 'Pods'
        ➜ Explicit dependency on target 'SocketRocket' in project 'Pods'
        ➜ Explicit dependency on target 'boost' in project 'Pods'
        ➜ Explicit dependency on target 'fast_float' in project 'Pods'
        ➜ Explicit dependency on target 'fmt' in project 'Pods'
        ➜ Explicit dependency on target 'glog' in project 'Pods'
    Target 'React-timing' in project 'Pods'
        ➜ Explicit dependency on target 'React-debug' in project 'Pods'
    Target 'React-oscompat' in project 'Pods' (no dependencies)
    Target 'React-jsinspectorcdp' in project 'Pods'
        ➜ Explicit dependency on target 'DoubleConversion' in project 'Pods'
        ➜ Explicit dependency on target 'RCT-Folly' in project 'Pods'
        ➜ Explicit dependency on target 'SocketRocket' in project 'Pods'
        ➜ Explicit dependency on target 'boost' in project 'Pods'
        ➜ Explicit dependency on target 'fast_float' in project 'Pods'
        ➜ Explicit dependency on target 'fmt' in project 'Pods'
        ➜ Explicit dependency on target 'glog' in project 'Pods'
    Target 'React-featureflags' in project 'Pods'
        ➜ Explicit dependency on target 'DoubleConversion' in project 'Pods'
        ➜ Explicit dependency on target 'RCT-Folly' in project 'Pods'
        ➜ Explicit dependency on target 'SocketRocket' in project 'Pods'
        ➜ Explicit dependency on target 'boost' in project 'Pods'
        ➜ Explicit dependency on target 'fast_float' in project 'Pods'
        ➜ Explicit dependency on target 'fmt' in project 'Pods'
        ➜ Explicit dependency on target 'glog' in project 'Pods'
    Target 'React-jsi' in project 'Pods'
        ➜ Explicit dependency on target 'DoubleConversion' in project 'Pods'
        ➜ Explicit dependency on target 'RCT-Folly' in project 'Pods'
        ➜ Explicit dependency on target 'SocketRocket' in project 'Pods'
        ➜ Explicit dependency on target 'boost' in project 'Pods'
        ➜ Explicit dependency on target 'fast_float' in project 'Pods'
        ➜ Explicit dependency on target 'fmt' in project 'Pods'
        ➜ Explicit dependency on target 'glog' in project 'Pods'
        ➜ Explicit dependency on target 'hermes-engine' in project 'Pods'
    Target 'hermes-engine' in project 'Pods' (no dependencies)
    Target 'SocketRocket' in project 'Pods' (no dependencies)
    Target 'React-debug' in project 'Pods' (no dependencies)
    Target 'React-cxxreact-React-cxxreact_privacy' in project 'Pods' (no dependencies)
    Target 'React-callinvoker' in project 'Pods' (no dependencies)
    Target 'React-Core-React-Core_privacy' in project 'Pods' (no dependencies)
    Target 'RCTDeprecation' in project 'Pods' (no dependencies)
    Target 'FBLazyVector' in project 'Pods' (no dependencies)
    Target 'RCTRequired' in project 'Pods' (no dependencies)
    Target 'RCT-Folly' in project 'Pods'
        ➜ Explicit dependency on target 'DoubleConversion' in project 'Pods'
        ➜ Explicit dependency on target 'RCT-Folly-RCT-Folly_privacy' in project 'Pods'
        ➜ Explicit dependency on target 'boost' in project 'Pods'
        ➜ Explicit dependency on target 'fast_float' in project 'Pods'
        ➜ Explicit dependency on target 'fmt' in project 'Pods'
        ➜ Explicit dependency on target 'glog' in project 'Pods'
    Target 'glog' in project 'Pods'
        ➜ Explicit dependency on target 'glog-glog_privacy' in project 'Pods'
    Target 'glog-glog_privacy' in project 'Pods' (no dependencies)
    Target 'fmt' in project 'Pods' (no dependencies)
    Target 'fast_float' in project 'Pods' (no dependencies)
    Target 'boost' in project 'Pods'
        ➜ Explicit dependency on target 'boost-boost_privacy' in project 'Pods'
    Target 'boost-boost_privacy' in project 'Pods' (no dependencies)
    Target 'RCT-Folly-RCT-Folly_privacy' in project 'Pods' (no dependencies)
    Target 'DoubleConversion' in project 'Pods' (no dependencies)
    Target 'Auth0' in project 'Pods'
        ➜ Explicit dependency on target 'Auth0-Auth0' in project 'Pods'
        ➜ Explicit dependency on target 'JWTDecode' in project 'Pods'
        ➜ Explicit dependency on target 'SimpleKeychain' in project 'Pods'
    Target 'SimpleKeychain' in project 'Pods' (no dependencies)
    Target 'JWTDecode' in project 'Pods' (no dependencies)
    Target 'Auth0-Auth0' in project 'Pods' (no dependencies)

GatherProvisioningInputs

CreateBuildDescription

ExecuteExternalTool /Applications/Xcode.app/Contents/Developer/Toolchains/XcodeDefault.xctoolchain/usr/bin/clang -v -E -dM -isysroot /Applications/Xcode.app/Contents/Developer/Platforms/iPhoneSimulator.platform/Developer/SDKs/iPhoneSimulator26.2.sdk -x c -c /dev/null

ExecuteExternalTool /Applications/Xcode.app/Contents/Developer/Toolchains/XcodeDefault.xctoolchain/usr/bin/clang -v -E -dM -arch arm64 -isysroot /Applications/Xcode.app/Contents/Developer/Platforms/iPhoneSimulator.platform/Developer/SDKs/iPhoneSimulator26.2.sdk -x objective-c -c /dev/null

ExecuteExternalTool /Applications/Xcode.app/Contents/Developer/Toolchains/XcodeDefault.xctoolchain/usr/bin/clang -v -E -dM -arch arm64 -isysroot /Applications/Xcode.app/Contents/Developer/Platforms/iPhoneSimulator.platform/Developer/SDKs/iPhoneSimulator26.2.sdk -x c++ -c /dev/null

ExecuteExternalTool /Applications/Xcode.app/Contents/Developer/Toolchains/XcodeDefault.xctoolchain/usr/bin/clang -v -E -dM -arch arm64 -isysroot /Applications/Xcode.app/Contents/Developer/Platforms/iPhoneSimulator.platform/Developer/SDKs/iPhoneSimulator26.2.sdk -x c -c /dev/null

ExecuteExternalTool /Applications/Xcode.app/Contents/Developer/Toolchains/XcodeDefault.xctoolchain/usr/bin/clang -v -E -dM -arch arm64 -isysroot /Applications/Xcode.app/Contents/Developer/Platforms/iPhoneSimulator.platform/Developer/SDKs/iPhoneSimulator26.2.sdk -x objective-c++ -c /dev/null

ExecuteExternalTool /Applications/Xcode.app/Contents/Developer/Toolchains/XcodeDefault.xctoolchain/usr/bin/swiftc --version

ExecuteExternalTool /Applications/Xcode.app/Contents/Developer/Toolchains/XcodeDefault.xctoolchain/usr/bin/libtool -V

ExecuteExternalTool /Applications/Xcode.app/Contents/Developer/Toolchains/XcodeDefault.xctoolchain/usr/bin/clang -v -E -dM -arch arm64 -isysroot /Applications/Xcode.app/Contents/Developer/Platforms/iPhoneSimulator.platform/Developer/SDKs/iPhoneSimulator26.2.sdk -x assembler-with-cpp -c /dev/null

ExecuteExternalTool /Applications/Xcode.app/Contents/Developer/usr/bin/actool --version --output-format xml1

ExecuteExternalTool /Applications/Xcode.app/Contents/Developer/usr/bin/ibtool --version --output-format xml1

Build description signature: 9eedf0f22be2a26a2f33b0e52375097f
Build description path: /Users/kharyfiler/Library/Developer/Xcode/DerivedData/Gripah-gptnnpiwslcswlcpylqwkddqyprw/Build/Intermediates.noindex/XCBuildData/9eedf0f22be2a26a2f33b0e52375097f.xcbuilddata
ClangStatCache /Applications/Xcode.app/Contents/Developer/Toolchains/XcodeDefault.xctoolchain/usr/bin/clang-stat-cache /Applications/Xcode.app/Contents/Developer/Platforms/iPhoneSimulator.platform/Developer/SDKs/iPhoneSimulator26.2.sdk /Users/kharyfiler/Library/Developer/Xcode/DerivedData/SDKStatCaches.noindex/iphonesimulator26.2-23C53-3885c01c3e6b6a337905948deab2002e7d00a8b37fbd7999ea79df8ebc024bf0.sdkstatcache
    cd /Users/kharyfiler/Documents/grip-claude/ios
    /Applications/Xcode.app/Contents/Developer/Toolchains/XcodeDefault.xctoolchain/usr/bin/clang-stat-cache /Applications/Xcode.app/Contents/Developer/Platforms/iPhoneSimulator.platform/Developer/SDKs/iPhoneSimulator26.2.sdk -o /Users/kharyfiler/Library/Developer/Xcode/DerivedData/SDKStatCaches.noindex/iphonesimulator26.2-23C53-3885c01c3e6b6a337905948deab2002e7d00a8b37fbd7999ea79df8ebc024bf0.sdkstatcache

ProcessInfoPlistFile /Users/kharyfiler/Library/Developer/Xcode/DerivedData/Gripah-gptnnpiwslcswlcpylqwkddqyprw/Build/Products/Debug-iphonesimulator/EXConstants/ExpoConstants_privacy.bundle/Info.plist /Users/kharyfiler/Documents/grip-claude/ios/Pods/Target\ Support\ Files/EXConstants/ResourceBundle-ExpoConstants_privacy-EXConstants-Info.plist (in target 'EXConstants-ExpoConstants_privacy' from project 'Pods')
    cd /Users/kharyfiler/Documents/grip-claude/ios/Pods
    builtin-infoPlistUtility /Users/kharyfiler/Documents/grip-claude/ios/Pods/Target\ Support\ Files/EXConstants/ResourceBundle-ExpoConstants_privacy-EXConstants-Info.plist -producttype com.apple.product-type.bundle -expandbuildsettings -format binary -platform iphonesimulator -o /Users/kharyfiler/Library/Developer/Xcode/DerivedData/Gripah-gptnnpiwslcswlcpylqwkddqyprw/Build/Products/Debug-iphonesimulator/EXConstants/ExpoConstants_privacy.bundle/Info.plist

ProcessInfoPlistFile /Users/kharyfiler/Library/Developer/Xcode/DerivedData/Gripah-gptnnpiwslcswlcpylqwkddqyprw/Build/Products/Debug-iphonesimulator/GoogleToolboxForMac/GoogleToolboxForMac_Logger_Privacy.bundle/Info.plist /Users/kharyfiler/Documents/grip-claude/ios/Pods/Target\ Support\ Files/GoogleToolboxForMac/ResourceBundle-GoogleToolboxForMac_Logger_Privacy-GoogleToolboxForMac-Info.plist (in target 'GoogleToolboxForMac-GoogleToolboxForMac_Logger_Privacy' from project 'Pods')
    cd /Users/kharyfiler/Documents/grip-claude/ios/Pods
    builtin-infoPlistUtility /Users/kharyfiler/Documents/grip-claude/ios/Pods/Target\ Support\ Files/GoogleToolboxForMac/ResourceBundle-GoogleToolboxForMac_Logger_Privacy-GoogleToolboxForMac-Info.plist -producttype com.apple.product-type.bundle -expandbuildsettings -format binary -platform iphonesimulator -o /Users/kharyfiler/Library/Developer/Xcode/DerivedData/Gripah-gptnnpiwslcswlcpylqwkddqyprw/Build/Products/Debug-iphonesimulator/GoogleToolboxForMac/GoogleToolboxForMac_Logger_Privacy.bundle/Info.plist

ProcessInfoPlistFile /Users/kharyfiler/Library/Developer/Xcode/DerivedData/Gripah-gptnnpiwslcswlcpylqwkddqyprw/Build/Products/Debug-iphonesimulator/GTMSessionFetcher/GTMSessionFetcher_Core_Privacy.bundle/Info.plist /Users/kharyfiler/Documents/grip-claude/ios/Pods/Target\ Support\ Files/GTMSessionFetcher/ResourceBundle-GTMSessionFetcher_Core_Privacy-GTMSessionFetcher-Info.plist (in target 'GTMSessionFetcher-GTMSessionFetcher_Core_Privacy' from project 'Pods')
    cd /Users/kharyfiler/Documents/grip-claude/ios/Pods
    builtin-infoPlistUtility /Users/kharyfiler/Documents/grip-claude/ios/Pods/Target\ Support\ Files/GTMSessionFetcher/ResourceBundle-GTMSessionFetcher_Core_Privacy-GTMSessionFetcher-Info.plist -producttype com.apple.product-type.bundle -expandbuildsettings -format binary -platform iphonesimulator -o /Users/kharyfiler/Library/Developer/Xcode/DerivedData/Gripah-gptnnpiwslcswlcpylqwkddqyprw/Build/Products/Debug-iphonesimulator/GTMSessionFetcher/GTMSessionFetcher_Core_Privacy.bundle/Info.plist

ProcessInfoPlistFile /Users/kharyfiler/Library/Developer/Xcode/DerivedData/Gripah-gptnnpiwslcswlcpylqwkddqyprw/Build/Products/Debug-iphonesimulator/ExpoFileSystem/ExpoFileSystem_privacy.bundle/Info.plist /Users/kharyfiler/Documents/grip-claude/ios/Pods/Target\ Support\ Files/ExpoFileSystem/ResourceBundle-ExpoFileSystem_privacy-ExpoFileSystem-Info.plist (in target 'ExpoFileSystem-ExpoFileSystem_privacy' from project 'Pods')
    cd /Users/kharyfiler/Documents/grip-claude/ios/Pods
    builtin-infoPlistUtility /Users/kharyfiler/Documents/grip-claude/ios/Pods/Target\ Support\ Files/ExpoFileSystem/ResourceBundle-ExpoFileSystem_privacy-ExpoFileSystem-Info.plist -producttype com.apple.product-type.bundle -expandbuildsettings -format binary -platform iphonesimulator -o /Users/kharyfiler/Library/Developer/Xcode/DerivedData/Gripah-gptnnpiwslcswlcpylqwkddqyprw/Build/Products/Debug-iphonesimulator/ExpoFileSystem/ExpoFileSystem_privacy.bundle/Info.plist

ProcessInfoPlistFile /Users/kharyfiler/Library/Developer/Xcode/DerivedData/Gripah-gptnnpiwslcswlcpylqwkddqyprw/Build/Products/Debug-iphonesimulator/Auth0/Auth0.bundle/Info.plist /Users/kharyfiler/Documents/grip-claude/ios/Pods/Target\ Support\ Files/Auth0/ResourceBundle-Auth0-Auth0-Info.plist (in target 'Auth0-Auth0' from project 'Pods')
    cd /Users/kharyfiler/Documents/grip-claude/ios/Pods
    builtin-infoPlistUtility /Users/kharyfiler/Documents/grip-claude/ios/Pods/Target\ Support\ Files/Auth0/ResourceBundle-Auth0-Auth0-Info.plist -producttype com.apple.product-type.bundle -expandbuildsettings -format binary -platform iphonesimulator -o /Users/kharyfiler/Library/Developer/Xcode/DerivedData/Gripah-gptnnpiwslcswlcpylqwkddqyprw/Build/Products/Debug-iphonesimulator/Auth0/Auth0.bundle/Info.plist

ProcessInfoPlistFile /Users/kharyfiler/Library/Developer/Xcode/DerivedData/Gripah-gptnnpiwslcswlcpylqwkddqyprw/Build/Products/Debug-iphonesimulator/nanopb/nanopb_Privacy.bundle/Info.plist /Users/kharyfiler/Documents/grip-claude/ios/Pods/Target\ Support\ Files/nanopb/ResourceBundle-nanopb_Privacy-nanopb-Info.plist (in target 'nanopb-nanopb_Privacy' from project 'Pods')
    cd /Users/kharyfiler/Documents/grip-claude/ios/Pods
    builtin-infoPlistUtility /Users/kharyfiler/Documents/grip-claude/ios/Pods/Target\ Support\ Files/nanopb/ResourceBundle-nanopb_Privacy-nanopb-Info.plist -producttype com.apple.product-type.bundle -expandbuildsettings -format binary -platform iphonesimulator -o /Users/kharyfiler/Library/Developer/Xcode/DerivedData/Gripah-gptnnpiwslcswlcpylqwkddqyprw/Build/Products/Debug-iphonesimulator/nanopb/nanopb_Privacy.bundle/Info.plist

ProcessInfoPlistFile /Users/kharyfiler/Library/Developer/Xcode/DerivedData/Gripah-gptnnpiwslcswlcpylqwkddqyprw/Build/Products/Debug-iphonesimulator/expo-dev-menu/EXDevMenu.bundle/Info.plist /Users/kharyfiler/Documents/grip-claude/ios/Pods/Target\ Support\ Files/expo-dev-menu/ResourceBundle-EXDevMenu-expo-dev-menu-Info.plist (in target 'expo-dev-menu-EXDevMenu' from project 'Pods')
    cd /Users/kharyfiler/Documents/grip-claude/ios/Pods
    builtin-infoPlistUtility /Users/kharyfiler/Documents/grip-claude/ios/Pods/Target\ Support\ Files/expo-dev-menu/ResourceBundle-EXDevMenu-expo-dev-menu-Info.plist -producttype com.apple.product-type.bundle -expandbuildsettings -format binary -platform iphonesimulator -o /Users/kharyfiler/Library/Developer/Xcode/DerivedData/Gripah-gptnnpiwslcswlcpylqwkddqyprw/Build/Products/Debug-iphonesimulator/expo-dev-menu/EXDevMenu.bundle/Info.plist

ProcessInfoPlistFile /Users/kharyfiler/Library/Developer/Xcode/DerivedData/Gripah-gptnnpiwslcswlcpylqwkddqyprw/Build/Products/Debug-iphonesimulator/StripeCore/StripeCoreBundle.bundle/Info.plist /Users/kharyfiler/Documents/grip-claude/ios/Pods/Target\ Support\ Files/StripeCore/ResourceBundle-StripeCoreBundle-StripeCore-Info.plist (in target 'StripeCore-StripeCoreBundle' from project 'Pods')
    cd /Users/kharyfiler/Documents/grip-claude/ios/Pods
    builtin-infoPlistUtility /Users/kharyfiler/Documents/grip-claude/ios/Pods/Target\ Support\ Files/StripeCore/ResourceBundle-StripeCoreBundle-StripeCore-Info.plist -producttype com.apple.product-type.bundle -expandbuildsettings -format binary -platform iphonesimulator -o /Users/kharyfiler/Library/Developer/Xcode/DerivedData/Gripah-gptnnpiwslcswlcpylqwkddqyprw/Build/Products/Debug-iphonesimulator/StripeCore/StripeCoreBundle.bundle/Info.plist

ProcessInfoPlistFile /Users/kharyfiler/Library/Developer/Xcode/DerivedData/Gripah-gptnnpiwslcswlcpylqwkddqyprw/Build/Products/Debug-iphonesimulator/StripeFinancialConnections/StripeFinancialConnectionsBundle.bundle/Info.plist /Users/kharyfiler/Documents/grip-claude/ios/Pods/Target\ Support\ Files/StripeFinancialConnections/ResourceBundle-StripeFinancialConnectionsBundle-StripeFinancialConnections-Info.plist (in target 'StripeFinancialConnections-StripeFinancialConnectionsBundle' from project 'Pods')
    cd /Users/kharyfiler/Documents/grip-claude/ios/Pods
    builtin-infoPlistUtility /Users/kharyfiler/Documents/grip-claude/ios/Pods/Target\ Support\ Files/StripeFinancialConnections/ResourceBundle-StripeFinancialConnectionsBundle-StripeFinancialConnections-Info.plist -producttype com.apple.product-type.bundle -expandbuildsettings -format binary -platform iphonesimulator -o /Users/kharyfiler/Library/Developer/Xcode/DerivedData/Gripah-gptnnpiwslcswlcpylqwkddqyprw/Build/Products/Debug-iphonesimulator/StripeFinancialConnections/StripeFinancialConnectionsBundle.bundle/Info.plist

ProcessInfoPlistFile /Users/kharyfiler/Library/Developer/Xcode/DerivedData/Gripah-gptnnpiwslcswlcpylqwkddqyprw/Build/Products/Debug-iphonesimulator/StripePayments/StripePaymentsBundle.bundle/Info.plist /Users/kharyfiler/Documents/grip-claude/ios/Pods/Target\ Support\ Files/StripePayments/ResourceBundle-StripePaymentsBundle-StripePayments-Info.plist (in target 'StripePayments-StripePaymentsBundle' from project 'Pods')
    cd /Users/kharyfiler/Documents/grip-claude/ios/Pods
    builtin-infoPlistUtility /Users/kharyfiler/Documents/grip-claude/ios/Pods/Target\ Support\ Files/StripePayments/ResourceBundle-StripePaymentsBundle-StripePayments-Info.plist -producttype com.apple.product-type.bundle -expandbuildsettings -format binary -platform iphonesimulator -o /Users/kharyfiler/Library/Developer/Xcode/DerivedData/Gripah-gptnnpiwslcswlcpylqwkddqyprw/Build/Products/Debug-iphonesimulator/StripePayments/StripePaymentsBundle.bundle/Info.plist

PhaseScriptExecution [CP-User]\ [Hermes]\ Replace\ Hermes\ for\ the\ right\ configuration,\ if\ needed /Users/kharyfiler/Library/Developer/Xcode/DerivedData/Gripah-gptnnpiwslcswlcpylqwkddqyprw/Build/Intermediates.noindex/Pods.build/Debug-iphonesimulator/hermes-engine.build/Script-46EB2E00038830.sh (in target 'hermes-engine' from project 'Pods')
    cd /Users/kharyfiler/Documents/grip-claude/ios/Pods
    export ACTION\=build
    export AD_HOC_CODE_SIGNING_ALLOWED\=YES
    export ALLOW_BUILD_REQUEST_OVERRIDES\=NO
    export ALLOW_TARGET_PLATFORM_SPECIALIZATION\=NO
    export ALTERNATE_GROUP\=staff
    export ALTERNATE_MODE\=u+w,go-w,a+rX
    export ALTERNATE_OWNER\=kharyfiler
    export ALTERNATIVE_DISTRIBUTION_WEB\=NO
    export ALWAYS_EMBED_SWIFT_STANDARD_LIBRARIES\=NO
    export ALWAYS_SEARCH_USER_PATHS\=NO
    export ALWAYS_USE_SEPARATE_HEADERMAPS\=NO
    export APPLICATION_EXTENSION_API_ONLY\=NO
    export APPLY_RULES_IN_COPY_FILES\=NO
    export APPLY_RULES_IN_COPY_HEADERS\=NO
    export APP_SHORTCUTS_ENABLE_FLEXIBLE_MATCHING\=YES
    export ARCHS\=arm64
    export ARCHS_STANDARD\=arm64\ x86_64
    export ARCHS_STANDARD_32_64_BIT\=arm64\ x86_64
    export ARCHS_STANDARD_64_BIT\=arm64\ x86_64
    export ARCHS_STANDARD_INCLUDING_64_BIT\=arm64\ x86_64
    export ARCHS_UNIVERSAL_IPHONE_OS\=arm64\ x86_64
    export ASSETCATALOG_COMPILER_APPICON_NAME\=AppIcon
    export ASSETCATALOG_COMPILER_GLOBAL_ACCENT_COLOR_NAME\=AccentColor
    export AUTOMATICALLY_MERGE_DEPENDENCIES\=NO
    export AUTOMATION_APPLE_EVENTS\=NO
    export AVAILABLE_PLATFORMS\=android\ appletvos\ appletvsimulator\ driverkit\ iphoneos\ iphonesimulator\ macosx\ qnx\ watchos\ watchsimulator\ webassembly\ xros\ xrsimulator
    export BUILD_ACTIVE_RESOURCES_ONLY\=NO
    export BUILD_COMPONENTS\=headers\ build
    export BUILD_DIR\=/Users/kharyfiler/Library/Developer/Xcode/DerivedData/Gripah-gptnnpiwslcswlcpylqwkddqyprw/Build/Products
    export BUILD_LIBRARY_FOR_DISTRIBUTION\=NO
    export BUILD_ROOT\=/Users/kharyfiler/Library/Developer/Xcode/DerivedData/Gripah-gptnnpiwslcswlcpylqwkddqyprw/Build/Products
    export BUILD_STYLE\=
    export BUILD_VARIANTS\=normal
    export BUILT_PRODUCTS_DIR\=/Users/kharyfiler/Library/Developer/Xcode/DerivedData/Gripah-gptnnpiwslcswlcpylqwkddqyprw/Build/Products/Debug-iphonesimulator/hermes-engine
    export BUNDLE_CONTENTS_FOLDER_PATH_deep\=Contents/
    export BUNDLE_EXECUTABLE_FOLDER_NAME_deep\=MacOS
    export BUNDLE_EXTENSIONS_FOLDER_PATH\=Extensions
    export BUNDLE_FORMAT\=shallow
    export BUNDLE_FRAMEWORKS_FOLDER_PATH\=Frameworks
    export BUNDLE_PLUGINS_FOLDER_PATH\=PlugIns
    export BUNDLE_PRIVATE_HEADERS_FOLDER_PATH\=PrivateHeaders
    export BUNDLE_PUBLIC_HEADERS_FOLDER_PATH\=Headers
    export CACHE_ROOT\=/var/folders/bg/xv10_kk96gz_ck7t__bgt67c0000gn/C/com.apple.DeveloperTools/26.2-17C52/Xcode
    export CCHROOT\=/var/folders/bg/xv10_kk96gz_ck7t__bgt67c0000gn/C/com.apple.DeveloperTools/26.2-17C52/Xcode
    export CHMOD\=/bin/chmod
    export CHOWN\=/usr/sbin/chown
    export CLANG_ANALYZER_LOCALIZABILITY_NONLOCALIZED\=YES
    export CLANG_ANALYZER_NONNULL\=YES
    export CLANG_ANALYZER_NUMBER_OBJECT_CONVERSION\=YES_AGGRESSIVE
    export CLANG_CACHE_FINE_GRAINED_OUTPUTS\=YES
    export CLANG_CXX_LANGUAGE_STANDARD\=c++20
    export CLANG_CXX_LIBRARY\=compiler-default
    export CLANG_ENABLE_EXPLICIT_MODULES\=YES
    export CLANG_ENABLE_MODULES\=YES
    export CLANG_ENABLE_OBJC_ARC\=YES
    export CLANG_ENABLE_OBJC_WEAK\=NO
    export CLANG_MODULES_BUILD_SESSION_FILE\=/Users/kharyfiler/Library/Developer/Xcode/DerivedData/ModuleCache.noindex/Session.modulevalidation
    export CLANG_WARN_BLOCK_CAPTURE_AUTORELEASING\=YES
    export CLANG_WARN_BOOL_CONVERSION\=YES
    export CLANG_WARN_COMMA\=YES
    export CLANG_WARN_CONSTANT_CONVERSION\=YES
    export CLANG_WARN_DEPRECATED_OBJC_IMPLEMENTATIONS\=YES
    export CLANG_WARN_DIRECT_OBJC_ISA_USAGE\=YES_ERROR
    export CLANG_WARN_DOCUMENTATION_COMMENTS\=YES
    export CLANG_WARN_EMPTY_BODY\=YES
    export CLANG_WARN_ENUM_CONVERSION\=YES
    export CLANG_WARN_INFINITE_RECURSION\=YES
    export CLANG_WARN_INT_CONVERSION\=YES
    export CLANG_WARN_NON_LITERAL_NULL_CONVERSION\=YES
    export CLANG_WARN_OBJC_IMPLICIT_RETAIN_SELF\=YES
    export CLANG_WARN_OBJC_LITERAL_CONVERSION\=YES
    export CLANG_WARN_OBJC_ROOT_CLASS\=YES_ERROR
    export CLANG_WARN_QUOTED_INCLUDE_IN_FRAMEWORK_HEADER\=NO
    export CLANG_WARN_RANGE_LOOP_ANALYSIS\=YES
    export CLANG_WARN_STRICT_PROTOTYPES\=YES
    export CLANG_WARN_SUSPICIOUS_MOVE\=YES
    export CLANG_WARN_UNGUARDED_AVAILABILITY\=YES_AGGRESSIVE
    export CLANG_WARN_UNREACHABLE_CODE\=YES
    export CLANG_WARN__DUPLICATE_METHOD_MATCH\=YES
    export CLASS_FILE_DIR\=/Users/kharyfiler/Library/Developer/Xcode/DerivedData/Gripah-gptnnpiwslcswlcpylqwkddqyprw/Build/Intermediates.noindex/Pods.build/Debug-iphonesimulator/hermes-engine.build/JavaClasses
    export CLEAN_PRECOMPS\=YES
    export CLONE_HEADERS\=NO
    export CODESIGNING_FOLDER_PATH\=/Users/kharyfiler/Library/Developer/Xcode/DerivedData/Gripah-gptnnpiwslcswlcpylqwkddqyprw/Build/Products/Debug-iphonesimulator/hermes-engine/
    export CODE_SIGNING_ALLOWED\=NO
    export CODE_SIGNING_REQUIRED\=YES
    export CODE_SIGN_CONTEXT_CLASS\=XCiPhoneSimulatorCodeSignContext
    export CODE_SIGN_IDENTITY\=-
    export CODE_SIGN_INJECT_BASE_ENTITLEMENTS\=YES
    export COLOR_DIAGNOSTICS\=NO
    export COMBINE_HIDPI_IMAGES\=NO
    export COMPILATION_CACHE_CAS_PATH\=/Users/kharyfiler/Library/Developer/Xcode/DerivedData/CompilationCache.noindex
    export COMPILATION_CACHE_KEEP_CAS_DIRECTORY\=YES
    export COMPILER_INDEX_STORE_ENABLE\=Default
    export COMPOSITE_SDK_DIRS\=/Users/kharyfiler/Library/Developer/Xcode/DerivedData/Gripah-gptnnpiwslcswlcpylqwkddqyprw/Build/Intermediates.noindex/CompositeSDKs
    export COMPRESS_PNG_FILES\=YES
    export CONFIGURATION\=Debug
    export CONFIGURATION_BUILD_DIR\=/Users/kharyfiler/Library/Developer/Xcode/DerivedData/Gripah-gptnnpiwslcswlcpylqwkddqyprw/Build/Products/Debug-iphonesimulator/hermes-engine
    export CONFIGURATION_TEMP_DIR\=/Users/kharyfiler/Library/Developer/Xcode/DerivedData/Gripah-gptnnpiwslcswlcpylqwkddqyprw/Build/Intermediates.noindex/Pods.build/Debug-iphonesimulator
    export COPYING_PRESERVES_HFS_DATA\=NO
    export COPY_HEADERS_RUN_UNIFDEF\=NO
    export COPY_PHASE_STRIP\=NO
    export CORRESPONDING_DEVICE_PLATFORM_DIR\=/Applications/Xcode.app/Contents/Developer/Platforms/iPhoneOS.platform
    export CORRESPONDING_DEVICE_PLATFORM_NAME\=iphoneos
    export CORRESPONDING_DEVICE_SDK_DIR\=/Applications/Xcode.app/Contents/Developer/Platforms/iPhoneOS.platform/Developer/SDKs/iPhoneOS26.2.sdk
    export CORRESPONDING_DEVICE_SDK_NAME\=iphoneos26.2
    export CP\=/bin/cp
    export CREATE_INFOPLIST_SECTION_IN_BINARY\=NO
    export CURRENT_ARCH\=undefined_arch
    export CURRENT_VARIANT\=normal
    export DEAD_CODE_STRIPPING\=YES
    export DEBUGGING_SYMBOLS\=YES
    export DEBUG_INFORMATION_FORMAT\=dwarf
    export DEBUG_INFORMATION_VERSION\=compiler-default
    export DEFAULT_COMPILER\=com.apple.compilers.llvm.clang.1_0
    export DEFAULT_DEXT_INSTALL_PATH\=/System/Library/DriverExtensions
    export DEFAULT_KEXT_INSTALL_PATH\=/System/Library/Extensions
    export DEFINES_MODULE\=NO
    export DEPLOYMENT_LOCATION\=NO
    export DEPLOYMENT_POSTPROCESSING\=NO
    export DEPLOYMENT_TARGET_SETTING_NAME\=IPHONEOS_DEPLOYMENT_TARGET
    export DEPLOYMENT_TARGET_SUGGESTED_VALUES\=12.0\ 12.1\ 12.2\ 12.3\ 12.4\ 13.0\ 13.1\ 13.2\ 13.3\ 13.4\ 13.5\ 13.6\ 14.0\ 14.1\ 14.2\ 14.3\ 14.4\ 14.5\ 14.6\ 14.7\ 15.0\ 15.1\ 15.2\ 15.3\ 15.4\ 15.5\ 15.6\ 16.0\ 16.1\ 16.2\ 16.3\ 16.4\ 16.5\ 16.6\ 17.0\ 17.1\ 17.2\ 17.3\ 17.4\ 17.5\ 17.6\ 18.0\ 18.1\ 18.2\ 18.3\ 18.4\ 18.5\ 18.6\ 26.0\ 26.1\ 26.2
    export DERIVED_FILES_DIR\=/Users/kharyfiler/Library/Developer/Xcode/DerivedData/Gripah-gptnnpiwslcswlcpylqwkddqyprw/Build/Intermediates.noindex/Pods.build/Debug-iphonesimulator/hermes-engine.build/DerivedSources
    export DERIVED_FILE_DIR\=/Users/kharyfiler/Library/Developer/Xcode/DerivedData/Gripah-gptnnpiwslcswlcpylqwkddqyprw/Build/Intermediates.noindex/Pods.build/Debug-iphonesimulator/hermes-engine.build/DerivedSources
    export DERIVED_SOURCES_DIR\=/Users/kharyfiler/Library/Developer/Xcode/DerivedData/Gripah-gptnnpiwslcswlcpylqwkddqyprw/Build/Intermediates.noindex/Pods.build/Debug-iphonesimulator/hermes-engine.build/DerivedSources
    export DEVELOPER_APPLICATIONS_DIR\=/Applications/Xcode.app/Contents/Developer/Applications
    export DEVELOPER_BIN_DIR\=/Applications/Xcode.app/Contents/Developer/usr/bin
    export DEVELOPER_DIR\=/Applications/Xcode.app/Contents/Developer
    export DEVELOPER_FRAMEWORKS_DIR\=/Applications/Xcode.app/Contents/Developer/Library/Frameworks
    export DEVELOPER_FRAMEWORKS_DIR_QUOTED\=/Applications/Xcode.app/Contents/Developer/Library/Frameworks
    export DEVELOPER_LIBRARY_DIR\=/Applications/Xcode.app/Contents/Developer/Library
    export DEVELOPER_SDK_DIR\=/Applications/Xcode.app/Contents/Developer/Platforms/MacOSX.platform/Developer/SDKs
    export DEVELOPER_TOOLS_DIR\=/Applications/Xcode.app/Contents/Developer/Tools
    export DEVELOPER_USR_DIR\=/Applications/Xcode.app/Contents/Developer/usr
    export DEVELOPMENT_LANGUAGE\=en
    export DIAGNOSE_MISSING_TARGET_DEPENDENCIES\=YES
    export DIFF\=/usr/bin/diff
    export DONT_GENERATE_INFOPLIST_FILE\=NO
    export DSTROOT\=/tmp/Pods.dst
    export DT_TOOLCHAIN_DIR\=/Applications/Xcode.app/Contents/Developer/Toolchains/XcodeDefault.xctoolchain
    export DWARF_DSYM_FILE_NAME\=.dSYM
    export DWARF_DSYM_FILE_SHOULD_ACCOMPANY_PRODUCT\=NO
    export DWARF_DSYM_FOLDER_PATH\=/Users/kharyfiler/Library/Developer/Xcode/DerivedData/Gripah-gptnnpiwslcswlcpylqwkddqyprw/Build/Products/Debug-iphonesimulator/hermes-engine
    export DYNAMIC_LIBRARY_EXTENSION\=dylib
    export EAGER_COMPILATION_ALLOW_SCRIPTS\=NO
    export EAGER_LINKING\=NO
    export EFFECTIVE_PLATFORM_NAME\=-iphonesimulator
    export EMBEDDED_CONTENT_CONTAINS_SWIFT\=NO
    export EMBED_ASSET_PACKS_IN_PRODUCT_BUNDLE\=NO
    export ENABLE_APP_SANDBOX\=NO
    export ENABLE_CODE_COVERAGE\=YES
    export ENABLE_CPLUSPLUS_BOUNDS_SAFE_BUFFERS\=NO
    export ENABLE_C_BOUNDS_SAFETY\=NO
    export ENABLE_DEFAULT_HEADER_SEARCH_PATHS\=YES
    export ENABLE_DEFAULT_SEARCH_PATHS\=YES
    export ENABLE_ENHANCED_SECURITY\=NO
    export ENABLE_HARDENED_RUNTIME\=NO
    export ENABLE_HEADER_DEPENDENCIES\=YES
    export ENABLE_INCOMING_NETWORK_CONNECTIONS\=NO
    export ENABLE_ON_DEMAND_RESOURCES\=NO
    export ENABLE_OUTGOING_NETWORK_CONNECTIONS\=NO
    export ENABLE_POINTER_AUTHENTICATION\=NO
    export ENABLE_PREVIEWS\=NO
    export ENABLE_RESOURCE_ACCESS_AUDIO_INPUT\=NO
    export ENABLE_RESOURCE_ACCESS_BLUETOOTH\=NO
    export ENABLE_RESOURCE_ACCESS_CALENDARS\=NO
    export ENABLE_RESOURCE_ACCESS_CAMERA\=NO
    export ENABLE_RESOURCE_ACCESS_CONTACTS\=NO
    export ENABLE_RESOURCE_ACCESS_LOCATION\=NO
    export ENABLE_RESOURCE_ACCESS_PHOTO_LIBRARY\=NO
    export ENABLE_RESOURCE_ACCESS_PRINTING\=NO
    export ENABLE_RESOURCE_ACCESS_USB\=NO
    export ENABLE_SDK_IMPORTS\=NO
    export ENABLE_SECURITY_COMPILER_WARNINGS\=NO
    export ENABLE_STRICT_OBJC_MSGSEND\=YES
    export ENABLE_TESTABILITY\=YES
    export ENABLE_TESTING_SEARCH_PATHS\=NO
    export ENABLE_USER_SCRIPT_SANDBOXING\=NO
    export ENABLE_XOJIT_PREVIEWS\=YES
    export ENFORCE_VALID_ARCHS\=YES
    export ENTITLEMENTS_DESTINATION\=__entitlements
    export ENTITLEMENTS_REQUIRED\=YES
    export EXCLUDED_INSTALLSRC_SUBDIRECTORY_PATTERNS\=.DS_Store\ .svn\ .git\ .hg\ CVS
    export EXCLUDED_RECURSIVE_SEARCH_PATH_SUBDIRECTORIES\=\*.nib\ \*.lproj\ \*.framework\ \*.gch\ \*.xcode\*\ \*.xcassets\ \*.icon\ \(\*\)\ .DS_Store\ CVS\ .svn\ .git\ .hg\ \*.pbproj\ \*.pbxproj
    export FILE_LIST\=/Users/kharyfiler/Library/Developer/Xcode/DerivedData/Gripah-gptnnpiwslcswlcpylqwkddqyprw/Build/Intermediates.noindex/Pods.build/Debug-iphonesimulator/hermes-engine.build/Objects/LinkFileList
    export FIXED_FILES_DIR\=/Users/kharyfiler/Library/Developer/Xcode/DerivedData/Gripah-gptnnpiwslcswlcpylqwkddqyprw/Build/Intermediates.noindex/Pods.build/Debug-iphonesimulator/hermes-engine.build/FixedFiles
    export FRAMEWORK_SEARCH_PATHS\=\ \"/Users/kharyfiler/Documents/grip-claude/ios/Pods/hermes-engine/destroot/Library/Frameworks/universal\"\ \"/Users/kharyfiler/Library/Developer/Xcode/DerivedData/Gripah-gptnnpiwslcswlcpylqwkddqyprw/Build/Products/Debug-iphonesimulator/XCFrameworkIntermediates/hermes-engine/Pre-built\"
    export FRAMEWORK_VERSION\=A
    export FUSE_BUILD_PHASES\=YES
    export FUSE_BUILD_SCRIPT_PHASES\=NO
    export GCC3_VERSION\=3.3
    export GCC_C_LANGUAGE_STANDARD\=gnu11
    export GCC_DYNAMIC_NO_PIC\=NO
    export GCC_NO_COMMON_BLOCKS\=YES
    export GCC_OBJC_LEGACY_DISPATCH\=YES
    export GCC_OPTIMIZATION_LEVEL\=0
    export GCC_PFE_FILE_C_DIALECTS\=c\ objective-c\ c++\ objective-c++
    export GCC_PREPROCESSOR_DEFINITIONS\=POD_CONFIGURATION_DEBUG\=1\ DEBUG\=1\ \ COCOAPODS\=1\ HERMES_ENABLE_DEBUGGER\=1
    export GCC_TREAT_WARNINGS_AS_ERRORS\=NO
    export GCC_VERSION\=com.apple.compilers.llvm.clang.1_0
    export GCC_VERSION_IDENTIFIER\=com_apple_compilers_llvm_clang_1_0
    export GCC_WARN_64_TO_32_BIT_CONVERSION\=YES
    export GCC_WARN_ABOUT_RETURN_TYPE\=YES_ERROR
    export GCC_WARN_INHIBIT_ALL_WARNINGS\=YES
    export GCC_WARN_UNDECLARED_SELECTOR\=YES
    export GCC_WARN_UNINITIALIZED_AUTOS\=YES_AGGRESSIVE
    export GCC_WARN_UNUSED_FUNCTION\=YES
    export GCC_WARN_UNUSED_VARIABLE\=YES
    export GENERATED_MODULEMAP_DIR\=/Users/kharyfiler/Library/Developer/Xcode/DerivedData/Gripah-gptnnpiwslcswlcpylqwkddqyprw/Build/Intermediates.noindex/GeneratedModuleMaps-iphonesimulator
    export GENERATE_INFOPLIST_FILE\=NO
    export GENERATE_INTERMEDIATE_TEXT_BASED_STUBS\=YES
    export GENERATE_PKGINFO_FILE\=NO
    export GENERATE_PRELINK_OBJECT_FILE\=NO
    export GENERATE_PROFILING_CODE\=NO
    export GENERATE_TEXT_BASED_STUBS\=NO
    export GID\=20
    export GROUP\=staff
    export HEADERMAP_INCLUDES_FLAT_ENTRIES_FOR_TARGET_BEING_BUILT\=YES
    export HEADERMAP_INCLUDES_FRAMEWORK_ENTRIES_FOR_ALL_PRODUCT_TYPES\=YES
    export HEADERMAP_INCLUDES_FRAMEWORK_ENTRIES_FOR_TARGETS_NOT_BEING_BUILT\=YES
    export HEADERMAP_INCLUDES_NONPUBLIC_NONPRIVATE_HEADERS\=YES
    export HEADERMAP_INCLUDES_PROJECT_HEADERS\=YES
    export HEADERMAP_USES_FRAMEWORK_PREFIX_ENTRIES\=YES
    export HEADERMAP_USES_VFS\=NO
    export HEADER_SEARCH_PATHS\=\ \"/Users/kharyfiler/Documents/grip-claude/ios/Pods/Headers/Private\"\ \"/Users/kharyfiler/Documents/grip-claude/ios/Pods/Headers/Private/hermes-engine\"\ \"/Users/kharyfiler/Documents/grip-claude/ios/Pods/Headers/Public\"\ \"/Users/kharyfiler/Documents/grip-claude/ios/Pods/Headers/Public/hermes-engine\"
    export HOME\=/Users/kharyfiler
    export HOST_ARCH\=arm64
    export HOST_PLATFORM\=macosx
    export ICONV\=/usr/bin/iconv
    export IMPLICIT_DEPENDENCY_DOMAIN\=default
    export INFOPLIST_ENABLE_CFBUNDLEICONS_MERGE\=YES
    export INFOPLIST_EXPAND_BUILD_SETTINGS\=YES
    export INFOPLIST_OUTPUT_FORMAT\=binary
    export INFOPLIST_PREPROCESS\=NO
    export INLINE_PRIVATE_FRAMEWORKS\=NO
    export INSTALLAPI_IGNORE_SKIP_INSTALL\=YES
    export INSTALLHDRS_COPY_PHASE\=NO
    export INSTALLHDRS_SCRIPT_PHASE\=NO
    export INSTALL_DIR\=/tmp/Pods.dst
    export INSTALL_GROUP\=staff
    export INSTALL_MODE_FLAG\=u+w,go-w,a+rX
    export INSTALL_OWNER\=kharyfiler
    export INSTALL_ROOT\=/tmp/Pods.dst
    export IPHONEOS_DEPLOYMENT_TARGET\=15.1
    export IS_UNOPTIMIZED_BUILD\=YES
    export JAVAC_DEFAULT_FLAGS\=-J-Xms64m\ -J-XX:NewSize\=4M\ -J-Dfile.encoding\=UTF8
    export JAVA_APP_STUB\=/System/Library/Frameworks/JavaVM.framework/Resources/MacOS/JavaApplicationStub
    export JAVA_ARCHIVE_CLASSES\=YES
    export JAVA_ARCHIVE_TYPE\=JAR
    export JAVA_COMPILER\=/usr/bin/javac
    export JAVA_FRAMEWORK_RESOURCES_DIRS\=Resources
    export JAVA_JAR_FLAGS\=cv
    export JAVA_SOURCE_SUBDIR\=.
    export JAVA_USE_DEPENDENCIES\=YES
    export JAVA_ZIP_FLAGS\=-urg
    export JIKES_DEFAULT_FLAGS\=+E\ +OLDCSO
    export KEEP_PRIVATE_EXTERNS\=NO
    export LD_DEPENDENCY_INFO_FILE\=/Users/kharyfiler/Library/Developer/Xcode/DerivedData/Gripah-gptnnpiwslcswlcpylqwkddqyprw/Build/Intermediates.noindex/Pods.build/Debug-iphonesimulator/hermes-engine.build/Objects-normal/undefined_arch/hermes-engine_dependency_info.dat
    export LD_EXPORT_SYMBOLS\=YES
    export LD_GENERATE_MAP_FILE\=NO
    export LD_MAP_FILE_PATH\=/Users/kharyfiler/Library/Developer/Xcode/DerivedData/Gripah-gptnnpiwslcswlcpylqwkddqyprw/Build/Intermediates.noindex/Pods.build/Debug-iphonesimulator/hermes-engine.build/hermes-engine-LinkMap-normal-undefined_arch.txt
    export LD_NO_PIE\=NO
    export LD_QUOTE_LINKER_ARGUMENTS_FOR_COMPILER_DRIVER\=YES
    export LD_RUNPATH_SEARCH_PATHS\=\ @executable_path/Frameworks
    export LD_SHARED_CACHE_ELIGIBLE\=Automatic
    export LD_WARN_DUPLICATE_LIBRARIES\=NO
    export LD_WARN_UNUSED_DYLIBS\=NO
    export LEGACY_DEVELOPER_DIR\=/Applications/Xcode.app/Contents/PlugIns/Xcode3Core.ideplugin/Contents/SharedSupport/Developer
    export LEX\=lex
    export LIBRARY_DEXT_INSTALL_PATH\=/Library/DriverExtensions
    export LIBRARY_FLAG_NOSPACE\=YES
    export LIBRARY_KEXT_INSTALL_PATH\=/Library/Extensions
    export LINKER_DISPLAYS_MANGLED_NAMES\=NO
    export LINK_FILE_LIST_normal_arm64\=/Users/kharyfiler/Library/Developer/Xcode/DerivedData/Gripah-gptnnpiwslcswlcpylqwkddqyprw/Build/Intermediates.noindex/Pods.build/Debug-iphonesimulator/hermes-engine.build/Objects-normal/arm64/hermes-engine.LinkFileList
    export LINK_OBJC_RUNTIME\=YES
    export LINK_WITH_STANDARD_LIBRARIES\=YES
    export LLVM_TARGET_TRIPLE_OS_VERSION\=ios15.1
    export LLVM_TARGET_TRIPLE_SUFFIX\=-simulator
    export LLVM_TARGET_TRIPLE_VENDOR\=apple
    export LM_AUX_CONST_METADATA_LIST_PATH_normal_arm64\=/Users/kharyfiler/Library/Developer/Xcode/DerivedData/Gripah-gptnnpiwslcswlcpylqwkddqyprw/Build/Intermediates.noindex/Pods.build/Debug-iphonesimulator/hermes-engine.build/Objects-normal/arm64/hermes-engine.SwiftConstValuesFileList
    export LOCALIZATION_EXPORT_SUPPORTED\=YES
    export LOCALIZATION_PREFERS_STRING_CATALOGS\=NO
    export LOCALIZED_STRING_MACRO_NAMES\=NSLocalizedString\ CFCopyLocalizedString
    export LOCALIZED_STRING_SWIFTUI_SUPPORT\=YES
    export LOCAL_ADMIN_APPS_DIR\=/Applications/Utilities
    export LOCAL_APPS_DIR\=/Applications
    export LOCAL_DEVELOPER_DIR\=/Library/Developer
    export LOCAL_LIBRARY_DIR\=/Library
    export LOCROOT\=/Users/kharyfiler/Documents/grip-claude/ios/Pods
    export LOCSYMROOT\=/Users/kharyfiler/Documents/grip-claude/ios/Pods
    export MAC_OS_X_PRODUCT_BUILD_VERSION\=24G419
    export MAC_OS_X_VERSION_ACTUAL\=150703
    export MAC_OS_X_VERSION_MAJOR\=150000
    export MAC_OS_X_VERSION_MINOR\=150700
    export MAKE_MERGEABLE\=NO
    export MERGEABLE_LIBRARY\=NO
    export MERGED_BINARY_TYPE\=none
    export MERGE_LINKED_LIBRARIES\=NO
    export METAL_LIBRARY_FILE_BASE\=default
    export METAL_LIBRARY_OUTPUT_DIR\=/Users/kharyfiler/Library/Developer/Xcode/DerivedData/Gripah-gptnnpiwslcswlcpylqwkddqyprw/Build/Products/Debug-iphonesimulator/hermes-engine/
    export MODULE_CACHE_DIR\=/Users/kharyfiler/Library/Developer/Xcode/DerivedData/ModuleCache.noindex
    export MTL_ENABLE_DEBUG_INFO\=INCLUDE_SOURCE
    export MTL_FAST_MATH\=YES
    export NATIVE_ARCH\=arm64
    export NATIVE_ARCH_32_BIT\=arm
    export NATIVE_ARCH_64_BIT\=arm64
    export NATIVE_ARCH_ACTUAL\=arm64
    export NO_COMMON\=YES
    export OBJC_ABI_VERSION\=2
    export OBJECT_FILE_DIR\=/Users/kharyfiler/Library/Developer/Xcode/DerivedData/Gripah-gptnnpiwslcswlcpylqwkddqyprw/Build/Intermediates.noindex/Pods.build/Debug-iphonesimulator/hermes-engine.build/Objects
    export OBJECT_FILE_DIR_normal\=/Users/kharyfiler/Library/Developer/Xcode/DerivedData/Gripah-gptnnpiwslcswlcpylqwkddqyprw/Build/Intermediates.noindex/Pods.build/Debug-iphonesimulator/hermes-engine.build/Objects-normal
    export OBJROOT\=/Users/kharyfiler/Library/Developer/Xcode/DerivedData/Gripah-gptnnpiwslcswlcpylqwkddqyprw/Build/Intermediates.noindex
    export ONLY_ACTIVE_ARCH\=NO
    export OS\=MACOS
    export OSAC\=/usr/bin/osacompile
    export PASCAL_STRINGS\=YES
    export PATH\=/Applications/Xcode.app/Contents/SharedFrameworks/SwiftBuild.framework/Versions/A/PlugIns/SWBBuildService.bundle/Contents/PlugIns/SWBUniversalPlatformPlugin.bundle/Contents/Frameworks/SWBUniversalPlatform.framework/Resources:/var/run/com.apple.security.cryptexd/mnt/com.apple.MobileAsset.MetalToolchain-v17.3.48.0.eTPF2V/Metal.xctoolchain/usr/bin:/var/run/com.apple.security.cryptexd/mnt/com.apple.MobileAsset.MetalToolchain-v17.3.48.0.eTPF2V/Metal.xctoolchain/usr/local/bin:/var/run/com.apple.security.cryptexd/mnt/com.apple.MobileAsset.MetalToolchain-v17.3.48.0.eTPF2V/Metal.xctoolchain/usr/libexec:/Applications/Xcode.app/Contents/Developer/Toolchains/XcodeDefault.xctoolchain/usr/bin:/Applications/Xcode.app/Contents/Developer/Toolchains/XcodeDefault.xctoolchain/usr/local/bin:/Applications/Xcode.app/Contents/Developer/Toolchains/XcodeDefault.xctoolchain/usr/libexec:/Applications/Xcode.app/Contents/Developer/Platforms/iPhoneSimulator.platform/usr/bin:/Applications/Xcode.app/Contents/Developer/Platforms/iPhoneSimulator.platform/usr/local/bin:/Applications/Xcode.app/Contents/Developer/Platforms/iPhoneSimulator.platform/Developer/usr/bin:/Applications/Xcode.app/Contents/Developer/Platforms/iPhoneSimulator.platform/Developer/usr/local/bin:/Applications/Xcode.app/Contents/Developer/usr/bin:/Applications/Xcode.app/Contents/Developer/usr/local/bin:/usr/local/bin:/System/Cryptexes/App/usr/bin:/usr/bin:/bin:/usr/sbin:/sbin:/var/run/com.apple.security.cryptexd/codex.system/bootstrap/usr/local/bin:/var/run/com.apple.security.cryptexd/codex.system/bootstrap/usr/bin:/var/run/com.apple.security.cryptexd/codex.system/bootstrap/usr/appleinternal/bin:/Library/Apple/usr/bin:/opt/homebrew/bin
    export PATH_PREFIXES_EXCLUDED_FROM_HEADER_DEPENDENCIES\=/usr/include\ /usr/local/include\ /System/Library/Frameworks\ /System/Library/PrivateFrameworks\ /Applications/Xcode.app/Contents/Developer/Headers\ /Applications/Xcode.app/Contents/Developer/SDKs\ /Applications/Xcode.app/Contents/Developer/Platforms
    export PER_ARCH_MODULE_FILE_DIR\=/Users/kharyfiler/Library/Developer/Xcode/DerivedData/Gripah-gptnnpiwslcswlcpylqwkddqyprw/Build/Intermediates.noindex/Pods.build/Debug-iphonesimulator/hermes-engine.build/Objects-normal/undefined_arch
    export PER_ARCH_OBJECT_FILE_DIR\=/Users/kharyfiler/Library/Developer/Xcode/DerivedData/Gripah-gptnnpiwslcswlcpylqwkddqyprw/Build/Intermediates.noindex/Pods.build/Debug-iphonesimulator/hermes-engine.build/Objects-normal/undefined_arch
    export PER_VARIANT_OBJECT_FILE_DIR\=/Users/kharyfiler/Library/Developer/Xcode/DerivedData/Gripah-gptnnpiwslcswlcpylqwkddqyprw/Build/Intermediates.noindex/Pods.build/Debug-iphonesimulator/hermes-engine.build/Objects-normal
    export PKGINFO_FILE_PATH\=/Users/kharyfiler/Library/Developer/Xcode/DerivedData/Gripah-gptnnpiwslcswlcpylqwkddqyprw/Build/Intermediates.noindex/Pods.build/Debug-iphonesimulator/hermes-engine.build/PkgInfo
    export PLATFORM_DEVELOPER_APPLICATIONS_DIR\=/Applications/Xcode.app/Contents/Developer/Platforms/iPhoneSimulator.platform/Developer/Applications
    export PLATFORM_DEVELOPER_BIN_DIR\=/Applications/Xcode.app/Contents/Developer/Platforms/iPhoneSimulator.platform/Developer/usr/bin
    export PLATFORM_DEVELOPER_LIBRARY_DIR\=/Applications/Xcode.app/Contents/Developer/Platforms/iPhoneSimulator.platform/Developer/Library
    export PLATFORM_DEVELOPER_SDK_DIR\=/Applications/Xcode.app/Contents/Developer/Platforms/iPhoneSimulator.platform/Developer/SDKs
    export PLATFORM_DEVELOPER_TOOLS_DIR\=/Applications/Xcode.app/Contents/Developer/Platforms/iPhoneSimulator.platform/Developer/Tools
    export PLATFORM_DEVELOPER_USR_DIR\=/Applications/Xcode.app/Contents/Developer/Platforms/iPhoneSimulator.platform/Developer/usr
    export PLATFORM_DIR\=/Applications/Xcode.app/Contents/Developer/Platforms/iPhoneSimulator.platform
    export PLATFORM_DISPLAY_NAME\=iOS\ Simulator
    export PLATFORM_FAMILY_NAME\=iOS
    export PLATFORM_NAME\=iphonesimulator
    export PLATFORM_PREFERRED_ARCH\=x86_64
    export PLATFORM_PRODUCT_BUILD_VERSION\=23C53
    export PLATFORM_REQUIRES_SWIFT_AUTOLINK_EXTRACT\=NO
    export PLATFORM_REQUIRES_SWIFT_MODULEWRAP\=NO
    export PLIST_FILE_OUTPUT_FORMAT\=binary
    export PODS_BUILD_DIR\=/Users/kharyfiler/Library/Developer/Xcode/DerivedData/Gripah-gptnnpiwslcswlcpylqwkddqyprw/Build/Products
    export PODS_CONFIGURATION_BUILD_DIR\=/Users/kharyfiler/Library/Developer/Xcode/DerivedData/Gripah-gptnnpiwslcswlcpylqwkddqyprw/Build/Products/Debug-iphonesimulator
    export PODS_DEVELOPMENT_LANGUAGE\=en
    export PODS_ROOT\=/Users/kharyfiler/Documents/grip-claude/ios/Pods
    export PODS_TARGET_SRCROOT\=/Users/kharyfiler/Documents/grip-claude/ios/Pods/hermes-engine
    export PODS_XCFRAMEWORKS_BUILD_DIR\=/Users/kharyfiler/Library/Developer/Xcode/DerivedData/Gripah-gptnnpiwslcswlcpylqwkddqyprw/Build/Products/Debug-iphonesimulator/XCFrameworkIntermediates
    export PRECOMPS_INCLUDE_HEADERS_FROM_BUILT_PRODUCTS_DIR\=YES
    export PRECOMP_DESTINATION_DIR\=/Users/kharyfiler/Library/Developer/Xcode/DerivedData/Gripah-gptnnpiwslcswlcpylqwkddqyprw/Build/Intermediates.noindex/Pods.build/Debug-iphonesimulator/hermes-engine.build/PrefixHeaders
    export PROCESSED_INFOPLIST_PATH\=/Users/kharyfiler/Library/Developer/Xcode/DerivedData/Gripah-gptnnpiwslcswlcpylqwkddqyprw/Build/Intermediates.noindex/Pods.build/Debug-iphonesimulator/hermes-engine.build/Objects-normal/undefined_arch/Processed-Info.plist
    export PRODUCT_BUNDLE_IDENTIFIER\=org.cocoapods.hermes-engine
    export PRODUCT_MODULE_NAME\=hermes_engine
    export PRODUCT_NAME\=hermes-engine
    export PRODUCT_SETTINGS_PATH\=
    export PROFILING_CODE\=NO
    export PROJECT\=Pods
    export PROJECT_DERIVED_FILE_DIR\=/Users/kharyfiler/Library/Developer/Xcode/DerivedData/Gripah-gptnnpiwslcswlcpylqwkddqyprw/Build/Intermediates.noindex/Pods.build/DerivedSources
    export PROJECT_DIR\=/Users/kharyfiler/Documents/grip-claude/ios/Pods
    export PROJECT_FILE_PATH\=/Users/kharyfiler/Documents/grip-claude/ios/Pods/Pods.xcodeproj
    export PROJECT_GUID\=8699adb1dd336b26511df848a716bd42
    export PROJECT_NAME\=Pods
    export PROJECT_TEMP_DIR\=/Users/kharyfiler/Library/Developer/Xcode/DerivedData/Gripah-gptnnpiwslcswlcpylqwkddqyprw/Build/Intermediates.noindex/Pods.build
    export PROJECT_TEMP_ROOT\=/Users/kharyfiler/Library/Developer/Xcode/DerivedData/Gripah-gptnnpiwslcswlcpylqwkddqyprw/Build/Intermediates.noindex
    export REACT_NATIVE_PATH\=/Users/kharyfiler/Documents/grip-claude/ios/Pods/../../node_modules/react-native
    export RECOMMENDED_IPHONEOS_DEPLOYMENT_TARGET\=15.0
    export RECURSIVE_SEARCH_PATHS_FOLLOW_SYMLINKS\=YES
    export REMOVE_CVS_FROM_RESOURCES\=YES
    export REMOVE_GIT_FROM_RESOURCES\=YES
    export REMOVE_HEADERS_FROM_EMBEDDED_BUNDLES\=YES
    export REMOVE_HG_FROM_RESOURCES\=YES
    export REMOVE_STATIC_EXECUTABLES_FROM_EMBEDDED_BUNDLES\=YES
    export REMOVE_SVN_FROM_RESOURCES\=YES
    export RESCHEDULE_INDEPENDENT_HEADERS_PHASES\=YES
    export REZ_COLLECTOR_DIR\=/Users/kharyfiler/Library/Developer/Xcode/DerivedData/Gripah-gptnnpiwslcswlcpylqwkddqyprw/Build/Intermediates.noindex/Pods.build/Debug-iphonesimulator/hermes-engine.build/ResourceManagerResources
    export REZ_OBJECTS_DIR\=/Users/kharyfiler/Library/Developer/Xcode/DerivedData/Gripah-gptnnpiwslcswlcpylqwkddqyprw/Build/Intermediates.noindex/Pods.build/Debug-iphonesimulator/hermes-engine.build/ResourceManagerResources/Objects
    export RUNTIME_EXCEPTION_ALLOW_DYLD_ENVIRONMENT_VARIABLES\=NO
    export RUNTIME_EXCEPTION_ALLOW_JIT\=NO
    export RUNTIME_EXCEPTION_ALLOW_UNSIGNED_EXECUTABLE_MEMORY\=NO
    export RUNTIME_EXCEPTION_DEBUGGING_TOOL\=NO
    export RUNTIME_EXCEPTION_DISABLE_EXECUTABLE_PAGE_PROTECTION\=NO
    export RUNTIME_EXCEPTION_DISABLE_LIBRARY_VALIDATION\=NO
    export SCAN_ALL_SOURCE_FILES_FOR_INCLUDES\=NO
    export SCRIPT_INPUT_FILE_COUNT\=0
    export SCRIPT_INPUT_FILE_LIST_COUNT\=0
    export SCRIPT_OUTPUT_FILE_COUNT\=0
    export SCRIPT_OUTPUT_FILE_LIST_COUNT\=0
    export SDKROOT\=/Applications/Xcode.app/Contents/Developer/Platforms/iPhoneSimulator.platform/Developer/SDKs/iPhoneSimulator26.2.sdk
    export SDK_DIR\=/Applications/Xcode.app/Contents/Developer/Platforms/iPhoneSimulator.platform/Developer/SDKs/iPhoneSimulator26.2.sdk
    export SDK_DIR_iphonesimulator\=/Applications/Xcode.app/Contents/Developer/Platforms/iPhoneSimulator.platform/Developer/SDKs/iPhoneSimulator26.2.sdk
    export SDK_DIR_iphonesimulator26_2\=/Applications/Xcode.app/Contents/Developer/Platforms/iPhoneSimulator.platform/Developer/SDKs/iPhoneSimulator26.2.sdk
    export SDK_NAME\=iphonesimulator26.2
    export SDK_NAMES\=iphonesimulator26.2
    export SDK_PRODUCT_BUILD_VERSION\=23C53
    export SDK_STAT_CACHE_DIR\=/Users/kharyfiler/Library/Developer/Xcode/DerivedData
    export SDK_STAT_CACHE_ENABLE\=YES
    export SDK_STAT_CACHE_PATH\=/Users/kharyfiler/Library/Developer/Xcode/DerivedData/SDKStatCaches.noindex/iphonesimulator26.2-23C53-3885c01c3e6b6a337905948deab2002e7d00a8b37fbd7999ea79df8ebc024bf0.sdkstatcache
    export SDK_VERSION\=26.2
    export SDK_VERSION_ACTUAL\=260200
    export SDK_VERSION_MAJOR\=260000
    export SDK_VERSION_MINOR\=260200
    export SED\=/usr/bin/sed
    export SEPARATE_STRIP\=NO
    export SEPARATE_SYMBOL_EDIT\=NO
    export SET_DIR_MODE_OWNER_GROUP\=YES
    export SET_FILE_MODE_OWNER_GROUP\=NO
    export SHALLOW_BUNDLE\=NO
    export SHARED_DERIVED_FILE_DIR\=/Users/kharyfiler/Library/Developer/Xcode/DerivedData/Gripah-gptnnpiwslcswlcpylqwkddqyprw/Build/Products/Debug-iphonesimulator/hermes-engine/DerivedSources
    export SHARED_PRECOMPS_DIR\=/Users/kharyfiler/Library/Developer/Xcode/DerivedData/Gripah-gptnnpiwslcswlcpylqwkddqyprw/Build/Intermediates.noindex/PrecompiledHeaders
    export SKIP_INSTALL\=YES
    export SOURCE_ROOT\=/Users/kharyfiler/Documents/grip-claude/ios/Pods
    export SRCROOT\=/Users/kharyfiler/Documents/grip-claude/ios/Pods
    export STRINGSDATA_DIR\=/Users/kharyfiler/Library/Developer/Xcode/DerivedData/Gripah-gptnnpiwslcswlcpylqwkddqyprw/Build/Intermediates.noindex/Pods.build/Debug-iphonesimulator/hermes-engine.build/Objects-normal/undefined_arch
    export STRINGSDATA_ROOT\=/Users/kharyfiler/Library/Developer/Xcode/DerivedData/Gripah-gptnnpiwslcswlcpylqwkddqyprw/Build/Intermediates.noindex/Pods.build/Debug-iphonesimulator/hermes-engine.build
    export STRINGS_FILE_INFOPLIST_RENAME\=YES
    export STRINGS_FILE_OUTPUT_ENCODING\=binary
    export STRING_CATALOG_GENERATE_SYMBOLS\=NO
    export STRIP_BITCODE_FROM_COPIED_FILES\=NO
    export STRIP_INSTALLED_PRODUCT\=NO
    export STRIP_STYLE\=all
    export STRIP_SWIFT_SYMBOLS\=YES
    export SUPPORTED_DEVICE_FAMILIES\=1,2
    export SUPPORTED_PLATFORMS\=iphoneos\ iphonesimulator
    export SUPPORTS_TEXT_BASED_API\=NO
    export SUPPRESS_WARNINGS\=NO
    export SWIFT_ACTIVE_COMPILATION_CONDITIONS\=\ DEBUG
    export SWIFT_EMIT_CONST_VALUE_PROTOCOLS\=AppIntent\ EntityQuery\ AppEntity\ TransientEntity\ AppEnum\ AppShortcutProviding\ AppShortcutsProvider\ AnyResolverProviding\ AppIntentsPackage\ DynamicOptionsProvider\ _IntentValueRepresentable\ _AssistantIntentsProvider\ _GenerativeFunctionExtractable\ IntentValueQuery\ Resolver\ AppExtension\ ExtensionPointDefining
    export SWIFT_EMIT_LOC_STRINGS\=NO
    export SWIFT_ENABLE_EXPLICIT_MODULES\=YES
    export SWIFT_OPTIMIZATION_LEVEL\=-Onone
    export SWIFT_PLATFORM_TARGET_PREFIX\=ios
    export SWIFT_RESPONSE_FILE_PATH_normal_arm64\=/Users/kharyfiler/Library/Developer/Xcode/DerivedData/Gripah-gptnnpiwslcswlcpylqwkddqyprw/Build/Intermediates.noindex/Pods.build/Debug-iphonesimulator/hermes-engine.build/Objects-normal/arm64/hermes-engine.SwiftFileList
    export SWIFT_VERSION\=5.0
    export SYMROOT\=/Users/kharyfiler/Library/Developer/Xcode/DerivedData/Gripah-gptnnpiwslcswlcpylqwkddqyprw/Build/Products
    export SYSTEM_ADMIN_APPS_DIR\=/Applications/Utilities
    export SYSTEM_APPS_DIR\=/Applications
    export SYSTEM_CORE_SERVICES_DIR\=/System/Library/CoreServices
    export SYSTEM_DEMOS_DIR\=/Applications/Extras
    export SYSTEM_DEVELOPER_APPS_DIR\=/Applications/Xcode.app/Contents/Developer/Applications
    export SYSTEM_DEVELOPER_BIN_DIR\=/Applications/Xcode.app/Contents/Developer/usr/bin
    export SYSTEM_DEVELOPER_DEMOS_DIR\=/Applications/Xcode.app/Contents/Developer/Applications/Utilities/Built\ Examples
    export SYSTEM_DEVELOPER_DIR\=/Applications/Xcode.app/Contents/Developer
    export SYSTEM_DEVELOPER_DOC_DIR\=/Applications/Xcode.app/Contents/Developer/ADC\ Reference\ Library
    export SYSTEM_DEVELOPER_GRAPHICS_TOOLS_DIR\=/Applications/Xcode.app/Contents/Developer/Applications/Graphics\ Tools
    export SYSTEM_DEVELOPER_JAVA_TOOLS_DIR\=/Applications/Xcode.app/Contents/Developer/Applications/Java\ Tools
    export SYSTEM_DEVELOPER_PERFORMANCE_TOOLS_DIR\=/Applications/Xcode.app/Contents/Developer/Applications/Performance\ Tools
    export SYSTEM_DEVELOPER_RELEASENOTES_DIR\=/Applications/Xcode.app/Contents/Developer/ADC\ Reference\ Library/releasenotes
    export SYSTEM_DEVELOPER_TOOLS\=/Applications/Xcode.app/Contents/Developer/Tools
    export SYSTEM_DEVELOPER_TOOLS_DOC_DIR\=/Applications/Xcode.app/Contents/Developer/ADC\ Reference\ Library/documentation/DeveloperTools
    export SYSTEM_DEVELOPER_TOOLS_RELEASENOTES_DIR\=/Applications/Xcode.app/Contents/Developer/ADC\ Reference\ Library/releasenotes/DeveloperTools
    export SYSTEM_DEVELOPER_USR_DIR\=/Applications/Xcode.app/Contents/Developer/usr
    export SYSTEM_DEVELOPER_UTILITIES_DIR\=/Applications/Xcode.app/Contents/Developer/Applications/Utilities
    export SYSTEM_DEXT_INSTALL_PATH\=/System/Library/DriverExtensions
    export SYSTEM_DOCUMENTATION_DIR\=/Library/Documentation
    export SYSTEM_KEXT_INSTALL_PATH\=/System/Library/Extensions
    export SYSTEM_LIBRARY_DIR\=/System/Library
    export TAPI_DEMANGLE\=YES
    export TAPI_ENABLE_PROJECT_HEADERS\=NO
    export TAPI_LANGUAGE\=objective-c
    export TAPI_LANGUAGE_STANDARD\=compiler-default
    export TAPI_USE_SRCROOT\=YES
    export TAPI_VERIFY_MODE\=Pedantic
    export TARGETED_DEVICE_FAMILY\=1,2
    export TARGETNAME\=hermes-engine
    export TARGET_BUILD_DIR\=/Users/kharyfiler/Library/Developer/Xcode/DerivedData/Gripah-gptnnpiwslcswlcpylqwkddqyprw/Build/Products/Debug-iphonesimulator/hermes-engine
    export TARGET_NAME\=hermes-engine
    export TARGET_TEMP_DIR\=/Users/kharyfiler/Library/Developer/Xcode/DerivedData/Gripah-gptnnpiwslcswlcpylqwkddqyprw/Build/Intermediates.noindex/Pods.build/Debug-iphonesimulator/hermes-engine.build
    export TEMP_DIR\=/Users/kharyfiler/Library/Developer/Xcode/DerivedData/Gripah-gptnnpiwslcswlcpylqwkddqyprw/Build/Intermediates.noindex/Pods.build/Debug-iphonesimulator/hermes-engine.build
    export TEMP_FILES_DIR\=/Users/kharyfiler/Library/Developer/Xcode/DerivedData/Gripah-gptnnpiwslcswlcpylqwkddqyprw/Build/Intermediates.noindex/Pods.build/Debug-iphonesimulator/hermes-engine.build
    export TEMP_FILE_DIR\=/Users/kharyfiler/Library/Developer/Xcode/DerivedData/Gripah-gptnnpiwslcswlcpylqwkddqyprw/Build/Intermediates.noindex/Pods.build/Debug-iphonesimulator/hermes-engine.build
    export TEMP_ROOT\=/Users/kharyfiler/Library/Developer/Xcode/DerivedData/Gripah-gptnnpiwslcswlcpylqwkddqyprw/Build/Intermediates.noindex
    export TEMP_SANDBOX_DIR\=/Users/kharyfiler/Library/Developer/Xcode/DerivedData/Gripah-gptnnpiwslcswlcpylqwkddqyprw/Build/Intermediates.noindex/TemporaryTaskSandboxes
    export TEST_FRAMEWORK_SEARCH_PATHS\=\ /Applications/Xcode.app/Contents/Developer/Platforms/iPhoneSimulator.platform/Developer/Library/Frameworks\ /Applications/Xcode.app/Contents/Developer/Platforms/iPhoneSimulator.platform/Developer/SDKs/iPhoneSimulator26.2.sdk/Developer/Library/Frameworks
    export TEST_LIBRARY_SEARCH_PATHS\=\ /Applications/Xcode.app/Contents/Developer/Platforms/iPhoneSimulator.platform/Developer/usr/lib
    export TOOLCHAINS\=com.apple.dt.toolchain.Metal.32023\ com.apple.dt.toolchain.XcodeDefault
    export TOOLCHAIN_DIR\=/var/run/com.apple.security.cryptexd/mnt/com.apple.MobileAsset.MetalToolchain-v17.3.48.0.eTPF2V/Metal.xctoolchain
    export TOOLCHAIN_VERSION\=32023
    export TREAT_MISSING_BASELINES_AS_TEST_FAILURES\=NO
    export TREAT_MISSING_SCRIPT_PHASE_OUTPUTS_AS_ERRORS\=NO
    export UID\=501
    export UNINSTALLED_PRODUCTS_DIR\=/Users/kharyfiler/Library/Developer/Xcode/DerivedData/Gripah-gptnnpiwslcswlcpylqwkddqyprw/Build/Intermediates.noindex/UninstalledProducts
    export UNSTRIPPED_PRODUCT\=NO
    export USER\=kharyfiler
    export USER_APPS_DIR\=/Users/kharyfiler/Applications
    export USER_LIBRARY_DIR\=/Users/kharyfiler/Library
    export USE_DYNAMIC_NO_PIC\=YES
    export USE_HEADERMAP\=YES
    export USE_HEADER_SYMLINKS\=NO
    export USE_HERMES\=true
    export USE_RECURSIVE_SCRIPT_INPUTS_IN_SCRIPT_PHASES\=YES
    export VALIDATE_DEVELOPMENT_ASSET_PATHS\=YES_ERROR
    export VALIDATE_PRODUCT\=NO
    export VALID_ARCHS\=arm64\ x86_64
    export VERBOSE_PBXCP\=NO
    export VERSION_INFO_BUILDER\=kharyfiler
    export VERSION_INFO_FILE\=hermes-engine_vers.c
    export VERSION_INFO_STRING\=\"@\(\#\)PROGRAM:hermes-engine\ \ PROJECT:Pods-\"
    export WORKSPACE_DIR\=/Users/kharyfiler/Documents/grip-claude/ios
    export WRAP_ASSET_PACKS_IN_SEPARATE_DIRECTORIES\=NO
    export XCODE_APP_SUPPORT_DIR\=/Applications/Xcode.app/Contents/Developer/Library/Xcode
    export XCODE_PRODUCT_BUILD_VERSION\=17C52
    export XCODE_VERSION_ACTUAL\=2620
    export XCODE_VERSION_MAJOR\=2600
    export XCODE_VERSION_MINOR\=2620
    export XPCSERVICES_FOLDER_PATH\=/XPCServices
    export YACC\=yacc
    export _DISCOVER_COMMAND_LINE_LINKER_INPUTS\=YES
    export _DISCOVER_COMMAND_LINE_LINKER_INPUTS_INCLUDE_WL\=YES
    export _LD_MULTIARCH\=YES
    export __DIAGNOSE_DEPRECATED_ARCHS\=YES
    export arch\=undefined_arch
    export variant\=normal
    /bin/sh -c /Users/kharyfiler/Library/Developer/Xcode/DerivedData/Gripah-gptnnpiwslcswlcpylqwkddqyprw/Build/Intermediates.noindex/Pods.build/Debug-iphonesimulator/hermes-engine.build/Script-46EB2E00038830.sh
Node found at: /usr/local/bin/node
No previous build detected, but Debug Configuration. No need to replace Hermes engine

ProcessInfoPlistFile /Users/kharyfiler/Library/Developer/Xcode/DerivedData/Gripah-gptnnpiwslcswlcpylqwkddqyprw/Build/Products/Debug-iphonesimulator/glog/glog_privacy.bundle/Info.plist /Users/kharyfiler/Documents/grip-claude/ios/Pods/Target\ Support\ Files/glog/ResourceBundle-glog_privacy-glog-Info.plist (in target 'glog-glog_privacy' from project 'Pods')
    cd /Users/kharyfiler/Documents/grip-claude/ios/Pods
    builtin-infoPlistUtility /Users/kharyfiler/Documents/grip-claude/ios/Pods/Target\ Support\ Files/glog/ResourceBundle-glog_privacy-glog-Info.plist -producttype com.apple.product-type.bundle -expandbuildsettings -format binary -platform iphonesimulator -o /Users/kharyfiler/Library/Developer/Xcode/DerivedData/Gripah-gptnnpiwslcswlcpylqwkddqyprw/Build/Products/Debug-iphonesimulator/glog/glog_privacy.bundle/Info.plist

ProcessInfoPlistFile /Users/kharyfiler/Library/Developer/Xcode/DerivedData/Gripah-gptnnpiwslcswlcpylqwkddqyprw/Build/Products/Debug-iphonesimulator/boost/boost_privacy.bundle/Info.plist /Users/kharyfiler/Documents/grip-claude/ios/Pods/Target\ Support\ Files/boost/ResourceBundle-boost_privacy-boost-Info.plist (in target 'boost-boost_privacy' from project 'Pods')
    cd /Users/kharyfiler/Documents/grip-claude/ios/Pods
    builtin-infoPlistUtility /Users/kharyfiler/Documents/grip-claude/ios/Pods/Target\ Support\ Files/boost/ResourceBundle-boost_privacy-boost-Info.plist -producttype com.apple.product-type.bundle -expandbuildsettings -format binary -platform iphonesimulator -o /Users/kharyfiler/Library/Developer/Xcode/DerivedData/Gripah-gptnnpiwslcswlcpylqwkddqyprw/Build/Products/Debug-iphonesimulator/boost/boost_privacy.bundle/Info.plist

ProcessInfoPlistFile /Users/kharyfiler/Library/Developer/Xcode/DerivedData/Gripah-gptnnpiwslcswlcpylqwkddqyprw/Build/Products/Debug-iphonesimulator/React-cxxreact/React-cxxreact_privacy.bundle/Info.plist /Users/kharyfiler/Documents/grip-claude/ios/Pods/Target\ Support\ Files/React-cxxreact/ResourceBundle-React-cxxreact_privacy-React-cxxreact-Info.plist (in target 'React-cxxreact-React-cxxreact_privacy' from project 'Pods')
    cd /Users/kharyfiler/Documents/grip-claude/ios/Pods
    builtin-infoPlistUtility /Users/kharyfiler/Documents/grip-claude/ios/Pods/Target\ Support\ Files/React-cxxreact/ResourceBundle-React-cxxreact_privacy-React-cxxreact-Info.plist -producttype com.apple.product-type.bundle -expandbuildsettings -format binary -platform iphonesimulator -o /Users/kharyfiler/Library/Developer/Xcode/DerivedData/Gripah-gptnnpiwslcswlcpylqwkddqyprw/Build/Products/Debug-iphonesimulator/React-cxxreact/React-cxxreact_privacy.bundle/Info.plist

ProcessInfoPlistFile /Users/kharyfiler/Library/Developer/Xcode/DerivedData/Gripah-gptnnpiwslcswlcpylqwkddqyprw/Build/Products/Debug-iphonesimulator/React-Core/React-Core_privacy.bundle/Info.plist /Users/kharyfiler/Documents/grip-claude/ios/Pods/Target\ Support\ Files/React-Core/ResourceBundle-React-Core_privacy-React-Core-Info.plist (in target 'React-Core-React-Core_privacy' from project 'Pods')
    cd /Users/kharyfiler/Documents/grip-claude/ios/Pods
    builtin-infoPlistUtility /Users/kharyfiler/Documents/grip-claude/ios/Pods/Target\ Support\ Files/React-Core/ResourceBundle-React-Core_privacy-React-Core-Info.plist -producttype com.apple.product-type.bundle -expandbuildsettings -format binary -platform iphonesimulator -o /Users/kharyfiler/Library/Developer/Xcode/DerivedData/Gripah-gptnnpiwslcswlcpylqwkddqyprw/Build/Products/Debug-iphonesimulator/React-Core/React-Core_privacy.bundle/Info.plist

ProcessInfoPlistFile /Users/kharyfiler/Library/Developer/Xcode/DerivedData/Gripah-gptnnpiwslcswlcpylqwkddqyprw/Build/Products/Debug-iphonesimulator/RNSVG/RNSVGFilters.bundle/Info.plist /Users/kharyfiler/Documents/grip-claude/ios/Pods/Target\ Support\ Files/RNSVG/ResourceBundle-RNSVGFilters-RNSVG-Info.plist (in target 'RNSVG-RNSVGFilters' from project 'Pods')
    cd /Users/kharyfiler/Documents/grip-claude/ios/Pods
    builtin-infoPlistUtility /Users/kharyfiler/Documents/grip-claude/ios/Pods/Target\ Support\ Files/RNSVG/ResourceBundle-RNSVGFilters-RNSVG-Info.plist -producttype com.apple.product-type.bundle -expandbuildsettings -format binary -platform iphonesimulator -o /Users/kharyfiler/Library/Developer/Xcode/DerivedData/Gripah-gptnnpiwslcswlcpylqwkddqyprw/Build/Products/Debug-iphonesimulator/RNSVG/RNSVGFilters.bundle/Info.plist

ProcessInfoPlistFile /Users/kharyfiler/Library/Developer/Xcode/DerivedData/Gripah-gptnnpiwslcswlcpylqwkddqyprw/Build/Products/Debug-iphonesimulator/RCT-Folly/RCT-Folly_privacy.bundle/Info.plist /Users/kharyfiler/Documents/grip-claude/ios/Pods/Target\ Support\ Files/RCT-Folly/ResourceBundle-RCT-Folly_privacy-RCT-Folly-Info.plist (in target 'RCT-Folly-RCT-Folly_privacy' from project 'Pods')
    cd /Users/kharyfiler/Documents/grip-claude/ios/Pods
    builtin-infoPlistUtility /Users/kharyfiler/Documents/grip-claude/ios/Pods/Target\ Support\ Files/RCT-Folly/ResourceBundle-RCT-Folly_privacy-RCT-Folly-Info.plist -producttype com.apple.product-type.bundle -expandbuildsettings -format binary -platform iphonesimulator -o /Users/kharyfiler/Library/Developer/Xcode/DerivedData/Gripah-gptnnpiwslcswlcpylqwkddqyprw/Build/Products/Debug-iphonesimulator/RCT-Folly/RCT-Folly_privacy.bundle/Info.plist

ProcessInfoPlistFile /Users/kharyfiler/Library/Developer/Xcode/DerivedData/Gripah-gptnnpiwslcswlcpylqwkddqyprw/Build/Products/Debug-iphonesimulator/RNCAsyncStorage/RNCAsyncStorage_resources.bundle/Info.plist /Users/kharyfiler/Documents/grip-claude/ios/Pods/Target\ Support\ Files/RNCAsyncStorage/ResourceBundle-RNCAsyncStorage_resources-RNCAsyncStorage-Info.plist (in target 'RNCAsyncStorage-RNCAsyncStorage_resources' from project 'Pods')
    cd /Users/kharyfiler/Documents/grip-claude/ios/Pods
    builtin-infoPlistUtility /Users/kharyfiler/Documents/grip-claude/ios/Pods/Target\ Support\ Files/RNCAsyncStorage/ResourceBundle-RNCAsyncStorage_resources-RNCAsyncStorage-Info.plist -producttype com.apple.product-type.bundle -expandbuildsettings -format binary -platform iphonesimulator -o /Users/kharyfiler/Library/Developer/Xcode/DerivedData/Gripah-gptnnpiwslcswlcpylqwkddqyprw/Build/Products/Debug-iphonesimulator/RNCAsyncStorage/RNCAsyncStorage_resources.bundle/Info.plist

ProcessInfoPlistFile /Users/kharyfiler/Library/Developer/Xcode/DerivedData/Gripah-gptnnpiwslcswlcpylqwkddqyprw/Build/Products/Debug-iphonesimulator/PromisesObjC/FBLPromises_Privacy.bundle/Info.plist /Users/kharyfiler/Documents/grip-claude/ios/Pods/Target\ Support\ Files/PromisesObjC/ResourceBundle-FBLPromises_Privacy-PromisesObjC-Info.plist (in target 'PromisesObjC-FBLPromises_Privacy' from project 'Pods')
    cd /Users/kharyfiler/Documents/grip-claude/ios/Pods
    builtin-infoPlistUtility /Users/kharyfiler/Documents/grip-claude/ios/Pods/Target\ Support\ Files/PromisesObjC/ResourceBundle-FBLPromises_Privacy-PromisesObjC-Info.plist -producttype com.apple.product-type.bundle -expandbuildsettings -format binary -platform iphonesimulator -o /Users/kharyfiler/Library/Developer/Xcode/DerivedData/Gripah-gptnnpiwslcswlcpylqwkddqyprw/Build/Products/Debug-iphonesimulator/PromisesObjC/FBLPromises_Privacy.bundle/Info.plist

ProcessInfoPlistFile /Users/kharyfiler/Library/Developer/Xcode/DerivedData/Gripah-gptnnpiwslcswlcpylqwkddqyprw/Build/Products/Debug-iphonesimulator/MLKitTextRecognitionKorean/KoreanOCRResources.bundle/Info.plist /Users/kharyfiler/Documents/grip-claude/ios/Pods/Target\ Support\ Files/MLKitTextRecognitionKorean/ResourceBundle-KoreanOCRResources-MLKitTextRecognitionKorean-Info.plist (in target 'MLKitTextRecognitionKorean-KoreanOCRResources' from project 'Pods')
    cd /Users/kharyfiler/Documents/grip-claude/ios/Pods
    builtin-infoPlistUtility /Users/kharyfiler/Documents/grip-claude/ios/Pods/Target\ Support\ Files/MLKitTextRecognitionKorean/ResourceBundle-KoreanOCRResources-MLKitTextRecognitionKorean-Info.plist -producttype com.apple.product-type.bundle -expandbuildsettings -format binary -platform iphonesimulator -o /Users/kharyfiler/Library/Developer/Xcode/DerivedData/Gripah-gptnnpiwslcswlcpylqwkddqyprw/Build/Products/Debug-iphonesimulator/MLKitTextRecognitionKorean/KoreanOCRResources.bundle/Info.plist

ProcessInfoPlistFile /Users/kharyfiler/Library/Developer/Xcode/DerivedData/Gripah-gptnnpiwslcswlcpylqwkddqyprw/Build/Products/Debug-iphonesimulator/MLKitTextRecognitionJapanese/JapaneseOCRResources.bundle/Info.plist /Users/kharyfiler/Documents/grip-claude/ios/Pods/Target\ Support\ Files/MLKitTextRecognitionJapanese/ResourceBundle-JapaneseOCRResources-MLKitTextRecognitionJapanese-Info.plist (in target 'MLKitTextRecognitionJapanese-JapaneseOCRResources' from project 'Pods')
    cd /Users/kharyfiler/Documents/grip-claude/ios/Pods
    builtin-infoPlistUtility /Users/kharyfiler/Documents/grip-claude/ios/Pods/Target\ Support\ Files/MLKitTextRecognitionJapanese/ResourceBundle-JapaneseOCRResources-MLKitTextRecognitionJapanese-Info.plist -producttype com.apple.product-type.bundle -expandbuildsettings -format binary -platform iphonesimulator -o /Users/kharyfiler/Library/Developer/Xcode/DerivedData/Gripah-gptnnpiwslcswlcpylqwkddqyprw/Build/Products/Debug-iphonesimulator/MLKitTextRecognitionJapanese/JapaneseOCRResources.bundle/Info.plist

ProcessInfoPlistFile /Users/kharyfiler/Library/Developer/Xcode/DerivedData/Gripah-gptnnpiwslcswlcpylqwkddqyprw/Build/Products/Debug-iphonesimulator/MLKitTextRecognitionDevanagari/DevanagariOCRResources.bundle/Info.plist /Users/kharyfiler/Documents/grip-claude/ios/Pods/Target\ Support\ Files/MLKitTextRecognitionDevanagari/ResourceBundle-DevanagariOCRResources-MLKitTextRecognitionDevanagari-Info.plist (in target 'MLKitTextRecognitionDevanagari-DevanagariOCRResources' from project 'Pods')
    cd /Users/kharyfiler/Documents/grip-claude/ios/Pods
    builtin-infoPlistUtility /Users/kharyfiler/Documents/grip-claude/ios/Pods/Target\ Support\ Files/MLKitTextRecognitionDevanagari/ResourceBundle-DevanagariOCRResources-MLKitTextRecognitionDevanagari-Info.plist -producttype com.apple.product-type.bundle -expandbuildsettings -format binary -platform iphonesimulator -o /Users/kharyfiler/Library/Developer/Xcode/DerivedData/Gripah-gptnnpiwslcswlcpylqwkddqyprw/Build/Products/Debug-iphonesimulator/MLKitTextRecognitionDevanagari/DevanagariOCRResources.bundle/Info.plist

ProcessInfoPlistFile /Users/kharyfiler/Library/Developer/Xcode/DerivedData/Gripah-gptnnpiwslcswlcpylqwkddqyprw/Build/Products/Debug-iphonesimulator/MLKitTextRecognitionChinese/ChineseOCRResources.bundle/Info.plist /Users/kharyfiler/Documents/grip-claude/ios/Pods/Target\ Support\ Files/MLKitTextRecognitionChinese/ResourceBundle-ChineseOCRResources-MLKitTextRecognitionChinese-Info.plist (in target 'MLKitTextRecognitionChinese-ChineseOCRResources' from project 'Pods')
    cd /Users/kharyfiler/Documents/grip-claude/ios/Pods
    builtin-infoPlistUtility /Users/kharyfiler/Documents/grip-claude/ios/Pods/Target\ Support\ Files/MLKitTextRecognitionChinese/ResourceBundle-ChineseOCRResources-MLKitTextRecognitionChinese-Info.plist -producttype com.apple.product-type.bundle -expandbuildsettings -format binary -platform iphonesimulator -o /Users/kharyfiler/Library/Developer/Xcode/DerivedData/Gripah-gptnnpiwslcswlcpylqwkddqyprw/Build/Products/Debug-iphonesimulator/MLKitTextRecognitionChinese/ChineseOCRResources.bundle/Info.plist

ProcessInfoPlistFile /Users/kharyfiler/Library/Developer/Xcode/DerivedData/Gripah-gptnnpiwslcswlcpylqwkddqyprw/Build/Products/Debug-iphonesimulator/MLKitTextRecognition/LatinOCRResources.bundle/Info.plist /Users/kharyfiler/Documents/grip-claude/ios/Pods/Target\ Support\ Files/MLKitTextRecognition/ResourceBundle-LatinOCRResources-MLKitTextRecognition-Info.plist (in target 'MLKitTextRecognition-LatinOCRResources' from project 'Pods')
    cd /Users/kharyfiler/Documents/grip-claude/ios/Pods
    builtin-infoPlistUtility /Users/kharyfiler/Documents/grip-claude/ios/Pods/Target\ Support\ Files/MLKitTextRecognition/ResourceBundle-LatinOCRResources-MLKitTextRecognition-Info.plist -producttype com.apple.product-type.bundle -expandbuildsettings -format binary -platform iphonesimulator -o /Users/kharyfiler/Library/Developer/Xcode/DerivedData/Gripah-gptnnpiwslcswlcpylqwkddqyprw/Build/Products/Debug-iphonesimulator/MLKitTextRecognition/LatinOCRResources.bundle/Info.plist

ProcessInfoPlistFile /Users/kharyfiler/Library/Developer/Xcode/DerivedData/Gripah-gptnnpiwslcswlcpylqwkddqyprw/Build/Products/Debug-iphonesimulator/GoogleUtilities/GoogleUtilities_Privacy.bundle/Info.plist /Users/kharyfiler/Documents/grip-claude/ios/Pods/Target\ Support\ Files/GoogleUtilities/ResourceBundle-GoogleUtilities_Privacy-GoogleUtilities-Info.plist (in target 'GoogleUtilities-GoogleUtilities_Privacy' from project 'Pods')
    cd /Users/kharyfiler/Documents/grip-claude/ios/Pods
    builtin-infoPlistUtility /Users/kharyfiler/Documents/grip-claude/ios/Pods/Target\ Support\ Files/GoogleUtilities/ResourceBundle-GoogleUtilities_Privacy-GoogleUtilities-Info.plist -producttype com.apple.product-type.bundle -expandbuildsettings -format binary -platform iphonesimulator -o /Users/kharyfiler/Library/Developer/Xcode/DerivedData/Gripah-gptnnpiwslcswlcpylqwkddqyprw/Build/Products/Debug-iphonesimulator/GoogleUtilities/GoogleUtilities_Privacy.bundle/Info.plist

ProcessInfoPlistFile /Users/kharyfiler/Library/Developer/Xcode/DerivedData/Gripah-gptnnpiwslcswlcpylqwkddqyprw/Build/Products/Debug-iphonesimulator/GoogleUserMessagingPlatform/UserMessagingPlatformResources.bundle/Info.plist /Users/kharyfiler/Documents/grip-claude/ios/Pods/Target\ Support\ Files/GoogleUserMessagingPlatform/ResourceBundle-UserMessagingPlatformResources-GoogleUserMessagingPlatform-Info.plist (in target 'GoogleUserMessagingPlatform-UserMessagingPlatformResources' from project 'Pods')
    cd /Users/kharyfiler/Documents/grip-claude/ios/Pods
    builtin-infoPlistUtility /Users/kharyfiler/Documents/grip-claude/ios/Pods/Target\ Support\ Files/GoogleUserMessagingPlatform/ResourceBundle-UserMessagingPlatformResources-GoogleUserMessagingPlatform-Info.plist -producttype com.apple.product-type.bundle -expandbuildsettings -format binary -platform iphonesimulator -o /Users/kharyfiler/Library/Developer/Xcode/DerivedData/Gripah-gptnnpiwslcswlcpylqwkddqyprw/Build/Products/Debug-iphonesimulator/GoogleUserMessagingPlatform/UserMessagingPlatformResources.bundle/Info.plist

ProcessInfoPlistFile /Users/kharyfiler/Library/Developer/Xcode/DerivedData/Gripah-gptnnpiwslcswlcpylqwkddqyprw/Build/Products/Debug-iphonesimulator/GoogleToolboxForMac/GoogleToolboxForMac_Privacy.bundle/Info.plist /Users/kharyfiler/Documents/grip-claude/ios/Pods/Target\ Support\ Files/GoogleToolboxForMac/ResourceBundle-GoogleToolboxForMac_Privacy-GoogleToolboxForMac-Info.plist (in target 'GoogleToolboxForMac-GoogleToolboxForMac_Privacy' from project 'Pods')
    cd /Users/kharyfiler/Documents/grip-claude/ios/Pods
    builtin-infoPlistUtility /Users/kharyfiler/Documents/grip-claude/ios/Pods/Target\ Support\ Files/GoogleToolboxForMac/ResourceBundle-GoogleToolboxForMac_Privacy-GoogleToolboxForMac-Info.plist -producttype com.apple.product-type.bundle -expandbuildsettings -format binary -platform iphonesimulator -o /Users/kharyfiler/Library/Developer/Xcode/DerivedData/Gripah-gptnnpiwslcswlcpylqwkddqyprw/Build/Products/Debug-iphonesimulator/GoogleToolboxForMac/GoogleToolboxForMac_Privacy.bundle/Info.plist

ProcessInfoPlistFile /Users/kharyfiler/Library/Developer/Xcode/DerivedData/Gripah-gptnnpiwslcswlcpylqwkddqyprw/Build/Products/Debug-iphonesimulator/GoogleDataTransport/GoogleDataTransport_Privacy.bundle/Info.plist /Users/kharyfiler/Documents/grip-claude/ios/Pods/Target\ Support\ Files/GoogleDataTransport/ResourceBundle-GoogleDataTransport_Privacy-GoogleDataTransport-Info.plist (in target 'GoogleDataTransport-GoogleDataTransport_Privacy' from project 'Pods')
    cd /Users/kharyfiler/Documents/grip-claude/ios/Pods
    builtin-infoPlistUtility /Users/kharyfiler/Documents/grip-claude/ios/Pods/Target\ Support\ Files/GoogleDataTransport/ResourceBundle-GoogleDataTransport_Privacy-GoogleDataTransport-Info.plist -producttype com.apple.product-type.bundle -expandbuildsettings -format binary -platform iphonesimulator -o /Users/kharyfiler/Library/Developer/Xcode/DerivedData/Gripah-gptnnpiwslcswlcpylqwkddqyprw/Build/Products/Debug-iphonesimulator/GoogleDataTransport/GoogleDataTransport_Privacy.bundle/Info.plist

ProcessInfoPlistFile /Users/kharyfiler/Library/Developer/Xcode/DerivedData/Gripah-gptnnpiwslcswlcpylqwkddqyprw/Build/Products/Debug-iphonesimulator/Google-Mobile-Ads-SDK/GoogleMobileAdsResources.bundle/Info.plist /Users/kharyfiler/Documents/grip-claude/ios/Pods/Target\ Support\ Files/Google-Mobile-Ads-SDK/ResourceBundle-GoogleMobileAdsResources-Google-Mobile-Ads-SDK-Info.plist (in target 'Google-Mobile-Ads-SDK-GoogleMobileAdsResources' from project 'Pods')
    cd /Users/kharyfiler/Documents/grip-claude/ios/Pods
    builtin-infoPlistUtility /Users/kharyfiler/Documents/grip-claude/ios/Pods/Target\ Support\ Files/Google-Mobile-Ads-SDK/ResourceBundle-GoogleMobileAdsResources-Google-Mobile-Ads-SDK-Info.plist -producttype com.apple.product-type.bundle -expandbuildsettings -format binary -platform iphonesimulator -o /Users/kharyfiler/Library/Developer/Xcode/DerivedData/Gripah-gptnnpiwslcswlcpylqwkddqyprw/Build/Products/Debug-iphonesimulator/Google-Mobile-Ads-SDK/GoogleMobileAdsResources.bundle/Info.plist

ProcessInfoPlistFile /Users/kharyfiler/Library/Developer/Xcode/DerivedData/Gripah-gptnnpiwslcswlcpylqwkddqyprw/Build/Products/Debug-iphonesimulator/EXConstants/EXConstants.bundle/Info.plist /Users/kharyfiler/Documents/grip-claude/ios/Pods/Target\ Support\ Files/EXConstants/ResourceBundle-EXConstants-EXConstants-Info.plist (in target 'EXConstants-EXConstants' from project 'Pods')
    cd /Users/kharyfiler/Documents/grip-claude/ios/Pods
    builtin-infoPlistUtility /Users/kharyfiler/Documents/grip-claude/ios/Pods/Target\ Support\ Files/EXConstants/ResourceBundle-EXConstants-EXConstants-Info.plist -producttype com.apple.product-type.bundle -expandbuildsettings -format binary -platform iphonesimulator -o /Users/kharyfiler/Library/Developer/Xcode/DerivedData/Gripah-gptnnpiwslcswlcpylqwkddqyprw/Build/Products/Debug-iphonesimulator/EXConstants/EXConstants.bundle/Info.plist

PhaseScriptExecution Copy\ generated\ compatibility\ header /Users/kharyfiler/Library/Developer/Xcode/DerivedData/Gripah-gptnnpiwslcswlcpylqwkddqyprw/Build/Intermediates.noindex/Pods.build/Debug-iphonesimulator/SimpleKeychain.build/Script-46EB2E0002E530.sh (in target 'SimpleKeychain' from project 'Pods')
    cd /Users/kharyfiler/Documents/grip-claude/ios/Pods
    export ACTION\=build
    export AD_HOC_CODE_SIGNING_ALLOWED\=YES
    export ALLOW_BUILD_REQUEST_OVERRIDES\=NO
    export ALLOW_TARGET_PLATFORM_SPECIALIZATION\=NO
    export ALTERNATE_GROUP\=staff
    export ALTERNATE_MODE\=u+w,go-w,a+rX
    export ALTERNATE_OWNER\=kharyfiler
    export ALTERNATIVE_DISTRIBUTION_WEB\=NO
    export ALWAYS_EMBED_SWIFT_STANDARD_LIBRARIES\=NO
    export ALWAYS_SEARCH_USER_PATHS\=NO
    export ALWAYS_USE_SEPARATE_HEADERMAPS\=NO
    export APPLICATION_EXTENSION_API_ONLY\=NO
    export APPLY_RULES_IN_COPY_FILES\=NO
    export APPLY_RULES_IN_COPY_HEADERS\=NO
    export APP_SHORTCUTS_ENABLE_FLEXIBLE_MATCHING\=YES
    export ARCHS\=arm64
    export ARCHS_STANDARD\=arm64\ x86_64
    export ARCHS_STANDARD_32_64_BIT\=arm64\ x86_64
    export ARCHS_STANDARD_64_BIT\=arm64\ x86_64
    export ARCHS_STANDARD_INCLUDING_64_BIT\=arm64\ x86_64
    export ARCHS_UNIVERSAL_IPHONE_OS\=arm64\ x86_64
    export AUTOMATICALLY_MERGE_DEPENDENCIES\=NO
    export AUTOMATION_APPLE_EVENTS\=NO
    export AVAILABLE_PLATFORMS\=android\ appletvos\ appletvsimulator\ driverkit\ iphoneos\ iphonesimulator\ macosx\ qnx\ watchos\ watchsimulator\ webassembly\ xros\ xrsimulator
    export BUILD_ACTIVE_RESOURCES_ONLY\=NO
    export BUILD_COMPONENTS\=headers\ build
    export BUILD_DIR\=/Users/kharyfiler/Library/Developer/Xcode/DerivedData/Gripah-gptnnpiwslcswlcpylqwkddqyprw/Build/Products
    export BUILD_LIBRARY_FOR_DISTRIBUTION\=NO
    export BUILD_ROOT\=/Users/kharyfiler/Library/Developer/Xcode/DerivedData/Gripah-gptnnpiwslcswlcpylqwkddqyprw/Build/Products
    export BUILD_STYLE\=
    export BUILD_VARIANTS\=normal
    export BUILT_PRODUCTS_DIR\=/Users/kharyfiler/Library/Developer/Xcode/DerivedData/Gripah-gptnnpiwslcswlcpylqwkddqyprw/Build/Products/Debug-iphonesimulator/SimpleKeychain
    export BUNDLE_CONTENTS_FOLDER_PATH_deep\=Contents/
    export BUNDLE_EXECUTABLE_FOLDER_NAME_deep\=MacOS
    export BUNDLE_EXTENSIONS_FOLDER_PATH\=Extensions
    export BUNDLE_FORMAT\=shallow
    export BUNDLE_FRAMEWORKS_FOLDER_PATH\=Frameworks
    export BUNDLE_PLUGINS_FOLDER_PATH\=PlugIns
    export BUNDLE_PRIVATE_HEADERS_FOLDER_PATH\=PrivateHeaders
    export BUNDLE_PUBLIC_HEADERS_FOLDER_PATH\=Headers
    export CACHE_ROOT\=/var/folders/bg/xv10_kk96gz_ck7t__bgt67c0000gn/C/com.apple.DeveloperTools/26.2-17C52/Xcode
    export CCHROOT\=/var/folders/bg/xv10_kk96gz_ck7t__bgt67c0000gn/C/com.apple.DeveloperTools/26.2-17C52/Xcode
    export CHMOD\=/bin/chmod
    export CHOWN\=/usr/sbin/chown
    export CLANG_ANALYZER_LOCALIZABILITY_NONLOCALIZED\=YES
    export CLANG_ANALYZER_NONNULL\=YES
    export CLANG_ANALYZER_NUMBER_OBJECT_CONVERSION\=YES_AGGRESSIVE
    export CLANG_CACHE_FINE_GRAINED_OUTPUTS\=YES
    export CLANG_CXX_LANGUAGE_STANDARD\=c++20
    export CLANG_CXX_LIBRARY\=libc++
    export CLANG_ENABLE_EXPLICIT_MODULES\=YES
    export CLANG_ENABLE_MODULES\=YES
    export CLANG_ENABLE_MODULE_DEBUGGING\=NO
    export CLANG_ENABLE_OBJC_ARC\=YES
    export CLANG_ENABLE_OBJC_WEAK\=NO
    export CLANG_MODULES_BUILD_SESSION_FILE\=/Users/kharyfiler/Library/Developer/Xcode/DerivedData/ModuleCache.noindex/Session.modulevalidation
    export CLANG_WARN_BLOCK_CAPTURE_AUTORELEASING\=YES
    export CLANG_WARN_BOOL_CONVERSION\=YES
    export CLANG_WARN_COMMA\=YES
    export CLANG_WARN_CONSTANT_CONVERSION\=YES
    export CLANG_WARN_DEPRECATED_OBJC_IMPLEMENTATIONS\=YES
    export CLANG_WARN_DIRECT_OBJC_ISA_USAGE\=YES_ERROR
    export CLANG_WARN_DOCUMENTATION_COMMENTS\=YES
    export CLANG_WARN_EMPTY_BODY\=YES
    export CLANG_WARN_ENUM_CONVERSION\=YES
    export CLANG_WARN_INFINITE_RECURSION\=YES
    export CLANG_WARN_INT_CONVERSION\=YES
    export CLANG_WARN_NON_LITERAL_NULL_CONVERSION\=YES
    export CLANG_WARN_OBJC_IMPLICIT_RETAIN_SELF\=YES
    export CLANG_WARN_OBJC_LITERAL_CONVERSION\=YES
    export CLANG_WARN_OBJC_ROOT_CLASS\=YES_ERROR
    export CLANG_WARN_QUOTED_INCLUDE_IN_FRAMEWORK_HEADER\=NO
    export CLANG_WARN_RANGE_LOOP_ANALYSIS\=YES
    export CLANG_WARN_STRICT_PROTOTYPES\=YES
    export CLANG_WARN_SUSPICIOUS_MOVE\=YES
    export CLANG_WARN_UNGUARDED_AVAILABILITY\=YES_AGGRESSIVE
    export CLANG_WARN_UNREACHABLE_CODE\=YES
    export CLANG_WARN__DUPLICATE_METHOD_MATCH\=YES
    export CLASS_FILE_DIR\=/Users/kharyfiler/Library/Developer/Xcode/DerivedData/Gripah-gptnnpiwslcswlcpylqwkddqyprw/Build/Intermediates.noindex/Pods.build/Debug-iphonesimulator/SimpleKeychain.build/JavaClasses
    export CLEAN_PRECOMPS\=YES
    export CLONE_HEADERS\=NO
    export CODESIGNING_FOLDER_PATH\=/Users/kharyfiler/Library/Developer/Xcode/DerivedData/Gripah-gptnnpiwslcswlcpylqwkddqyprw/Build/Products/Debug-iphonesimulator/SimpleKeychain/libSimpleKeychain.a
    export CODE_SIGNING_ALLOWED\=NO
    export CODE_SIGNING_REQUIRED\=YES
    export CODE_SIGN_CONTEXT_CLASS\=XCiPhoneSimulatorCodeSignContext
    export CODE_SIGN_IDENTITY\=-
    export CODE_SIGN_INJECT_BASE_ENTITLEMENTS\=YES
    export COLOR_DIAGNOSTICS\=NO
    export COMBINE_HIDPI_IMAGES\=NO
    export COMPILATION_CACHE_CAS_PATH\=/Users/kharyfiler/Library/Developer/Xcode/DerivedData/CompilationCache.noindex
    export COMPILATION_CACHE_KEEP_CAS_DIRECTORY\=YES
    export COMPILER_INDEX_STORE_ENABLE\=Default
    export COMPOSITE_SDK_DIRS\=/Users/kharyfiler/Library/Developer/Xcode/DerivedData/Gripah-gptnnpiwslcswlcpylqwkddqyprw/Build/Intermediates.noindex/CompositeSDKs
    export COMPRESS_PNG_FILES\=YES
    export CONFIGURATION\=Debug
    export CONFIGURATION_BUILD_DIR\=/Users/kharyfiler/Library/Developer/Xcode/DerivedData/Gripah-gptnnpiwslcswlcpylqwkddqyprw/Build/Products/Debug-iphonesimulator/SimpleKeychain
    export CONFIGURATION_TEMP_DIR\=/Users/kharyfiler/Library/Developer/Xcode/DerivedData/Gripah-gptnnpiwslcswlcpylqwkddqyprw/Build/Intermediates.noindex/Pods.build/Debug-iphonesimulator
    export COPYING_PRESERVES_HFS_DATA\=NO
    export COPY_HEADERS_RUN_UNIFDEF\=NO
    export COPY_PHASE_STRIP\=NO
    export CORRESPONDING_DEVICE_PLATFORM_DIR\=/Applications/Xcode.app/Contents/Developer/Platforms/iPhoneOS.platform
    export CORRESPONDING_DEVICE_PLATFORM_NAME\=iphoneos
    export CORRESPONDING_DEVICE_SDK_DIR\=/Applications/Xcode.app/Contents/Developer/Platforms/iPhoneOS.platform/Developer/SDKs/iPhoneOS26.2.sdk
    export CORRESPONDING_DEVICE_SDK_NAME\=iphoneos26.2
    export CP\=/bin/cp
    export CREATE_INFOPLIST_SECTION_IN_BINARY\=NO
    export CURRENT_ARCH\=undefined_arch
    export CURRENT_VARIANT\=normal
    export DEAD_CODE_STRIPPING\=YES
    export DEBUGGING_SYMBOLS\=YES
    export DEBUG_INFORMATION_FORMAT\=dwarf
    export DEBUG_INFORMATION_VERSION\=compiler-default
    export DEFAULT_COMPILER\=com.apple.compilers.llvm.clang.1_0
    export DEFAULT_DEXT_INSTALL_PATH\=/System/Library/DriverExtensions
    export DEFAULT_KEXT_INSTALL_PATH\=/System/Library/Extensions
    export DEFINES_MODULE\=NO
    export DEPLOYMENT_LOCATION\=NO
    export DEPLOYMENT_POSTPROCESSING\=NO
    export DEPLOYMENT_TARGET_SETTING_NAME\=IPHONEOS_DEPLOYMENT_TARGET
    export DEPLOYMENT_TARGET_SUGGESTED_VALUES\=12.0\ 12.1\ 12.2\ 12.3\ 12.4\ 13.0\ 13.1\ 13.2\ 13.3\ 13.4\ 13.5\ 13.6\ 14.0\ 14.1\ 14.2\ 14.3\ 14.4\ 14.5\ 14.6\ 14.7\ 15.0\ 15.1\ 15.2\ 15.3\ 15.4\ 15.5\ 15.6\ 16.0\ 16.1\ 16.2\ 16.3\ 16.4\ 16.5\ 16.6\ 17.0\ 17.1\ 17.2\ 17.3\ 17.4\ 17.5\ 17.6\ 18.0\ 18.1\ 18.2\ 18.3\ 18.4\ 18.5\ 18.6\ 26.0\ 26.1\ 26.2
    export DERIVED_FILES_DIR\=/Users/kharyfiler/Library/Developer/Xcode/DerivedData/Gripah-gptnnpiwslcswlcpylqwkddqyprw/Build/Intermediates.noindex/Pods.build/Debug-iphonesimulator/SimpleKeychain.build/DerivedSources
    export DERIVED_FILE_DIR\=/Users/kharyfiler/Library/Developer/Xcode/DerivedData/Gripah-gptnnpiwslcswlcpylqwkddqyprw/Build/Intermediates.noindex/Pods.build/Debug-iphonesimulator/SimpleKeychain.build/DerivedSources
    export DERIVED_SOURCES_DIR\=/Users/kharyfiler/Library/Developer/Xcode/DerivedData/Gripah-gptnnpiwslcswlcpylqwkddqyprw/Build/Intermediates.noindex/Pods.build/Debug-iphonesimulator/SimpleKeychain.build/DerivedSources
    export DEVELOPER_APPLICATIONS_DIR\=/Applications/Xcode.app/Contents/Developer/Applications
    export DEVELOPER_BIN_DIR\=/Applications/Xcode.app/Contents/Developer/usr/bin
    export DEVELOPER_DIR\=/Applications/Xcode.app/Contents/Developer
    export DEVELOPER_FRAMEWORKS_DIR\=/Applications/Xcode.app/Contents/Developer/Library/Frameworks
    export DEVELOPER_FRAMEWORKS_DIR_QUOTED\=/Applications/Xcode.app/Contents/Developer/Library/Frameworks
    export DEVELOPER_LIBRARY_DIR\=/Applications/Xcode.app/Contents/Developer/Library
    export DEVELOPER_SDK_DIR\=/Applications/Xcode.app/Contents/Developer/Platforms/MacOSX.platform/Developer/SDKs
    export DEVELOPER_TOOLS_DIR\=/Applications/Xcode.app/Contents/Developer/Tools
    export DEVELOPER_USR_DIR\=/Applications/Xcode.app/Contents/Developer/usr
    export DEVELOPMENT_LANGUAGE\=en
    export DIAGNOSE_MISSING_TARGET_DEPENDENCIES\=YES
    export DIFF\=/usr/bin/diff
    export DONT_GENERATE_INFOPLIST_FILE\=NO
    export DSTROOT\=/tmp/Pods.dst
    export DT_TOOLCHAIN_DIR\=/Applications/Xcode.app/Contents/Developer/Toolchains/XcodeDefault.xctoolchain
    export DWARF_DSYM_FILE_NAME\=libSimpleKeychain.a.dSYM
    export DWARF_DSYM_FILE_SHOULD_ACCOMPANY_PRODUCT\=NO
    export DWARF_DSYM_FOLDER_PATH\=/Users/kharyfiler/Library/Developer/Xcode/DerivedData/Gripah-gptnnpiwslcswlcpylqwkddqyprw/Build/Products/Debug-iphonesimulator/SimpleKeychain
    export DYNAMIC_LIBRARY_EXTENSION\=dylib
    export EAGER_COMPILATION_ALLOW_SCRIPTS\=NO
    export EAGER_LINKING\=NO
    export EFFECTIVE_PLATFORM_NAME\=-iphonesimulator
    export EMBEDDED_CONTENT_CONTAINS_SWIFT\=NO
    export EMBED_ASSET_PACKS_IN_PRODUCT_BUNDLE\=NO
    export ENABLE_APP_SANDBOX\=NO
    export ENABLE_CODE_COVERAGE\=YES
    export ENABLE_CPLUSPLUS_BOUNDS_SAFE_BUFFERS\=NO
    export ENABLE_C_BOUNDS_SAFETY\=NO
    export ENABLE_DEFAULT_HEADER_SEARCH_PATHS\=YES
    export ENABLE_DEFAULT_SEARCH_PATHS\=YES
    export ENABLE_ENHANCED_SECURITY\=NO
    export ENABLE_HARDENED_RUNTIME\=NO
    export ENABLE_HEADER_DEPENDENCIES\=YES
    export ENABLE_INCOMING_NETWORK_CONNECTIONS\=NO
    export ENABLE_MODULE_VERIFIER\=NO
    export ENABLE_ON_DEMAND_RESOURCES\=NO
    export ENABLE_OUTGOING_NETWORK_CONNECTIONS\=NO
    export ENABLE_POINTER_AUTHENTICATION\=NO
    export ENABLE_PREVIEWS\=NO
    export ENABLE_RESOURCE_ACCESS_AUDIO_INPUT\=NO
    export ENABLE_RESOURCE_ACCESS_BLUETOOTH\=NO
    export ENABLE_RESOURCE_ACCESS_CALENDARS\=NO
    export ENABLE_RESOURCE_ACCESS_CAMERA\=NO
    export ENABLE_RESOURCE_ACCESS_CONTACTS\=NO
    export ENABLE_RESOURCE_ACCESS_LOCATION\=NO
    export ENABLE_RESOURCE_ACCESS_PHOTO_LIBRARY\=NO
    export ENABLE_RESOURCE_ACCESS_PRINTING\=NO
    export ENABLE_RESOURCE_ACCESS_USB\=NO
    export ENABLE_SDK_IMPORTS\=NO
    export ENABLE_SECURITY_COMPILER_WARNINGS\=NO
    export ENABLE_STRICT_OBJC_MSGSEND\=YES
    export ENABLE_TESTABILITY\=YES
    export ENABLE_TESTING_SEARCH_PATHS\=NO
    export ENABLE_USER_SCRIPT_SANDBOXING\=NO
    export ENABLE_XOJIT_PREVIEWS\=YES
    export ENFORCE_VALID_ARCHS\=YES
    export ENTITLEMENTS_DESTINATION\=__entitlements
    export ENTITLEMENTS_REQUIRED\=YES
    export EXCLUDED_INSTALLSRC_SUBDIRECTORY_PATTERNS\=.DS_Store\ .svn\ .git\ .hg\ CVS
    export EXCLUDED_RECURSIVE_SEARCH_PATH_SUBDIRECTORIES\=\*.nib\ \*.lproj\ \*.framework\ \*.gch\ \*.xcode\*\ \*.xcassets\ \*.icon\ \(\*\)\ .DS_Store\ CVS\ .svn\ .git\ .hg\ \*.pbproj\ \*.pbxproj
    export EXECUTABLE_EXTENSION\=a
    export EXECUTABLE_NAME\=libSimpleKeychain.a
    export EXECUTABLE_PATH\=libSimpleKeychain.a
    export EXECUTABLE_PREFIX\=lib
    export EXECUTABLE_SUFFIX\=.a
    export FILE_LIST\=/Users/kharyfiler/Library/Developer/Xcode/DerivedData/Gripah-gptnnpiwslcswlcpylqwkddqyprw/Build/Intermediates.noindex/Pods.build/Debug-iphonesimulator/SimpleKeychain.build/Objects/LinkFileList
    export FIXED_FILES_DIR\=/Users/kharyfiler/Library/Developer/Xcode/DerivedData/Gripah-gptnnpiwslcswlcpylqwkddqyprw/Build/Intermediates.noindex/Pods.build/Debug-iphonesimulator/SimpleKeychain.build/FixedFiles
    export FRAMEWORK_FLAG_PREFIX\=-framework
    export FRAMEWORK_SEARCH_PATHS\=/Users/kharyfiler/Library/Developer/Xcode/DerivedData/Gripah-gptnnpiwslcswlcpylqwkddqyprw/Build/Products/Debug-iphonesimulator/SimpleKeychain\ 
    export FRAMEWORK_VERSION\=A
    export FULL_PRODUCT_NAME\=libSimpleKeychain.a
    export FUSE_BUILD_PHASES\=YES
    export FUSE_BUILD_SCRIPT_PHASES\=NO
    export GCC3_VERSION\=3.3
    export GCC_C_LANGUAGE_STANDARD\=gnu11
    export GCC_DYNAMIC_NO_PIC\=NO
    export GCC_NO_COMMON_BLOCKS\=YES
    export GCC_OBJC_LEGACY_DISPATCH\=YES
    export GCC_OPTIMIZATION_LEVEL\=0
    export GCC_PFE_FILE_C_DIALECTS\=c\ objective-c\ c++\ objective-c++
    export GCC_PREFIX_HEADER\=Target\ Support\ Files/SimpleKeychain/SimpleKeychain-prefix.pch
    export GCC_PREPROCESSOR_DEFINITIONS\=POD_CONFIGURATION_DEBUG\=1\ DEBUG\=1\ \ COCOAPODS\=1
    export GCC_TREAT_WARNINGS_AS_ERRORS\=NO
    export GCC_VERSION\=com.apple.compilers.llvm.clang.1_0
    export GCC_VERSION_IDENTIFIER\=com_apple_compilers_llvm_clang_1_0
    export GCC_WARN_64_TO_32_BIT_CONVERSION\=YES
    export GCC_WARN_ABOUT_RETURN_TYPE\=YES_ERROR
    export GCC_WARN_UNDECLARED_SELECTOR\=YES
    export GCC_WARN_UNINITIALIZED_AUTOS\=YES_AGGRESSIVE
    export GCC_WARN_UNUSED_FUNCTION\=YES
    export GCC_WARN_UNUSED_VARIABLE\=YES
    export GENERATED_MODULEMAP_DIR\=/Users/kharyfiler/Library/Developer/Xcode/DerivedData/Gripah-gptnnpiwslcswlcpylqwkddqyprw/Build/Intermediates.noindex/GeneratedModuleMaps-iphonesimulator
    export GENERATE_INFOPLIST_FILE\=NO
    export GENERATE_INTERMEDIATE_TEXT_BASED_STUBS\=YES
    export GENERATE_PKGINFO_FILE\=NO
    export GENERATE_PRELINK_OBJECT_FILE\=NO
    export GENERATE_PROFILING_CODE\=NO
    export GENERATE_TEXT_BASED_STUBS\=NO
    export GID\=20
    export GROUP\=staff
    export HEADERMAP_INCLUDES_FLAT_ENTRIES_FOR_TARGET_BEING_BUILT\=YES
    export HEADERMAP_INCLUDES_FRAMEWORK_ENTRIES_FOR_ALL_PRODUCT_TYPES\=YES
    export HEADERMAP_INCLUDES_FRAMEWORK_ENTRIES_FOR_TARGETS_NOT_BEING_BUILT\=YES
    export HEADERMAP_INCLUDES_NONPUBLIC_NONPRIVATE_HEADERS\=YES
    export HEADERMAP_INCLUDES_PROJECT_HEADERS\=YES
    export HEADERMAP_USES_FRAMEWORK_PREFIX_ENTRIES\=YES
    export HEADERMAP_USES_VFS\=NO
    export HEADER_SEARCH_PATHS\=/Users/kharyfiler/Library/Developer/Xcode/DerivedData/Gripah-gptnnpiwslcswlcpylqwkddqyprw/Build/Products/Debug-iphonesimulator/SimpleKeychain/include\ 
    export HOME\=/Users/kharyfiler
    export HOST_ARCH\=arm64
    export HOST_PLATFORM\=macosx
    export ICONV\=/usr/bin/iconv
    export IMPLICIT_DEPENDENCY_DOMAIN\=default
    export INFOPLIST_ENABLE_CFBUNDLEICONS_MERGE\=YES
    export INFOPLIST_EXPAND_BUILD_SETTINGS\=YES
    export INFOPLIST_OUTPUT_FORMAT\=binary
    export INFOPLIST_PREPROCESS\=NO
    export INLINE_PRIVATE_FRAMEWORKS\=NO
    export INSTALLAPI_IGNORE_SKIP_INSTALL\=YES
    export INSTALLHDRS_COPY_PHASE\=NO
    export INSTALLHDRS_SCRIPT_PHASE\=NO
    export INSTALL_DIR\=/tmp/Pods.dst/usr/local/lib
    export INSTALL_GROUP\=staff
    export INSTALL_MODE_FLAG\=u+w,go-w,a+rX
    export INSTALL_OWNER\=kharyfiler
    export INSTALL_PATH\=/usr/local/lib
    export INSTALL_ROOT\=/tmp/Pods.dst
    export IPHONEOS_DEPLOYMENT_TARGET\=15.1
    export IS_UNOPTIMIZED_BUILD\=YES
    export JAVAC_DEFAULT_FLAGS\=-J-Xms64m\ -J-XX:NewSize\=4M\ -J-Dfile.encoding\=UTF8
    export JAVA_APP_STUB\=/System/Library/Frameworks/JavaVM.framework/Resources/MacOS/JavaApplicationStub
    export JAVA_ARCHIVE_CLASSES\=YES
    export JAVA_ARCHIVE_TYPE\=JAR
    export JAVA_COMPILER\=/usr/bin/javac
    export JAVA_FRAMEWORK_RESOURCES_DIRS\=Resources
    export JAVA_JAR_FLAGS\=cv
    export JAVA_SOURCE_SUBDIR\=.
    export JAVA_USE_DEPENDENCIES\=YES
    export JAVA_ZIP_FLAGS\=-urg
    export JIKES_DEFAULT_FLAGS\=+E\ +OLDCSO
    export KEEP_PRIVATE_EXTERNS\=NO
    export LD_DEPENDENCY_INFO_FILE\=/Users/kharyfiler/Library/Developer/Xcode/DerivedData/Gripah-gptnnpiwslcswlcpylqwkddqyprw/Build/Intermediates.noindex/Pods.build/Debug-iphonesimulator/SimpleKeychain.build/Objects-normal/undefined_arch/SimpleKeychain_dependency_info.dat
    export LD_EXPORT_SYMBOLS\=YES
    export LD_GENERATE_MAP_FILE\=NO
    export LD_MAP_FILE_PATH\=/Users/kharyfiler/Library/Developer/Xcode/DerivedData/Gripah-gptnnpiwslcswlcpylqwkddqyprw/Build/Intermediates.noindex/Pods.build/Debug-iphonesimulator/SimpleKeychain.build/SimpleKeychain-LinkMap-normal-undefined_arch.txt
    export LD_NO_PIE\=NO
    export LD_QUOTE_LINKER_ARGUMENTS_FOR_COMPILER_DRIVER\=YES
    export LD_SHARED_CACHE_ELIGIBLE\=Automatic
    export LD_WARN_DUPLICATE_LIBRARIES\=NO
    export LD_WARN_UNUSED_DYLIBS\=NO
    export LEGACY_DEVELOPER_DIR\=/Applications/Xcode.app/Contents/PlugIns/Xcode3Core.ideplugin/Contents/SharedSupport/Developer
    export LEX\=lex
    export LIBRARY_DEXT_INSTALL_PATH\=/Library/DriverExtensions
    export LIBRARY_FLAG_NOSPACE\=YES
    export LIBRARY_FLAG_PREFIX\=-l
    export LIBRARY_KEXT_INSTALL_PATH\=/Library/Extensions
    export LIBRARY_SEARCH_PATHS\=/Users/kharyfiler/Library/Developer/Xcode/DerivedData/Gripah-gptnnpiwslcswlcpylqwkddqyprw/Build/Products/Debug-iphonesimulator/SimpleKeychain\ 
    export LINKER_DISPLAYS_MANGLED_NAMES\=NO
    export LINK_FILE_LIST_normal_arm64\=/Users/kharyfiler/Library/Developer/Xcode/DerivedData/Gripah-gptnnpiwslcswlcpylqwkddqyprw/Build/Intermediates.noindex/Pods.build/Debug-iphonesimulator/SimpleKeychain.build/Objects-normal/arm64/SimpleKeychain.LinkFileList
    export LINK_OBJC_RUNTIME\=YES
    export LINK_WITH_STANDARD_LIBRARIES\=YES
    export LLVM_TARGET_TRIPLE_OS_VERSION\=ios15.1
    export LLVM_TARGET_TRIPLE_SUFFIX\=-simulator
    export LLVM_TARGET_TRIPLE_VENDOR\=apple
    export LM_AUX_CONST_METADATA_LIST_PATH_normal_arm64\=/Users/kharyfiler/Library/Developer/Xcode/DerivedData/Gripah-gptnnpiwslcswlcpylqwkddqyprw/Build/Intermediates.noindex/Pods.build/Debug-iphonesimulator/SimpleKeychain.build/Objects-normal/arm64/SimpleKeychain.SwiftConstValuesFileList
    export LOCALIZATION_EXPORT_SUPPORTED\=YES
    export LOCALIZATION_PREFERS_STRING_CATALOGS\=NO
    export LOCALIZED_STRING_MACRO_NAMES\=NSLocalizedString\ CFCopyLocalizedString
    export LOCALIZED_STRING_SWIFTUI_SUPPORT\=YES
    export LOCAL_ADMIN_APPS_DIR\=/Applications/Utilities
    export LOCAL_APPS_DIR\=/Applications
    export LOCAL_DEVELOPER_DIR\=/Library/Developer
    export LOCAL_LIBRARY_DIR\=/Library
    export LOCROOT\=/Users/kharyfiler/Documents/grip-claude/ios/Pods
    export LOCSYMROOT\=/Users/kharyfiler/Documents/grip-claude/ios/Pods
    export MACH_O_TYPE\=staticlib
    export MAC_OS_X_PRODUCT_BUILD_VERSION\=24G419
    export MAC_OS_X_VERSION_ACTUAL\=150703
    export MAC_OS_X_VERSION_MAJOR\=150000
    export MAC_OS_X_VERSION_MINOR\=150700
    export MAKE_MERGEABLE\=NO
    export MERGEABLE_LIBRARY\=NO
    export MERGED_BINARY_TYPE\=none
    export MERGE_LINKED_LIBRARIES\=NO
    export METAL_LIBRARY_FILE_BASE\=default
    export METAL_LIBRARY_OUTPUT_DIR\=/Users/kharyfiler/Library/Developer/Xcode/DerivedData/Gripah-gptnnpiwslcswlcpylqwkddqyprw/Build/Products/Debug-iphonesimulator/SimpleKeychain/
    export MODULEMAP_FILE\=Headers/Public/SimpleKeychain/SimpleKeychain.modulemap
    export MODULE_CACHE_DIR\=/Users/kharyfiler/Library/Developer/Xcode/DerivedData/ModuleCache.noindex
    export MTL_ENABLE_DEBUG_INFO\=INCLUDE_SOURCE
    export MTL_FAST_MATH\=YES
    export NATIVE_ARCH\=arm64
    export NATIVE_ARCH_32_BIT\=arm
    export NATIVE_ARCH_64_BIT\=arm64
    export NATIVE_ARCH_ACTUAL\=arm64
    export NO_COMMON\=YES
    export OBJC_ABI_VERSION\=2
    export OBJECT_FILE_DIR\=/Users/kharyfiler/Library/Developer/Xcode/DerivedData/Gripah-gptnnpiwslcswlcpylqwkddqyprw/Build/Intermediates.noindex/Pods.build/Debug-iphonesimulator/SimpleKeychain.build/Objects
    export OBJECT_FILE_DIR_normal\=/Users/kharyfiler/Library/Developer/Xcode/DerivedData/Gripah-gptnnpiwslcswlcpylqwkddqyprw/Build/Intermediates.noindex/Pods.build/Debug-iphonesimulator/SimpleKeychain.build/Objects-normal
    export OBJROOT\=/Users/kharyfiler/Library/Developer/Xcode/DerivedData/Gripah-gptnnpiwslcswlcpylqwkddqyprw/Build/Intermediates.noindex
    export ONLY_ACTIVE_ARCH\=NO
    export OS\=MACOS
    export OSAC\=/usr/bin/osacompile
    export OTHER_SWIFT_FLAGS\=\ -D\ COCOAPODS\ -import-underlying-module\ -Xcc\ -fmodule-map-file\=\"/Users/kharyfiler/Documents/grip-claude/ios/Pods/Headers/Public/SimpleKeychain/SimpleKeychain.modulemap\"
    export PACKAGE_TYPE\=com.apple.package-type.static-library
    export PASCAL_STRINGS\=YES
    export PATH\=/Applications/Xcode.app/Contents/SharedFrameworks/SwiftBuild.framework/Versions/A/PlugIns/SWBBuildService.bundle/Contents/PlugIns/SWBUniversalPlatformPlugin.bundle/Contents/Frameworks/SWBUniversalPlatform.framework/Resources:/var/run/com.apple.security.cryptexd/mnt/com.apple.MobileAsset.MetalToolchain-v17.3.48.0.eTPF2V/Metal.xctoolchain/usr/bin:/var/run/com.apple.security.cryptexd/mnt/com.apple.MobileAsset.MetalToolchain-v17.3.48.0.eTPF2V/Metal.xctoolchain/usr/local/bin:/var/run/com.apple.security.cryptexd/mnt/com.apple.MobileAsset.MetalToolchain-v17.3.48.0.eTPF2V/Metal.xctoolchain/usr/libexec:/Applications/Xcode.app/Contents/Developer/Toolchains/XcodeDefault.xctoolchain/usr/bin:/Applications/Xcode.app/Contents/Developer/Toolchains/XcodeDefault.xctoolchain/usr/local/bin:/Applications/Xcode.app/Contents/Developer/Toolchains/XcodeDefault.xctoolchain/usr/libexec:/Applications/Xcode.app/Contents/Developer/Platforms/iPhoneSimulator.platform/usr/bin:/Applications/Xcode.app/Contents/Developer/Platforms/iPhoneSimulator.platform/usr/local/bin:/Applications/Xcode.app/Contents/Developer/Platforms/iPhoneSimulator.platform/Developer/usr/bin:/Applications/Xcode.app/Contents/Developer/Platforms/iPhoneSimulator.platform/Developer/usr/local/bin:/Applications/Xcode.app/Contents/Developer/usr/bin:/Applications/Xcode.app/Contents/Developer/usr/local/bin:/usr/local/bin:/System/Cryptexes/App/usr/bin:/usr/bin:/bin:/usr/sbin:/sbin:/var/run/com.apple.security.cryptexd/codex.system/bootstrap/usr/local/bin:/var/run/com.apple.security.cryptexd/codex.system/bootstrap/usr/bin:/var/run/com.apple.security.cryptexd/codex.system/bootstrap/usr/appleinternal/bin:/Library/Apple/usr/bin:/opt/homebrew/bin
    export PATH_PREFIXES_EXCLUDED_FROM_HEADER_DEPENDENCIES\=/usr/include\ /usr/local/include\ /System/Library/Frameworks\ /System/Library/PrivateFrameworks\ /Applications/Xcode.app/Contents/Developer/Headers\ /Applications/Xcode.app/Contents/Developer/SDKs\ /Applications/Xcode.app/Contents/Developer/Platforms
    export PER_ARCH_MODULE_FILE_DIR\=/Users/kharyfiler/Library/Developer/Xcode/DerivedData/Gripah-gptnnpiwslcswlcpylqwkddqyprw/Build/Intermediates.noindex/Pods.build/Debug-iphonesimulator/SimpleKeychain.build/Objects-normal/undefined_arch
    export PER_ARCH_OBJECT_FILE_DIR\=/Users/kharyfiler/Library/Developer/Xcode/DerivedData/Gripah-gptnnpiwslcswlcpylqwkddqyprw/Build/Intermediates.noindex/Pods.build/Debug-iphonesimulator/SimpleKeychain.build/Objects-normal/undefined_arch
    export PER_VARIANT_OBJECT_FILE_DIR\=/Users/kharyfiler/Library/Developer/Xcode/DerivedData/Gripah-gptnnpiwslcswlcpylqwkddqyprw/Build/Intermediates.noindex/Pods.build/Debug-iphonesimulator/SimpleKeychain.build/Objects-normal
    export PKGINFO_FILE_PATH\=/Users/kharyfiler/Library/Developer/Xcode/DerivedData/Gripah-gptnnpiwslcswlcpylqwkddqyprw/Build/Intermediates.noindex/Pods.build/Debug-iphonesimulator/SimpleKeychain.build/PkgInfo
    export PLATFORM_DEVELOPER_APPLICATIONS_DIR\=/Applications/Xcode.app/Contents/Developer/Platforms/iPhoneSimulator.platform/Developer/Applications
    export PLATFORM_DEVELOPER_BIN_DIR\=/Applications/Xcode.app/Contents/Developer/Platforms/iPhoneSimulator.platform/Developer/usr/bin
    export PLATFORM_DEVELOPER_LIBRARY_DIR\=/Applications/Xcode.app/Contents/Developer/Platforms/iPhoneSimulator.platform/Developer/Library
    export PLATFORM_DEVELOPER_SDK_DIR\=/Applications/Xcode.app/Contents/Developer/Platforms/iPhoneSimulator.platform/Developer/SDKs
    export PLATFORM_DEVELOPER_TOOLS_DIR\=/Applications/Xcode.app/Contents/Developer/Platforms/iPhoneSimulator.platform/Developer/Tools
    export PLATFORM_DEVELOPER_USR_DIR\=/Applications/Xcode.app/Contents/Developer/Platforms/iPhoneSimulator.platform/Developer/usr
    export PLATFORM_DIR\=/Applications/Xcode.app/Contents/Developer/Platforms/iPhoneSimulator.platform
    export PLATFORM_DISPLAY_NAME\=iOS\ Simulator
    export PLATFORM_FAMILY_NAME\=iOS
    export PLATFORM_NAME\=iphonesimulator
    export PLATFORM_PREFERRED_ARCH\=x86_64
    export PLATFORM_PRODUCT_BUILD_VERSION\=23C53
    export PLATFORM_REQUIRES_SWIFT_AUTOLINK_EXTRACT\=NO
    export PLATFORM_REQUIRES_SWIFT_MODULEWRAP\=NO
    export PLIST_FILE_OUTPUT_FORMAT\=binary
    export PODS_BUILD_DIR\=/Users/kharyfiler/Library/Developer/Xcode/DerivedData/Gripah-gptnnpiwslcswlcpylqwkddqyprw/Build/Products
    export PODS_CONFIGURATION_BUILD_DIR\=/Users/kharyfiler/Library/Developer/Xcode/DerivedData/Gripah-gptnnpiwslcswlcpylqwkddqyprw/Build/Products/Debug-iphonesimulator
    export PODS_DEVELOPMENT_LANGUAGE\=en
    export PODS_ROOT\=/Users/kharyfiler/Documents/grip-claude/ios/Pods
    export PODS_TARGET_SRCROOT\=/Users/kharyfiler/Documents/grip-claude/ios/Pods/SimpleKeychain
    export PODS_XCFRAMEWORKS_BUILD_DIR\=/Users/kharyfiler/Library/Developer/Xcode/DerivedData/Gripah-gptnnpiwslcswlcpylqwkddqyprw/Build/Products/Debug-iphonesimulator/XCFrameworkIntermediates
    export PRECOMPS_INCLUDE_HEADERS_FROM_BUILT_PRODUCTS_DIR\=YES
    export PRECOMP_DESTINATION_DIR\=/Users/kharyfiler/Library/Developer/Xcode/DerivedData/Gripah-gptnnpiwslcswlcpylqwkddqyprw/Build/Intermediates.noindex/Pods.build/Debug-iphonesimulator/SimpleKeychain.build/PrefixHeaders
    export PROCESSED_INFOPLIST_PATH\=/Users/kharyfiler/Library/Developer/Xcode/DerivedData/Gripah-gptnnpiwslcswlcpylqwkddqyprw/Build/Intermediates.noindex/Pods.build/Debug-iphonesimulator/SimpleKeychain.build/Objects-normal/undefined_arch/Processed-Info.plist
    export PRODUCT_BUNDLE_IDENTIFIER\=org.cocoapods.SimpleKeychain
    export PRODUCT_MODULE_NAME\=SimpleKeychain
    export PRODUCT_NAME\=SimpleKeychain
    export PRODUCT_SETTINGS_PATH\=
    export PRODUCT_TYPE\=com.apple.product-type.library.static
    export PROFILING_CODE\=NO
    export PROJECT\=Pods
    export PROJECT_DERIVED_FILE_DIR\=/Users/kharyfiler/Library/Developer/Xcode/DerivedData/Gripah-gptnnpiwslcswlcpylqwkddqyprw/Build/Intermediates.noindex/Pods.build/DerivedSources
    export PROJECT_DIR\=/Users/kharyfiler/Documents/grip-claude/ios/Pods
    export PROJECT_FILE_PATH\=/Users/kharyfiler/Documents/grip-claude/ios/Pods/Pods.xcodeproj
    export PROJECT_GUID\=8699adb1dd336b26511df848a716bd42
    export PROJECT_NAME\=Pods
    export PROJECT_TEMP_DIR\=/Users/kharyfiler/Library/Developer/Xcode/DerivedData/Gripah-gptnnpiwslcswlcpylqwkddqyprw/Build/Intermediates.noindex/Pods.build
    export PROJECT_TEMP_ROOT\=/Users/kharyfiler/Library/Developer/Xcode/DerivedData/Gripah-gptnnpiwslcswlcpylqwkddqyprw/Build/Intermediates.noindex
    export REACT_NATIVE_PATH\=/Users/kharyfiler/Documents/grip-claude/ios/Pods/../../node_modules/react-native
    export RECOMMENDED_IPHONEOS_DEPLOYMENT_TARGET\=15.0
    export RECURSIVE_SEARCH_PATHS_FOLLOW_SYMLINKS\=YES
    export REMOVE_CVS_FROM_RESOURCES\=YES
    export REMOVE_GIT_FROM_RESOURCES\=YES
    export REMOVE_HEADERS_FROM_EMBEDDED_BUNDLES\=YES
    export REMOVE_HG_FROM_RESOURCES\=YES
    export REMOVE_STATIC_EXECUTABLES_FROM_EMBEDDED_BUNDLES\=YES
    export REMOVE_SVN_FROM_RESOURCES\=YES
    export RESCHEDULE_INDEPENDENT_HEADERS_PHASES\=YES
    export REZ_COLLECTOR_DIR\=/Users/kharyfiler/Library/Developer/Xcode/DerivedData/Gripah-gptnnpiwslcswlcpylqwkddqyprw/Build/Intermediates.noindex/Pods.build/Debug-iphonesimulator/SimpleKeychain.build/ResourceManagerResources
    export REZ_EXECUTABLE\=YES
    export REZ_OBJECTS_DIR\=/Users/kharyfiler/Library/Developer/Xcode/DerivedData/Gripah-gptnnpiwslcswlcpylqwkddqyprw/Build/Intermediates.noindex/Pods.build/Debug-iphonesimulator/SimpleKeychain.build/ResourceManagerResources/Objects
    export REZ_SEARCH_PATHS\=/Users/kharyfiler/Library/Developer/Xcode/DerivedData/Gripah-gptnnpiwslcswlcpylqwkddqyprw/Build/Products/Debug-iphonesimulator/SimpleKeychain\ 
    export RUNTIME_EXCEPTION_ALLOW_DYLD_ENVIRONMENT_VARIABLES\=NO
    export RUNTIME_EXCEPTION_ALLOW_JIT\=NO
    export RUNTIME_EXCEPTION_ALLOW_UNSIGNED_EXECUTABLE_MEMORY\=NO
    export RUNTIME_EXCEPTION_DEBUGGING_TOOL\=NO
    export RUNTIME_EXCEPTION_DISABLE_EXECUTABLE_PAGE_PROTECTION\=NO
    export RUNTIME_EXCEPTION_DISABLE_LIBRARY_VALIDATION\=NO
    export SCAN_ALL_SOURCE_FILES_FOR_INCLUDES\=NO
    export SCRIPT_INPUT_FILE_0\=/Users/kharyfiler/Library/Developer/Xcode/DerivedData/Gripah-gptnnpiwslcswlcpylqwkddqyprw/Build/Intermediates.noindex/Pods.build/Debug-iphonesimulator/SimpleKeychain.build/DerivedSources/SimpleKeychain-Swift.h
    export SCRIPT_INPUT_FILE_1\=/Users/kharyfiler/Documents/grip-claude/ios/Pods/Headers/Public/SimpleKeychain/SimpleKeychain.modulemap
    export SCRIPT_INPUT_FILE_2\=/Users/kharyfiler/Documents/grip-claude/ios/Pods/Headers/Public/SimpleKeychain/SimpleKeychain-umbrella.h
    export SCRIPT_INPUT_FILE_COUNT\=3
    export SCRIPT_INPUT_FILE_LIST_COUNT\=0
    export SCRIPT_OUTPUT_FILE_0\=/Users/kharyfiler/Library/Developer/Xcode/DerivedData/Gripah-gptnnpiwslcswlcpylqwkddqyprw/Build/Products/Debug-iphonesimulator/SimpleKeychain/SimpleKeychain.modulemap
    export SCRIPT_OUTPUT_FILE_1\=/Users/kharyfiler/Library/Developer/Xcode/DerivedData/Gripah-gptnnpiwslcswlcpylqwkddqyprw/Build/Products/Debug-iphonesimulator/SimpleKeychain/SimpleKeychain-umbrella.h
    export SCRIPT_OUTPUT_FILE_2\=/Users/kharyfiler/Library/Developer/Xcode/DerivedData/Gripah-gptnnpiwslcswlcpylqwkddqyprw/Build/Products/Debug-iphonesimulator/SimpleKeychain/Swift\ Compatibility\ Header/SimpleKeychain-Swift.h
    export SCRIPT_OUTPUT_FILE_COUNT\=3
    export SCRIPT_OUTPUT_FILE_LIST_COUNT\=0
    export SDKROOT\=/Applications/Xcode.app/Contents/Developer/Platforms/iPhoneSimulator.platform/Developer/SDKs/iPhoneSimulator26.2.sdk
    export SDK_DIR\=/Applications/Xcode.app/Contents/Developer/Platforms/iPhoneSimulator.platform/Developer/SDKs/iPhoneSimulator26.2.sdk
    export SDK_DIR_iphonesimulator\=/Applications/Xcode.app/Contents/Developer/Platforms/iPhoneSimulator.platform/Developer/SDKs/iPhoneSimulator26.2.sdk
    export SDK_DIR_iphonesimulator26_2\=/Applications/Xcode.app/Contents/Developer/Platforms/iPhoneSimulator.platform/Developer/SDKs/iPhoneSimulator26.2.sdk
    export SDK_NAME\=iphonesimulator26.2
    export SDK_NAMES\=iphonesimulator26.2
    export SDK_PRODUCT_BUILD_VERSION\=23C53
    export SDK_STAT_CACHE_DIR\=/Users/kharyfiler/Library/Developer/Xcode/DerivedData
    export SDK_STAT_CACHE_ENABLE\=YES
    export SDK_STAT_CACHE_PATH\=/Users/kharyfiler/Library/Developer/Xcode/DerivedData/SDKStatCaches.noindex/iphonesimulator26.2-23C53-3885c01c3e6b6a337905948deab2002e7d00a8b37fbd7999ea79df8ebc024bf0.sdkstatcache
    export SDK_VERSION\=26.2
    export SDK_VERSION_ACTUAL\=260200
    export SDK_VERSION_MAJOR\=260000
    export SDK_VERSION_MINOR\=260200
    export SED\=/usr/bin/sed
    export SEPARATE_STRIP\=NO
    export SEPARATE_SYMBOL_EDIT\=NO
    export SET_DIR_MODE_OWNER_GROUP\=YES
    export SET_FILE_MODE_OWNER_GROUP\=NO
    export SHALLOW_BUNDLE\=NO
    export SHARED_DERIVED_FILE_DIR\=/Users/kharyfiler/Library/Developer/Xcode/DerivedData/Gripah-gptnnpiwslcswlcpylqwkddqyprw/Build/Products/Debug-iphonesimulator/SimpleKeychain/DerivedSources
    export SHARED_PRECOMPS_DIR\=/Users/kharyfiler/Library/Developer/Xcode/DerivedData/Gripah-gptnnpiwslcswlcpylqwkddqyprw/Build/Intermediates.noindex/PrecompiledHeaders
    export SKIP_INSTALL\=YES
    export SOURCE_ROOT\=/Users/kharyfiler/Documents/grip-claude/ios/Pods
    export SRCROOT\=/Users/kharyfiler/Documents/grip-claude/ios/Pods
    export STRINGSDATA_DIR\=/Users/kharyfiler/Library/Developer/Xcode/DerivedData/Gripah-gptnnpiwslcswlcpylqwkddqyprw/Build/Intermediates.noindex/Pods.build/Debug-iphonesimulator/SimpleKeychain.build/Objects-normal/undefined_arch
    export STRINGSDATA_ROOT\=/Users/kharyfiler/Library/Developer/Xcode/DerivedData/Gripah-gptnnpiwslcswlcpylqwkddqyprw/Build/Intermediates.noindex/Pods.build/Debug-iphonesimulator/SimpleKeychain.build
    export STRINGS_FILE_INFOPLIST_RENAME\=YES
    export STRINGS_FILE_OUTPUT_ENCODING\=binary
    export STRING_CATALOG_GENERATE_SYMBOLS\=NO
    export STRIP_BITCODE_FROM_COPIED_FILES\=NO
    export STRIP_INSTALLED_PRODUCT\=NO
    export STRIP_STYLE\=debugging
    export STRIP_SWIFT_SYMBOLS\=YES
    export SUPPORTED_DEVICE_FAMILIES\=1,2
    export SUPPORTED_PLATFORMS\=iphoneos\ iphonesimulator
    export SUPPORTS_TEXT_BASED_API\=NO
    export SUPPRESS_WARNINGS\=NO
    export SWIFT_ACTIVE_COMPILATION_CONDITIONS\=\ DEBUG\ 
    export SWIFT_EMIT_CONST_VALUE_PROTOCOLS\=AppIntent\ EntityQuery\ AppEntity\ TransientEntity\ AppEnum\ AppShortcutProviding\ AppShortcutsProvider\ AnyResolverProviding\ AppIntentsPackage\ DynamicOptionsProvider\ _IntentValueRepresentable\ _AssistantIntentsProvider\ _GenerativeFunctionExtractable\ IntentValueQuery\ Resolver\ AppExtension\ ExtensionPointDefining
    export SWIFT_EMIT_LOC_STRINGS\=NO
    export SWIFT_ENABLE_EXPLICIT_MODULES\=YES
    export SWIFT_INSTALL_OBJC_HEADER\=YES
    export SWIFT_OPTIMIZATION_LEVEL\=-Onone
    export SWIFT_PLATFORM_TARGET_PREFIX\=ios
    export SWIFT_RESPONSE_FILE_PATH_normal_arm64\=/Users/kharyfiler/Library/Developer/Xcode/DerivedData/Gripah-gptnnpiwslcswlcpylqwkddqyprw/Build/Intermediates.noindex/Pods.build/Debug-iphonesimulator/SimpleKeychain.build/Objects-normal/arm64/SimpleKeychain.SwiftFileList
    export SWIFT_VERSION\=5.9
    export SYMROOT\=/Users/kharyfiler/Library/Developer/Xcode/DerivedData/Gripah-gptnnpiwslcswlcpylqwkddqyprw/Build/Products
    export SYSTEM_ADMIN_APPS_DIR\=/Applications/Utilities
    export SYSTEM_APPS_DIR\=/Applications
    export SYSTEM_CORE_SERVICES_DIR\=/System/Library/CoreServices
    export SYSTEM_DEMOS_DIR\=/Applications/Extras
    export SYSTEM_DEVELOPER_APPS_DIR\=/Applications/Xcode.app/Contents/Developer/Applications
    export SYSTEM_DEVELOPER_BIN_DIR\=/Applications/Xcode.app/Contents/Developer/usr/bin
    export SYSTEM_DEVELOPER_DEMOS_DIR\=/Applications/Xcode.app/Contents/Developer/Applications/Utilities/Built\ Examples
    export SYSTEM_DEVELOPER_DIR\=/Applications/Xcode.app/Contents/Developer
    export SYSTEM_DEVELOPER_DOC_DIR\=/Applications/Xcode.app/Contents/Developer/ADC\ Reference\ Library
    export SYSTEM_DEVELOPER_GRAPHICS_TOOLS_DIR\=/Applications/Xcode.app/Contents/Developer/Applications/Graphics\ Tools
    export SYSTEM_DEVELOPER_JAVA_TOOLS_DIR\=/Applications/Xcode.app/Contents/Developer/Applications/Java\ Tools
    export SYSTEM_DEVELOPER_PERFORMANCE_TOOLS_DIR\=/Applications/Xcode.app/Contents/Developer/Applications/Performance\ Tools
    export SYSTEM_DEVELOPER_RELEASENOTES_DIR\=/Applications/Xcode.app/Contents/Developer/ADC\ Reference\ Library/releasenotes
    export SYSTEM_DEVELOPER_TOOLS\=/Applications/Xcode.app/Contents/Developer/Tools
    export SYSTEM_DEVELOPER_TOOLS_DOC_DIR\=/Applications/Xcode.app/Contents/Developer/ADC\ Reference\ Library/documentation/DeveloperTools
    export SYSTEM_DEVELOPER_TOOLS_RELEASENOTES_DIR\=/Applications/Xcode.app/Contents/Developer/ADC\ Reference\ Library/releasenotes/DeveloperTools
    export SYSTEM_DEVELOPER_USR_DIR\=/Applications/Xcode.app/Contents/Developer/usr
    export SYSTEM_DEVELOPER_UTILITIES_DIR\=/Applications/Xcode.app/Contents/Developer/Applications/Utilities
    export SYSTEM_DEXT_INSTALL_PATH\=/System/Library/DriverExtensions
    export SYSTEM_DOCUMENTATION_DIR\=/Library/Documentation
    export SYSTEM_KEXT_INSTALL_PATH\=/System/Library/Extensions
    export SYSTEM_LIBRARY_DIR\=/System/Library
    export TAPI_DEMANGLE\=YES
    export TAPI_ENABLE_PROJECT_HEADERS\=NO
    export TAPI_LANGUAGE\=objective-c
    export TAPI_LANGUAGE_STANDARD\=compiler-default
    export TAPI_USE_SRCROOT\=YES
    export TAPI_VERIFY_MODE\=Pedantic
    export TARGETED_DEVICE_FAMILY\=1,2
    export TARGETNAME\=SimpleKeychain
    export TARGET_BUILD_DIR\=/Users/kharyfiler/Library/Developer/Xcode/DerivedData/Gripah-gptnnpiwslcswlcpylqwkddqyprw/Build/Products/Debug-iphonesimulator/SimpleKeychain
    export TARGET_NAME\=SimpleKeychain
    export TARGET_TEMP_DIR\=/Users/kharyfiler/Library/Developer/Xcode/DerivedData/Gripah-gptnnpiwslcswlcpylqwkddqyprw/Build/Intermediates.noindex/Pods.build/Debug-iphonesimulator/SimpleKeychain.build
    export TEMP_DIR\=/Users/kharyfiler/Library/Developer/Xcode/DerivedData/Gripah-gptnnpiwslcswlcpylqwkddqyprw/Build/Intermediates.noindex/Pods.build/Debug-iphonesimulator/SimpleKeychain.build
    export TEMP_FILES_DIR\=/Users/kharyfiler/Library/Developer/Xcode/DerivedData/Gripah-gptnnpiwslcswlcpylqwkddqyprw/Build/Intermediates.noindex/Pods.build/Debug-iphonesimulator/SimpleKeychain.build
    export TEMP_FILE_DIR\=/Users/kharyfiler/Library/Developer/Xcode/DerivedData/Gripah-gptnnpiwslcswlcpylqwkddqyprw/Build/Intermediates.noindex/Pods.build/Debug-iphonesimulator/SimpleKeychain.build
    export TEMP_ROOT\=/Users/kharyfiler/Library/Developer/Xcode/DerivedData/Gripah-gptnnpiwslcswlcpylqwkddqyprw/Build/Intermediates.noindex
    export TEMP_SANDBOX_DIR\=/Users/kharyfiler/Library/Developer/Xcode/DerivedData/Gripah-gptnnpiwslcswlcpylqwkddqyprw/Build/Intermediates.noindex/TemporaryTaskSandboxes
    export TEST_FRAMEWORK_SEARCH_PATHS\=\ /Applications/Xcode.app/Contents/Developer/Platforms/iPhoneSimulator.platform/Developer/Library/Frameworks\ /Applications/Xcode.app/Contents/Developer/Platforms/iPhoneSimulator.platform/Developer/SDKs/iPhoneSimulator26.2.sdk/Developer/Library/Frameworks
    export TEST_LIBRARY_SEARCH_PATHS\=\ /Applications/Xcode.app/Contents/Developer/Platforms/iPhoneSimulator.platform/Developer/usr/lib
    export TOOLCHAINS\=com.apple.dt.toolchain.Metal.32023\ com.apple.dt.toolchain.XcodeDefault
    export TOOLCHAIN_DIR\=/var/run/com.apple.security.cryptexd/mnt/com.apple.MobileAsset.MetalToolchain-v17.3.48.0.eTPF2V/Metal.xctoolchain
    export TOOLCHAIN_VERSION\=32023
    export TREAT_MISSING_BASELINES_AS_TEST_FAILURES\=NO
    export TREAT_MISSING_SCRIPT_PHASE_OUTPUTS_AS_ERRORS\=NO
    export UID\=501
    export UNINSTALLED_PRODUCTS_DIR\=/Users/kharyfiler/Library/Developer/Xcode/DerivedData/Gripah-gptnnpiwslcswlcpylqwkddqyprw/Build/Intermediates.noindex/UninstalledProducts
    export UNSTRIPPED_PRODUCT\=NO
    export USER\=kharyfiler
    export USER_APPS_DIR\=/Users/kharyfiler/Applications
    export USER_LIBRARY_DIR\=/Users/kharyfiler/Library
    export USE_DYNAMIC_NO_PIC\=YES
    export USE_HEADERMAP\=YES
    export USE_HEADER_SYMLINKS\=NO
    export USE_HERMES\=true
    export USE_RECURSIVE_SCRIPT_INPUTS_IN_SCRIPT_PHASES\=YES
    export VALIDATE_DEVELOPMENT_ASSET_PATHS\=YES_ERROR
    export VALIDATE_PRODUCT\=NO
    export VALID_ARCHS\=arm64\ x86_64
    export VERBOSE_PBXCP\=NO
    export VERSION_INFO_BUILDER\=kharyfiler
    export VERSION_INFO_FILE\=SimpleKeychain_vers.c
    export VERSION_INFO_STRING\=\"@\(\#\)PROGRAM:SimpleKeychain\ \ PROJECT:Pods-\"
    export WORKSPACE_DIR\=/Users/kharyfiler/Documents/grip-claude/ios
    export WRAP_ASSET_PACKS_IN_SEPARATE_DIRECTORIES\=NO
    export XCODE_APP_SUPPORT_DIR\=/Applications/Xcode.app/Contents/Developer/Library/Xcode
    export XCODE_PRODUCT_BUILD_VERSION\=17C52
    export XCODE_VERSION_ACTUAL\=2620
    export XCODE_VERSION_MAJOR\=2600
    export XCODE_VERSION_MINOR\=2620
    export XPCSERVICES_FOLDER_PATH\=/XPCServices
    export YACC\=yacc
    export _DISCOVER_COMMAND_LINE_LINKER_INPUTS\=YES
    export _DISCOVER_COMMAND_LINE_LINKER_INPUTS_INCLUDE_WL\=YES
    export _LD_MULTIARCH\=YES
    export __DIAGNOSE_DEPRECATED_ARCHS\=YES
    export arch\=undefined_arch
    export variant\=normal
    /bin/sh -c /Users/kharyfiler/Library/Developer/Xcode/DerivedData/Gripah-gptnnpiwslcswlcpylqwkddqyprw/Build/Intermediates.noindex/Pods.build/Debug-iphonesimulator/SimpleKeychain.build/Script-46EB2E0002E530.sh

PhaseScriptExecution Copy\ generated\ compatibility\ header /Users/kharyfiler/Library/Developer/Xcode/DerivedData/Gripah-gptnnpiwslcswlcpylqwkddqyprw/Build/Intermediates.noindex/Pods.build/Debug-iphonesimulator/expo-dev-menu-interface.build/Script-46EB2E000379C0.sh (in target 'expo-dev-menu-interface' from project 'Pods')
    cd /Users/kharyfiler/Documents/grip-claude/ios/Pods
    export ACTION\=build
    export AD_HOC_CODE_SIGNING_ALLOWED\=YES
    export ALLOW_BUILD_REQUEST_OVERRIDES\=NO
    export ALLOW_TARGET_PLATFORM_SPECIALIZATION\=NO
    export ALTERNATE_GROUP\=staff
    export ALTERNATE_MODE\=u+w,go-w,a+rX
    export ALTERNATE_OWNER\=kharyfiler
    export ALTERNATIVE_DISTRIBUTION_WEB\=NO
    export ALWAYS_EMBED_SWIFT_STANDARD_LIBRARIES\=NO
    export ALWAYS_SEARCH_USER_PATHS\=NO
    export ALWAYS_USE_SEPARATE_HEADERMAPS\=NO
    export APPLICATION_EXTENSION_API_ONLY\=NO
    export APPLY_RULES_IN_COPY_FILES\=NO
    export APPLY_RULES_IN_COPY_HEADERS\=NO
    export APP_SHORTCUTS_ENABLE_FLEXIBLE_MATCHING\=YES
    export ARCHS\=arm64
    export ARCHS_STANDARD\=arm64\ x86_64
    export ARCHS_STANDARD_32_64_BIT\=arm64\ x86_64
    export ARCHS_STANDARD_64_BIT\=arm64\ x86_64
    export ARCHS_STANDARD_INCLUDING_64_BIT\=arm64\ x86_64
    export ARCHS_UNIVERSAL_IPHONE_OS\=arm64\ x86_64
    export AUTOMATICALLY_MERGE_DEPENDENCIES\=NO
    export AUTOMATION_APPLE_EVENTS\=NO
    export AVAILABLE_PLATFORMS\=android\ appletvos\ appletvsimulator\ driverkit\ iphoneos\ iphonesimulator\ macosx\ qnx\ watchos\ watchsimulator\ webassembly\ xros\ xrsimulator
    export BUILD_ACTIVE_RESOURCES_ONLY\=NO
    export BUILD_COMPONENTS\=headers\ build
    export BUILD_DIR\=/Users/kharyfiler/Library/Developer/Xcode/DerivedData/Gripah-gptnnpiwslcswlcpylqwkddqyprw/Build/Products
    export BUILD_LIBRARY_FOR_DISTRIBUTION\=NO
    export BUILD_ROOT\=/Users/kharyfiler/Library/Developer/Xcode/DerivedData/Gripah-gptnnpiwslcswlcpylqwkddqyprw/Build/Products
    export BUILD_STYLE\=
    export BUILD_VARIANTS\=normal
    export BUILT_PRODUCTS_DIR\=/Users/kharyfiler/Library/Developer/Xcode/DerivedData/Gripah-gptnnpiwslcswlcpylqwkddqyprw/Build/Products/Debug-iphonesimulator/expo-dev-menu-interface
    export BUNDLE_CONTENTS_FOLDER_PATH_deep\=Contents/
    export BUNDLE_EXECUTABLE_FOLDER_NAME_deep\=MacOS
    export BUNDLE_EXTENSIONS_FOLDER_PATH\=Extensions
    export BUNDLE_FORMAT\=shallow
    export BUNDLE_FRAMEWORKS_FOLDER_PATH\=Frameworks
    export BUNDLE_PLUGINS_FOLDER_PATH\=PlugIns
    export BUNDLE_PRIVATE_HEADERS_FOLDER_PATH\=PrivateHeaders
    export BUNDLE_PUBLIC_HEADERS_FOLDER_PATH\=Headers
    export CACHE_ROOT\=/var/folders/bg/xv10_kk96gz_ck7t__bgt67c0000gn/C/com.apple.DeveloperTools/26.2-17C52/Xcode
    export CCHROOT\=/var/folders/bg/xv10_kk96gz_ck7t__bgt67c0000gn/C/com.apple.DeveloperTools/26.2-17C52/Xcode
    export CHMOD\=/bin/chmod
    export CHOWN\=/usr/sbin/chown
    export CLANG_ANALYZER_LOCALIZABILITY_NONLOCALIZED\=YES
    export CLANG_ANALYZER_NONNULL\=YES
    export CLANG_ANALYZER_NUMBER_OBJECT_CONVERSION\=YES_AGGRESSIVE
    export CLANG_CACHE_FINE_GRAINED_OUTPUTS\=YES
    export CLANG_CXX_LANGUAGE_STANDARD\=c++20
    export CLANG_CXX_LIBRARY\=libc++
    export CLANG_ENABLE_EXPLICIT_MODULES\=YES
    export CLANG_ENABLE_MODULES\=YES
    export CLANG_ENABLE_MODULE_DEBUGGING\=NO
    export CLANG_ENABLE_OBJC_ARC\=YES
    export CLANG_ENABLE_OBJC_WEAK\=NO
    export CLANG_MODULES_BUILD_SESSION_FILE\=/Users/kharyfiler/Library/Developer/Xcode/DerivedData/ModuleCache.noindex/Session.modulevalidation
    export CLANG_WARN_BLOCK_CAPTURE_AUTORELEASING\=YES
    export CLANG_WARN_BOOL_CONVERSION\=YES
    export CLANG_WARN_COMMA\=YES
    export CLANG_WARN_CONSTANT_CONVERSION\=YES
    export CLANG_WARN_DEPRECATED_OBJC_IMPLEMENTATIONS\=YES
    export CLANG_WARN_DIRECT_OBJC_ISA_USAGE\=YES_ERROR
    export CLANG_WARN_DOCUMENTATION_COMMENTS\=YES
    export CLANG_WARN_EMPTY_BODY\=YES
    export CLANG_WARN_ENUM_CONVERSION\=YES
    export CLANG_WARN_INFINITE_RECURSION\=YES
    export CLANG_WARN_INT_CONVERSION\=YES
    export CLANG_WARN_NON_LITERAL_NULL_CONVERSION\=YES
    export CLANG_WARN_OBJC_IMPLICIT_RETAIN_SELF\=YES
    export CLANG_WARN_OBJC_LITERAL_CONVERSION\=YES
    export CLANG_WARN_OBJC_ROOT_CLASS\=YES_ERROR
    export CLANG_WARN_QUOTED_INCLUDE_IN_FRAMEWORK_HEADER\=NO
    export CLANG_WARN_RANGE_LOOP_ANALYSIS\=YES
    export CLANG_WARN_STRICT_PROTOTYPES\=YES
    export CLANG_WARN_SUSPICIOUS_MOVE\=YES
    export CLANG_WARN_UNGUARDED_AVAILABILITY\=YES_AGGRESSIVE
    export CLANG_WARN_UNREACHABLE_CODE\=YES
    export CLANG_WARN__DUPLICATE_METHOD_MATCH\=YES
    export CLASS_FILE_DIR\=/Users/kharyfiler/Library/Developer/Xcode/DerivedData/Gripah-gptnnpiwslcswlcpylqwkddqyprw/Build/Intermediates.noindex/Pods.build/Debug-iphonesimulator/expo-dev-menu-interface.build/JavaClasses
    export CLEAN_PRECOMPS\=YES
    export CLONE_HEADERS\=NO
    export CODESIGNING_FOLDER_PATH\=/Users/kharyfiler/Library/Developer/Xcode/DerivedData/Gripah-gptnnpiwslcswlcpylqwkddqyprw/Build/Products/Debug-iphonesimulator/expo-dev-menu-interface/libexpo-dev-menu-interface.a
    export CODE_SIGNING_ALLOWED\=NO
    export CODE_SIGNING_REQUIRED\=YES
    export CODE_SIGN_CONTEXT_CLASS\=XCiPhoneSimulatorCodeSignContext
    export CODE_SIGN_IDENTITY\=-
    export CODE_SIGN_INJECT_BASE_ENTITLEMENTS\=YES
    export COLOR_DIAGNOSTICS\=NO
    export COMBINE_HIDPI_IMAGES\=NO
    export COMPILATION_CACHE_CAS_PATH\=/Users/kharyfiler/Library/Developer/Xcode/DerivedData/CompilationCache.noindex
    export COMPILATION_CACHE_KEEP_CAS_DIRECTORY\=YES
    export COMPILER_INDEX_STORE_ENABLE\=Default
    export COMPOSITE_SDK_DIRS\=/Users/kharyfiler/Library/Developer/Xcode/DerivedData/Gripah-gptnnpiwslcswlcpylqwkddqyprw/Build/Intermediates.noindex/CompositeSDKs
    export COMPRESS_PNG_FILES\=YES
    export CONFIGURATION\=Debug
    export CONFIGURATION_BUILD_DIR\=/Users/kharyfiler/Library/Developer/Xcode/DerivedData/Gripah-gptnnpiwslcswlcpylqwkddqyprw/Build/Products/Debug-iphonesimulator/expo-dev-menu-interface
    export CONFIGURATION_TEMP_DIR\=/Users/kharyfiler/Library/Developer/Xcode/DerivedData/Gripah-gptnnpiwslcswlcpylqwkddqyprw/Build/Intermediates.noindex/Pods.build/Debug-iphonesimulator
    export COPYING_PRESERVES_HFS_DATA\=NO
    export COPY_HEADERS_RUN_UNIFDEF\=NO
    export COPY_PHASE_STRIP\=NO
    export CORRESPONDING_DEVICE_PLATFORM_DIR\=/Applications/Xcode.app/Contents/Developer/Platforms/iPhoneOS.platform
    export CORRESPONDING_DEVICE_PLATFORM_NAME\=iphoneos
    export CORRESPONDING_DEVICE_SDK_DIR\=/Applications/Xcode.app/Contents/Developer/Platforms/iPhoneOS.platform/Developer/SDKs/iPhoneOS26.2.sdk
    export CORRESPONDING_DEVICE_SDK_NAME\=iphoneos26.2
    export CP\=/bin/cp
    export CREATE_INFOPLIST_SECTION_IN_BINARY\=NO
    export CURRENT_ARCH\=undefined_arch
    export CURRENT_VARIANT\=normal
    export DEAD_CODE_STRIPPING\=YES
    export DEBUGGING_SYMBOLS\=YES
    export DEBUG_INFORMATION_FORMAT\=dwarf
    export DEBUG_INFORMATION_VERSION\=compiler-default
    export DEFAULT_COMPILER\=com.apple.compilers.llvm.clang.1_0
    export DEFAULT_DEXT_INSTALL_PATH\=/System/Library/DriverExtensions
    export DEFAULT_KEXT_INSTALL_PATH\=/System/Library/Extensions
    export DEFINES_MODULE\=YES
    export DEPLOYMENT_LOCATION\=NO
    export DEPLOYMENT_POSTPROCESSING\=NO
    export DEPLOYMENT_TARGET_SETTING_NAME\=IPHONEOS_DEPLOYMENT_TARGET
    export DEPLOYMENT_TARGET_SUGGESTED_VALUES\=12.0\ 12.1\ 12.2\ 12.3\ 12.4\ 13.0\ 13.1\ 13.2\ 13.3\ 13.4\ 13.5\ 13.6\ 14.0\ 14.1\ 14.2\ 14.3\ 14.4\ 14.5\ 14.6\ 14.7\ 15.0\ 15.1\ 15.2\ 15.3\ 15.4\ 15.5\ 15.6\ 16.0\ 16.1\ 16.2\ 16.3\ 16.4\ 16.5\ 16.6\ 17.0\ 17.1\ 17.2\ 17.3\ 17.4\ 17.5\ 17.6\ 18.0\ 18.1\ 18.2\ 18.3\ 18.4\ 18.5\ 18.6\ 26.0\ 26.1\ 26.2
    export DERIVED_FILES_DIR\=/Users/kharyfiler/Library/Developer/Xcode/DerivedData/Gripah-gptnnpiwslcswlcpylqwkddqyprw/Build/Intermediates.noindex/Pods.build/Debug-iphonesimulator/expo-dev-menu-interface.build/DerivedSources
    export DERIVED_FILE_DIR\=/Users/kharyfiler/Library/Developer/Xcode/DerivedData/Gripah-gptnnpiwslcswlcpylqwkddqyprw/Build/Intermediates.noindex/Pods.build/Debug-iphonesimulator/expo-dev-menu-interface.build/DerivedSources
    export DERIVED_SOURCES_DIR\=/Users/kharyfiler/Library/Developer/Xcode/DerivedData/Gripah-gptnnpiwslcswlcpylqwkddqyprw/Build/Intermediates.noindex/Pods.build/Debug-iphonesimulator/expo-dev-menu-interface.build/DerivedSources
    export DEVELOPER_APPLICATIONS_DIR\=/Applications/Xcode.app/Contents/Developer/Applications
    export DEVELOPER_BIN_DIR\=/Applications/Xcode.app/Contents/Developer/usr/bin
    export DEVELOPER_DIR\=/Applications/Xcode.app/Contents/Developer
    export DEVELOPER_FRAMEWORKS_DIR\=/Applications/Xcode.app/Contents/Developer/Library/Frameworks
    export DEVELOPER_FRAMEWORKS_DIR_QUOTED\=/Applications/Xcode.app/Contents/Developer/Library/Frameworks
    export DEVELOPER_LIBRARY_DIR\=/Applications/Xcode.app/Contents/Developer/Library
    export DEVELOPER_SDK_DIR\=/Applications/Xcode.app/Contents/Developer/Platforms/MacOSX.platform/Developer/SDKs
    export DEVELOPER_TOOLS_DIR\=/Applications/Xcode.app/Contents/Developer/Tools
    export DEVELOPER_USR_DIR\=/Applications/Xcode.app/Contents/Developer/usr
    export DEVELOPMENT_LANGUAGE\=en
    export DIAGNOSE_MISSING_TARGET_DEPENDENCIES\=YES
    export DIFF\=/usr/bin/diff
    export DONT_GENERATE_INFOPLIST_FILE\=NO
    export DSTROOT\=/tmp/Pods.dst
    export DT_TOOLCHAIN_DIR\=/Applications/Xcode.app/Contents/Developer/Toolchains/XcodeDefault.xctoolchain
    export DWARF_DSYM_FILE_NAME\=libexpo-dev-menu-interface.a.dSYM
    export DWARF_DSYM_FILE_SHOULD_ACCOMPANY_PRODUCT\=NO
    export DWARF_DSYM_FOLDER_PATH\=/Users/kharyfiler/Library/Developer/Xcode/DerivedData/Gripah-gptnnpiwslcswlcpylqwkddqyprw/Build/Products/Debug-iphonesimulator/expo-dev-menu-interface
    export DYNAMIC_LIBRARY_EXTENSION\=dylib
    export EAGER_COMPILATION_ALLOW_SCRIPTS\=NO
    export EAGER_LINKING\=NO
    export EFFECTIVE_PLATFORM_NAME\=-iphonesimulator
    export EMBEDDED_CONTENT_CONTAINS_SWIFT\=NO
    export EMBED_ASSET_PACKS_IN_PRODUCT_BUNDLE\=NO
    export ENABLE_APP_SANDBOX\=NO
    export ENABLE_CODE_COVERAGE\=YES
    export ENABLE_CPLUSPLUS_BOUNDS_SAFE_BUFFERS\=NO
    export ENABLE_C_BOUNDS_SAFETY\=NO
    export ENABLE_DEFAULT_HEADER_SEARCH_PATHS\=YES
    export ENABLE_DEFAULT_SEARCH_PATHS\=YES
    export ENABLE_ENHANCED_SECURITY\=NO
    export ENABLE_HARDENED_RUNTIME\=NO
    export ENABLE_HEADER_DEPENDENCIES\=YES
    export ENABLE_INCOMING_NETWORK_CONNECTIONS\=NO
    export ENABLE_MODULE_VERIFIER\=NO
    export ENABLE_ON_DEMAND_RESOURCES\=NO
    export ENABLE_OUTGOING_NETWORK_CONNECTIONS\=NO
    export ENABLE_POINTER_AUTHENTICATION\=NO
    export ENABLE_PREVIEWS\=NO
    export ENABLE_RESOURCE_ACCESS_AUDIO_INPUT\=NO
    export ENABLE_RESOURCE_ACCESS_BLUETOOTH\=NO
    export ENABLE_RESOURCE_ACCESS_CALENDARS\=NO
    export ENABLE_RESOURCE_ACCESS_CAMERA\=NO
    export ENABLE_RESOURCE_ACCESS_CONTACTS\=NO
    export ENABLE_RESOURCE_ACCESS_LOCATION\=NO
    export ENABLE_RESOURCE_ACCESS_PHOTO_LIBRARY\=NO
    export ENABLE_RESOURCE_ACCESS_PRINTING\=NO
    export ENABLE_RESOURCE_ACCESS_USB\=NO
    export ENABLE_SDK_IMPORTS\=NO
    export ENABLE_SECURITY_COMPILER_WARNINGS\=NO
    export ENABLE_STRICT_OBJC_MSGSEND\=YES
    export ENABLE_TESTABILITY\=YES
    export ENABLE_TESTING_SEARCH_PATHS\=NO
    export ENABLE_USER_SCRIPT_SANDBOXING\=NO
    export ENABLE_XOJIT_PREVIEWS\=YES
    export ENFORCE_VALID_ARCHS\=YES
    export ENTITLEMENTS_DESTINATION\=__entitlements
    export ENTITLEMENTS_REQUIRED\=YES
    export EXCLUDED_INSTALLSRC_SUBDIRECTORY_PATTERNS\=.DS_Store\ .svn\ .git\ .hg\ CVS
    export EXCLUDED_RECURSIVE_SEARCH_PATH_SUBDIRECTORIES\=\*.nib\ \*.lproj\ \*.framework\ \*.gch\ \*.xcode\*\ \*.xcassets\ \*.icon\ \(\*\)\ .DS_Store\ CVS\ .svn\ .git\ .hg\ \*.pbproj\ \*.pbxproj
    export EXECUTABLE_EXTENSION\=a
    export EXECUTABLE_NAME\=libexpo-dev-menu-interface.a
    export EXECUTABLE_PATH\=libexpo-dev-menu-interface.a
    export EXECUTABLE_PREFIX\=lib
    export EXECUTABLE_SUFFIX\=.a
    export FILE_LIST\=/Users/kharyfiler/Library/Developer/Xcode/DerivedData/Gripah-gptnnpiwslcswlcpylqwkddqyprw/Build/Intermediates.noindex/Pods.build/Debug-iphonesimulator/expo-dev-menu-interface.build/Objects/LinkFileList
    export FIXED_FILES_DIR\=/Users/kharyfiler/Library/Developer/Xcode/DerivedData/Gripah-gptnnpiwslcswlcpylqwkddqyprw/Build/Intermediates.noindex/Pods.build/Debug-iphonesimulator/expo-dev-menu-interface.build/FixedFiles
    export FRAMEWORK_FLAG_PREFIX\=-framework
    export FRAMEWORK_SEARCH_PATHS\=/Users/kharyfiler/Library/Developer/Xcode/DerivedData/Gripah-gptnnpiwslcswlcpylqwkddqyprw/Build/Products/Debug-iphonesimulator/expo-dev-menu-interface\ 
    export FRAMEWORK_VERSION\=A
    export FULL_PRODUCT_NAME\=libexpo-dev-menu-interface.a
    export FUSE_BUILD_PHASES\=YES
    export FUSE_BUILD_SCRIPT_PHASES\=NO
    export GCC3_VERSION\=3.3
    export GCC_C_LANGUAGE_STANDARD\=gnu11
    export GCC_DYNAMIC_NO_PIC\=NO
    export GCC_NO_COMMON_BLOCKS\=YES
    export GCC_OBJC_LEGACY_DISPATCH\=YES
    export GCC_OPTIMIZATION_LEVEL\=0
    export GCC_PFE_FILE_C_DIALECTS\=c\ objective-c\ c++\ objective-c++
    export GCC_PREFIX_HEADER\=Target\ Support\ Files/expo-dev-menu-interface/expo-dev-menu-interface-prefix.pch
    export GCC_PREPROCESSOR_DEFINITIONS\=POD_CONFIGURATION_DEBUG\=1\ DEBUG\=1\ \ COCOAPODS\=1
    export GCC_TREAT_WARNINGS_AS_ERRORS\=NO
    export GCC_VERSION\=com.apple.compilers.llvm.clang.1_0
    export GCC_VERSION_IDENTIFIER\=com_apple_compilers_llvm_clang_1_0
    export GCC_WARN_64_TO_32_BIT_CONVERSION\=YES
    export GCC_WARN_ABOUT_RETURN_TYPE\=YES_ERROR
    export GCC_WARN_UNDECLARED_SELECTOR\=YES
    export GCC_WARN_UNINITIALIZED_AUTOS\=YES_AGGRESSIVE
    export GCC_WARN_UNUSED_FUNCTION\=YES
    export GCC_WARN_UNUSED_VARIABLE\=YES
    export GENERATED_MODULEMAP_DIR\=/Users/kharyfiler/Library/Developer/Xcode/DerivedData/Gripah-gptnnpiwslcswlcpylqwkddqyprw/Build/Intermediates.noindex/GeneratedModuleMaps-iphonesimulator
    export GENERATE_INFOPLIST_FILE\=NO
    export GENERATE_INTERMEDIATE_TEXT_BASED_STUBS\=YES
    export GENERATE_PKGINFO_FILE\=NO
    export GENERATE_PRELINK_OBJECT_FILE\=NO
    export GENERATE_PROFILING_CODE\=NO
    export GENERATE_TEXT_BASED_STUBS\=NO
    export GID\=20
    export GROUP\=staff
    export HEADERMAP_INCLUDES_FLAT_ENTRIES_FOR_TARGET_BEING_BUILT\=YES
    export HEADERMAP_INCLUDES_FRAMEWORK_ENTRIES_FOR_ALL_PRODUCT_TYPES\=YES
    export HEADERMAP_INCLUDES_FRAMEWORK_ENTRIES_FOR_TARGETS_NOT_BEING_BUILT\=YES
    export HEADERMAP_INCLUDES_NONPUBLIC_NONPRIVATE_HEADERS\=YES
    export HEADERMAP_INCLUDES_PROJECT_HEADERS\=YES
    export HEADERMAP_USES_FRAMEWORK_PREFIX_ENTRIES\=YES
    export HEADERMAP_USES_VFS\=YES
    export HEADER_SEARCH_PATHS\=/Users/kharyfiler/Library/Developer/Xcode/DerivedData/Gripah-gptnnpiwslcswlcpylqwkddqyprw/Build/Products/Debug-iphonesimulator/expo-dev-menu-interface/include\ 
    export HOME\=/Users/kharyfiler
    export HOST_ARCH\=arm64
    export HOST_PLATFORM\=macosx
    export ICONV\=/usr/bin/iconv
    export IMPLICIT_DEPENDENCY_DOMAIN\=default
    export INFOPLIST_ENABLE_CFBUNDLEICONS_MERGE\=YES
    export INFOPLIST_EXPAND_BUILD_SETTINGS\=YES
    export INFOPLIST_OUTPUT_FORMAT\=binary
    export INFOPLIST_PREPROCESS\=NO
    export INLINE_PRIVATE_FRAMEWORKS\=NO
    export INSTALLAPI_IGNORE_SKIP_INSTALL\=YES
    export INSTALLHDRS_COPY_PHASE\=NO
    export INSTALLHDRS_SCRIPT_PHASE\=NO
    export INSTALL_DIR\=/tmp/Pods.dst/usr/local/lib
    export INSTALL_GROUP\=staff
    export INSTALL_MODE_FLAG\=u+w,go-w,a+rX
    export INSTALL_OWNER\=kharyfiler
    export INSTALL_PATH\=/usr/local/lib
    export INSTALL_ROOT\=/tmp/Pods.dst
    export IPHONEOS_DEPLOYMENT_TARGET\=15.1
    export IS_UNOPTIMIZED_BUILD\=YES
    export JAVAC_DEFAULT_FLAGS\=-J-Xms64m\ -J-XX:NewSize\=4M\ -J-Dfile.encoding\=UTF8
    export JAVA_APP_STUB\=/System/Library/Frameworks/JavaVM.framework/Resources/MacOS/JavaApplicationStub
    export JAVA_ARCHIVE_CLASSES\=YES
    export JAVA_ARCHIVE_TYPE\=JAR
    export JAVA_COMPILER\=/usr/bin/javac
    export JAVA_FRAMEWORK_RESOURCES_DIRS\=Resources
    export JAVA_JAR_FLAGS\=cv
    export JAVA_SOURCE_SUBDIR\=.
    export JAVA_USE_DEPENDENCIES\=YES
    export JAVA_ZIP_FLAGS\=-urg
    export JIKES_DEFAULT_FLAGS\=+E\ +OLDCSO
    export KEEP_PRIVATE_EXTERNS\=NO
    export LD_DEPENDENCY_INFO_FILE\=/Users/kharyfiler/Library/Developer/Xcode/DerivedData/Gripah-gptnnpiwslcswlcpylqwkddqyprw/Build/Intermediates.noindex/Pods.build/Debug-iphonesimulator/expo-dev-menu-interface.build/Objects-normal/undefined_arch/expo-dev-menu-interface_dependency_info.dat
    export LD_EXPORT_SYMBOLS\=YES
    export LD_GENERATE_MAP_FILE\=NO
    export LD_MAP_FILE_PATH\=/Users/kharyfiler/Library/Developer/Xcode/DerivedData/Gripah-gptnnpiwslcswlcpylqwkddqyprw/Build/Intermediates.noindex/Pods.build/Debug-iphonesimulator/expo-dev-menu-interface.build/expo-dev-menu-interface-LinkMap-normal-undefined_arch.txt
    export LD_NO_PIE\=NO
    export LD_QUOTE_LINKER_ARGUMENTS_FOR_COMPILER_DRIVER\=YES
    export LD_SHARED_CACHE_ELIGIBLE\=Automatic
    export LD_WARN_DUPLICATE_LIBRARIES\=NO
    export LD_WARN_UNUSED_DYLIBS\=NO
    export LEGACY_DEVELOPER_DIR\=/Applications/Xcode.app/Contents/PlugIns/Xcode3Core.ideplugin/Contents/SharedSupport/Developer
    export LEX\=lex
    export LIBRARY_DEXT_INSTALL_PATH\=/Library/DriverExtensions
    export LIBRARY_FLAG_NOSPACE\=YES
    export LIBRARY_FLAG_PREFIX\=-l
    export LIBRARY_KEXT_INSTALL_PATH\=/Library/Extensions
    export LIBRARY_SEARCH_PATHS\=/Users/kharyfiler/Library/Developer/Xcode/DerivedData/Gripah-gptnnpiwslcswlcpylqwkddqyprw/Build/Products/Debug-iphonesimulator/expo-dev-menu-interface\ 
    export LINKER_DISPLAYS_MANGLED_NAMES\=NO
    export LINK_FILE_LIST_normal_arm64\=/Users/kharyfiler/Library/Developer/Xcode/DerivedData/Gripah-gptnnpiwslcswlcpylqwkddqyprw/Build/Intermediates.noindex/Pods.build/Debug-iphonesimulator/expo-dev-menu-interface.build/Objects-normal/arm64/expo-dev-menu-interface.LinkFileList
    export LINK_OBJC_RUNTIME\=YES
    export LINK_WITH_STANDARD_LIBRARIES\=YES
    export LLVM_TARGET_TRIPLE_OS_VERSION\=ios15.1
    export LLVM_TARGET_TRIPLE_SUFFIX\=-simulator
    export LLVM_TARGET_TRIPLE_VENDOR\=apple
    export LM_AUX_CONST_METADATA_LIST_PATH_normal_arm64\=/Users/kharyfiler/Library/Developer/Xcode/DerivedData/Gripah-gptnnpiwslcswlcpylqwkddqyprw/Build/Intermediates.noindex/Pods.build/Debug-iphonesimulator/expo-dev-menu-interface.build/Objects-normal/arm64/expo-dev-menu-interface.SwiftConstValuesFileList
    export LOCALIZATION_EXPORT_SUPPORTED\=YES
    export LOCALIZATION_PREFERS_STRING_CATALOGS\=NO
    export LOCALIZED_STRING_MACRO_NAMES\=NSLocalizedString\ CFCopyLocalizedString
    export LOCALIZED_STRING_SWIFTUI_SUPPORT\=YES
    export LOCAL_ADMIN_APPS_DIR\=/Applications/Utilities
    export LOCAL_APPS_DIR\=/Applications
    export LOCAL_DEVELOPER_DIR\=/Library/Developer
    export LOCAL_LIBRARY_DIR\=/Library
    export LOCROOT\=/Users/kharyfiler/Documents/grip-claude/ios/Pods
    export LOCSYMROOT\=/Users/kharyfiler/Documents/grip-claude/ios/Pods
    export MACH_O_TYPE\=staticlib
    export MAC_OS_X_PRODUCT_BUILD_VERSION\=24G419
    export MAC_OS_X_VERSION_ACTUAL\=150703
    export MAC_OS_X_VERSION_MAJOR\=150000
    export MAC_OS_X_VERSION_MINOR\=150700
    export MAKE_MERGEABLE\=NO
    export MERGEABLE_LIBRARY\=NO
    export MERGED_BINARY_TYPE\=none
    export MERGE_LINKED_LIBRARIES\=NO
    export METAL_LIBRARY_FILE_BASE\=default
    export METAL_LIBRARY_OUTPUT_DIR\=/Users/kharyfiler/Library/Developer/Xcode/DerivedData/Gripah-gptnnpiwslcswlcpylqwkddqyprw/Build/Products/Debug-iphonesimulator/expo-dev-menu-interface/
    export MODULEMAP_FILE\=Headers/Public/EXDevMenuInterface/expo-dev-menu-interface.modulemap
    export MODULE_CACHE_DIR\=/Users/kharyfiler/Library/Developer/Xcode/DerivedData/ModuleCache.noindex
    export MTL_ENABLE_DEBUG_INFO\=INCLUDE_SOURCE
    export MTL_FAST_MATH\=YES
    export NATIVE_ARCH\=arm64
    export NATIVE_ARCH_32_BIT\=arm
    export NATIVE_ARCH_64_BIT\=arm64
    export NATIVE_ARCH_ACTUAL\=arm64
    export NO_COMMON\=YES
    export OBJC_ABI_VERSION\=2
    export OBJECT_FILE_DIR\=/Users/kharyfiler/Library/Developer/Xcode/DerivedData/Gripah-gptnnpiwslcswlcpylqwkddqyprw/Build/Intermediates.noindex/Pods.build/Debug-iphonesimulator/expo-dev-menu-interface.build/Objects
    export OBJECT_FILE_DIR_normal\=/Users/kharyfiler/Library/Developer/Xcode/DerivedData/Gripah-gptnnpiwslcswlcpylqwkddqyprw/Build/Intermediates.noindex/Pods.build/Debug-iphonesimulator/expo-dev-menu-interface.build/Objects-normal
    export OBJROOT\=/Users/kharyfiler/Library/Developer/Xcode/DerivedData/Gripah-gptnnpiwslcswlcpylqwkddqyprw/Build/Intermediates.noindex
    export ONLY_ACTIVE_ARCH\=NO
    export OS\=MACOS
    export OSAC\=/usr/bin/osacompile
    export OTHER_SWIFT_FLAGS\=\ -D\ COCOAPODS\ -import-underlying-module\ -Xcc\ -fmodule-map-file\=\"/Users/kharyfiler/Documents/grip-claude/ios/Pods/Headers/Public/EXDevMenuInterface/expo-dev-menu-interface.modulemap\"
    export PACKAGE_TYPE\=com.apple.package-type.static-library
    export PASCAL_STRINGS\=YES
    export PATH\=/Applications/Xcode.app/Contents/SharedFrameworks/SwiftBuild.framework/Versions/A/PlugIns/SWBBuildService.bundle/Contents/PlugIns/SWBUniversalPlatformPlugin.bundle/Contents/Frameworks/SWBUniversalPlatform.framework/Resources:/var/run/com.apple.security.cryptexd/mnt/com.apple.MobileAsset.MetalToolchain-v17.3.48.0.eTPF2V/Metal.xctoolchain/usr/bin:/var/run/com.apple.security.cryptexd/mnt/com.apple.MobileAsset.MetalToolchain-v17.3.48.0.eTPF2V/Metal.xctoolchain/usr/local/bin:/var/run/com.apple.security.cryptexd/mnt/com.apple.MobileAsset.MetalToolchain-v17.3.48.0.eTPF2V/Metal.xctoolchain/usr/libexec:/Applications/Xcode.app/Contents/Developer/Toolchains/XcodeDefault.xctoolchain/usr/bin:/Applications/Xcode.app/Contents/Developer/Toolchains/XcodeDefault.xctoolchain/usr/local/bin:/Applications/Xcode.app/Contents/Developer/Toolchains/XcodeDefault.xctoolchain/usr/libexec:/Applications/Xcode.app/Contents/Developer/Platforms/iPhoneSimulator.platform/usr/bin:/Applications/Xcode.app/Contents/Developer/Platforms/iPhoneSimulator.platform/usr/local/bin:/Applications/Xcode.app/Contents/Developer/Platforms/iPhoneSimulator.platform/Developer/usr/bin:/Applications/Xcode.app/Contents/Developer/Platforms/iPhoneSimulator.platform/Developer/usr/local/bin:/Applications/Xcode.app/Contents/Developer/usr/bin:/Applications/Xcode.app/Contents/Developer/usr/local/bin:/usr/local/bin:/System/Cryptexes/App/usr/bin:/usr/bin:/bin:/usr/sbin:/sbin:/var/run/com.apple.security.cryptexd/codex.system/bootstrap/usr/local/bin:/var/run/com.apple.security.cryptexd/codex.system/bootstrap/usr/bin:/var/run/com.apple.security.cryptexd/codex.system/bootstrap/usr/appleinternal/bin:/Library/Apple/usr/bin:/opt/homebrew/bin
    export PATH_PREFIXES_EXCLUDED_FROM_HEADER_DEPENDENCIES\=/usr/include\ /usr/local/include\ /System/Library/Frameworks\ /System/Library/PrivateFrameworks\ /Applications/Xcode.app/Contents/Developer/Headers\ /Applications/Xcode.app/Contents/Developer/SDKs\ /Applications/Xcode.app/Contents/Developer/Platforms
    export PER_ARCH_MODULE_FILE_DIR\=/Users/kharyfiler/Library/Developer/Xcode/DerivedData/Gripah-gptnnpiwslcswlcpylqwkddqyprw/Build/Intermediates.noindex/Pods.build/Debug-iphonesimulator/expo-dev-menu-interface.build/Objects-normal/undefined_arch
    export PER_ARCH_OBJECT_FILE_DIR\=/Users/kharyfiler/Library/Developer/Xcode/DerivedData/Gripah-gptnnpiwslcswlcpylqwkddqyprw/Build/Intermediates.noindex/Pods.build/Debug-iphonesimulator/expo-dev-menu-interface.build/Objects-normal/undefined_arch
    export PER_VARIANT_OBJECT_FILE_DIR\=/Users/kharyfiler/Library/Developer/Xcode/DerivedData/Gripah-gptnnpiwslcswlcpylqwkddqyprw/Build/Intermediates.noindex/Pods.build/Debug-iphonesimulator/expo-dev-menu-interface.build/Objects-normal
    export PKGINFO_FILE_PATH\=/Users/kharyfiler/Library/Developer/Xcode/DerivedData/Gripah-gptnnpiwslcswlcpylqwkddqyprw/Build/Intermediates.noindex/Pods.build/Debug-iphonesimulator/expo-dev-menu-interface.build/PkgInfo
    export PLATFORM_DEVELOPER_APPLICATIONS_DIR\=/Applications/Xcode.app/Contents/Developer/Platforms/iPhoneSimulator.platform/Developer/Applications
    export PLATFORM_DEVELOPER_BIN_DIR\=/Applications/Xcode.app/Contents/Developer/Platforms/iPhoneSimulator.platform/Developer/usr/bin
    export PLATFORM_DEVELOPER_LIBRARY_DIR\=/Applications/Xcode.app/Contents/Developer/Platforms/iPhoneSimulator.platform/Developer/Library
    export PLATFORM_DEVELOPER_SDK_DIR\=/Applications/Xcode.app/Contents/Developer/Platforms/iPhoneSimulator.platform/Developer/SDKs
    export PLATFORM_DEVELOPER_TOOLS_DIR\=/Applications/Xcode.app/Contents/Developer/Platforms/iPhoneSimulator.platform/Developer/Tools
    export PLATFORM_DEVELOPER_USR_DIR\=/Applications/Xcode.app/Contents/Developer/Platforms/iPhoneSimulator.platform/Developer/usr
    export PLATFORM_DIR\=/Applications/Xcode.app/Contents/Developer/Platforms/iPhoneSimulator.platform
    export PLATFORM_DISPLAY_NAME\=iOS\ Simulator
    export PLATFORM_FAMILY_NAME\=iOS
    export PLATFORM_NAME\=iphonesimulator
    export PLATFORM_PREFERRED_ARCH\=x86_64
    export PLATFORM_PRODUCT_BUILD_VERSION\=23C53
    export PLATFORM_REQUIRES_SWIFT_AUTOLINK_EXTRACT\=NO
    export PLATFORM_REQUIRES_SWIFT_MODULEWRAP\=NO
    export PLIST_FILE_OUTPUT_FORMAT\=binary
    export PODS_BUILD_DIR\=/Users/kharyfiler/Library/Developer/Xcode/DerivedData/Gripah-gptnnpiwslcswlcpylqwkddqyprw/Build/Products
    export PODS_CONFIGURATION_BUILD_DIR\=/Users/kharyfiler/Library/Developer/Xcode/DerivedData/Gripah-gptnnpiwslcswlcpylqwkddqyprw/Build/Products/Debug-iphonesimulator
    export PODS_DEVELOPMENT_LANGUAGE\=en
    export PODS_ROOT\=/Users/kharyfiler/Documents/grip-claude/ios/Pods
    export PODS_TARGET_SRCROOT\=/Users/kharyfiler/Documents/grip-claude/ios/Pods/../../node_modules/expo-dev-menu-interface/ios
    export PODS_XCFRAMEWORKS_BUILD_DIR\=/Users/kharyfiler/Library/Developer/Xcode/DerivedData/Gripah-gptnnpiwslcswlcpylqwkddqyprw/Build/Products/Debug-iphonesimulator/XCFrameworkIntermediates
    export PRECOMPS_INCLUDE_HEADERS_FROM_BUILT_PRODUCTS_DIR\=YES
    export PRECOMP_DESTINATION_DIR\=/Users/kharyfiler/Library/Developer/Xcode/DerivedData/Gripah-gptnnpiwslcswlcpylqwkddqyprw/Build/Intermediates.noindex/Pods.build/Debug-iphonesimulator/expo-dev-menu-interface.build/PrefixHeaders
    export PROCESSED_INFOPLIST_PATH\=/Users/kharyfiler/Library/Developer/Xcode/DerivedData/Gripah-gptnnpiwslcswlcpylqwkddqyprw/Build/Intermediates.noindex/Pods.build/Debug-iphonesimulator/expo-dev-menu-interface.build/Objects-normal/undefined_arch/Processed-Info.plist
    export PRODUCT_BUNDLE_IDENTIFIER\=org.cocoapods.expo-dev-menu-interface
    export PRODUCT_MODULE_NAME\=EXDevMenuInterface
    export PRODUCT_NAME\=expo-dev-menu-interface
    export PRODUCT_SETTINGS_PATH\=
    export PRODUCT_TYPE\=com.apple.product-type.library.static
    export PROFILING_CODE\=NO
    export PROJECT\=Pods
    export PROJECT_DERIVED_FILE_DIR\=/Users/kharyfiler/Library/Developer/Xcode/DerivedData/Gripah-gptnnpiwslcswlcpylqwkddqyprw/Build/Intermediates.noindex/Pods.build/DerivedSources
    export PROJECT_DIR\=/Users/kharyfiler/Documents/grip-claude/ios/Pods
    export PROJECT_FILE_PATH\=/Users/kharyfiler/Documents/grip-claude/ios/Pods/Pods.xcodeproj
    export PROJECT_GUID\=8699adb1dd336b26511df848a716bd42
    export PROJECT_NAME\=Pods
    export PROJECT_TEMP_DIR\=/Users/kharyfiler/Library/Developer/Xcode/DerivedData/Gripah-gptnnpiwslcswlcpylqwkddqyprw/Build/Intermediates.noindex/Pods.build
    export PROJECT_TEMP_ROOT\=/Users/kharyfiler/Library/Developer/Xcode/DerivedData/Gripah-gptnnpiwslcswlcpylqwkddqyprw/Build/Intermediates.noindex
    export REACT_NATIVE_PATH\=/Users/kharyfiler/Documents/grip-claude/ios/Pods/../../node_modules/react-native
    export RECOMMENDED_IPHONEOS_DEPLOYMENT_TARGET\=15.0
    export RECURSIVE_SEARCH_PATHS_FOLLOW_SYMLINKS\=YES
    export REMOVE_CVS_FROM_RESOURCES\=YES
    export REMOVE_GIT_FROM_RESOURCES\=YES
    export REMOVE_HEADERS_FROM_EMBEDDED_BUNDLES\=YES
    export REMOVE_HG_FROM_RESOURCES\=YES
    export REMOVE_STATIC_EXECUTABLES_FROM_EMBEDDED_BUNDLES\=YES
    export REMOVE_SVN_FROM_RESOURCES\=YES
    export RESCHEDULE_INDEPENDENT_HEADERS_PHASES\=YES
    export REZ_COLLECTOR_DIR\=/Users/kharyfiler/Library/Developer/Xcode/DerivedData/Gripah-gptnnpiwslcswlcpylqwkddqyprw/Build/Intermediates.noindex/Pods.build/Debug-iphonesimulator/expo-dev-menu-interface.build/ResourceManagerResources
    export REZ_EXECUTABLE\=YES
    export REZ_OBJECTS_DIR\=/Users/kharyfiler/Library/Developer/Xcode/DerivedData/Gripah-gptnnpiwslcswlcpylqwkddqyprw/Build/Intermediates.noindex/Pods.build/Debug-iphonesimulator/expo-dev-menu-interface.build/ResourceManagerResources/Objects
    export REZ_SEARCH_PATHS\=/Users/kharyfiler/Library/Developer/Xcode/DerivedData/Gripah-gptnnpiwslcswlcpylqwkddqyprw/Build/Products/Debug-iphonesimulator/expo-dev-menu-interface\ 
    export RUNTIME_EXCEPTION_ALLOW_DYLD_ENVIRONMENT_VARIABLES\=NO
    export RUNTIME_EXCEPTION_ALLOW_JIT\=NO
    export RUNTIME_EXCEPTION_ALLOW_UNSIGNED_EXECUTABLE_MEMORY\=NO
    export RUNTIME_EXCEPTION_DEBUGGING_TOOL\=NO
    export RUNTIME_EXCEPTION_DISABLE_EXECUTABLE_PAGE_PROTECTION\=NO
    export RUNTIME_EXCEPTION_DISABLE_LIBRARY_VALIDATION\=NO
    export SCAN_ALL_SOURCE_FILES_FOR_INCLUDES\=NO
    export SCRIPT_INPUT_FILE_0\=/Users/kharyfiler/Library/Developer/Xcode/DerivedData/Gripah-gptnnpiwslcswlcpylqwkddqyprw/Build/Intermediates.noindex/Pods.build/Debug-iphonesimulator/expo-dev-menu-interface.build/DerivedSources/EXDevMenuInterface-Swift.h
    export SCRIPT_INPUT_FILE_1\=/Users/kharyfiler/Documents/grip-claude/ios/Pods/Headers/Public/EXDevMenuInterface/expo-dev-menu-interface.modulemap
    export SCRIPT_INPUT_FILE_2\=/Users/kharyfiler/Documents/grip-claude/ios/Pods/Headers/Public/EXDevMenuInterface/expo-dev-menu-interface-umbrella.h
    export SCRIPT_INPUT_FILE_COUNT\=3
    export SCRIPT_INPUT_FILE_LIST_COUNT\=0
    export SCRIPT_OUTPUT_FILE_0\=/Users/kharyfiler/Library/Developer/Xcode/DerivedData/Gripah-gptnnpiwslcswlcpylqwkddqyprw/Build/Products/Debug-iphonesimulator/expo-dev-menu-interface/EXDevMenuInterface.modulemap
    export SCRIPT_OUTPUT_FILE_1\=/Users/kharyfiler/Library/Developer/Xcode/DerivedData/Gripah-gptnnpiwslcswlcpylqwkddqyprw/Build/Products/Debug-iphonesimulator/expo-dev-menu-interface/expo-dev-menu-interface-umbrella.h
    export SCRIPT_OUTPUT_FILE_2\=/Users/kharyfiler/Library/Developer/Xcode/DerivedData/Gripah-gptnnpiwslcswlcpylqwkddqyprw/Build/Products/Debug-iphonesimulator/expo-dev-menu-interface/Swift\ Compatibility\ Header/EXDevMenuInterface-Swift.h
    export SCRIPT_OUTPUT_FILE_COUNT\=3
    export SCRIPT_OUTPUT_FILE_LIST_COUNT\=0
    export SDKROOT\=/Applications/Xcode.app/Contents/Developer/Platforms/iPhoneSimulator.platform/Developer/SDKs/iPhoneSimulator26.2.sdk
    export SDK_DIR\=/Applications/Xcode.app/Contents/Developer/Platforms/iPhoneSimulator.platform/Developer/SDKs/iPhoneSimulator26.2.sdk
    export SDK_DIR_iphonesimulator\=/Applications/Xcode.app/Contents/Developer/Platforms/iPhoneSimulator.platform/Developer/SDKs/iPhoneSimulator26.2.sdk
    export SDK_DIR_iphonesimulator26_2\=/Applications/Xcode.app/Contents/Developer/Platforms/iPhoneSimulator.platform/Developer/SDKs/iPhoneSimulator26.2.sdk
    export SDK_NAME\=iphonesimulator26.2
    export SDK_NAMES\=iphonesimulator26.2
    export SDK_PRODUCT_BUILD_VERSION\=23C53
    export SDK_STAT_CACHE_DIR\=/Users/kharyfiler/Library/Developer/Xcode/DerivedData
    export SDK_STAT_CACHE_ENABLE\=YES
    export SDK_STAT_CACHE_PATH\=/Users/kharyfiler/Library/Developer/Xcode/DerivedData/SDKStatCaches.noindex/iphonesimulator26.2-23C53-3885c01c3e6b6a337905948deab2002e7d00a8b37fbd7999ea79df8ebc024bf0.sdkstatcache
    export SDK_VERSION\=26.2
    export SDK_VERSION_ACTUAL\=260200
    export SDK_VERSION_MAJOR\=260000
    export SDK_VERSION_MINOR\=260200
    export SED\=/usr/bin/sed
    export SEPARATE_STRIP\=NO
    export SEPARATE_SYMBOL_EDIT\=NO
    export SET_DIR_MODE_OWNER_GROUP\=YES
    export SET_FILE_MODE_OWNER_GROUP\=NO
    export SHALLOW_BUNDLE\=NO
    export SHARED_DERIVED_FILE_DIR\=/Users/kharyfiler/Library/Developer/Xcode/DerivedData/Gripah-gptnnpiwslcswlcpylqwkddqyprw/Build/Products/Debug-iphonesimulator/expo-dev-menu-interface/DerivedSources
    export SHARED_PRECOMPS_DIR\=/Users/kharyfiler/Library/Developer/Xcode/DerivedData/Gripah-gptnnpiwslcswlcpylqwkddqyprw/Build/Intermediates.noindex/PrecompiledHeaders
    export SKIP_INSTALL\=YES
    export SOURCE_ROOT\=/Users/kharyfiler/Documents/grip-claude/ios/Pods
    export SRCROOT\=/Users/kharyfiler/Documents/grip-claude/ios/Pods
    export STRINGSDATA_DIR\=/Users/kharyfiler/Library/Developer/Xcode/DerivedData/Gripah-gptnnpiwslcswlcpylqwkddqyprw/Build/Intermediates.noindex/Pods.build/Debug-iphonesimulator/expo-dev-menu-interface.build/Objects-normal/undefined_arch
    export STRINGSDATA_ROOT\=/Users/kharyfiler/Library/Developer/Xcode/DerivedData/Gripah-gptnnpiwslcswlcpylqwkddqyprw/Build/Intermediates.noindex/Pods.build/Debug-iphonesimulator/expo-dev-menu-interface.build
    export STRINGS_FILE_INFOPLIST_RENAME\=YES
    export STRINGS_FILE_OUTPUT_ENCODING\=binary
    export STRING_CATALOG_GENERATE_SYMBOLS\=NO
    export STRIP_BITCODE_FROM_COPIED_FILES\=NO
    export STRIP_INSTALLED_PRODUCT\=NO
    export STRIP_STYLE\=debugging
    export STRIP_SWIFT_SYMBOLS\=YES
    export SUPPORTED_DEVICE_FAMILIES\=1,2
    export SUPPORTED_PLATFORMS\=iphoneos\ iphonesimulator
    export SUPPORTS_TEXT_BASED_API\=NO
    export SUPPRESS_WARNINGS\=NO
    export SWIFT_ACTIVE_COMPILATION_CONDITIONS\=\ DEBUG\ 
    export SWIFT_EMIT_CONST_VALUE_PROTOCOLS\=AppIntent\ EntityQuery\ AppEntity\ TransientEntity\ AppEnum\ AppShortcutProviding\ AppShortcutsProvider\ AnyResolverProviding\ AppIntentsPackage\ DynamicOptionsProvider\ _IntentValueRepresentable\ _AssistantIntentsProvider\ _GenerativeFunctionExtractable\ IntentValueQuery\ Resolver\ AppExtension\ ExtensionPointDefining
    export SWIFT_EMIT_LOC_STRINGS\=NO
    export SWIFT_ENABLE_EXPLICIT_MODULES\=YES
    export SWIFT_INSTALL_OBJC_HEADER\=YES
    export SWIFT_OPTIMIZATION_LEVEL\=-Onone
    export SWIFT_PLATFORM_TARGET_PREFIX\=ios
    export SWIFT_RESPONSE_FILE_PATH_normal_arm64\=/Users/kharyfiler/Library/Developer/Xcode/DerivedData/Gripah-gptnnpiwslcswlcpylqwkddqyprw/Build/Intermediates.noindex/Pods.build/Debug-iphonesimulator/expo-dev-menu-interface.build/Objects-normal/arm64/expo-dev-menu-interface.SwiftFileList
    export SWIFT_VERSION\=5.2
    export SYMROOT\=/Users/kharyfiler/Library/Developer/Xcode/DerivedData/Gripah-gptnnpiwslcswlcpylqwkddqyprw/Build/Products
    export SYSTEM_ADMIN_APPS_DIR\=/Applications/Utilities
    export SYSTEM_APPS_DIR\=/Applications
    export SYSTEM_CORE_SERVICES_DIR\=/System/Library/CoreServices
    export SYSTEM_DEMOS_DIR\=/Applications/Extras
    export SYSTEM_DEVELOPER_APPS_DIR\=/Applications/Xcode.app/Contents/Developer/Applications
    export SYSTEM_DEVELOPER_BIN_DIR\=/Applications/Xcode.app/Contents/Developer/usr/bin
    export SYSTEM_DEVELOPER_DEMOS_DIR\=/Applications/Xcode.app/Contents/Developer/Applications/Utilities/Built\ Examples
    export SYSTEM_DEVELOPER_DIR\=/Applications/Xcode.app/Contents/Developer
    export SYSTEM_DEVELOPER_DOC_DIR\=/Applications/Xcode.app/Contents/Developer/ADC\ Reference\ Library
    export SYSTEM_DEVELOPER_GRAPHICS_TOOLS_DIR\=/Applications/Xcode.app/Contents/Developer/Applications/Graphics\ Tools
    export SYSTEM_DEVELOPER_JAVA_TOOLS_DIR\=/Applications/Xcode.app/Contents/Developer/Applications/Java\ Tools
    export SYSTEM_DEVELOPER_PERFORMANCE_TOOLS_DIR\=/Applications/Xcode.app/Contents/Developer/Applications/Performance\ Tools
    export SYSTEM_DEVELOPER_RELEASENOTES_DIR\=/Applications/Xcode.app/Contents/Developer/ADC\ Reference\ Library/releasenotes
    export SYSTEM_DEVELOPER_TOOLS\=/Applications/Xcode.app/Contents/Developer/Tools
    export SYSTEM_DEVELOPER_TOOLS_DOC_DIR\=/Applications/Xcode.app/Contents/Developer/ADC\ Reference\ Library/documentation/DeveloperTools
    export SYSTEM_DEVELOPER_TOOLS_RELEASENOTES_DIR\=/Applications/Xcode.app/Contents/Developer/ADC\ Reference\ Library/releasenotes/DeveloperTools
    export SYSTEM_DEVELOPER_USR_DIR\=/Applications/Xcode.app/Contents/Developer/usr
    export SYSTEM_DEVELOPER_UTILITIES_DIR\=/Applications/Xcode.app/Contents/Developer/Applications/Utilities
    export SYSTEM_DEXT_INSTALL_PATH\=/System/Library/DriverExtensions
    export SYSTEM_DOCUMENTATION_DIR\=/Library/Documentation
    export SYSTEM_KEXT_INSTALL_PATH\=/System/Library/Extensions
    export SYSTEM_LIBRARY_DIR\=/System/Library
    export TAPI_DEMANGLE\=YES
    export TAPI_ENABLE_PROJECT_HEADERS\=NO
    export TAPI_LANGUAGE\=objective-c
    export TAPI_LANGUAGE_STANDARD\=compiler-default
    export TAPI_USE_SRCROOT\=YES
    export TAPI_VERIFY_MODE\=Pedantic
    export TARGETED_DEVICE_FAMILY\=1,2
    export TARGETNAME\=expo-dev-menu-interface
    export TARGET_BUILD_DIR\=/Users/kharyfiler/Library/Developer/Xcode/DerivedData/Gripah-gptnnpiwslcswlcpylqwkddqyprw/Build/Products/Debug-iphonesimulator/expo-dev-menu-interface
    export TARGET_NAME\=expo-dev-menu-interface
    export TARGET_TEMP_DIR\=/Users/kharyfiler/Library/Developer/Xcode/DerivedData/Gripah-gptnnpiwslcswlcpylqwkddqyprw/Build/Intermediates.noindex/Pods.build/Debug-iphonesimulator/expo-dev-menu-interface.build
    export TEMP_DIR\=/Users/kharyfiler/Library/Developer/Xcode/DerivedData/Gripah-gptnnpiwslcswlcpylqwkddqyprw/Build/Intermediates.noindex/Pods.build/Debug-iphonesimulator/expo-dev-menu-interface.build
    export TEMP_FILES_DIR\=/Users/kharyfiler/Library/Developer/Xcode/DerivedData/Gripah-gptnnpiwslcswlcpylqwkddqyprw/Build/Intermediates.noindex/Pods.build/Debug-iphonesimulator/expo-dev-menu-interface.build
    export TEMP_FILE_DIR\=/Users/kharyfiler/Library/Developer/Xcode/DerivedData/Gripah-gptnnpiwslcswlcpylqwkddqyprw/Build/Intermediates.noindex/Pods.build/Debug-iphonesimulator/expo-dev-menu-interface.build
    export TEMP_ROOT\=/Users/kharyfiler/Library/Developer/Xcode/DerivedData/Gripah-gptnnpiwslcswlcpylqwkddqyprw/Build/Intermediates.noindex
    export TEMP_SANDBOX_DIR\=/Users/kharyfiler/Library/Developer/Xcode/DerivedData/Gripah-gptnnpiwslcswlcpylqwkddqyprw/Build/Intermediates.noindex/TemporaryTaskSandboxes
    export TEST_FRAMEWORK_SEARCH_PATHS\=\ /Applications/Xcode.app/Contents/Developer/Platforms/iPhoneSimulator.platform/Developer/Library/Frameworks\ /Applications/Xcode.app/Contents/Developer/Platforms/iPhoneSimulator.platform/Developer/SDKs/iPhoneSimulator26.2.sdk/Developer/Library/Frameworks
    export TEST_LIBRARY_SEARCH_PATHS\=\ /Applications/Xcode.app/Contents/Developer/Platforms/iPhoneSimulator.platform/Developer/usr/lib
    export TOOLCHAINS\=com.apple.dt.toolchain.Metal.32023\ com.apple.dt.toolchain.XcodeDefault
    export TOOLCHAIN_DIR\=/var/run/com.apple.security.cryptexd/mnt/com.apple.MobileAsset.MetalToolchain-v17.3.48.0.eTPF2V/Metal.xctoolchain
    export TOOLCHAIN_VERSION\=32023
    export TREAT_MISSING_BASELINES_AS_TEST_FAILURES\=NO
    export TREAT_MISSING_SCRIPT_PHASE_OUTPUTS_AS_ERRORS\=NO
    export UID\=501
    export UNINSTALLED_PRODUCTS_DIR\=/Users/kharyfiler/Library/Developer/Xcode/DerivedData/Gripah-gptnnpiwslcswlcpylqwkddqyprw/Build/Intermediates.noindex/UninstalledProducts
    export UNSTRIPPED_PRODUCT\=NO
    export USER\=kharyfiler
    export USER_APPS_DIR\=/Users/kharyfiler/Applications
    export USER_LIBRARY_DIR\=/Users/kharyfiler/Library
    export USE_DYNAMIC_NO_PIC\=YES
    export USE_HEADERMAP\=YES
    export USE_HEADER_SYMLINKS\=NO
    export USE_HERMES\=true
    export USE_RECURSIVE_SCRIPT_INPUTS_IN_SCRIPT_PHASES\=YES
    export VALIDATE_DEVELOPMENT_ASSET_PATHS\=YES_ERROR
    export VALIDATE_PRODUCT\=NO
    export VALID_ARCHS\=arm64\ x86_64
    export VERBOSE_PBXCP\=NO
    export VERSION_INFO_BUILDER\=kharyfiler
    export VERSION_INFO_FILE\=expo-dev-menu-interface_vers.c
    export VERSION_INFO_STRING\=\"@\(\#\)PROGRAM:expo-dev-menu-interface\ \ PROJECT:Pods-\"
    export WORKSPACE_DIR\=/Users/kharyfiler/Documents/grip-claude/ios
    export WRAP_ASSET_PACKS_IN_SEPARATE_DIRECTORIES\=NO
    export XCODE_APP_SUPPORT_DIR\=/Applications/Xcode.app/Contents/Developer/Library/Xcode
    export XCODE_PRODUCT_BUILD_VERSION\=17C52
    export XCODE_VERSION_ACTUAL\=2620
    export XCODE_VERSION_MAJOR\=2600
    export XCODE_VERSION_MINOR\=2620
    export XPCSERVICES_FOLDER_PATH\=/XPCServices
    export YACC\=yacc
    export _DISCOVER_COMMAND_LINE_LINKER_INPUTS\=YES
    export _DISCOVER_COMMAND_LINE_LINKER_INPUTS_INCLUDE_WL\=YES
    export _LD_MULTIARCH\=YES
    export __DIAGNOSE_DEPRECATED_ARCHS\=YES
    export arch\=undefined_arch
    export variant\=normal
    /bin/sh -c /Users/kharyfiler/Library/Developer/Xcode/DerivedData/Gripah-gptnnpiwslcswlcpylqwkddqyprw/Build/Intermediates.noindex/Pods.build/Debug-iphonesimulator/expo-dev-menu-interface.build/Script-46EB2E000379C0.sh

PhaseScriptExecution Copy\ generated\ compatibility\ header /Users/kharyfiler/Library/Developer/Xcode/DerivedData/Gripah-gptnnpiwslcswlcpylqwkddqyprw/Build/Intermediates.noindex/Pods.build/Debug-iphonesimulator/StripeCore.build/Script-46EB2E0002F7E0.sh (in target 'StripeCore' from project 'Pods')
    cd /Users/kharyfiler/Documents/grip-claude/ios/Pods
    export ACTION\=build
    export AD_HOC_CODE_SIGNING_ALLOWED\=YES
    export ALLOW_BUILD_REQUEST_OVERRIDES\=NO
    export ALLOW_TARGET_PLATFORM_SPECIALIZATION\=NO
    export ALTERNATE_GROUP\=staff
    export ALTERNATE_MODE\=u+w,go-w,a+rX
    export ALTERNATE_OWNER\=kharyfiler
    export ALTERNATIVE_DISTRIBUTION_WEB\=NO
    export ALWAYS_EMBED_SWIFT_STANDARD_LIBRARIES\=NO
    export ALWAYS_SEARCH_USER_PATHS\=NO
    export ALWAYS_USE_SEPARATE_HEADERMAPS\=NO
    export APPLICATION_EXTENSION_API_ONLY\=NO
    export APPLY_RULES_IN_COPY_FILES\=NO
    export APPLY_RULES_IN_COPY_HEADERS\=NO
    export APP_SHORTCUTS_ENABLE_FLEXIBLE_MATCHING\=YES
    export ARCHS\=arm64
    export ARCHS_STANDARD\=arm64\ x86_64
    export ARCHS_STANDARD_32_64_BIT\=arm64\ x86_64
    export ARCHS_STANDARD_64_BIT\=arm64\ x86_64
    export ARCHS_STANDARD_INCLUDING_64_BIT\=arm64\ x86_64
    export ARCHS_UNIVERSAL_IPHONE_OS\=arm64\ x86_64
    export AUTOMATICALLY_MERGE_DEPENDENCIES\=NO
    export AUTOMATION_APPLE_EVENTS\=NO
    export AVAILABLE_PLATFORMS\=android\ appletvos\ appletvsimulator\ driverkit\ iphoneos\ iphonesimulator\ macosx\ qnx\ watchos\ watchsimulator\ webassembly\ xros\ xrsimulator
    export BUILD_ACTIVE_RESOURCES_ONLY\=NO
    export BUILD_COMPONENTS\=headers\ build
    export BUILD_DIR\=/Users/kharyfiler/Library/Developer/Xcode/DerivedData/Gripah-gptnnpiwslcswlcpylqwkddqyprw/Build/Products
    export BUILD_LIBRARY_FOR_DISTRIBUTION\=NO
    export BUILD_ROOT\=/Users/kharyfiler/Library/Developer/Xcode/DerivedData/Gripah-gptnnpiwslcswlcpylqwkddqyprw/Build/Products
    export BUILD_STYLE\=
    export BUILD_VARIANTS\=normal
    export BUILT_PRODUCTS_DIR\=/Users/kharyfiler/Library/Developer/Xcode/DerivedData/Gripah-gptnnpiwslcswlcpylqwkddqyprw/Build/Products/Debug-iphonesimulator/StripeCore
    export BUNDLE_CONTENTS_FOLDER_PATH_deep\=Contents/
    export BUNDLE_EXECUTABLE_FOLDER_NAME_deep\=MacOS
    export BUNDLE_EXTENSIONS_FOLDER_PATH\=Extensions
    export BUNDLE_FORMAT\=shallow
    export BUNDLE_FRAMEWORKS_FOLDER_PATH\=Frameworks
    export BUNDLE_PLUGINS_FOLDER_PATH\=PlugIns
    export BUNDLE_PRIVATE_HEADERS_FOLDER_PATH\=PrivateHeaders
    export BUNDLE_PUBLIC_HEADERS_FOLDER_PATH\=Headers
    export CACHE_ROOT\=/var/folders/bg/xv10_kk96gz_ck7t__bgt67c0000gn/C/com.apple.DeveloperTools/26.2-17C52/Xcode
    export CCHROOT\=/var/folders/bg/xv10_kk96gz_ck7t__bgt67c0000gn/C/com.apple.DeveloperTools/26.2-17C52/Xcode
    export CHMOD\=/bin/chmod
    export CHOWN\=/usr/sbin/chown
    export CLANG_ANALYZER_LOCALIZABILITY_NONLOCALIZED\=YES
    export CLANG_ANALYZER_NONNULL\=YES
    export CLANG_ANALYZER_NUMBER_OBJECT_CONVERSION\=YES_AGGRESSIVE
    export CLANG_CACHE_FINE_GRAINED_OUTPUTS\=YES
    export CLANG_CXX_LANGUAGE_STANDARD\=c++20
    export CLANG_CXX_LIBRARY\=libc++
    export CLANG_ENABLE_EXPLICIT_MODULES\=YES
    export CLANG_ENABLE_MODULES\=YES
    export CLANG_ENABLE_MODULE_DEBUGGING\=NO
    export CLANG_ENABLE_OBJC_ARC\=YES
    export CLANG_ENABLE_OBJC_WEAK\=NO
    export CLANG_MODULES_BUILD_SESSION_FILE\=/Users/kharyfiler/Library/Developer/Xcode/DerivedData/ModuleCache.noindex/Session.modulevalidation
    export CLANG_WARN_BLOCK_CAPTURE_AUTORELEASING\=YES
    export CLANG_WARN_BOOL_CONVERSION\=YES
    export CLANG_WARN_COMMA\=YES
    export CLANG_WARN_CONSTANT_CONVERSION\=YES
    export CLANG_WARN_DEPRECATED_OBJC_IMPLEMENTATIONS\=YES
    export CLANG_WARN_DIRECT_OBJC_ISA_USAGE\=YES_ERROR
    export CLANG_WARN_DOCUMENTATION_COMMENTS\=YES
    export CLANG_WARN_EMPTY_BODY\=YES
    export CLANG_WARN_ENUM_CONVERSION\=YES
    export CLANG_WARN_INFINITE_RECURSION\=YES
    export CLANG_WARN_INT_CONVERSION\=YES
    export CLANG_WARN_NON_LITERAL_NULL_CONVERSION\=YES
    export CLANG_WARN_OBJC_IMPLICIT_RETAIN_SELF\=YES
    export CLANG_WARN_OBJC_LITERAL_CONVERSION\=YES
    export CLANG_WARN_OBJC_ROOT_CLASS\=YES_ERROR
    export CLANG_WARN_QUOTED_INCLUDE_IN_FRAMEWORK_HEADER\=NO
    export CLANG_WARN_RANGE_LOOP_ANALYSIS\=YES
    export CLANG_WARN_STRICT_PROTOTYPES\=YES
    export CLANG_WARN_SUSPICIOUS_MOVE\=YES
    export CLANG_WARN_UNGUARDED_AVAILABILITY\=YES_AGGRESSIVE
    export CLANG_WARN_UNREACHABLE_CODE\=YES
    export CLANG_WARN__DUPLICATE_METHOD_MATCH\=YES
    export CLASS_FILE_DIR\=/Users/kharyfiler/Library/Developer/Xcode/DerivedData/Gripah-gptnnpiwslcswlcpylqwkddqyprw/Build/Intermediates.noindex/Pods.build/Debug-iphonesimulator/StripeCore.build/JavaClasses
    export CLEAN_PRECOMPS\=YES
    export CLONE_HEADERS\=NO
    export CODESIGNING_FOLDER_PATH\=/Users/kharyfiler/Library/Developer/Xcode/DerivedData/Gripah-gptnnpiwslcswlcpylqwkddqyprw/Build/Products/Debug-iphonesimulator/StripeCore/libStripeCore.a
    export CODE_SIGNING_ALLOWED\=NO
    export CODE_SIGNING_REQUIRED\=YES
    export CODE_SIGN_CONTEXT_CLASS\=XCiPhoneSimulatorCodeSignContext
    export CODE_SIGN_IDENTITY\=-
    export CODE_SIGN_INJECT_BASE_ENTITLEMENTS\=YES
    export COLOR_DIAGNOSTICS\=NO
    export COMBINE_HIDPI_IMAGES\=NO
    export COMPILATION_CACHE_CAS_PATH\=/Users/kharyfiler/Library/Developer/Xcode/DerivedData/CompilationCache.noindex
    export COMPILATION_CACHE_KEEP_CAS_DIRECTORY\=YES
    export COMPILER_INDEX_STORE_ENABLE\=Default
    export COMPOSITE_SDK_DIRS\=/Users/kharyfiler/Library/Developer/Xcode/DerivedData/Gripah-gptnnpiwslcswlcpylqwkddqyprw/Build/Intermediates.noindex/CompositeSDKs
    export COMPRESS_PNG_FILES\=YES
    export CONFIGURATION\=Debug
    export CONFIGURATION_BUILD_DIR\=/Users/kharyfiler/Library/Developer/Xcode/DerivedData/Gripah-gptnnpiwslcswlcpylqwkddqyprw/Build/Products/Debug-iphonesimulator/StripeCore
    export CONFIGURATION_TEMP_DIR\=/Users/kharyfiler/Library/Developer/Xcode/DerivedData/Gripah-gptnnpiwslcswlcpylqwkddqyprw/Build/Intermediates.noindex/Pods.build/Debug-iphonesimulator
    export COPYING_PRESERVES_HFS_DATA\=NO
    export COPY_HEADERS_RUN_UNIFDEF\=NO
    export COPY_PHASE_STRIP\=NO
    export CORRESPONDING_DEVICE_PLATFORM_DIR\=/Applications/Xcode.app/Contents/Developer/Platforms/iPhoneOS.platform
    export CORRESPONDING_DEVICE_PLATFORM_NAME\=iphoneos
    export CORRESPONDING_DEVICE_SDK_DIR\=/Applications/Xcode.app/Contents/Developer/Platforms/iPhoneOS.platform/Developer/SDKs/iPhoneOS26.2.sdk
    export CORRESPONDING_DEVICE_SDK_NAME\=iphoneos26.2
    export CP\=/bin/cp
    export CREATE_INFOPLIST_SECTION_IN_BINARY\=NO
    export CURRENT_ARCH\=undefined_arch
    export CURRENT_VARIANT\=normal
    export DEAD_CODE_STRIPPING\=YES
    export DEBUGGING_SYMBOLS\=YES
    export DEBUG_INFORMATION_FORMAT\=dwarf
    export DEBUG_INFORMATION_VERSION\=compiler-default
    export DEFAULT_COMPILER\=com.apple.compilers.llvm.clang.1_0
    export DEFAULT_DEXT_INSTALL_PATH\=/System/Library/DriverExtensions
    export DEFAULT_KEXT_INSTALL_PATH\=/System/Library/Extensions
    export DEFINES_MODULE\=NO
    export DEPLOYMENT_LOCATION\=NO
    export DEPLOYMENT_POSTPROCESSING\=NO
    export DEPLOYMENT_TARGET_SETTING_NAME\=IPHONEOS_DEPLOYMENT_TARGET
    export DEPLOYMENT_TARGET_SUGGESTED_VALUES\=12.0\ 12.1\ 12.2\ 12.3\ 12.4\ 13.0\ 13.1\ 13.2\ 13.3\ 13.4\ 13.5\ 13.6\ 14.0\ 14.1\ 14.2\ 14.3\ 14.4\ 14.5\ 14.6\ 14.7\ 15.0\ 15.1\ 15.2\ 15.3\ 15.4\ 15.5\ 15.6\ 16.0\ 16.1\ 16.2\ 16.3\ 16.4\ 16.5\ 16.6\ 17.0\ 17.1\ 17.2\ 17.3\ 17.4\ 17.5\ 17.6\ 18.0\ 18.1\ 18.2\ 18.3\ 18.4\ 18.5\ 18.6\ 26.0\ 26.1\ 26.2
    export DERIVED_FILES_DIR\=/Users/kharyfiler/Library/Developer/Xcode/DerivedData/Gripah-gptnnpiwslcswlcpylqwkddqyprw/Build/Intermediates.noindex/Pods.build/Debug-iphonesimulator/StripeCore.build/DerivedSources
    export DERIVED_FILE_DIR\=/Users/kharyfiler/Library/Developer/Xcode/DerivedData/Gripah-gptnnpiwslcswlcpylqwkddqyprw/Build/Intermediates.noindex/Pods.build/Debug-iphonesimulator/StripeCore.build/DerivedSources
    export DERIVED_SOURCES_DIR\=/Users/kharyfiler/Library/Developer/Xcode/DerivedData/Gripah-gptnnpiwslcswlcpylqwkddqyprw/Build/Intermediates.noindex/Pods.build/Debug-iphonesimulator/StripeCore.build/DerivedSources
    export DEVELOPER_APPLICATIONS_DIR\=/Applications/Xcode.app/Contents/Developer/Applications
    export DEVELOPER_BIN_DIR\=/Applications/Xcode.app/Contents/Developer/usr/bin
    export DEVELOPER_DIR\=/Applications/Xcode.app/Contents/Developer
    export DEVELOPER_FRAMEWORKS_DIR\=/Applications/Xcode.app/Contents/Developer/Library/Frameworks
    export DEVELOPER_FRAMEWORKS_DIR_QUOTED\=/Applications/Xcode.app/Contents/Developer/Library/Frameworks
    export DEVELOPER_LIBRARY_DIR\=/Applications/Xcode.app/Contents/Developer/Library
    export DEVELOPER_SDK_DIR\=/Applications/Xcode.app/Contents/Developer/Platforms/MacOSX.platform/Developer/SDKs
    export DEVELOPER_TOOLS_DIR\=/Applications/Xcode.app/Contents/Developer/Tools
    export DEVELOPER_USR_DIR\=/Applications/Xcode.app/Contents/Developer/usr
    export DEVELOPMENT_LANGUAGE\=en
    export DIAGNOSE_MISSING_TARGET_DEPENDENCIES\=YES
    export DIFF\=/usr/bin/diff
    export DONT_GENERATE_INFOPLIST_FILE\=NO
    export DSTROOT\=/tmp/Pods.dst
    export DT_TOOLCHAIN_DIR\=/Applications/Xcode.app/Contents/Developer/Toolchains/XcodeDefault.xctoolchain
    export DWARF_DSYM_FILE_NAME\=libStripeCore.a.dSYM
    export DWARF_DSYM_FILE_SHOULD_ACCOMPANY_PRODUCT\=NO
    export DWARF_DSYM_FOLDER_PATH\=/Users/kharyfiler/Library/Developer/Xcode/DerivedData/Gripah-gptnnpiwslcswlcpylqwkddqyprw/Build/Products/Debug-iphonesimulator/StripeCore
    export DYNAMIC_LIBRARY_EXTENSION\=dylib
    export EAGER_COMPILATION_ALLOW_SCRIPTS\=NO
    export EAGER_LINKING\=NO
    export EFFECTIVE_PLATFORM_NAME\=-iphonesimulator
    export EMBEDDED_CONTENT_CONTAINS_SWIFT\=NO
    export EMBED_ASSET_PACKS_IN_PRODUCT_BUNDLE\=NO
    export ENABLE_APP_SANDBOX\=NO
    export ENABLE_CODE_COVERAGE\=YES
    export ENABLE_CPLUSPLUS_BOUNDS_SAFE_BUFFERS\=NO
    export ENABLE_C_BOUNDS_SAFETY\=NO
    export ENABLE_DEFAULT_HEADER_SEARCH_PATHS\=YES
    export ENABLE_DEFAULT_SEARCH_PATHS\=YES
    export ENABLE_ENHANCED_SECURITY\=NO
    export ENABLE_HARDENED_RUNTIME\=NO
    export ENABLE_HEADER_DEPENDENCIES\=YES
    export ENABLE_INCOMING_NETWORK_CONNECTIONS\=NO
    export ENABLE_MODULE_VERIFIER\=NO
    export ENABLE_ON_DEMAND_RESOURCES\=NO
    export ENABLE_OUTGOING_NETWORK_CONNECTIONS\=NO
    export ENABLE_POINTER_AUTHENTICATION\=NO
    export ENABLE_PREVIEWS\=NO
    export ENABLE_RESOURCE_ACCESS_AUDIO_INPUT\=NO
    export ENABLE_RESOURCE_ACCESS_BLUETOOTH\=NO
    export ENABLE_RESOURCE_ACCESS_CALENDARS\=NO
    export ENABLE_RESOURCE_ACCESS_CAMERA\=NO
    export ENABLE_RESOURCE_ACCESS_CONTACTS\=NO
    export ENABLE_RESOURCE_ACCESS_LOCATION\=NO
    export ENABLE_RESOURCE_ACCESS_PHOTO_LIBRARY\=NO
    export ENABLE_RESOURCE_ACCESS_PRINTING\=NO
    export ENABLE_RESOURCE_ACCESS_USB\=NO
    export ENABLE_SDK_IMPORTS\=NO
    export ENABLE_SECURITY_COMPILER_WARNINGS\=NO
    export ENABLE_STRICT_OBJC_MSGSEND\=YES
    export ENABLE_TESTABILITY\=YES
    export ENABLE_TESTING_SEARCH_PATHS\=NO
    export ENABLE_USER_SCRIPT_SANDBOXING\=NO
    export ENABLE_XOJIT_PREVIEWS\=YES
    export ENFORCE_VALID_ARCHS\=YES
    export ENTITLEMENTS_DESTINATION\=__entitlements
    export ENTITLEMENTS_REQUIRED\=YES
    export EXCLUDED_INSTALLSRC_SUBDIRECTORY_PATTERNS\=.DS_Store\ .svn\ .git\ .hg\ CVS
    export EXCLUDED_RECURSIVE_SEARCH_PATH_SUBDIRECTORIES\=\*.nib\ \*.lproj\ \*.framework\ \*.gch\ \*.xcode\*\ \*.xcassets\ \*.icon\ \(\*\)\ .DS_Store\ CVS\ .svn\ .git\ .hg\ \*.pbproj\ \*.pbxproj
    export EXECUTABLE_EXTENSION\=a
    export EXECUTABLE_NAME\=libStripeCore.a
    export EXECUTABLE_PATH\=libStripeCore.a
    export EXECUTABLE_PREFIX\=lib
    export EXECUTABLE_SUFFIX\=.a
    export FILE_LIST\=/Users/kharyfiler/Library/Developer/Xcode/DerivedData/Gripah-gptnnpiwslcswlcpylqwkddqyprw/Build/Intermediates.noindex/Pods.build/Debug-iphonesimulator/StripeCore.build/Objects/LinkFileList
    export FIXED_FILES_DIR\=/Users/kharyfiler/Library/Developer/Xcode/DerivedData/Gripah-gptnnpiwslcswlcpylqwkddqyprw/Build/Intermediates.noindex/Pods.build/Debug-iphonesimulator/StripeCore.build/FixedFiles
    export FRAMEWORK_FLAG_PREFIX\=-framework
    export FRAMEWORK_SEARCH_PATHS\=/Users/kharyfiler/Library/Developer/Xcode/DerivedData/Gripah-gptnnpiwslcswlcpylqwkddqyprw/Build/Products/Debug-iphonesimulator/StripeCore\ 
    export FRAMEWORK_VERSION\=A
    export FULL_PRODUCT_NAME\=libStripeCore.a
    export FUSE_BUILD_PHASES\=YES
    export FUSE_BUILD_SCRIPT_PHASES\=NO
    export GCC3_VERSION\=3.3
    export GCC_C_LANGUAGE_STANDARD\=gnu11
    export GCC_DYNAMIC_NO_PIC\=NO
    export GCC_NO_COMMON_BLOCKS\=YES
    export GCC_OBJC_LEGACY_DISPATCH\=YES
    export GCC_OPTIMIZATION_LEVEL\=0
    export GCC_PFE_FILE_C_DIALECTS\=c\ objective-c\ c++\ objective-c++
    export GCC_PREFIX_HEADER\=Target\ Support\ Files/StripeCore/StripeCore-prefix.pch
    export GCC_PREPROCESSOR_DEFINITIONS\=POD_CONFIGURATION_DEBUG\=1\ DEBUG\=1\ \ COCOAPODS\=1
    export GCC_TREAT_WARNINGS_AS_ERRORS\=NO
    export GCC_VERSION\=com.apple.compilers.llvm.clang.1_0
    export GCC_VERSION_IDENTIFIER\=com_apple_compilers_llvm_clang_1_0
    export GCC_WARN_64_TO_32_BIT_CONVERSION\=YES
    export GCC_WARN_ABOUT_RETURN_TYPE\=YES_ERROR
    export GCC_WARN_UNDECLARED_SELECTOR\=YES
    export GCC_WARN_UNINITIALIZED_AUTOS\=YES_AGGRESSIVE
    export GCC_WARN_UNUSED_FUNCTION\=YES
    export GCC_WARN_UNUSED_VARIABLE\=YES
    export GENERATED_MODULEMAP_DIR\=/Users/kharyfiler/Library/Developer/Xcode/DerivedData/Gripah-gptnnpiwslcswlcpylqwkddqyprw/Build/Intermediates.noindex/GeneratedModuleMaps-iphonesimulator
    export GENERATE_INFOPLIST_FILE\=NO
    export GENERATE_INTERMEDIATE_TEXT_BASED_STUBS\=YES
    export GENERATE_PKGINFO_FILE\=NO
    export GENERATE_PRELINK_OBJECT_FILE\=NO
    export GENERATE_PROFILING_CODE\=NO
    export GENERATE_TEXT_BASED_STUBS\=NO
    export GID\=20
    export GROUP\=staff
    export HEADERMAP_INCLUDES_FLAT_ENTRIES_FOR_TARGET_BEING_BUILT\=YES
    export HEADERMAP_INCLUDES_FRAMEWORK_ENTRIES_FOR_ALL_PRODUCT_TYPES\=YES
    export HEADERMAP_INCLUDES_FRAMEWORK_ENTRIES_FOR_TARGETS_NOT_BEING_BUILT\=YES
    export HEADERMAP_INCLUDES_NONPUBLIC_NONPRIVATE_HEADERS\=YES
    export HEADERMAP_INCLUDES_PROJECT_HEADERS\=YES
    export HEADERMAP_USES_FRAMEWORK_PREFIX_ENTRIES\=YES
    export HEADERMAP_USES_VFS\=NO
    export HEADER_SEARCH_PATHS\=/Users/kharyfiler/Library/Developer/Xcode/DerivedData/Gripah-gptnnpiwslcswlcpylqwkddqyprw/Build/Products/Debug-iphonesimulator/StripeCore/include\ 
    export HOME\=/Users/kharyfiler
    export HOST_ARCH\=arm64
    export HOST_PLATFORM\=macosx
    export ICONV\=/usr/bin/iconv
    export IMPLICIT_DEPENDENCY_DOMAIN\=default
    export INFOPLIST_ENABLE_CFBUNDLEICONS_MERGE\=YES
    export INFOPLIST_EXPAND_BUILD_SETTINGS\=YES
    export INFOPLIST_OUTPUT_FORMAT\=binary
    export INFOPLIST_PREPROCESS\=NO
    export INLINE_PRIVATE_FRAMEWORKS\=NO
    export INSTALLAPI_IGNORE_SKIP_INSTALL\=YES
    export INSTALLHDRS_COPY_PHASE\=NO
    export INSTALLHDRS_SCRIPT_PHASE\=NO
    export INSTALL_DIR\=/tmp/Pods.dst/usr/local/lib
    export INSTALL_GROUP\=staff
    export INSTALL_MODE_FLAG\=u+w,go-w,a+rX
    export INSTALL_OWNER\=kharyfiler
    export INSTALL_PATH\=/usr/local/lib
    export INSTALL_ROOT\=/tmp/Pods.dst
    export IPHONEOS_DEPLOYMENT_TARGET\=15.1
    export IS_UNOPTIMIZED_BUILD\=YES
    export JAVAC_DEFAULT_FLAGS\=-J-Xms64m\ -J-XX:NewSize\=4M\ -J-Dfile.encoding\=UTF8
    export JAVA_APP_STUB\=/System/Library/Frameworks/JavaVM.framework/Resources/MacOS/JavaApplicationStub
    export JAVA_ARCHIVE_CLASSES\=YES
    export JAVA_ARCHIVE_TYPE\=JAR
    export JAVA_COMPILER\=/usr/bin/javac
    export JAVA_FRAMEWORK_RESOURCES_DIRS\=Resources
    export JAVA_JAR_FLAGS\=cv
    export JAVA_SOURCE_SUBDIR\=.
    export JAVA_USE_DEPENDENCIES\=YES
    export JAVA_ZIP_FLAGS\=-urg
    export JIKES_DEFAULT_FLAGS\=+E\ +OLDCSO
    export KEEP_PRIVATE_EXTERNS\=NO
    export LD_DEPENDENCY_INFO_FILE\=/Users/kharyfiler/Library/Developer/Xcode/DerivedData/Gripah-gptnnpiwslcswlcpylqwkddqyprw/Build/Intermediates.noindex/Pods.build/Debug-iphonesimulator/StripeCore.build/Objects-normal/undefined_arch/StripeCore_dependency_info.dat
    export LD_EXPORT_SYMBOLS\=YES
    export LD_GENERATE_MAP_FILE\=NO
    export LD_MAP_FILE_PATH\=/Users/kharyfiler/Library/Developer/Xcode/DerivedData/Gripah-gptnnpiwslcswlcpylqwkddqyprw/Build/Intermediates.noindex/Pods.build/Debug-iphonesimulator/StripeCore.build/StripeCore-LinkMap-normal-undefined_arch.txt
    export LD_NO_PIE\=NO
    export LD_QUOTE_LINKER_ARGUMENTS_FOR_COMPILER_DRIVER\=YES
    export LD_SHARED_CACHE_ELIGIBLE\=Automatic
    export LD_WARN_DUPLICATE_LIBRARIES\=NO
    export LD_WARN_UNUSED_DYLIBS\=NO
    export LEGACY_DEVELOPER_DIR\=/Applications/Xcode.app/Contents/PlugIns/Xcode3Core.ideplugin/Contents/SharedSupport/Developer
    export LEX\=lex
    export LIBRARY_DEXT_INSTALL_PATH\=/Library/DriverExtensions
    export LIBRARY_FLAG_NOSPACE\=YES
    export LIBRARY_FLAG_PREFIX\=-l
    export LIBRARY_KEXT_INSTALL_PATH\=/Library/Extensions
    export LIBRARY_SEARCH_PATHS\=/Users/kharyfiler/Library/Developer/Xcode/DerivedData/Gripah-gptnnpiwslcswlcpylqwkddqyprw/Build/Products/Debug-iphonesimulator/StripeCore\ 
    export LINKER_DISPLAYS_MANGLED_NAMES\=NO
    export LINK_FILE_LIST_normal_arm64\=/Users/kharyfiler/Library/Developer/Xcode/DerivedData/Gripah-gptnnpiwslcswlcpylqwkddqyprw/Build/Intermediates.noindex/Pods.build/Debug-iphonesimulator/StripeCore.build/Objects-normal/arm64/StripeCore.LinkFileList
    export LINK_OBJC_RUNTIME\=YES
    export LINK_WITH_STANDARD_LIBRARIES\=YES
    export LLVM_TARGET_TRIPLE_OS_VERSION\=ios15.1
    export LLVM_TARGET_TRIPLE_SUFFIX\=-simulator
    export LLVM_TARGET_TRIPLE_VENDOR\=apple
    export LM_AUX_CONST_METADATA_LIST_PATH_normal_arm64\=/Users/kharyfiler/Library/Developer/Xcode/DerivedData/Gripah-gptnnpiwslcswlcpylqwkddqyprw/Build/Intermediates.noindex/Pods.build/Debug-iphonesimulator/StripeCore.build/Objects-normal/arm64/StripeCore.SwiftConstValuesFileList
    export LOCALIZATION_EXPORT_SUPPORTED\=YES
    export LOCALIZATION_PREFERS_STRING_CATALOGS\=NO
    export LOCALIZED_STRING_MACRO_NAMES\=NSLocalizedString\ CFCopyLocalizedString
    export LOCALIZED_STRING_SWIFTUI_SUPPORT\=YES
    export LOCAL_ADMIN_APPS_DIR\=/Applications/Utilities
    export LOCAL_APPS_DIR\=/Applications
    export LOCAL_DEVELOPER_DIR\=/Library/Developer
    export LOCAL_LIBRARY_DIR\=/Library
    export LOCROOT\=/Users/kharyfiler/Documents/grip-claude/ios/Pods
    export LOCSYMROOT\=/Users/kharyfiler/Documents/grip-claude/ios/Pods
    export MACH_O_TYPE\=staticlib
    export MAC_OS_X_PRODUCT_BUILD_VERSION\=24G419
    export MAC_OS_X_VERSION_ACTUAL\=150703
    export MAC_OS_X_VERSION_MAJOR\=150000
    export MAC_OS_X_VERSION_MINOR\=150700
    export MAKE_MERGEABLE\=NO
    export MERGEABLE_LIBRARY\=NO
    export MERGED_BINARY_TYPE\=none
    export MERGE_LINKED_LIBRARIES\=NO
    export METAL_LIBRARY_FILE_BASE\=default
    export METAL_LIBRARY_OUTPUT_DIR\=/Users/kharyfiler/Library/Developer/Xcode/DerivedData/Gripah-gptnnpiwslcswlcpylqwkddqyprw/Build/Products/Debug-iphonesimulator/StripeCore/
    export MODULEMAP_FILE\=Headers/Public/StripeCore/StripeCore.modulemap
    export MODULE_CACHE_DIR\=/Users/kharyfiler/Library/Developer/Xcode/DerivedData/ModuleCache.noindex
    export MTL_ENABLE_DEBUG_INFO\=INCLUDE_SOURCE
    export MTL_FAST_MATH\=YES
    export NATIVE_ARCH\=arm64
    export NATIVE_ARCH_32_BIT\=arm
    export NATIVE_ARCH_64_BIT\=arm64
    export NATIVE_ARCH_ACTUAL\=arm64
    export NO_COMMON\=YES
    export OBJC_ABI_VERSION\=2
    export OBJECT_FILE_DIR\=/Users/kharyfiler/Library/Developer/Xcode/DerivedData/Gripah-gptnnpiwslcswlcpylqwkddqyprw/Build/Intermediates.noindex/Pods.build/Debug-iphonesimulator/StripeCore.build/Objects
    export OBJECT_FILE_DIR_normal\=/Users/kharyfiler/Library/Developer/Xcode/DerivedData/Gripah-gptnnpiwslcswlcpylqwkddqyprw/Build/Intermediates.noindex/Pods.build/Debug-iphonesimulator/StripeCore.build/Objects-normal
    export OBJROOT\=/Users/kharyfiler/Library/Developer/Xcode/DerivedData/Gripah-gptnnpiwslcswlcpylqwkddqyprw/Build/Intermediates.noindex
    export ONLY_ACTIVE_ARCH\=NO
    export OS\=MACOS
    export OSAC\=/usr/bin/osacompile
    export OTHER_SWIFT_FLAGS\=\ -D\ COCOAPODS\ -import-underlying-module\ -Xcc\ -fmodule-map-file\=\"/Users/kharyfiler/Documents/grip-claude/ios/Pods/Headers/Public/StripeCore/StripeCore.modulemap\"
    export PACKAGE_TYPE\=com.apple.package-type.static-library
    export PASCAL_STRINGS\=YES
    export PATH\=/Applications/Xcode.app/Contents/SharedFrameworks/SwiftBuild.framework/Versions/A/PlugIns/SWBBuildService.bundle/Contents/PlugIns/SWBUniversalPlatformPlugin.bundle/Contents/Frameworks/SWBUniversalPlatform.framework/Resources:/var/run/com.apple.security.cryptexd/mnt/com.apple.MobileAsset.MetalToolchain-v17.3.48.0.eTPF2V/Metal.xctoolchain/usr/bin:/var/run/com.apple.security.cryptexd/mnt/com.apple.MobileAsset.MetalToolchain-v17.3.48.0.eTPF2V/Metal.xctoolchain/usr/local/bin:/var/run/com.apple.security.cryptexd/mnt/com.apple.MobileAsset.MetalToolchain-v17.3.48.0.eTPF2V/Metal.xctoolchain/usr/libexec:/Applications/Xcode.app/Contents/Developer/Toolchains/XcodeDefault.xctoolchain/usr/bin:/Applications/Xcode.app/Contents/Developer/Toolchains/XcodeDefault.xctoolchain/usr/local/bin:/Applications/Xcode.app/Contents/Developer/Toolchains/XcodeDefault.xctoolchain/usr/libexec:/Applications/Xcode.app/Contents/Developer/Platforms/iPhoneSimulator.platform/usr/bin:/Applications/Xcode.app/Contents/Developer/Platforms/iPhoneSimulator.platform/usr/local/bin:/Applications/Xcode.app/Contents/Developer/Platforms/iPhoneSimulator.platform/Developer/usr/bin:/Applications/Xcode.app/Contents/Developer/Platforms/iPhoneSimulator.platform/Developer/usr/local/bin:/Applications/Xcode.app/Contents/Developer/usr/bin:/Applications/Xcode.app/Contents/Developer/usr/local/bin:/usr/local/bin:/System/Cryptexes/App/usr/bin:/usr/bin:/bin:/usr/sbin:/sbin:/var/run/com.apple.security.cryptexd/codex.system/bootstrap/usr/local/bin:/var/run/com.apple.security.cryptexd/codex.system/bootstrap/usr/bin:/var/run/com.apple.security.cryptexd/codex.system/bootstrap/usr/appleinternal/bin:/Library/Apple/usr/bin:/opt/homebrew/bin
    export PATH_PREFIXES_EXCLUDED_FROM_HEADER_DEPENDENCIES\=/usr/include\ /usr/local/include\ /System/Library/Frameworks\ /System/Library/PrivateFrameworks\ /Applications/Xcode.app/Contents/Developer/Headers\ /Applications/Xcode.app/Contents/Developer/SDKs\ /Applications/Xcode.app/Contents/Developer/Platforms
    export PER_ARCH_MODULE_FILE_DIR\=/Users/kharyfiler/Library/Developer/Xcode/DerivedData/Gripah-gptnnpiwslcswlcpylqwkddqyprw/Build/Intermediates.noindex/Pods.build/Debug-iphonesimulator/StripeCore.build/Objects-normal/undefined_arch
    export PER_ARCH_OBJECT_FILE_DIR\=/Users/kharyfiler/Library/Developer/Xcode/DerivedData/Gripah-gptnnpiwslcswlcpylqwkddqyprw/Build/Intermediates.noindex/Pods.build/Debug-iphonesimulator/StripeCore.build/Objects-normal/undefined_arch
    export PER_VARIANT_OBJECT_FILE_DIR\=/Users/kharyfiler/Library/Developer/Xcode/DerivedData/Gripah-gptnnpiwslcswlcpylqwkddqyprw/Build/Intermediates.noindex/Pods.build/Debug-iphonesimulator/StripeCore.build/Objects-normal
    export PKGINFO_FILE_PATH\=/Users/kharyfiler/Library/Developer/Xcode/DerivedData/Gripah-gptnnpiwslcswlcpylqwkddqyprw/Build/Intermediates.noindex/Pods.build/Debug-iphonesimulator/StripeCore.build/PkgInfo
    export PLATFORM_DEVELOPER_APPLICATIONS_DIR\=/Applications/Xcode.app/Contents/Developer/Platforms/iPhoneSimulator.platform/Developer/Applications
    export PLATFORM_DEVELOPER_BIN_DIR\=/Applications/Xcode.app/Contents/Developer/Platforms/iPhoneSimulator.platform/Developer/usr/bin
    export PLATFORM_DEVELOPER_LIBRARY_DIR\=/Applications/Xcode.app/Contents/Developer/Platforms/iPhoneSimulator.platform/Developer/Library
    export PLATFORM_DEVELOPER_SDK_DIR\=/Applications/Xcode.app/Contents/Developer/Platforms/iPhoneSimulator.platform/Developer/SDKs
    export PLATFORM_DEVELOPER_TOOLS_DIR\=/Applications/Xcode.app/Contents/Developer/Platforms/iPhoneSimulator.platform/Developer/Tools
    export PLATFORM_DEVELOPER_USR_DIR\=/Applications/Xcode.app/Contents/Developer/Platforms/iPhoneSimulator.platform/Developer/usr
    export PLATFORM_DIR\=/Applications/Xcode.app/Contents/Developer/Platforms/iPhoneSimulator.platform
    export PLATFORM_DISPLAY_NAME\=iOS\ Simulator
    export PLATFORM_FAMILY_NAME\=iOS
    export PLATFORM_NAME\=iphonesimulator
    export PLATFORM_PREFERRED_ARCH\=x86_64
    export PLATFORM_PRODUCT_BUILD_VERSION\=23C53
    export PLATFORM_REQUIRES_SWIFT_AUTOLINK_EXTRACT\=NO
    export PLATFORM_REQUIRES_SWIFT_MODULEWRAP\=NO
    export PLIST_FILE_OUTPUT_FORMAT\=binary
    export PODS_BUILD_DIR\=/Users/kharyfiler/Library/Developer/Xcode/DerivedData/Gripah-gptnnpiwslcswlcpylqwkddqyprw/Build/Products
    export PODS_CONFIGURATION_BUILD_DIR\=/Users/kharyfiler/Library/Developer/Xcode/DerivedData/Gripah-gptnnpiwslcswlcpylqwkddqyprw/Build/Products/Debug-iphonesimulator
    export PODS_DEVELOPMENT_LANGUAGE\=en
    export PODS_ROOT\=/Users/kharyfiler/Documents/grip-claude/ios/Pods
    export PODS_TARGET_SRCROOT\=/Users/kharyfiler/Documents/grip-claude/ios/Pods/StripeCore
    export PODS_XCFRAMEWORKS_BUILD_DIR\=/Users/kharyfiler/Library/Developer/Xcode/DerivedData/Gripah-gptnnpiwslcswlcpylqwkddqyprw/Build/Products/Debug-iphonesimulator/XCFrameworkIntermediates
    export PRECOMPS_INCLUDE_HEADERS_FROM_BUILT_PRODUCTS_DIR\=YES
    export PRECOMP_DESTINATION_DIR\=/Users/kharyfiler/Library/Developer/Xcode/DerivedData/Gripah-gptnnpiwslcswlcpylqwkddqyprw/Build/Intermediates.noindex/Pods.build/Debug-iphonesimulator/StripeCore.build/PrefixHeaders
    export PROCESSED_INFOPLIST_PATH\=/Users/kharyfiler/Library/Developer/Xcode/DerivedData/Gripah-gptnnpiwslcswlcpylqwkddqyprw/Build/Intermediates.noindex/Pods.build/Debug-iphonesimulator/StripeCore.build/Objects-normal/undefined_arch/Processed-Info.plist
    export PRODUCT_BUNDLE_IDENTIFIER\=org.cocoapods.StripeCore
    export PRODUCT_MODULE_NAME\=StripeCore
    export PRODUCT_NAME\=StripeCore
    export PRODUCT_SETTINGS_PATH\=
    export PRODUCT_TYPE\=com.apple.product-type.library.static
    export PROFILING_CODE\=NO
    export PROJECT\=Pods
    export PROJECT_DERIVED_FILE_DIR\=/Users/kharyfiler/Library/Developer/Xcode/DerivedData/Gripah-gptnnpiwslcswlcpylqwkddqyprw/Build/Intermediates.noindex/Pods.build/DerivedSources
    export PROJECT_DIR\=/Users/kharyfiler/Documents/grip-claude/ios/Pods
    export PROJECT_FILE_PATH\=/Users/kharyfiler/Documents/grip-claude/ios/Pods/Pods.xcodeproj
    export PROJECT_GUID\=8699adb1dd336b26511df848a716bd42
    export PROJECT_NAME\=Pods
    export PROJECT_TEMP_DIR\=/Users/kharyfiler/Library/Developer/Xcode/DerivedData/Gripah-gptnnpiwslcswlcpylqwkddqyprw/Build/Intermediates.noindex/Pods.build
    export PROJECT_TEMP_ROOT\=/Users/kharyfiler/Library/Developer/Xcode/DerivedData/Gripah-gptnnpiwslcswlcpylqwkddqyprw/Build/Intermediates.noindex
    export REACT_NATIVE_PATH\=/Users/kharyfiler/Documents/grip-claude/ios/Pods/../../node_modules/react-native
    export RECOMMENDED_IPHONEOS_DEPLOYMENT_TARGET\=15.0
    export RECURSIVE_SEARCH_PATHS_FOLLOW_SYMLINKS\=YES
    export REMOVE_CVS_FROM_RESOURCES\=YES
    export REMOVE_GIT_FROM_RESOURCES\=YES
    export REMOVE_HEADERS_FROM_EMBEDDED_BUNDLES\=YES
    export REMOVE_HG_FROM_RESOURCES\=YES
    export REMOVE_STATIC_EXECUTABLES_FROM_EMBEDDED_BUNDLES\=YES
    export REMOVE_SVN_FROM_RESOURCES\=YES
    export RESCHEDULE_INDEPENDENT_HEADERS_PHASES\=YES
    export REZ_COLLECTOR_DIR\=/Users/kharyfiler/Library/Developer/Xcode/DerivedData/Gripah-gptnnpiwslcswlcpylqwkddqyprw/Build/Intermediates.noindex/Pods.build/Debug-iphonesimulator/StripeCore.build/ResourceManagerResources
    export REZ_EXECUTABLE\=YES
    export REZ_OBJECTS_DIR\=/Users/kharyfiler/Library/Developer/Xcode/DerivedData/Gripah-gptnnpiwslcswlcpylqwkddqyprw/Build/Intermediates.noindex/Pods.build/Debug-iphonesimulator/StripeCore.build/ResourceManagerResources/Objects
    export REZ_SEARCH_PATHS\=/Users/kharyfiler/Library/Developer/Xcode/DerivedData/Gripah-gptnnpiwslcswlcpylqwkddqyprw/Build/Products/Debug-iphonesimulator/StripeCore\ 
    export RUNTIME_EXCEPTION_ALLOW_DYLD_ENVIRONMENT_VARIABLES\=NO
    export RUNTIME_EXCEPTION_ALLOW_JIT\=NO
    export RUNTIME_EXCEPTION_ALLOW_UNSIGNED_EXECUTABLE_MEMORY\=NO
    export RUNTIME_EXCEPTION_DEBUGGING_TOOL\=NO
    export RUNTIME_EXCEPTION_DISABLE_EXECUTABLE_PAGE_PROTECTION\=NO
    export RUNTIME_EXCEPTION_DISABLE_LIBRARY_VALIDATION\=NO
    export SCAN_ALL_SOURCE_FILES_FOR_INCLUDES\=NO
    export SCRIPT_INPUT_FILE_0\=/Users/kharyfiler/Library/Developer/Xcode/DerivedData/Gripah-gptnnpiwslcswlcpylqwkddqyprw/Build/Intermediates.noindex/Pods.build/Debug-iphonesimulator/StripeCore.build/DerivedSources/StripeCore-Swift.h
    export SCRIPT_INPUT_FILE_1\=/Users/kharyfiler/Documents/grip-claude/ios/Pods/Headers/Public/StripeCore/StripeCore.modulemap
    export SCRIPT_INPUT_FILE_2\=/Users/kharyfiler/Documents/grip-claude/ios/Pods/Headers/Public/StripeCore/StripeCore-umbrella.h
    export SCRIPT_INPUT_FILE_COUNT\=3
    export SCRIPT_INPUT_FILE_LIST_COUNT\=0
    export SCRIPT_OUTPUT_FILE_0\=/Users/kharyfiler/Library/Developer/Xcode/DerivedData/Gripah-gptnnpiwslcswlcpylqwkddqyprw/Build/Products/Debug-iphonesimulator/StripeCore/StripeCore.modulemap
    export SCRIPT_OUTPUT_FILE_1\=/Users/kharyfiler/Library/Developer/Xcode/DerivedData/Gripah-gptnnpiwslcswlcpylqwkddqyprw/Build/Products/Debug-iphonesimulator/StripeCore/StripeCore-umbrella.h
    export SCRIPT_OUTPUT_FILE_2\=/Users/kharyfiler/Library/Developer/Xcode/DerivedData/Gripah-gptnnpiwslcswlcpylqwkddqyprw/Build/Products/Debug-iphonesimulator/StripeCore/Swift\ Compatibility\ Header/StripeCore-Swift.h
    export SCRIPT_OUTPUT_FILE_COUNT\=3
    export SCRIPT_OUTPUT_FILE_LIST_COUNT\=0
    export SDKROOT\=/Applications/Xcode.app/Contents/Developer/Platforms/iPhoneSimulator.platform/Developer/SDKs/iPhoneSimulator26.2.sdk
    export SDK_DIR\=/Applications/Xcode.app/Contents/Developer/Platforms/iPhoneSimulator.platform/Developer/SDKs/iPhoneSimulator26.2.sdk
    export SDK_DIR_iphonesimulator\=/Applications/Xcode.app/Contents/Developer/Platforms/iPhoneSimulator.platform/Developer/SDKs/iPhoneSimulator26.2.sdk
    export SDK_DIR_iphonesimulator26_2\=/Applications/Xcode.app/Contents/Developer/Platforms/iPhoneSimulator.platform/Developer/SDKs/iPhoneSimulator26.2.sdk
    export SDK_NAME\=iphonesimulator26.2
    export SDK_NAMES\=iphonesimulator26.2
    export SDK_PRODUCT_BUILD_VERSION\=23C53
    export SDK_STAT_CACHE_DIR\=/Users/kharyfiler/Library/Developer/Xcode/DerivedData
    export SDK_STAT_CACHE_ENABLE\=YES
    export SDK_STAT_CACHE_PATH\=/Users/kharyfiler/Library/Developer/Xcode/DerivedData/SDKStatCaches.noindex/iphonesimulator26.2-23C53-3885c01c3e6b6a337905948deab2002e7d00a8b37fbd7999ea79df8ebc024bf0.sdkstatcache
    export SDK_VERSION\=26.2
    export SDK_VERSION_ACTUAL\=260200
    export SDK_VERSION_MAJOR\=260000
    export SDK_VERSION_MINOR\=260200
    export SED\=/usr/bin/sed
    export SEPARATE_STRIP\=NO
    export SEPARATE_SYMBOL_EDIT\=NO
    export SET_DIR_MODE_OWNER_GROUP\=YES
    export SET_FILE_MODE_OWNER_GROUP\=NO
    export SHALLOW_BUNDLE\=NO
    export SHARED_DERIVED_FILE_DIR\=/Users/kharyfiler/Library/Developer/Xcode/DerivedData/Gripah-gptnnpiwslcswlcpylqwkddqyprw/Build/Products/Debug-iphonesimulator/StripeCore/DerivedSources
    export SHARED_PRECOMPS_DIR\=/Users/kharyfiler/Library/Developer/Xcode/DerivedData/Gripah-gptnnpiwslcswlcpylqwkddqyprw/Build/Intermediates.noindex/PrecompiledHeaders
    export SKIP_INSTALL\=YES
    export SOURCE_ROOT\=/Users/kharyfiler/Documents/grip-claude/ios/Pods
    export SRCROOT\=/Users/kharyfiler/Documents/grip-claude/ios/Pods
    export STRINGSDATA_DIR\=/Users/kharyfiler/Library/Developer/Xcode/DerivedData/Gripah-gptnnpiwslcswlcpylqwkddqyprw/Build/Intermediates.noindex/Pods.build/Debug-iphonesimulator/StripeCore.build/Objects-normal/undefined_arch
    export STRINGSDATA_ROOT\=/Users/kharyfiler/Library/Developer/Xcode/DerivedData/Gripah-gptnnpiwslcswlcpylqwkddqyprw/Build/Intermediates.noindex/Pods.build/Debug-iphonesimulator/StripeCore.build
    export STRINGS_FILE_INFOPLIST_RENAME\=YES
    export STRINGS_FILE_OUTPUT_ENCODING\=binary
    export STRING_CATALOG_GENERATE_SYMBOLS\=NO
    export STRIP_BITCODE_FROM_COPIED_FILES\=NO
    export STRIP_INSTALLED_PRODUCT\=NO
    export STRIP_STYLE\=debugging
    export STRIP_SWIFT_SYMBOLS\=YES
    export SUPPORTED_DEVICE_FAMILIES\=1,2
    export SUPPORTED_PLATFORMS\=iphoneos\ iphonesimulator
    export SUPPORTS_TEXT_BASED_API\=NO
    export SUPPRESS_WARNINGS\=NO
    export SWIFT_ACTIVE_COMPILATION_CONDITIONS\=\ DEBUG\ 
    export SWIFT_EMIT_CONST_VALUE_PROTOCOLS\=AppIntent\ EntityQuery\ AppEntity\ TransientEntity\ AppEnum\ AppShortcutProviding\ AppShortcutsProvider\ AnyResolverProviding\ AppIntentsPackage\ DynamicOptionsProvider\ _IntentValueRepresentable\ _AssistantIntentsProvider\ _GenerativeFunctionExtractable\ IntentValueQuery\ Resolver\ AppExtension\ ExtensionPointDefining
    export SWIFT_EMIT_LOC_STRINGS\=NO
    export SWIFT_ENABLE_EXPLICIT_MODULES\=YES
    export SWIFT_INSTALL_OBJC_HEADER\=YES
    export SWIFT_OPTIMIZATION_LEVEL\=-Onone
    export SWIFT_PLATFORM_TARGET_PREFIX\=ios
    export SWIFT_RESPONSE_FILE_PATH_normal_arm64\=/Users/kharyfiler/Library/Developer/Xcode/DerivedData/Gripah-gptnnpiwslcswlcpylqwkddqyprw/Build/Intermediates.noindex/Pods.build/Debug-iphonesimulator/StripeCore.build/Objects-normal/arm64/StripeCore.SwiftFileList
    export SWIFT_VERSION\=5.0
    export SYMROOT\=/Users/kharyfiler/Library/Developer/Xcode/DerivedData/Gripah-gptnnpiwslcswlcpylqwkddqyprw/Build/Products
    export SYSTEM_ADMIN_APPS_DIR\=/Applications/Utilities
    export SYSTEM_APPS_DIR\=/Applications
    export SYSTEM_CORE_SERVICES_DIR\=/System/Library/CoreServices
    export SYSTEM_DEMOS_DIR\=/Applications/Extras
    export SYSTEM_DEVELOPER_APPS_DIR\=/Applications/Xcode.app/Contents/Developer/Applications
    export SYSTEM_DEVELOPER_BIN_DIR\=/Applications/Xcode.app/Contents/Developer/usr/bin
    export SYSTEM_DEVELOPER_DEMOS_DIR\=/Applications/Xcode.app/Contents/Developer/Applications/Utilities/Built\ Examples
    export SYSTEM_DEVELOPER_DIR\=/Applications/Xcode.app/Contents/Developer
    export SYSTEM_DEVELOPER_DOC_DIR\=/Applications/Xcode.app/Contents/Developer/ADC\ Reference\ Library
    export SYSTEM_DEVELOPER_GRAPHICS_TOOLS_DIR\=/Applications/Xcode.app/Contents/Developer/Applications/Graphics\ Tools
    export SYSTEM_DEVELOPER_JAVA_TOOLS_DIR\=/Applications/Xcode.app/Contents/Developer/Applications/Java\ Tools
    export SYSTEM_DEVELOPER_PERFORMANCE_TOOLS_DIR\=/Applications/Xcode.app/Contents/Developer/Applications/Performance\ Tools
    export SYSTEM_DEVELOPER_RELEASENOTES_DIR\=/Applications/Xcode.app/Contents/Developer/ADC\ Reference\ Library/releasenotes
    export SYSTEM_DEVELOPER_TOOLS\=/Applications/Xcode.app/Contents/Developer/Tools
    export SYSTEM_DEVELOPER_TOOLS_DOC_DIR\=/Applications/Xcode.app/Contents/Developer/ADC\ Reference\ Library/documentation/DeveloperTools
    export SYSTEM_DEVELOPER_TOOLS_RELEASENOTES_DIR\=/Applications/Xcode.app/Contents/Developer/ADC\ Reference\ Library/releasenotes/DeveloperTools
    export SYSTEM_DEVELOPER_USR_DIR\=/Applications/Xcode.app/Contents/Developer/usr
    export SYSTEM_DEVELOPER_UTILITIES_DIR\=/Applications/Xcode.app/Contents/Developer/Applications/Utilities
    export SYSTEM_DEXT_INSTALL_PATH\=/System/Library/DriverExtensions
    export SYSTEM_DOCUMENTATION_DIR\=/Library/Documentation
    export SYSTEM_KEXT_INSTALL_PATH\=/System/Library/Extensions
    export SYSTEM_LIBRARY_DIR\=/System/Library
    export TAPI_DEMANGLE\=YES
    export TAPI_ENABLE_PROJECT_HEADERS\=NO
    export TAPI_LANGUAGE\=objective-c
    export TAPI_LANGUAGE_STANDARD\=compiler-default
    export TAPI_USE_SRCROOT\=YES
    export TAPI_VERIFY_MODE\=Pedantic
    export TARGETED_DEVICE_FAMILY\=1,2
    export TARGETNAME\=StripeCore
    export TARGET_BUILD_DIR\=/Users/kharyfiler/Library/Developer/Xcode/DerivedData/Gripah-gptnnpiwslcswlcpylqwkddqyprw/Build/Products/Debug-iphonesimulator/StripeCore
    export TARGET_NAME\=StripeCore
    export TARGET_TEMP_DIR\=/Users/kharyfiler/Library/Developer/Xcode/DerivedData/Gripah-gptnnpiwslcswlcpylqwkddqyprw/Build/Intermediates.noindex/Pods.build/Debug-iphonesimulator/StripeCore.build
    export TEMP_DIR\=/Users/kharyfiler/Library/Developer/Xcode/DerivedData/Gripah-gptnnpiwslcswlcpylqwkddqyprw/Build/Intermediates.noindex/Pods.build/Debug-iphonesimulator/StripeCore.build
    export TEMP_FILES_DIR\=/Users/kharyfiler/Library/Developer/Xcode/DerivedData/Gripah-gptnnpiwslcswlcpylqwkddqyprw/Build/Intermediates.noindex/Pods.build/Debug-iphonesimulator/StripeCore.build
    export TEMP_FILE_DIR\=/Users/kharyfiler/Library/Developer/Xcode/DerivedData/Gripah-gptnnpiwslcswlcpylqwkddqyprw/Build/Intermediates.noindex/Pods.build/Debug-iphonesimulator/StripeCore.build
    export TEMP_ROOT\=/Users/kharyfiler/Library/Developer/Xcode/DerivedData/Gripah-gptnnpiwslcswlcpylqwkddqyprw/Build/Intermediates.noindex
    export TEMP_SANDBOX_DIR\=/Users/kharyfiler/Library/Developer/Xcode/DerivedData/Gripah-gptnnpiwslcswlcpylqwkddqyprw/Build/Intermediates.noindex/TemporaryTaskSandboxes
    export TEST_FRAMEWORK_SEARCH_PATHS\=\ /Applications/Xcode.app/Contents/Developer/Platforms/iPhoneSimulator.platform/Developer/Library/Frameworks\ /Applications/Xcode.app/Contents/Developer/Platforms/iPhoneSimulator.platform/Developer/SDKs/iPhoneSimulator26.2.sdk/Developer/Library/Frameworks
    export TEST_LIBRARY_SEARCH_PATHS\=\ /Applications/Xcode.app/Contents/Developer/Platforms/iPhoneSimulator.platform/Developer/usr/lib
    export TOOLCHAINS\=com.apple.dt.toolchain.Metal.32023\ com.apple.dt.toolchain.XcodeDefault
    export TOOLCHAIN_DIR\=/var/run/com.apple.security.cryptexd/mnt/com.apple.MobileAsset.MetalToolchain-v17.3.48.0.eTPF2V/Metal.xctoolchain
    export TOOLCHAIN_VERSION\=32023
    export TREAT_MISSING_BASELINES_AS_TEST_FAILURES\=NO
    export TREAT_MISSING_SCRIPT_PHASE_OUTPUTS_AS_ERRORS\=NO
    export UID\=501
    export UNINSTALLED_PRODUCTS_DIR\=/Users/kharyfiler/Library/Developer/Xcode/DerivedData/Gripah-gptnnpiwslcswlcpylqwkddqyprw/Build/Intermediates.noindex/UninstalledProducts
    export UNSTRIPPED_PRODUCT\=NO
    export USER\=kharyfiler
    export USER_APPS_DIR\=/Users/kharyfiler/Applications
    export USER_LIBRARY_DIR\=/Users/kharyfiler/Library
    export USE_DYNAMIC_NO_PIC\=YES
    export USE_HEADERMAP\=YES
    export USE_HEADER_SYMLINKS\=NO
    export USE_HERMES\=true
    export USE_RECURSIVE_SCRIPT_INPUTS_IN_SCRIPT_PHASES\=YES
    export VALIDATE_DEVELOPMENT_ASSET_PATHS\=YES_ERROR
    export VALIDATE_PRODUCT\=NO
    export VALID_ARCHS\=arm64\ x86_64
    export VERBOSE_PBXCP\=NO
    export VERSION_INFO_BUILDER\=kharyfiler
    export VERSION_INFO_FILE\=StripeCore_vers.c
    export VERSION_INFO_STRING\=\"@\(\#\)PROGRAM:StripeCore\ \ PROJECT:Pods-\"
    export WORKSPACE_DIR\=/Users/kharyfiler/Documents/grip-claude/ios
    export WRAP_ASSET_PACKS_IN_SEPARATE_DIRECTORIES\=NO
    export XCODE_APP_SUPPORT_DIR\=/Applications/Xcode.app/Contents/Developer/Library/Xcode
    export XCODE_PRODUCT_BUILD_VERSION\=17C52
    export XCODE_VERSION_ACTUAL\=2620
    export XCODE_VERSION_MAJOR\=2600
    export XCODE_VERSION_MINOR\=2620
    export XPCSERVICES_FOLDER_PATH\=/XPCServices
    export YACC\=yacc
    export _DISCOVER_COMMAND_LINE_LINKER_INPUTS\=YES
    export _DISCOVER_COMMAND_LINE_LINKER_INPUTS_INCLUDE_WL\=YES
    export _LD_MULTIARCH\=YES
    export __DIAGNOSE_DEPRECATED_ARCHS\=YES
    export arch\=undefined_arch
    export variant\=normal
    /bin/sh -c /Users/kharyfiler/Library/Developer/Xcode/DerivedData/Gripah-gptnnpiwslcswlcpylqwkddqyprw/Build/Intermediates.noindex/Pods.build/Debug-iphonesimulator/StripeCore.build/Script-46EB2E0002F7E0.sh

PhaseScriptExecution Copy\ generated\ compatibility\ header /Users/kharyfiler/Library/Developer/Xcode/DerivedData/Gripah-gptnnpiwslcswlcpylqwkddqyprw/Build/Intermediates.noindex/Pods.build/Debug-iphonesimulator/JWTDecode.build/Script-46EB2E00020660.sh (in target 'JWTDecode' from project 'Pods')
    cd /Users/kharyfiler/Documents/grip-claude/ios/Pods
    export ACTION\=build
    export AD_HOC_CODE_SIGNING_ALLOWED\=YES
    export ALLOW_BUILD_REQUEST_OVERRIDES\=NO
    export ALLOW_TARGET_PLATFORM_SPECIALIZATION\=NO
    export ALTERNATE_GROUP\=staff
    export ALTERNATE_MODE\=u+w,go-w,a+rX
    export ALTERNATE_OWNER\=kharyfiler
    export ALTERNATIVE_DISTRIBUTION_WEB\=NO
    export ALWAYS_EMBED_SWIFT_STANDARD_LIBRARIES\=NO
    export ALWAYS_SEARCH_USER_PATHS\=NO
    export ALWAYS_USE_SEPARATE_HEADERMAPS\=NO
    export APPLICATION_EXTENSION_API_ONLY\=NO
    export APPLY_RULES_IN_COPY_FILES\=NO
    export APPLY_RULES_IN_COPY_HEADERS\=NO
    export APP_SHORTCUTS_ENABLE_FLEXIBLE_MATCHING\=YES
    export ARCHS\=arm64
    export ARCHS_STANDARD\=arm64\ x86_64
    export ARCHS_STANDARD_32_64_BIT\=arm64\ x86_64
    export ARCHS_STANDARD_64_BIT\=arm64\ x86_64
    export ARCHS_STANDARD_INCLUDING_64_BIT\=arm64\ x86_64
    export ARCHS_UNIVERSAL_IPHONE_OS\=arm64\ x86_64
    export AUTOMATICALLY_MERGE_DEPENDENCIES\=NO
    export AUTOMATION_APPLE_EVENTS\=NO
    export AVAILABLE_PLATFORMS\=android\ appletvos\ appletvsimulator\ driverkit\ iphoneos\ iphonesimulator\ macosx\ qnx\ watchos\ watchsimulator\ webassembly\ xros\ xrsimulator
    export BUILD_ACTIVE_RESOURCES_ONLY\=NO
    export BUILD_COMPONENTS\=headers\ build
    export BUILD_DIR\=/Users/kharyfiler/Library/Developer/Xcode/DerivedData/Gripah-gptnnpiwslcswlcpylqwkddqyprw/Build/Products
    export BUILD_LIBRARY_FOR_DISTRIBUTION\=NO
    export BUILD_ROOT\=/Users/kharyfiler/Library/Developer/Xcode/DerivedData/Gripah-gptnnpiwslcswlcpylqwkddqyprw/Build/Products
    export BUILD_STYLE\=
    export BUILD_VARIANTS\=normal
    export BUILT_PRODUCTS_DIR\=/Users/kharyfiler/Library/Developer/Xcode/DerivedData/Gripah-gptnnpiwslcswlcpylqwkddqyprw/Build/Products/Debug-iphonesimulator/JWTDecode
    export BUNDLE_CONTENTS_FOLDER_PATH_deep\=Contents/
    export BUNDLE_EXECUTABLE_FOLDER_NAME_deep\=MacOS
    export BUNDLE_EXTENSIONS_FOLDER_PATH\=Extensions
    export BUNDLE_FORMAT\=shallow
    export BUNDLE_FRAMEWORKS_FOLDER_PATH\=Frameworks
    export BUNDLE_PLUGINS_FOLDER_PATH\=PlugIns
    export BUNDLE_PRIVATE_HEADERS_FOLDER_PATH\=PrivateHeaders
    export BUNDLE_PUBLIC_HEADERS_FOLDER_PATH\=Headers
    export CACHE_ROOT\=/var/folders/bg/xv10_kk96gz_ck7t__bgt67c0000gn/C/com.apple.DeveloperTools/26.2-17C52/Xcode
    export CCHROOT\=/var/folders/bg/xv10_kk96gz_ck7t__bgt67c0000gn/C/com.apple.DeveloperTools/26.2-17C52/Xcode
    export CHMOD\=/bin/chmod
    export CHOWN\=/usr/sbin/chown
    export CLANG_ANALYZER_LOCALIZABILITY_NONLOCALIZED\=YES
    export CLANG_ANALYZER_NONNULL\=YES
    export CLANG_ANALYZER_NUMBER_OBJECT_CONVERSION\=YES_AGGRESSIVE
    export CLANG_CACHE_FINE_GRAINED_OUTPUTS\=YES
    export CLANG_CXX_LANGUAGE_STANDARD\=c++20
    export CLANG_CXX_LIBRARY\=libc++
    export CLANG_ENABLE_EXPLICIT_MODULES\=YES
    export CLANG_ENABLE_MODULES\=YES
    export CLANG_ENABLE_MODULE_DEBUGGING\=NO
    export CLANG_ENABLE_OBJC_ARC\=YES
    export CLANG_ENABLE_OBJC_WEAK\=NO
    export CLANG_MODULES_BUILD_SESSION_FILE\=/Users/kharyfiler/Library/Developer/Xcode/DerivedData/ModuleCache.noindex/Session.modulevalidation
    export CLANG_WARN_BLOCK_CAPTURE_AUTORELEASING\=YES
    export CLANG_WARN_BOOL_CONVERSION\=YES
    export CLANG_WARN_COMMA\=YES
    export CLANG_WARN_CONSTANT_CONVERSION\=YES
    export CLANG_WARN_DEPRECATED_OBJC_IMPLEMENTATIONS\=YES
    export CLANG_WARN_DIRECT_OBJC_ISA_USAGE\=YES_ERROR
    export CLANG_WARN_DOCUMENTATION_COMMENTS\=YES
    export CLANG_WARN_EMPTY_BODY\=YES
    export CLANG_WARN_ENUM_CONVERSION\=YES
    export CLANG_WARN_INFINITE_RECURSION\=YES
    export CLANG_WARN_INT_CONVERSION\=YES
    export CLANG_WARN_NON_LITERAL_NULL_CONVERSION\=YES
    export CLANG_WARN_OBJC_IMPLICIT_RETAIN_SELF\=YES
    export CLANG_WARN_OBJC_LITERAL_CONVERSION\=YES
    export CLANG_WARN_OBJC_ROOT_CLASS\=YES_ERROR
    export CLANG_WARN_QUOTED_INCLUDE_IN_FRAMEWORK_HEADER\=NO
    export CLANG_WARN_RANGE_LOOP_ANALYSIS\=YES
    export CLANG_WARN_STRICT_PROTOTYPES\=YES
    export CLANG_WARN_SUSPICIOUS_MOVE\=YES
    export CLANG_WARN_UNGUARDED_AVAILABILITY\=YES_AGGRESSIVE
    export CLANG_WARN_UNREACHABLE_CODE\=YES
    export CLANG_WARN__DUPLICATE_METHOD_MATCH\=YES
    export CLASS_FILE_DIR\=/Users/kharyfiler/Library/Developer/Xcode/DerivedData/Gripah-gptnnpiwslcswlcpylqwkddqyprw/Build/Intermediates.noindex/Pods.build/Debug-iphonesimulator/JWTDecode.build/JavaClasses
    export CLEAN_PRECOMPS\=YES
    export CLONE_HEADERS\=NO
    export CODESIGNING_FOLDER_PATH\=/Users/kharyfiler/Library/Developer/Xcode/DerivedData/Gripah-gptnnpiwslcswlcpylqwkddqyprw/Build/Products/Debug-iphonesimulator/JWTDecode/libJWTDecode.a
    export CODE_SIGNING_ALLOWED\=NO
    export CODE_SIGNING_REQUIRED\=YES
    export CODE_SIGN_CONTEXT_CLASS\=XCiPhoneSimulatorCodeSignContext
    export CODE_SIGN_IDENTITY\=-
    export CODE_SIGN_INJECT_BASE_ENTITLEMENTS\=YES
    export COLOR_DIAGNOSTICS\=NO
    export COMBINE_HIDPI_IMAGES\=NO
    export COMPILATION_CACHE_CAS_PATH\=/Users/kharyfiler/Library/Developer/Xcode/DerivedData/CompilationCache.noindex
    export COMPILATION_CACHE_KEEP_CAS_DIRECTORY\=YES
    export COMPILER_INDEX_STORE_ENABLE\=Default
    export COMPOSITE_SDK_DIRS\=/Users/kharyfiler/Library/Developer/Xcode/DerivedData/Gripah-gptnnpiwslcswlcpylqwkddqyprw/Build/Intermediates.noindex/CompositeSDKs
    export COMPRESS_PNG_FILES\=YES
    export CONFIGURATION\=Debug
    export CONFIGURATION_BUILD_DIR\=/Users/kharyfiler/Library/Developer/Xcode/DerivedData/Gripah-gptnnpiwslcswlcpylqwkddqyprw/Build/Products/Debug-iphonesimulator/JWTDecode
    export CONFIGURATION_TEMP_DIR\=/Users/kharyfiler/Library/Developer/Xcode/DerivedData/Gripah-gptnnpiwslcswlcpylqwkddqyprw/Build/Intermediates.noindex/Pods.build/Debug-iphonesimulator
    export COPYING_PRESERVES_HFS_DATA\=NO
    export COPY_HEADERS_RUN_UNIFDEF\=NO
    export COPY_PHASE_STRIP\=NO
    export CORRESPONDING_DEVICE_PLATFORM_DIR\=/Applications/Xcode.app/Contents/Developer/Platforms/iPhoneOS.platform
    export CORRESPONDING_DEVICE_PLATFORM_NAME\=iphoneos
    export CORRESPONDING_DEVICE_SDK_DIR\=/Applications/Xcode.app/Contents/Developer/Platforms/iPhoneOS.platform/Developer/SDKs/iPhoneOS26.2.sdk
    export CORRESPONDING_DEVICE_SDK_NAME\=iphoneos26.2
    export CP\=/bin/cp
    export CREATE_INFOPLIST_SECTION_IN_BINARY\=NO
    export CURRENT_ARCH\=undefined_arch
    export CURRENT_VARIANT\=normal
    export DEAD_CODE_STRIPPING\=YES
    export DEBUGGING_SYMBOLS\=YES
    export DEBUG_INFORMATION_FORMAT\=dwarf
    export DEBUG_INFORMATION_VERSION\=compiler-default
    export DEFAULT_COMPILER\=com.apple.compilers.llvm.clang.1_0
    export DEFAULT_DEXT_INSTALL_PATH\=/System/Library/DriverExtensions
    export DEFAULT_KEXT_INSTALL_PATH\=/System/Library/Extensions
    export DEFINES_MODULE\=NO
    export DEPLOYMENT_LOCATION\=NO
    export DEPLOYMENT_POSTPROCESSING\=NO
    export DEPLOYMENT_TARGET_SETTING_NAME\=IPHONEOS_DEPLOYMENT_TARGET
    export DEPLOYMENT_TARGET_SUGGESTED_VALUES\=12.0\ 12.1\ 12.2\ 12.3\ 12.4\ 13.0\ 13.1\ 13.2\ 13.3\ 13.4\ 13.5\ 13.6\ 14.0\ 14.1\ 14.2\ 14.3\ 14.4\ 14.5\ 14.6\ 14.7\ 15.0\ 15.1\ 15.2\ 15.3\ 15.4\ 15.5\ 15.6\ 16.0\ 16.1\ 16.2\ 16.3\ 16.4\ 16.5\ 16.6\ 17.0\ 17.1\ 17.2\ 17.3\ 17.4\ 17.5\ 17.6\ 18.0\ 18.1\ 18.2\ 18.3\ 18.4\ 18.5\ 18.6\ 26.0\ 26.1\ 26.2
    export DERIVED_FILES_DIR\=/Users/kharyfiler/Library/Developer/Xcode/DerivedData/Gripah-gptnnpiwslcswlcpylqwkddqyprw/Build/Intermediates.noindex/Pods.build/Debug-iphonesimulator/JWTDecode.build/DerivedSources
    export DERIVED_FILE_DIR\=/Users/kharyfiler/Library/Developer/Xcode/DerivedData/Gripah-gptnnpiwslcswlcpylqwkddqyprw/Build/Intermediates.noindex/Pods.build/Debug-iphonesimulator/JWTDecode.build/DerivedSources
    export DERIVED_SOURCES_DIR\=/Users/kharyfiler/Library/Developer/Xcode/DerivedData/Gripah-gptnnpiwslcswlcpylqwkddqyprw/Build/Intermediates.noindex/Pods.build/Debug-iphonesimulator/JWTDecode.build/DerivedSources
    export DEVELOPER_APPLICATIONS_DIR\=/Applications/Xcode.app/Contents/Developer/Applications
    export DEVELOPER_BIN_DIR\=/Applications/Xcode.app/Contents/Developer/usr/bin
    export DEVELOPER_DIR\=/Applications/Xcode.app/Contents/Developer
    export DEVELOPER_FRAMEWORKS_DIR\=/Applications/Xcode.app/Contents/Developer/Library/Frameworks
    export DEVELOPER_FRAMEWORKS_DIR_QUOTED\=/Applications/Xcode.app/Contents/Developer/Library/Frameworks
    export DEVELOPER_LIBRARY_DIR\=/Applications/Xcode.app/Contents/Developer/Library
    export DEVELOPER_SDK_DIR\=/Applications/Xcode.app/Contents/Developer/Platforms/MacOSX.platform/Developer/SDKs
    export DEVELOPER_TOOLS_DIR\=/Applications/Xcode.app/Contents/Developer/Tools
    export DEVELOPER_USR_DIR\=/Applications/Xcode.app/Contents/Developer/usr
    export DEVELOPMENT_LANGUAGE\=en
    export DIAGNOSE_MISSING_TARGET_DEPENDENCIES\=YES
    export DIFF\=/usr/bin/diff
    export DONT_GENERATE_INFOPLIST_FILE\=NO
    export DSTROOT\=/tmp/Pods.dst
    export DT_TOOLCHAIN_DIR\=/Applications/Xcode.app/Contents/Developer/Toolchains/XcodeDefault.xctoolchain
    export DWARF_DSYM_FILE_NAME\=libJWTDecode.a.dSYM
    export DWARF_DSYM_FILE_SHOULD_ACCOMPANY_PRODUCT\=NO
    export DWARF_DSYM_FOLDER_PATH\=/Users/kharyfiler/Library/Developer/Xcode/DerivedData/Gripah-gptnnpiwslcswlcpylqwkddqyprw/Build/Products/Debug-iphonesimulator/JWTDecode
    export DYNAMIC_LIBRARY_EXTENSION\=dylib
    export EAGER_COMPILATION_ALLOW_SCRIPTS\=NO
    export EAGER_LINKING\=NO
    export EFFECTIVE_PLATFORM_NAME\=-iphonesimulator
    export EMBEDDED_CONTENT_CONTAINS_SWIFT\=NO
    export EMBED_ASSET_PACKS_IN_PRODUCT_BUNDLE\=NO
    export ENABLE_APP_SANDBOX\=NO
    export ENABLE_CODE_COVERAGE\=YES
    export ENABLE_CPLUSPLUS_BOUNDS_SAFE_BUFFERS\=NO
    export ENABLE_C_BOUNDS_SAFETY\=NO
    export ENABLE_DEFAULT_HEADER_SEARCH_PATHS\=YES
    export ENABLE_DEFAULT_SEARCH_PATHS\=YES
    export ENABLE_ENHANCED_SECURITY\=NO
    export ENABLE_HARDENED_RUNTIME\=NO
    export ENABLE_HEADER_DEPENDENCIES\=YES
    export ENABLE_INCOMING_NETWORK_CONNECTIONS\=NO
    export ENABLE_MODULE_VERIFIER\=NO
    export ENABLE_ON_DEMAND_RESOURCES\=NO
    export ENABLE_OUTGOING_NETWORK_CONNECTIONS\=NO
    export ENABLE_POINTER_AUTHENTICATION\=NO
    export ENABLE_PREVIEWS\=NO
    export ENABLE_RESOURCE_ACCESS_AUDIO_INPUT\=NO
    export ENABLE_RESOURCE_ACCESS_BLUETOOTH\=NO
    export ENABLE_RESOURCE_ACCESS_CALENDARS\=NO
    export ENABLE_RESOURCE_ACCESS_CAMERA\=NO
    export ENABLE_RESOURCE_ACCESS_CONTACTS\=NO
    export ENABLE_RESOURCE_ACCESS_LOCATION\=NO
    export ENABLE_RESOURCE_ACCESS_PHOTO_LIBRARY\=NO
    export ENABLE_RESOURCE_ACCESS_PRINTING\=NO
    export ENABLE_RESOURCE_ACCESS_USB\=NO
    export ENABLE_SDK_IMPORTS\=NO
    export ENABLE_SECURITY_COMPILER_WARNINGS\=NO
    export ENABLE_STRICT_OBJC_MSGSEND\=YES
    export ENABLE_TESTABILITY\=YES
    export ENABLE_TESTING_SEARCH_PATHS\=NO
    export ENABLE_USER_SCRIPT_SANDBOXING\=NO
    export ENABLE_XOJIT_PREVIEWS\=YES
    export ENFORCE_VALID_ARCHS\=YES
    export ENTITLEMENTS_DESTINATION\=__entitlements
    export ENTITLEMENTS_REQUIRED\=YES
    export EXCLUDED_INSTALLSRC_SUBDIRECTORY_PATTERNS\=.DS_Store\ .svn\ .git\ .hg\ CVS
    export EXCLUDED_RECURSIVE_SEARCH_PATH_SUBDIRECTORIES\=\*.nib\ \*.lproj\ \*.framework\ \*.gch\ \*.xcode\*\ \*.xcassets\ \*.icon\ \(\*\)\ .DS_Store\ CVS\ .svn\ .git\ .hg\ \*.pbproj\ \*.pbxproj
    export EXECUTABLE_EXTENSION\=a
    export EXECUTABLE_NAME\=libJWTDecode.a
    export EXECUTABLE_PATH\=libJWTDecode.a
    export EXECUTABLE_PREFIX\=lib
    export EXECUTABLE_SUFFIX\=.a
    export FILE_LIST\=/Users/kharyfiler/Library/Developer/Xcode/DerivedData/Gripah-gptnnpiwslcswlcpylqwkddqyprw/Build/Intermediates.noindex/Pods.build/Debug-iphonesimulator/JWTDecode.build/Objects/LinkFileList
    export FIXED_FILES_DIR\=/Users/kharyfiler/Library/Developer/Xcode/DerivedData/Gripah-gptnnpiwslcswlcpylqwkddqyprw/Build/Intermediates.noindex/Pods.build/Debug-iphonesimulator/JWTDecode.build/FixedFiles
    export FRAMEWORK_FLAG_PREFIX\=-framework
    export FRAMEWORK_SEARCH_PATHS\=/Users/kharyfiler/Library/Developer/Xcode/DerivedData/Gripah-gptnnpiwslcswlcpylqwkddqyprw/Build/Products/Debug-iphonesimulator/JWTDecode\ 
    export FRAMEWORK_VERSION\=A
    export FULL_PRODUCT_NAME\=libJWTDecode.a
    export FUSE_BUILD_PHASES\=YES
    export FUSE_BUILD_SCRIPT_PHASES\=NO
    export GCC3_VERSION\=3.3
    export GCC_C_LANGUAGE_STANDARD\=gnu11
    export GCC_DYNAMIC_NO_PIC\=NO
    export GCC_NO_COMMON_BLOCKS\=YES
    export GCC_OBJC_LEGACY_DISPATCH\=YES
    export GCC_OPTIMIZATION_LEVEL\=0
    export GCC_PFE_FILE_C_DIALECTS\=c\ objective-c\ c++\ objective-c++
    export GCC_PREFIX_HEADER\=Target\ Support\ Files/JWTDecode/JWTDecode-prefix.pch
    export GCC_PREPROCESSOR_DEFINITIONS\=POD_CONFIGURATION_DEBUG\=1\ DEBUG\=1\ \ COCOAPODS\=1
    export GCC_TREAT_WARNINGS_AS_ERRORS\=NO
    export GCC_VERSION\=com.apple.compilers.llvm.clang.1_0
    export GCC_VERSION_IDENTIFIER\=com_apple_compilers_llvm_clang_1_0
    export GCC_WARN_64_TO_32_BIT_CONVERSION\=YES
    export GCC_WARN_ABOUT_RETURN_TYPE\=YES_ERROR
    export GCC_WARN_UNDECLARED_SELECTOR\=YES
    export GCC_WARN_UNINITIALIZED_AUTOS\=YES_AGGRESSIVE
    export GCC_WARN_UNUSED_FUNCTION\=YES
    export GCC_WARN_UNUSED_VARIABLE\=YES
    export GENERATED_MODULEMAP_DIR\=/Users/kharyfiler/Library/Developer/Xcode/DerivedData/Gripah-gptnnpiwslcswlcpylqwkddqyprw/Build/Intermediates.noindex/GeneratedModuleMaps-iphonesimulator
    export GENERATE_INFOPLIST_FILE\=NO
    export GENERATE_INTERMEDIATE_TEXT_BASED_STUBS\=YES
    export GENERATE_PKGINFO_FILE\=NO
    export GENERATE_PRELINK_OBJECT_FILE\=NO
    export GENERATE_PROFILING_CODE\=NO
    export GENERATE_TEXT_BASED_STUBS\=NO
    export GID\=20
    export GROUP\=staff
    export HEADERMAP_INCLUDES_FLAT_ENTRIES_FOR_TARGET_BEING_BUILT\=YES
    export HEADERMAP_INCLUDES_FRAMEWORK_ENTRIES_FOR_ALL_PRODUCT_TYPES\=YES
    export HEADERMAP_INCLUDES_FRAMEWORK_ENTRIES_FOR_TARGETS_NOT_BEING_BUILT\=YES
    export HEADERMAP_INCLUDES_NONPUBLIC_NONPRIVATE_HEADERS\=YES
    export HEADERMAP_INCLUDES_PROJECT_HEADERS\=YES
    export HEADERMAP_USES_FRAMEWORK_PREFIX_ENTRIES\=YES
    export HEADERMAP_USES_VFS\=NO
    export HEADER_SEARCH_PATHS\=/Users/kharyfiler/Library/Developer/Xcode/DerivedData/Gripah-gptnnpiwslcswlcpylqwkddqyprw/Build/Products/Debug-iphonesimulator/JWTDecode/include\ 
    export HOME\=/Users/kharyfiler
    export HOST_ARCH\=arm64
    export HOST_PLATFORM\=macosx
    export ICONV\=/usr/bin/iconv
    export IMPLICIT_DEPENDENCY_DOMAIN\=default
    export INFOPLIST_ENABLE_CFBUNDLEICONS_MERGE\=YES
    export INFOPLIST_EXPAND_BUILD_SETTINGS\=YES
    export INFOPLIST_OUTPUT_FORMAT\=binary
    export INFOPLIST_PREPROCESS\=NO
    export INLINE_PRIVATE_FRAMEWORKS\=NO
    export INSTALLAPI_IGNORE_SKIP_INSTALL\=YES
    export INSTALLHDRS_COPY_PHASE\=NO
    export INSTALLHDRS_SCRIPT_PHASE\=NO
    export INSTALL_DIR\=/tmp/Pods.dst/usr/local/lib
    export INSTALL_GROUP\=staff
    export INSTALL_MODE_FLAG\=u+w,go-w,a+rX
    export INSTALL_OWNER\=kharyfiler
    export INSTALL_PATH\=/usr/local/lib
    export INSTALL_ROOT\=/tmp/Pods.dst
    export IPHONEOS_DEPLOYMENT_TARGET\=15.1
    export IS_UNOPTIMIZED_BUILD\=YES
    export JAVAC_DEFAULT_FLAGS\=-J-Xms64m\ -J-XX:NewSize\=4M\ -J-Dfile.encoding\=UTF8
    export JAVA_APP_STUB\=/System/Library/Frameworks/JavaVM.framework/Resources/MacOS/JavaApplicationStub
    export JAVA_ARCHIVE_CLASSES\=YES
    export JAVA_ARCHIVE_TYPE\=JAR
    export JAVA_COMPILER\=/usr/bin/javac
    export JAVA_FRAMEWORK_RESOURCES_DIRS\=Resources
    export JAVA_JAR_FLAGS\=cv
    export JAVA_SOURCE_SUBDIR\=.
    export JAVA_USE_DEPENDENCIES\=YES
    export JAVA_ZIP_FLAGS\=-urg
    export JIKES_DEFAULT_FLAGS\=+E\ +OLDCSO
    export KEEP_PRIVATE_EXTERNS\=NO
    export LD_DEPENDENCY_INFO_FILE\=/Users/kharyfiler/Library/Developer/Xcode/DerivedData/Gripah-gptnnpiwslcswlcpylqwkddqyprw/Build/Intermediates.noindex/Pods.build/Debug-iphonesimulator/JWTDecode.build/Objects-normal/undefined_arch/JWTDecode_dependency_info.dat
    export LD_EXPORT_SYMBOLS\=YES
    export LD_GENERATE_MAP_FILE\=NO
    export LD_MAP_FILE_PATH\=/Users/kharyfiler/Library/Developer/Xcode/DerivedData/Gripah-gptnnpiwslcswlcpylqwkddqyprw/Build/Intermediates.noindex/Pods.build/Debug-iphonesimulator/JWTDecode.build/JWTDecode-LinkMap-normal-undefined_arch.txt
    export LD_NO_PIE\=NO
    export LD_QUOTE_LINKER_ARGUMENTS_FOR_COMPILER_DRIVER\=YES
    export LD_SHARED_CACHE_ELIGIBLE\=Automatic
    export LD_WARN_DUPLICATE_LIBRARIES\=NO
    export LD_WARN_UNUSED_DYLIBS\=NO
    export LEGACY_DEVELOPER_DIR\=/Applications/Xcode.app/Contents/PlugIns/Xcode3Core.ideplugin/Contents/SharedSupport/Developer
    export LEX\=lex
    export LIBRARY_DEXT_INSTALL_PATH\=/Library/DriverExtensions
    export LIBRARY_FLAG_NOSPACE\=YES
    export LIBRARY_FLAG_PREFIX\=-l
    export LIBRARY_KEXT_INSTALL_PATH\=/Library/Extensions
    export LIBRARY_SEARCH_PATHS\=/Users/kharyfiler/Library/Developer/Xcode/DerivedData/Gripah-gptnnpiwslcswlcpylqwkddqyprw/Build/Products/Debug-iphonesimulator/JWTDecode\ 
    export LINKER_DISPLAYS_MANGLED_NAMES\=NO
    export LINK_FILE_LIST_normal_arm64\=/Users/kharyfiler/Library/Developer/Xcode/DerivedData/Gripah-gptnnpiwslcswlcpylqwkddqyprw/Build/Intermediates.noindex/Pods.build/Debug-iphonesimulator/JWTDecode.build/Objects-normal/arm64/JWTDecode.LinkFileList
    export LINK_OBJC_RUNTIME\=YES
    export LINK_WITH_STANDARD_LIBRARIES\=YES
    export LLVM_TARGET_TRIPLE_OS_VERSION\=ios15.1
    export LLVM_TARGET_TRIPLE_SUFFIX\=-simulator
    export LLVM_TARGET_TRIPLE_VENDOR\=apple
    export LM_AUX_CONST_METADATA_LIST_PATH_normal_arm64\=/Users/kharyfiler/Library/Developer/Xcode/DerivedData/Gripah-gptnnpiwslcswlcpylqwkddqyprw/Build/Intermediates.noindex/Pods.build/Debug-iphonesimulator/JWTDecode.build/Objects-normal/arm64/JWTDecode.SwiftConstValuesFileList
    export LOCALIZATION_EXPORT_SUPPORTED\=YES
    export LOCALIZATION_PREFERS_STRING_CATALOGS\=NO
    export LOCALIZED_STRING_MACRO_NAMES\=NSLocalizedString\ CFCopyLocalizedString
    export LOCALIZED_STRING_SWIFTUI_SUPPORT\=YES
    export LOCAL_ADMIN_APPS_DIR\=/Applications/Utilities
    export LOCAL_APPS_DIR\=/Applications
    export LOCAL_DEVELOPER_DIR\=/Library/Developer
    export LOCAL_LIBRARY_DIR\=/Library
    export LOCROOT\=/Users/kharyfiler/Documents/grip-claude/ios/Pods
    export LOCSYMROOT\=/Users/kharyfiler/Documents/grip-claude/ios/Pods
    export MACH_O_TYPE\=staticlib
    export MAC_OS_X_PRODUCT_BUILD_VERSION\=24G419
    export MAC_OS_X_VERSION_ACTUAL\=150703
    export MAC_OS_X_VERSION_MAJOR\=150000
    export MAC_OS_X_VERSION_MINOR\=150700
    export MAKE_MERGEABLE\=NO
    export MERGEABLE_LIBRARY\=NO
    export MERGED_BINARY_TYPE\=none
    export MERGE_LINKED_LIBRARIES\=NO
    export METAL_LIBRARY_FILE_BASE\=default
    export METAL_LIBRARY_OUTPUT_DIR\=/Users/kharyfiler/Library/Developer/Xcode/DerivedData/Gripah-gptnnpiwslcswlcpylqwkddqyprw/Build/Products/Debug-iphonesimulator/JWTDecode/
    export MODULEMAP_FILE\=Headers/Public/JWTDecode/JWTDecode.modulemap
    export MODULE_CACHE_DIR\=/Users/kharyfiler/Library/Developer/Xcode/DerivedData/ModuleCache.noindex
    export MTL_ENABLE_DEBUG_INFO\=INCLUDE_SOURCE
    export MTL_FAST_MATH\=YES
    export NATIVE_ARCH\=arm64
    export NATIVE_ARCH_32_BIT\=arm
    export NATIVE_ARCH_64_BIT\=arm64
    export NATIVE_ARCH_ACTUAL\=arm64
    export NO_COMMON\=YES
    export OBJC_ABI_VERSION\=2
    export OBJECT_FILE_DIR\=/Users/kharyfiler/Library/Developer/Xcode/DerivedData/Gripah-gptnnpiwslcswlcpylqwkddqyprw/Build/Intermediates.noindex/Pods.build/Debug-iphonesimulator/JWTDecode.build/Objects
    export OBJECT_FILE_DIR_normal\=/Users/kharyfiler/Library/Developer/Xcode/DerivedData/Gripah-gptnnpiwslcswlcpylqwkddqyprw/Build/Intermediates.noindex/Pods.build/Debug-iphonesimulator/JWTDecode.build/Objects-normal
    export OBJROOT\=/Users/kharyfiler/Library/Developer/Xcode/DerivedData/Gripah-gptnnpiwslcswlcpylqwkddqyprw/Build/Intermediates.noindex
    export ONLY_ACTIVE_ARCH\=NO
    export OS\=MACOS
    export OSAC\=/usr/bin/osacompile
    export OTHER_SWIFT_FLAGS\=\ -D\ COCOAPODS\ -import-underlying-module\ -Xcc\ -fmodule-map-file\=\"/Users/kharyfiler/Documents/grip-claude/ios/Pods/Headers/Public/JWTDecode/JWTDecode.modulemap\"
    export PACKAGE_TYPE\=com.apple.package-type.static-library
    export PASCAL_STRINGS\=YES
    export PATH\=/Applications/Xcode.app/Contents/SharedFrameworks/SwiftBuild.framework/Versions/A/PlugIns/SWBBuildService.bundle/Contents/PlugIns/SWBUniversalPlatformPlugin.bundle/Contents/Frameworks/SWBUniversalPlatform.framework/Resources:/var/run/com.apple.security.cryptexd/mnt/com.apple.MobileAsset.MetalToolchain-v17.3.48.0.eTPF2V/Metal.xctoolchain/usr/bin:/var/run/com.apple.security.cryptexd/mnt/com.apple.MobileAsset.MetalToolchain-v17.3.48.0.eTPF2V/Metal.xctoolchain/usr/local/bin:/var/run/com.apple.security.cryptexd/mnt/com.apple.MobileAsset.MetalToolchain-v17.3.48.0.eTPF2V/Metal.xctoolchain/usr/libexec:/Applications/Xcode.app/Contents/Developer/Toolchains/XcodeDefault.xctoolchain/usr/bin:/Applications/Xcode.app/Contents/Developer/Toolchains/XcodeDefault.xctoolchain/usr/local/bin:/Applications/Xcode.app/Contents/Developer/Toolchains/XcodeDefault.xctoolchain/usr/libexec:/Applications/Xcode.app/Contents/Developer/Platforms/iPhoneSimulator.platform/usr/bin:/Applications/Xcode.app/Contents/Developer/Platforms/iPhoneSimulator.platform/usr/local/bin:/Applications/Xcode.app/Contents/Developer/Platforms/iPhoneSimulator.platform/Developer/usr/bin:/Applications/Xcode.app/Contents/Developer/Platforms/iPhoneSimulator.platform/Developer/usr/local/bin:/Applications/Xcode.app/Contents/Developer/usr/bin:/Applications/Xcode.app/Contents/Developer/usr/local/bin:/usr/local/bin:/System/Cryptexes/App/usr/bin:/usr/bin:/bin:/usr/sbin:/sbin:/var/run/com.apple.security.cryptexd/codex.system/bootstrap/usr/local/bin:/var/run/com.apple.security.cryptexd/codex.system/bootstrap/usr/bin:/var/run/com.apple.security.cryptexd/codex.system/bootstrap/usr/appleinternal/bin:/Library/Apple/usr/bin:/opt/homebrew/bin
    export PATH_PREFIXES_EXCLUDED_FROM_HEADER_DEPENDENCIES\=/usr/include\ /usr/local/include\ /System/Library/Frameworks\ /System/Library/PrivateFrameworks\ /Applications/Xcode.app/Contents/Developer/Headers\ /Applications/Xcode.app/Contents/Developer/SDKs\ /Applications/Xcode.app/Contents/Developer/Platforms
    export PER_ARCH_MODULE_FILE_DIR\=/Users/kharyfiler/Library/Developer/Xcode/DerivedData/Gripah-gptnnpiwslcswlcpylqwkddqyprw/Build/Intermediates.noindex/Pods.build/Debug-iphonesimulator/JWTDecode.build/Objects-normal/undefined_arch
    export PER_ARCH_OBJECT_FILE_DIR\=/Users/kharyfiler/Library/Developer/Xcode/DerivedData/Gripah-gptnnpiwslcswlcpylqwkddqyprw/Build/Intermediates.noindex/Pods.build/Debug-iphonesimulator/JWTDecode.build/Objects-normal/undefined_arch
    export PER_VARIANT_OBJECT_FILE_DIR\=/Users/kharyfiler/Library/Developer/Xcode/DerivedData/Gripah-gptnnpiwslcswlcpylqwkddqyprw/Build/Intermediates.noindex/Pods.build/Debug-iphonesimulator/JWTDecode.build/Objects-normal
    export PKGINFO_FILE_PATH\=/Users/kharyfiler/Library/Developer/Xcode/DerivedData/Gripah-gptnnpiwslcswlcpylqwkddqyprw/Build/Intermediates.noindex/Pods.build/Debug-iphonesimulator/JWTDecode.build/PkgInfo
    export PLATFORM_DEVELOPER_APPLICATIONS_DIR\=/Applications/Xcode.app/Contents/Developer/Platforms/iPhoneSimulator.platform/Developer/Applications
    export PLATFORM_DEVELOPER_BIN_DIR\=/Applications/Xcode.app/Contents/Developer/Platforms/iPhoneSimulator.platform/Developer/usr/bin
    export PLATFORM_DEVELOPER_LIBRARY_DIR\=/Applications/Xcode.app/Contents/Developer/Platforms/iPhoneSimulator.platform/Developer/Library
    export PLATFORM_DEVELOPER_SDK_DIR\=/Applications/Xcode.app/Contents/Developer/Platforms/iPhoneSimulator.platform/Developer/SDKs
    export PLATFORM_DEVELOPER_TOOLS_DIR\=/Applications/Xcode.app/Contents/Developer/Platforms/iPhoneSimulator.platform/Developer/Tools
    export PLATFORM_DEVELOPER_USR_DIR\=/Applications/Xcode.app/Contents/Developer/Platforms/iPhoneSimulator.platform/Developer/usr
    export PLATFORM_DIR\=/Applications/Xcode.app/Contents/Developer/Platforms/iPhoneSimulator.platform
    export PLATFORM_DISPLAY_NAME\=iOS\ Simulator
    export PLATFORM_FAMILY_NAME\=iOS
    export PLATFORM_NAME\=iphonesimulator
    export PLATFORM_PREFERRED_ARCH\=x86_64
    export PLATFORM_PRODUCT_BUILD_VERSION\=23C53
    export PLATFORM_REQUIRES_SWIFT_AUTOLINK_EXTRACT\=NO
    export PLATFORM_REQUIRES_SWIFT_MODULEWRAP\=NO
    export PLIST_FILE_OUTPUT_FORMAT\=binary
    export PODS_BUILD_DIR\=/Users/kharyfiler/Library/Developer/Xcode/DerivedData/Gripah-gptnnpiwslcswlcpylqwkddqyprw/Build/Products
    export PODS_CONFIGURATION_BUILD_DIR\=/Users/kharyfiler/Library/Developer/Xcode/DerivedData/Gripah-gptnnpiwslcswlcpylqwkddqyprw/Build/Products/Debug-iphonesimulator
    export PODS_DEVELOPMENT_LANGUAGE\=en
    export PODS_ROOT\=/Users/kharyfiler/Documents/grip-claude/ios/Pods
    export PODS_TARGET_SRCROOT\=/Users/kharyfiler/Documents/grip-claude/ios/Pods/JWTDecode
    export PODS_XCFRAMEWORKS_BUILD_DIR\=/Users/kharyfiler/Library/Developer/Xcode/DerivedData/Gripah-gptnnpiwslcswlcpylqwkddqyprw/Build/Products/Debug-iphonesimulator/XCFrameworkIntermediates
    export PRECOMPS_INCLUDE_HEADERS_FROM_BUILT_PRODUCTS_DIR\=YES
    export PRECOMP_DESTINATION_DIR\=/Users/kharyfiler/Library/Developer/Xcode/DerivedData/Gripah-gptnnpiwslcswlcpylqwkddqyprw/Build/Intermediates.noindex/Pods.build/Debug-iphonesimulator/JWTDecode.build/PrefixHeaders
    export PROCESSED_INFOPLIST_PATH\=/Users/kharyfiler/Library/Developer/Xcode/DerivedData/Gripah-gptnnpiwslcswlcpylqwkddqyprw/Build/Intermediates.noindex/Pods.build/Debug-iphonesimulator/JWTDecode.build/Objects-normal/undefined_arch/Processed-Info.plist
    export PRODUCT_BUNDLE_IDENTIFIER\=org.cocoapods.JWTDecode
    export PRODUCT_MODULE_NAME\=JWTDecode
    export PRODUCT_NAME\=JWTDecode
    export PRODUCT_SETTINGS_PATH\=
    export PRODUCT_TYPE\=com.apple.product-type.library.static
    export PROFILING_CODE\=NO
    export PROJECT\=Pods
    export PROJECT_DERIVED_FILE_DIR\=/Users/kharyfiler/Library/Developer/Xcode/DerivedData/Gripah-gptnnpiwslcswlcpylqwkddqyprw/Build/Intermediates.noindex/Pods.build/DerivedSources
    export PROJECT_DIR\=/Users/kharyfiler/Documents/grip-claude/ios/Pods
    export PROJECT_FILE_PATH\=/Users/kharyfiler/Documents/grip-claude/ios/Pods/Pods.xcodeproj
    export PROJECT_GUID\=8699adb1dd336b26511df848a716bd42
    export PROJECT_NAME\=Pods
    export PROJECT_TEMP_DIR\=/Users/kharyfiler/Library/Developer/Xcode/DerivedData/Gripah-gptnnpiwslcswlcpylqwkddqyprw/Build/Intermediates.noindex/Pods.build
    export PROJECT_TEMP_ROOT\=/Users/kharyfiler/Library/Developer/Xcode/DerivedData/Gripah-gptnnpiwslcswlcpylqwkddqyprw/Build/Intermediates.noindex
    export REACT_NATIVE_PATH\=/Users/kharyfiler/Documents/grip-claude/ios/Pods/../../node_modules/react-native
    export RECOMMENDED_IPHONEOS_DEPLOYMENT_TARGET\=15.0
    export RECURSIVE_SEARCH_PATHS_FOLLOW_SYMLINKS\=YES
    export REMOVE_CVS_FROM_RESOURCES\=YES
    export REMOVE_GIT_FROM_RESOURCES\=YES
    export REMOVE_HEADERS_FROM_EMBEDDED_BUNDLES\=YES
    export REMOVE_HG_FROM_RESOURCES\=YES
    export REMOVE_STATIC_EXECUTABLES_FROM_EMBEDDED_BUNDLES\=YES
    export REMOVE_SVN_FROM_RESOURCES\=YES
    export RESCHEDULE_INDEPENDENT_HEADERS_PHASES\=YES
    export REZ_COLLECTOR_DIR\=/Users/kharyfiler/Library/Developer/Xcode/DerivedData/Gripah-gptnnpiwslcswlcpylqwkddqyprw/Build/Intermediates.noindex/Pods.build/Debug-iphonesimulator/JWTDecode.build/ResourceManagerResources
    export REZ_EXECUTABLE\=YES
    export REZ_OBJECTS_DIR\=/Users/kharyfiler/Library/Developer/Xcode/DerivedData/Gripah-gptnnpiwslcswlcpylqwkddqyprw/Build/Intermediates.noindex/Pods.build/Debug-iphonesimulator/JWTDecode.build/ResourceManagerResources/Objects
    export REZ_SEARCH_PATHS\=/Users/kharyfiler/Library/Developer/Xcode/DerivedData/Gripah-gptnnpiwslcswlcpylqwkddqyprw/Build/Products/Debug-iphonesimulator/JWTDecode\ 
    export RUNTIME_EXCEPTION_ALLOW_DYLD_ENVIRONMENT_VARIABLES\=NO
    export RUNTIME_EXCEPTION_ALLOW_JIT\=NO
    export RUNTIME_EXCEPTION_ALLOW_UNSIGNED_EXECUTABLE_MEMORY\=NO
    export RUNTIME_EXCEPTION_DEBUGGING_TOOL\=NO
    export RUNTIME_EXCEPTION_DISABLE_EXECUTABLE_PAGE_PROTECTION\=NO
    export RUNTIME_EXCEPTION_DISABLE_LIBRARY_VALIDATION\=NO
    export SCAN_ALL_SOURCE_FILES_FOR_INCLUDES\=NO
    export SCRIPT_INPUT_FILE_0\=/Users/kharyfiler/Library/Developer/Xcode/DerivedData/Gripah-gptnnpiwslcswlcpylqwkddqyprw/Build/Intermediates.noindex/Pods.build/Debug-iphonesimulator/JWTDecode.build/DerivedSources/JWTDecode-Swift.h
    export SCRIPT_INPUT_FILE_1\=/Users/kharyfiler/Documents/grip-claude/ios/Pods/Headers/Public/JWTDecode/JWTDecode.modulemap
    export SCRIPT_INPUT_FILE_2\=/Users/kharyfiler/Documents/grip-claude/ios/Pods/Headers/Public/JWTDecode/JWTDecode-umbrella.h
    export SCRIPT_INPUT_FILE_COUNT\=3
    export SCRIPT_INPUT_FILE_LIST_COUNT\=0
    export SCRIPT_OUTPUT_FILE_0\=/Users/kharyfiler/Library/Developer/Xcode/DerivedData/Gripah-gptnnpiwslcswlcpylqwkddqyprw/Build/Products/Debug-iphonesimulator/JWTDecode/JWTDecode.modulemap
    export SCRIPT_OUTPUT_FILE_1\=/Users/kharyfiler/Library/Developer/Xcode/DerivedData/Gripah-gptnnpiwslcswlcpylqwkddqyprw/Build/Products/Debug-iphonesimulator/JWTDecode/JWTDecode-umbrella.h
    export SCRIPT_OUTPUT_FILE_2\=/Users/kharyfiler/Library/Developer/Xcode/DerivedData/Gripah-gptnnpiwslcswlcpylqwkddqyprw/Build/Products/Debug-iphonesimulator/JWTDecode/Swift\ Compatibility\ Header/JWTDecode-Swift.h
    export SCRIPT_OUTPUT_FILE_COUNT\=3
    export SCRIPT_OUTPUT_FILE_LIST_COUNT\=0
    export SDKROOT\=/Applications/Xcode.app/Contents/Developer/Platforms/iPhoneSimulator.platform/Developer/SDKs/iPhoneSimulator26.2.sdk
    export SDK_DIR\=/Applications/Xcode.app/Contents/Developer/Platforms/iPhoneSimulator.platform/Developer/SDKs/iPhoneSimulator26.2.sdk
    export SDK_DIR_iphonesimulator\=/Applications/Xcode.app/Contents/Developer/Platforms/iPhoneSimulator.platform/Developer/SDKs/iPhoneSimulator26.2.sdk
    export SDK_DIR_iphonesimulator26_2\=/Applications/Xcode.app/Contents/Developer/Platforms/iPhoneSimulator.platform/Developer/SDKs/iPhoneSimulator26.2.sdk
    export SDK_NAME\=iphonesimulator26.2
    export SDK_NAMES\=iphonesimulator26.2
    export SDK_PRODUCT_BUILD_VERSION\=23C53
    export SDK_STAT_CACHE_DIR\=/Users/kharyfiler/Library/Developer/Xcode/DerivedData
    export SDK_STAT_CACHE_ENABLE\=YES
    export SDK_STAT_CACHE_PATH\=/Users/kharyfiler/Library/Developer/Xcode/DerivedData/SDKStatCaches.noindex/iphonesimulator26.2-23C53-3885c01c3e6b6a337905948deab2002e7d00a8b37fbd7999ea79df8ebc024bf0.sdkstatcache
    export SDK_VERSION\=26.2
    export SDK_VERSION_ACTUAL\=260200
    export SDK_VERSION_MAJOR\=260000
    export SDK_VERSION_MINOR\=260200
    export SED\=/usr/bin/sed
    export SEPARATE_STRIP\=NO
    export SEPARATE_SYMBOL_EDIT\=NO
    export SET_DIR_MODE_OWNER_GROUP\=YES
    export SET_FILE_MODE_OWNER_GROUP\=NO
    export SHALLOW_BUNDLE\=NO
    export SHARED_DERIVED_FILE_DIR\=/Users/kharyfiler/Library/Developer/Xcode/DerivedData/Gripah-gptnnpiwslcswlcpylqwkddqyprw/Build/Products/Debug-iphonesimulator/JWTDecode/DerivedSources
    export SHARED_PRECOMPS_DIR\=/Users/kharyfiler/Library/Developer/Xcode/DerivedData/Gripah-gptnnpiwslcswlcpylqwkddqyprw/Build/Intermediates.noindex/PrecompiledHeaders
    export SKIP_INSTALL\=YES
    export SOURCE_ROOT\=/Users/kharyfiler/Documents/grip-claude/ios/Pods
    export SRCROOT\=/Users/kharyfiler/Documents/grip-claude/ios/Pods
    export STRINGSDATA_DIR\=/Users/kharyfiler/Library/Developer/Xcode/DerivedData/Gripah-gptnnpiwslcswlcpylqwkddqyprw/Build/Intermediates.noindex/Pods.build/Debug-iphonesimulator/JWTDecode.build/Objects-normal/undefined_arch
    export STRINGSDATA_ROOT\=/Users/kharyfiler/Library/Developer/Xcode/DerivedData/Gripah-gptnnpiwslcswlcpylqwkddqyprw/Build/Intermediates.noindex/Pods.build/Debug-iphonesimulator/JWTDecode.build
    export STRINGS_FILE_INFOPLIST_RENAME\=YES
    export STRINGS_FILE_OUTPUT_ENCODING\=binary
    export STRING_CATALOG_GENERATE_SYMBOLS\=NO
    export STRIP_BITCODE_FROM_COPIED_FILES\=NO
    export STRIP_INSTALLED_PRODUCT\=NO
    export STRIP_STYLE\=debugging
    export STRIP_SWIFT_SYMBOLS\=YES
    export SUPPORTED_DEVICE_FAMILIES\=1,2
    export SUPPORTED_PLATFORMS\=iphoneos\ iphonesimulator
    export SUPPORTS_TEXT_BASED_API\=NO
    export SUPPRESS_WARNINGS\=NO
    export SWIFT_ACTIVE_COMPILATION_CONDITIONS\=\ DEBUG\ 
    export SWIFT_EMIT_CONST_VALUE_PROTOCOLS\=AppIntent\ EntityQuery\ AppEntity\ TransientEntity\ AppEnum\ AppShortcutProviding\ AppShortcutsProvider\ AnyResolverProviding\ AppIntentsPackage\ DynamicOptionsProvider\ _IntentValueRepresentable\ _AssistantIntentsProvider\ _GenerativeFunctionExtractable\ IntentValueQuery\ Resolver\ AppExtension\ ExtensionPointDefining
    export SWIFT_EMIT_LOC_STRINGS\=NO
    export SWIFT_ENABLE_EXPLICIT_MODULES\=YES
    export SWIFT_INSTALL_OBJC_HEADER\=YES
    export SWIFT_OPTIMIZATION_LEVEL\=-Onone
    export SWIFT_PLATFORM_TARGET_PREFIX\=ios
    export SWIFT_RESPONSE_FILE_PATH_normal_arm64\=/Users/kharyfiler/Library/Developer/Xcode/DerivedData/Gripah-gptnnpiwslcswlcpylqwkddqyprw/Build/Intermediates.noindex/Pods.build/Debug-iphonesimulator/JWTDecode.build/Objects-normal/arm64/JWTDecode.SwiftFileList
    export SWIFT_VERSION\=5.9
    export SYMROOT\=/Users/kharyfiler/Library/Developer/Xcode/DerivedData/Gripah-gptnnpiwslcswlcpylqwkddqyprw/Build/Products
    export SYSTEM_ADMIN_APPS_DIR\=/Applications/Utilities
    export SYSTEM_APPS_DIR\=/Applications
    export SYSTEM_CORE_SERVICES_DIR\=/System/Library/CoreServices
    export SYSTEM_DEMOS_DIR\=/Applications/Extras
    export SYSTEM_DEVELOPER_APPS_DIR\=/Applications/Xcode.app/Contents/Developer/Applications
    export SYSTEM_DEVELOPER_BIN_DIR\=/Applications/Xcode.app/Contents/Developer/usr/bin
    export SYSTEM_DEVELOPER_DEMOS_DIR\=/Applications/Xcode.app/Contents/Developer/Applications/Utilities/Built\ Examples
    export SYSTEM_DEVELOPER_DIR\=/Applications/Xcode.app/Contents/Developer
    export SYSTEM_DEVELOPER_DOC_DIR\=/Applications/Xcode.app/Contents/Developer/ADC\ Reference\ Library
    export SYSTEM_DEVELOPER_GRAPHICS_TOOLS_DIR\=/Applications/Xcode.app/Contents/Developer/Applications/Graphics\ Tools
    export SYSTEM_DEVELOPER_JAVA_TOOLS_DIR\=/Applications/Xcode.app/Contents/Developer/Applications/Java\ Tools
    export SYSTEM_DEVELOPER_PERFORMANCE_TOOLS_DIR\=/Applications/Xcode.app/Contents/Developer/Applications/Performance\ Tools
    export SYSTEM_DEVELOPER_RELEASENOTES_DIR\=/Applications/Xcode.app/Contents/Developer/ADC\ Reference\ Library/releasenotes
    export SYSTEM_DEVELOPER_TOOLS\=/Applications/Xcode.app/Contents/Developer/Tools
    export SYSTEM_DEVELOPER_TOOLS_DOC_DIR\=/Applications/Xcode.app/Contents/Developer/ADC\ Reference\ Library/documentation/DeveloperTools
    export SYSTEM_DEVELOPER_TOOLS_RELEASENOTES_DIR\=/Applications/Xcode.app/Contents/Developer/ADC\ Reference\ Library/releasenotes/DeveloperTools
    export SYSTEM_DEVELOPER_USR_DIR\=/Applications/Xcode.app/Contents/Developer/usr
    export SYSTEM_DEVELOPER_UTILITIES_DIR\=/Applications/Xcode.app/Contents/Developer/Applications/Utilities
    export SYSTEM_DEXT_INSTALL_PATH\=/System/Library/DriverExtensions
    export SYSTEM_DOCUMENTATION_DIR\=/Library/Documentation
    export SYSTEM_KEXT_INSTALL_PATH\=/System/Library/Extensions
    export SYSTEM_LIBRARY_DIR\=/System/Library
    export TAPI_DEMANGLE\=YES
    export TAPI_ENABLE_PROJECT_HEADERS\=NO
    export TAPI_LANGUAGE\=objective-c
    export TAPI_LANGUAGE_STANDARD\=compiler-default
    export TAPI_USE_SRCROOT\=YES
    export TAPI_VERIFY_MODE\=Pedantic
    export TARGETED_DEVICE_FAMILY\=1,2
    export TARGETNAME\=JWTDecode
    export TARGET_BUILD_DIR\=/Users/kharyfiler/Library/Developer/Xcode/DerivedData/Gripah-gptnnpiwslcswlcpylqwkddqyprw/Build/Products/Debug-iphonesimulator/JWTDecode
    export TARGET_NAME\=JWTDecode
    export TARGET_TEMP_DIR\=/Users/kharyfiler/Library/Developer/Xcode/DerivedData/Gripah-gptnnpiwslcswlcpylqwkddqyprw/Build/Intermediates.noindex/Pods.build/Debug-iphonesimulator/JWTDecode.build
    export TEMP_DIR\=/Users/kharyfiler/Library/Developer/Xcode/DerivedData/Gripah-gptnnpiwslcswlcpylqwkddqyprw/Build/Intermediates.noindex/Pods.build/Debug-iphonesimulator/JWTDecode.build
    export TEMP_FILES_DIR\=/Users/kharyfiler/Library/Developer/Xcode/DerivedData/Gripah-gptnnpiwslcswlcpylqwkddqyprw/Build/Intermediates.noindex/Pods.build/Debug-iphonesimulator/JWTDecode.build
    export TEMP_FILE_DIR\=/Users/kharyfiler/Library/Developer/Xcode/DerivedData/Gripah-gptnnpiwslcswlcpylqwkddqyprw/Build/Intermediates.noindex/Pods.build/Debug-iphonesimulator/JWTDecode.build
    export TEMP_ROOT\=/Users/kharyfiler/Library/Developer/Xcode/DerivedData/Gripah-gptnnpiwslcswlcpylqwkddqyprw/Build/Intermediates.noindex
    export TEMP_SANDBOX_DIR\=/Users/kharyfiler/Library/Developer/Xcode/DerivedData/Gripah-gptnnpiwslcswlcpylqwkddqyprw/Build/Intermediates.noindex/TemporaryTaskSandboxes
    export TEST_FRAMEWORK_SEARCH_PATHS\=\ /Applications/Xcode.app/Contents/Developer/Platforms/iPhoneSimulator.platform/Developer/Library/Frameworks\ /Applications/Xcode.app/Contents/Developer/Platforms/iPhoneSimulator.platform/Developer/SDKs/iPhoneSimulator26.2.sdk/Developer/Library/Frameworks
    export TEST_LIBRARY_SEARCH_PATHS\=\ /Applications/Xcode.app/Contents/Developer/Platforms/iPhoneSimulator.platform/Developer/usr/lib
    export TOOLCHAINS\=com.apple.dt.toolchain.Metal.32023\ com.apple.dt.toolchain.XcodeDefault
    export TOOLCHAIN_DIR\=/var/run/com.apple.security.cryptexd/mnt/com.apple.MobileAsset.MetalToolchain-v17.3.48.0.eTPF2V/Metal.xctoolchain
    export TOOLCHAIN_VERSION\=32023
    export TREAT_MISSING_BASELINES_AS_TEST_FAILURES\=NO
    export TREAT_MISSING_SCRIPT_PHASE_OUTPUTS_AS_ERRORS\=NO
    export UID\=501
    export UNINSTALLED_PRODUCTS_DIR\=/Users/kharyfiler/Library/Developer/Xcode/DerivedData/Gripah-gptnnpiwslcswlcpylqwkddqyprw/Build/Intermediates.noindex/UninstalledProducts
    export UNSTRIPPED_PRODUCT\=NO
    export USER\=kharyfiler
    export USER_APPS_DIR\=/Users/kharyfiler/Applications
    export USER_LIBRARY_DIR\=/Users/kharyfiler/Library
    export USE_DYNAMIC_NO_PIC\=YES
    export USE_HEADERMAP\=YES
    export USE_HEADER_SYMLINKS\=NO
    export USE_HERMES\=true
    export USE_RECURSIVE_SCRIPT_INPUTS_IN_SCRIPT_PHASES\=YES
    export VALIDATE_DEVELOPMENT_ASSET_PATHS\=YES_ERROR
    export VALIDATE_PRODUCT\=NO
    export VALID_ARCHS\=arm64\ x86_64
    export VERBOSE_PBXCP\=NO
    export VERSION_INFO_BUILDER\=kharyfiler
    export VERSION_INFO_FILE\=JWTDecode_vers.c
    export VERSION_INFO_STRING\=\"@\(\#\)PROGRAM:JWTDecode\ \ PROJECT:Pods-\"
    export WORKSPACE_DIR\=/Users/kharyfiler/Documents/grip-claude/ios
    export WRAP_ASSET_PACKS_IN_SEPARATE_DIRECTORIES\=NO
    export XCODE_APP_SUPPORT_DIR\=/Applications/Xcode.app/Contents/Developer/Library/Xcode
    export XCODE_PRODUCT_BUILD_VERSION\=17C52
    export XCODE_VERSION_ACTUAL\=2620
    export XCODE_VERSION_MAJOR\=2600
    export XCODE_VERSION_MINOR\=2620
    export XPCSERVICES_FOLDER_PATH\=/XPCServices
    export YACC\=yacc
    export _DISCOVER_COMMAND_LINE_LINKER_INPUTS\=YES
    export _DISCOVER_COMMAND_LINE_LINKER_INPUTS_INCLUDE_WL\=YES
    export _LD_MULTIARCH\=YES
    export __DIAGNOSE_DEPRECATED_ARCHS\=YES
    export arch\=undefined_arch
    export variant\=normal
    /bin/sh -c /Users/kharyfiler/Library/Developer/Xcode/DerivedData/Gripah-gptnnpiwslcswlcpylqwkddqyprw/Build/Intermediates.noindex/Pods.build/Debug-iphonesimulator/JWTDecode.build/Script-46EB2E00020660.sh

PhaseScriptExecution [CP]\ Copy\ XCFrameworks /Users/kharyfiler/Library/Developer/Xcode/DerivedData/Gripah-gptnnpiwslcswlcpylqwkddqyprw/Build/Intermediates.noindex/Pods.build/Debug-iphonesimulator/GoogleUserMessagingPlatform.build/Script-46EB2E000387F0.sh (in target 'GoogleUserMessagingPlatform' from project 'Pods')
    cd /Users/kharyfiler/Documents/grip-claude/ios/Pods
    /bin/sh -c /Users/kharyfiler/Library/Developer/Xcode/DerivedData/Gripah-gptnnpiwslcswlcpylqwkddqyprw/Build/Intermediates.noindex/Pods.build/Debug-iphonesimulator/GoogleUserMessagingPlatform.build/Script-46EB2E000387F0.sh
Selected xcframework slice ios-arm64_x86_64-simulator
rsync --delete -av --filter P .*.?????? --links --filter "- CVS/" --filter "- .svn/" --filter "- .git/" --filter "- .hg/" "/Users/kharyfiler/Documents/grip-claude/ios/Pods/GoogleUserMessagingPlatform/Frameworks/Release/UserMessagingPlatform.xcframework/ios-arm64_x86_64-simulator/*" "/Users/kharyfiler/Library/Developer/Xcode/DerivedData/Gripah-gptnnpiwslcswlcpylqwkddqyprw/Build/Products/Debug-iphonesimulator/XCFrameworkIntermediates/GoogleUserMessagingPlatform"
Transfer starting: 13 files

sent 1105 bytes  received 20 bytes  1022727 bytes/sec
total size is 348906  speedup is 310.14
Copied /Users/kharyfiler/Documents/grip-claude/ios/Pods/GoogleUserMessagingPlatform/Frameworks/Release/UserMessagingPlatform.xcframework/ios-arm64_x86_64-simulator to /Users/kharyfiler/Library/Developer/Xcode/DerivedData/Gripah-gptnnpiwslcswlcpylqwkddqyprw/Build/Products/Debug-iphonesimulator/XCFrameworkIntermediates/GoogleUserMessagingPlatform

PhaseScriptExecution [CP]\ Copy\ XCFrameworks /Users/kharyfiler/Library/Developer/Xcode/DerivedData/Gripah-gptnnpiwslcswlcpylqwkddqyprw/Build/Intermediates.noindex/Pods.build/Debug-iphonesimulator/hermes-engine.build/Script-46EB2E00038820.sh (in target 'hermes-engine' from project 'Pods')
    cd /Users/kharyfiler/Documents/grip-claude/ios/Pods
    /bin/sh -c /Users/kharyfiler/Library/Developer/Xcode/DerivedData/Gripah-gptnnpiwslcswlcpylqwkddqyprw/Build/Intermediates.noindex/Pods.build/Debug-iphonesimulator/hermes-engine.build/Script-46EB2E00038820.sh
Selected xcframework slice ios-arm64_x86_64-simulator
rsync --delete -av --filter P .*.?????? --links --filter "- CVS/" --filter "- .svn/" --filter "- .git/" --filter "- .hg/" "/Users/kharyfiler/Documents/grip-claude/ios/Pods/hermes-engine/destroot/Library/Frameworks/universal/hermes.xcframework/ios-arm64_x86_64-simulator/*" "/Users/kharyfiler/Library/Developer/Xcode/DerivedData/Gripah-gptnnpiwslcswlcpylqwkddqyprw/Build/Products/Debug-iphonesimulator/XCFrameworkIntermediates/hermes-engine/Pre-built"
Transfer starting: 3 files

sent 256 bytes  received 20 bytes  250909 bytes/sec
total size is 13801546  speedup is 50005.42
Copied /Users/kharyfiler/Documents/grip-claude/ios/Pods/hermes-engine/destroot/Library/Frameworks/universal/hermes.xcframework/ios-arm64_x86_64-simulator to /Users/kharyfiler/Library/Developer/Xcode/DerivedData/Gripah-gptnnpiwslcswlcpylqwkddqyprw/Build/Products/Debug-iphonesimulator/XCFrameworkIntermediates/hermes-engine/Pre-built

ProcessInfoPlistFile /Users/kharyfiler/Library/Developer/Xcode/DerivedData/Gripah-gptnnpiwslcswlcpylqwkddqyprw/Build/Products/Debug-iphonesimulator/expo-dev-launcher/EXDevLauncher.bundle/Info.plist /Users/kharyfiler/Documents/grip-claude/ios/Pods/Target\ Support\ Files/expo-dev-launcher/ResourceBundle-EXDevLauncher-expo-dev-launcher-Info.plist (in target 'expo-dev-launcher-EXDevLauncher' from project 'Pods')
    cd /Users/kharyfiler/Documents/grip-claude/ios/Pods
    builtin-infoPlistUtility /Users/kharyfiler/Documents/grip-claude/ios/Pods/Target\ Support\ Files/expo-dev-launcher/ResourceBundle-EXDevLauncher-expo-dev-launcher-Info.plist -producttype com.apple.product-type.bundle -expandbuildsettings -format binary -platform iphonesimulator -additionalcontentfile /Users/kharyfiler/Library/Developer/Xcode/DerivedData/Gripah-gptnnpiwslcswlcpylqwkddqyprw/Build/Intermediates.noindex/Pods.build/Debug-iphonesimulator/expo-dev-launcher-EXDevLauncher.build/assetcatalog_generated_info.plist -o /Users/kharyfiler/Library/Developer/Xcode/DerivedData/Gripah-gptnnpiwslcswlcpylqwkddqyprw/Build/Products/Debug-iphonesimulator/expo-dev-launcher/EXDevLauncher.bundle/Info.plist

ProcessInfoPlistFile /Users/kharyfiler/Library/Developer/Xcode/DerivedData/Gripah-gptnnpiwslcswlcpylqwkddqyprw/Build/Products/Debug-iphonesimulator/StripePaymentsUI/StripePaymentsUIBundle.bundle/Info.plist /Users/kharyfiler/Documents/grip-claude/ios/Pods/Target\ Support\ Files/StripePaymentsUI/ResourceBundle-StripePaymentsUIBundle-StripePaymentsUI-Info.plist (in target 'StripePaymentsUI-StripePaymentsUIBundle' from project 'Pods')
    cd /Users/kharyfiler/Documents/grip-claude/ios/Pods
    builtin-infoPlistUtility /Users/kharyfiler/Documents/grip-claude/ios/Pods/Target\ Support\ Files/StripePaymentsUI/ResourceBundle-StripePaymentsUIBundle-StripePaymentsUI-Info.plist -producttype com.apple.product-type.bundle -expandbuildsettings -format binary -platform iphonesimulator -additionalcontentfile /Users/kharyfiler/Library/Developer/Xcode/DerivedData/Gripah-gptnnpiwslcswlcpylqwkddqyprw/Build/Intermediates.noindex/Pods.build/Debug-iphonesimulator/StripePaymentsUI-StripePaymentsUIBundle.build/assetcatalog_generated_info.plist -o /Users/kharyfiler/Library/Developer/Xcode/DerivedData/Gripah-gptnnpiwslcswlcpylqwkddqyprw/Build/Products/Debug-iphonesimulator/StripePaymentsUI/StripePaymentsUIBundle.bundle/Info.plist

ProcessInfoPlistFile /Users/kharyfiler/Library/Developer/Xcode/DerivedData/Gripah-gptnnpiwslcswlcpylqwkddqyprw/Build/Products/Debug-iphonesimulator/StripePaymentSheet/StripePaymentSheetBundle.bundle/Info.plist /Users/kharyfiler/Documents/grip-claude/ios/Pods/Target\ Support\ Files/StripePaymentSheet/ResourceBundle-StripePaymentSheetBundle-StripePaymentSheet-Info.plist (in target 'StripePaymentSheet-StripePaymentSheetBundle' from project 'Pods')
    cd /Users/kharyfiler/Documents/grip-claude/ios/Pods
    builtin-infoPlistUtility /Users/kharyfiler/Documents/grip-claude/ios/Pods/Target\ Support\ Files/StripePaymentSheet/ResourceBundle-StripePaymentSheetBundle-StripePaymentSheet-Info.plist -producttype com.apple.product-type.bundle -expandbuildsettings -format binary -platform iphonesimulator -additionalcontentfile /Users/kharyfiler/Library/Developer/Xcode/DerivedData/Gripah-gptnnpiwslcswlcpylqwkddqyprw/Build/Intermediates.noindex/Pods.build/Debug-iphonesimulator/StripePaymentSheet-StripePaymentSheetBundle.build/assetcatalog_generated_info.plist -o /Users/kharyfiler/Library/Developer/Xcode/DerivedData/Gripah-gptnnpiwslcswlcpylqwkddqyprw/Build/Products/Debug-iphonesimulator/StripePaymentSheet/StripePaymentSheetBundle.bundle/Info.plist

ProcessInfoPlistFile /Users/kharyfiler/Library/Developer/Xcode/DerivedData/Gripah-gptnnpiwslcswlcpylqwkddqyprw/Build/Products/Debug-iphonesimulator/StripeUICore/StripeUICoreBundle.bundle/Info.plist /Users/kharyfiler/Documents/grip-claude/ios/Pods/Target\ Support\ Files/StripeUICore/ResourceBundle-StripeUICoreBundle-StripeUICore-Info.plist (in target 'StripeUICore-StripeUICoreBundle' from project 'Pods')
    cd /Users/kharyfiler/Documents/grip-claude/ios/Pods
    builtin-infoPlistUtility /Users/kharyfiler/Documents/grip-claude/ios/Pods/Target\ Support\ Files/StripeUICore/ResourceBundle-StripeUICoreBundle-StripeUICore-Info.plist -producttype com.apple.product-type.bundle -expandbuildsettings -format binary -platform iphonesimulator -additionalcontentfile /Users/kharyfiler/Library/Developer/Xcode/DerivedData/Gripah-gptnnpiwslcswlcpylqwkddqyprw/Build/Intermediates.noindex/Pods.build/Debug-iphonesimulator/StripeUICore-StripeUICoreBundle.build/assetcatalog_generated_info.plist -o /Users/kharyfiler/Library/Developer/Xcode/DerivedData/Gripah-gptnnpiwslcswlcpylqwkddqyprw/Build/Products/Debug-iphonesimulator/StripeUICore/StripeUICoreBundle.bundle/Info.plist

ProcessInfoPlistFile /Users/kharyfiler/Library/Developer/Xcode/DerivedData/Gripah-gptnnpiwslcswlcpylqwkddqyprw/Build/Products/Debug-iphonesimulator/StripePayments/Stripe3DS2.bundle/Info.plist /Users/kharyfiler/Documents/grip-claude/ios/Pods/Target\ Support\ Files/StripePayments/ResourceBundle-Stripe3DS2-StripePayments-Info.plist (in target 'StripePayments-Stripe3DS2' from project 'Pods')
    cd /Users/kharyfiler/Documents/grip-claude/ios/Pods
    builtin-infoPlistUtility /Users/kharyfiler/Documents/grip-claude/ios/Pods/Target\ Support\ Files/StripePayments/ResourceBundle-Stripe3DS2-StripePayments-Info.plist -producttype com.apple.product-type.bundle -expandbuildsettings -format binary -platform iphonesimulator -additionalcontentfile /Users/kharyfiler/Library/Developer/Xcode/DerivedData/Gripah-gptnnpiwslcswlcpylqwkddqyprw/Build/Intermediates.noindex/Pods.build/Debug-iphonesimulator/StripePayments-Stripe3DS2.build/assetcatalog_generated_info.plist -o /Users/kharyfiler/Library/Developer/Xcode/DerivedData/Gripah-gptnnpiwslcswlcpylqwkddqyprw/Build/Products/Debug-iphonesimulator/StripePayments/Stripe3DS2.bundle/Info.plist

ProcessInfoPlistFile /Users/kharyfiler/Library/Developer/Xcode/DerivedData/Gripah-gptnnpiwslcswlcpylqwkddqyprw/Build/Products/Debug-iphonesimulator/Stripe/StripeBundle.bundle/Info.plist /Users/kharyfiler/Documents/grip-claude/ios/Pods/Target\ Support\ Files/Stripe/ResourceBundle-StripeBundle-Stripe-Info.plist (in target 'Stripe-StripeBundle' from project 'Pods')
    cd /Users/kharyfiler/Documents/grip-claude/ios/Pods
    builtin-infoPlistUtility /Users/kharyfiler/Documents/grip-claude/ios/Pods/Target\ Support\ Files/Stripe/ResourceBundle-StripeBundle-Stripe-Info.plist -producttype com.apple.product-type.bundle -expandbuildsettings -format binary -platform iphonesimulator -additionalcontentfile /Users/kharyfiler/Library/Developer/Xcode/DerivedData/Gripah-gptnnpiwslcswlcpylqwkddqyprw/Build/Intermediates.noindex/Pods.build/Debug-iphonesimulator/Stripe-StripeBundle.build/assetcatalog_generated_info.plist -o /Users/kharyfiler/Library/Developer/Xcode/DerivedData/Gripah-gptnnpiwslcswlcpylqwkddqyprw/Build/Products/Debug-iphonesimulator/Stripe/StripeBundle.bundle/Info.plist

SwiftDriver StripePayments normal arm64 com.apple.xcode.tools.swift.compiler (in target 'StripePayments' from project 'Pods')
    cd /Users/kharyfiler/Documents/grip-claude/ios/Pods
    builtin-SwiftDriver -- /Applications/Xcode.app/Contents/Developer/Toolchains/XcodeDefault.xctoolchain/usr/bin/swiftc -module-name StripePayments -Onone -enforce-exclusivity\=checked @/Users/kharyfiler/Library/Developer/Xcode/DerivedData/Gripah-gptnnpiwslcswlcpylqwkddqyprw/Build/Intermediates.noindex/Pods.build/Debug-iphonesimulator/StripePayments.build/Objects-normal/arm64/StripePayments.SwiftFileList -DDEBUG -D COCOAPODS -Xcc -fmodule-map-file\=/Users/kharyfiler/Library/Developer/Xcode/DerivedData/Gripah-gptnnpiwslcswlcpylqwkddqyprw/Build/Products/Debug-iphonesimulator/StripeCore/StripeCore.modulemap -import-underlying-module -Xcc -fmodule-map-file\=/Users/kharyfiler/Documents/grip-claude/ios/Pods/Headers/Public/StripePayments/StripePayments.modulemap -enable-bare-slash-regex -enable-experimental-feature DebugDescriptionMacro -sdk /Applications/Xcode.app/Contents/Developer/Platforms/iPhoneSimulator.platform/Developer/SDKs/iPhoneSimulator26.2.sdk -target arm64-apple-ios15.1-simulator -g -module-cache-path /Users/kharyfiler/Library/Developer/Xcode/DerivedData/ModuleCache.noindex -Xfrontend -serialize-debugging-options -enable-testing -index-store-path /Users/kharyfiler/Library/Developer/Xcode/DerivedData/Gripah-gptnnpiwslcswlcpylqwkddqyprw/Index.noindex/DataStore -Xcc -D_LIBCPP_HARDENING_MODE\=_LIBCPP_HARDENING_MODE_DEBUG -swift-version 5 -I /Users/kharyfiler/Library/Developer/Xcode/DerivedData/Gripah-gptnnpiwslcswlcpylqwkddqyprw/Build/Products/Debug-iphonesimulator/StripePayments -I /Users/kharyfiler/Library/Developer/Xcode/DerivedData/Gripah-gptnnpiwslcswlcpylqwkddqyprw/Build/Products/Debug-iphonesimulator/StripeCore -F /Users/kharyfiler/Library/Developer/Xcode/DerivedData/Gripah-gptnnpiwslcswlcpylqwkddqyprw/Build/Products/Debug-iphonesimulator/StripePayments -c -j10 -enable-batch-mode -incremental -Xcc -ivfsstatcache -Xcc /Users/kharyfiler/Library/Developer/Xcode/DerivedData/SDKStatCaches.noindex/iphonesimulator26.2-23C53-3885c01c3e6b6a337905948deab2002e7d00a8b37fbd7999ea79df8ebc024bf0.sdkstatcache -output-file-map /Users/kharyfiler/Library/Developer/Xcode/DerivedData/Gripah-gptnnpiwslcswlcpylqwkddqyprw/Build/Intermediates.noindex/Pods.build/Debug-iphonesimulator/StripePayments.build/Objects-normal/arm64/StripePayments-OutputFileMap.json -use-frontend-parseable-output -save-temps -no-color-diagnostics -explicit-module-build -module-cache-path /Users/kharyfiler/Library/Developer/Xcode/DerivedData/Gripah-gptnnpiwslcswlcpylqwkddqyprw/Build/Intermediates.noindex/SwiftExplicitPrecompiledModules -clang-scanner-module-cache-path /Users/kharyfiler/Library/Developer/Xcode/DerivedData/ModuleCache.noindex -sdk-module-cache-path /Users/kharyfiler/Library/Developer/Xcode/DerivedData/ModuleCache.noindex -serialize-diagnostics -emit-dependencies -emit-module -emit-module-path /Users/kharyfiler/Library/Developer/Xcode/DerivedData/Gripah-gptnnpiwslcswlcpylqwkddqyprw/Build/Intermediates.noindex/Pods.build/Debug-iphonesimulator/StripePayments.build/Objects-normal/arm64/StripePayments.swiftmodule -validate-clang-modules-once -clang-build-session-file /Users/kharyfiler/Library/Developer/Xcode/DerivedData/ModuleCache.noindex/Session.modulevalidation -Xcc -I/Users/kharyfiler/Library/Developer/Xcode/DerivedData/Gripah-gptnnpiwslcswlcpylqwkddqyprw/Build/Intermediates.noindex/Pods.build/Debug-iphonesimulator/StripePayments.build/swift-overrides.hmap -emit-const-values -Xfrontend -const-gather-protocols-file -Xfrontend /Users/kharyfiler/Library/Developer/Xcode/DerivedData/Gripah-gptnnpiwslcswlcpylqwkddqyprw/Build/Intermediates.noindex/Pods.build/Debug-iphonesimulator/StripePayments.build/Objects-normal/arm64/StripePayments_const_extract_protocols.json -Xcc -iquote -Xcc /Users/kharyfiler/Library/Developer/Xcode/DerivedData/Gripah-gptnnpiwslcswlcpylqwkddqyprw/Build/Intermediates.noindex/Pods.build/Debug-iphonesimulator/StripePayments.build/StripePayments-generated-files.hmap -Xcc -I/Users/kharyfiler/Library/Developer/Xcode/DerivedData/Gripah-gptnnpiwslcswlcpylqwkddqyprw/Build/Intermediates.noindex/Pods.build/Debug-iphonesimulator/StripePayments.build/StripePayments-own-target-headers.hmap -Xcc -I/Users/kharyfiler/Library/Developer/Xcode/DerivedData/Gripah-gptnnpiwslcswlcpylqwkddqyprw/Build/Intermediates.noindex/Pods.build/Debug-iphonesimulator/StripePayments.build/StripePayments-all-non-framework-target-headers.hmap -Xcc -ivfsoverlay -Xcc /Users/kharyfiler/Library/Developer/Xcode/DerivedData/Gripah-gptnnpiwslcswlcpylqwkddqyprw/Build/Intermediates.noindex/Pods.build/Debug-iphonesimulator/Pods-8699adb1dd336b26511df848a716bd42-VFS-iphonesimulator/all-product-headers.yaml -Xcc -iquote -Xcc /Users/kharyfiler/Library/Developer/Xcode/DerivedData/Gripah-gptnnpiwslcswlcpylqwkddqyprw/Build/Intermediates.noindex/Pods.build/Debug-iphonesimulator/StripePayments.build/StripePayments-project-headers.hmap -Xcc -I/Users/kharyfiler/Library/Developer/Xcode/DerivedData/Gripah-gptnnpiwslcswlcpylqwkddqyprw/Build/Products/Debug-iphonesimulator/StripePayments/include -Xcc -I/Users/kharyfiler/Documents/grip-claude/ios/Pods/Headers/Private -Xcc -I/Users/kharyfiler/Documents/grip-claude/ios/Pods/Headers/Private/StripePayments -Xcc -I/Users/kharyfiler/Documents/grip-claude/ios/Pods/Headers/Public -Xcc -I/Users/kharyfiler/Library/Developer/Xcode/DerivedData/Gripah-gptnnpiwslcswlcpylqwkddqyprw/Build/Intermediates.noindex/Pods.build/Debug-iphonesimulator/StripePayments.build/DerivedSources-normal/arm64 -Xcc -I/Users/kharyfiler/Library/Developer/Xcode/DerivedData/Gripah-gptnnpiwslcswlcpylqwkddqyprw/Build/Intermediates.noindex/Pods.build/Debug-iphonesimulator/StripePayments.build/DerivedSources/arm64 -Xcc -I/Users/kharyfiler/Library/Developer/Xcode/DerivedData/Gripah-gptnnpiwslcswlcpylqwkddqyprw/Build/Intermediates.noindex/Pods.build/Debug-iphonesimulator/StripePayments.build/DerivedSources -Xcc -DPOD_CONFIGURATION_DEBUG\=1 -Xcc -DDEBUG\=1 -Xcc -DCOCOAPODS\=1 -emit-objc-header -emit-objc-header-path /Users/kharyfiler/Library/Developer/Xcode/DerivedData/Gripah-gptnnpiwslcswlcpylqwkddqyprw/Build/Intermediates.noindex/Pods.build/Debug-iphonesimulator/StripePayments.build/Objects-normal/arm64/StripePayments-Swift.h -working-directory /Users/kharyfiler/Documents/grip-claude/ios/Pods -experimental-emit-module-separately -disable-cmo

SwiftDriver StripeUICore normal arm64 com.apple.xcode.tools.swift.compiler (in target 'StripeUICore' from project 'Pods')
    cd /Users/kharyfiler/Documents/grip-claude/ios/Pods
    builtin-SwiftDriver -- /Applications/Xcode.app/Contents/Developer/Toolchains/XcodeDefault.xctoolchain/usr/bin/swiftc -module-name StripeUICore -Onone -enforce-exclusivity\=checked @/Users/kharyfiler/Library/Developer/Xcode/DerivedData/Gripah-gptnnpiwslcswlcpylqwkddqyprw/Build/Intermediates.noindex/Pods.build/Debug-iphonesimulator/StripeUICore.build/Objects-normal/arm64/StripeUICore.SwiftFileList -DDEBUG -D COCOAPODS -Xcc -fmodule-map-file\=/Users/kharyfiler/Library/Developer/Xcode/DerivedData/Gripah-gptnnpiwslcswlcpylqwkddqyprw/Build/Products/Debug-iphonesimulator/StripeCore/StripeCore.modulemap -import-underlying-module -Xcc -fmodule-map-file\=/Users/kharyfiler/Documents/grip-claude/ios/Pods/Headers/Public/StripeUICore/StripeUICore.modulemap -enable-bare-slash-regex -enable-experimental-feature DebugDescriptionMacro -sdk /Applications/Xcode.app/Contents/Developer/Platforms/iPhoneSimulator.platform/Developer/SDKs/iPhoneSimulator26.2.sdk -target arm64-apple-ios15.1-simulator -g -module-cache-path /Users/kharyfiler/Library/Developer/Xcode/DerivedData/ModuleCache.noindex -Xfrontend -serialize-debugging-options -enable-testing -index-store-path /Users/kharyfiler/Library/Developer/Xcode/DerivedData/Gripah-gptnnpiwslcswlcpylqwkddqyprw/Index.noindex/DataStore -Xcc -D_LIBCPP_HARDENING_MODE\=_LIBCPP_HARDENING_MODE_DEBUG -swift-version 5 -I /Users/kharyfiler/Library/Developer/Xcode/DerivedData/Gripah-gptnnpiwslcswlcpylqwkddqyprw/Build/Products/Debug-iphonesimulator/StripeUICore -I /Users/kharyfiler/Library/Developer/Xcode/DerivedData/Gripah-gptnnpiwslcswlcpylqwkddqyprw/Build/Products/Debug-iphonesimulator/StripeCore -F /Users/kharyfiler/Library/Developer/Xcode/DerivedData/Gripah-gptnnpiwslcswlcpylqwkddqyprw/Build/Products/Debug-iphonesimulator/StripeUICore -c -j10 -enable-batch-mode -incremental -Xcc -ivfsstatcache -Xcc /Users/kharyfiler/Library/Developer/Xcode/DerivedData/SDKStatCaches.noindex/iphonesimulator26.2-23C53-3885c01c3e6b6a337905948deab2002e7d00a8b37fbd7999ea79df8ebc024bf0.sdkstatcache -output-file-map /Users/kharyfiler/Library/Developer/Xcode/DerivedData/Gripah-gptnnpiwslcswlcpylqwkddqyprw/Build/Intermediates.noindex/Pods.build/Debug-iphonesimulator/StripeUICore.build/Objects-normal/arm64/StripeUICore-OutputFileMap.json -use-frontend-parseable-output -save-temps -no-color-diagnostics -explicit-module-build -module-cache-path /Users/kharyfiler/Library/Developer/Xcode/DerivedData/Gripah-gptnnpiwslcswlcpylqwkddqyprw/Build/Intermediates.noindex/SwiftExplicitPrecompiledModules -clang-scanner-module-cache-path /Users/kharyfiler/Library/Developer/Xcode/DerivedData/ModuleCache.noindex -sdk-module-cache-path /Users/kharyfiler/Library/Developer/Xcode/DerivedData/ModuleCache.noindex -serialize-diagnostics -emit-dependencies -emit-module -emit-module-path /Users/kharyfiler/Library/Developer/Xcode/DerivedData/Gripah-gptnnpiwslcswlcpylqwkddqyprw/Build/Intermediates.noindex/Pods.build/Debug-iphonesimulator/StripeUICore.build/Objects-normal/arm64/StripeUICore.swiftmodule -validate-clang-modules-once -clang-build-session-file /Users/kharyfiler/Library/Developer/Xcode/DerivedData/ModuleCache.noindex/Session.modulevalidation -Xcc -I/Users/kharyfiler/Library/Developer/Xcode/DerivedData/Gripah-gptnnpiwslcswlcpylqwkddqyprw/Build/Intermediates.noindex/Pods.build/Debug-iphonesimulator/StripeUICore.build/swift-overrides.hmap -emit-const-values -Xfrontend -const-gather-protocols-file -Xfrontend /Users/kharyfiler/Library/Developer/Xcode/DerivedData/Gripah-gptnnpiwslcswlcpylqwkddqyprw/Build/Intermediates.noindex/Pods.build/Debug-iphonesimulator/StripeUICore.build/Objects-normal/arm64/StripeUICore_const_extract_protocols.json -Xcc -iquote -Xcc /Users/kharyfiler/Library/Developer/Xcode/DerivedData/Gripah-gptnnpiwslcswlcpylqwkddqyprw/Build/Intermediates.noindex/Pods.build/Debug-iphonesimulator/StripeUICore.build/StripeUICore-generated-files.hmap -Xcc -I/Users/kharyfiler/Library/Developer/Xcode/DerivedData/Gripah-gptnnpiwslcswlcpylqwkddqyprw/Build/Intermediates.noindex/Pods.build/Debug-iphonesimulator/StripeUICore.build/StripeUICore-own-target-headers.hmap -Xcc -I/Users/kharyfiler/Library/Developer/Xcode/DerivedData/Gripah-gptnnpiwslcswlcpylqwkddqyprw/Build/Intermediates.noindex/Pods.build/Debug-iphonesimulator/StripeUICore.build/StripeUICore-all-non-framework-target-headers.hmap -Xcc -ivfsoverlay -Xcc /Users/kharyfiler/Library/Developer/Xcode/DerivedData/Gripah-gptnnpiwslcswlcpylqwkddqyprw/Build/Intermediates.noindex/Pods.build/Debug-iphonesimulator/Pods-8699adb1dd336b26511df848a716bd42-VFS-iphonesimulator/all-product-headers.yaml -Xcc -iquote -Xcc /Users/kharyfiler/Library/Developer/Xcode/DerivedData/Gripah-gptnnpiwslcswlcpylqwkddqyprw/Build/Intermediates.noindex/Pods.build/Debug-iphonesimulator/StripeUICore.build/StripeUICore-project-headers.hmap -Xcc -I/Users/kharyfiler/Library/Developer/Xcode/DerivedData/Gripah-gptnnpiwslcswlcpylqwkddqyprw/Build/Products/Debug-iphonesimulator/StripeUICore/include -Xcc -I/Users/kharyfiler/Library/Developer/Xcode/DerivedData/Gripah-gptnnpiwslcswlcpylqwkddqyprw/Build/Intermediates.noindex/Pods.build/Debug-iphonesimulator/StripeUICore.build/DerivedSources-normal/arm64 -Xcc -I/Users/kharyfiler/Library/Developer/Xcode/DerivedData/Gripah-gptnnpiwslcswlcpylqwkddqyprw/Build/Intermediates.noindex/Pods.build/Debug-iphonesimulator/StripeUICore.build/DerivedSources/arm64 -Xcc -I/Users/kharyfiler/Library/Developer/Xcode/DerivedData/Gripah-gptnnpiwslcswlcpylqwkddqyprw/Build/Intermediates.noindex/Pods.build/Debug-iphonesimulator/StripeUICore.build/DerivedSources -Xcc -DPOD_CONFIGURATION_DEBUG\=1 -Xcc -DDEBUG\=1 -Xcc -DCOCOAPODS\=1 -emit-objc-header -emit-objc-header-path /Users/kharyfiler/Library/Developer/Xcode/DerivedData/Gripah-gptnnpiwslcswlcpylqwkddqyprw/Build/Intermediates.noindex/Pods.build/Debug-iphonesimulator/StripeUICore.build/Objects-normal/arm64/StripeUICore-Swift.h -working-directory /Users/kharyfiler/Documents/grip-claude/ios/Pods -experimental-emit-module-separately -disable-cmo

SwiftDriver StripeApplePay normal arm64 com.apple.xcode.tools.swift.compiler (in target 'StripeApplePay' from project 'Pods')
    cd /Users/kharyfiler/Documents/grip-claude/ios/Pods
    builtin-SwiftDriver -- /Applications/Xcode.app/Contents/Developer/Toolchains/XcodeDefault.xctoolchain/usr/bin/swiftc -module-name StripeApplePay -Onone -enforce-exclusivity\=checked @/Users/kharyfiler/Library/Developer/Xcode/DerivedData/Gripah-gptnnpiwslcswlcpylqwkddqyprw/Build/Intermediates.noindex/Pods.build/Debug-iphonesimulator/StripeApplePay.build/Objects-normal/arm64/StripeApplePay.SwiftFileList -DDEBUG -D COCOAPODS -Xcc -fmodule-map-file\=/Users/kharyfiler/Library/Developer/Xcode/DerivedData/Gripah-gptnnpiwslcswlcpylqwkddqyprw/Build/Products/Debug-iphonesimulator/StripeCore/StripeCore.modulemap -import-underlying-module -Xcc -fmodule-map-file\=/Users/kharyfiler/Documents/grip-claude/ios/Pods/Headers/Public/StripeApplePay/StripeApplePay.modulemap -enable-bare-slash-regex -enable-experimental-feature DebugDescriptionMacro -sdk /Applications/Xcode.app/Contents/Developer/Platforms/iPhoneSimulator.platform/Developer/SDKs/iPhoneSimulator26.2.sdk -target arm64-apple-ios15.1-simulator -g -module-cache-path /Users/kharyfiler/Library/Developer/Xcode/DerivedData/ModuleCache.noindex -Xfrontend -serialize-debugging-options -enable-testing -index-store-path /Users/kharyfiler/Library/Developer/Xcode/DerivedData/Gripah-gptnnpiwslcswlcpylqwkddqyprw/Index.noindex/DataStore -Xcc -D_LIBCPP_HARDENING_MODE\=_LIBCPP_HARDENING_MODE_DEBUG -swift-version 5 -I /Users/kharyfiler/Library/Developer/Xcode/DerivedData/Gripah-gptnnpiwslcswlcpylqwkddqyprw/Build/Products/Debug-iphonesimulator/StripeApplePay -I /Users/kharyfiler/Library/Developer/Xcode/DerivedData/Gripah-gptnnpiwslcswlcpylqwkddqyprw/Build/Products/Debug-iphonesimulator/StripeCore -F /Users/kharyfiler/Library/Developer/Xcode/DerivedData/Gripah-gptnnpiwslcswlcpylqwkddqyprw/Build/Products/Debug-iphonesimulator/StripeApplePay -c -j10 -enable-batch-mode -incremental -Xcc -ivfsstatcache -Xcc /Users/kharyfiler/Library/Developer/Xcode/DerivedData/SDKStatCaches.noindex/iphonesimulator26.2-23C53-3885c01c3e6b6a337905948deab2002e7d00a8b37fbd7999ea79df8ebc024bf0.sdkstatcache -output-file-map /Users/kharyfiler/Library/Developer/Xcode/DerivedData/Gripah-gptnnpiwslcswlcpylqwkddqyprw/Build/Intermediates.noindex/Pods.build/Debug-iphonesimulator/StripeApplePay.build/Objects-normal/arm64/StripeApplePay-OutputFileMap.json -use-frontend-parseable-output -save-temps -no-color-diagnostics -explicit-module-build -module-cache-path /Users/kharyfiler/Library/Developer/Xcode/DerivedData/Gripah-gptnnpiwslcswlcpylqwkddqyprw/Build/Intermediates.noindex/SwiftExplicitPrecompiledModules -clang-scanner-module-cache-path /Users/kharyfiler/Library/Developer/Xcode/DerivedData/ModuleCache.noindex -sdk-module-cache-path /Users/kharyfiler/Library/Developer/Xcode/DerivedData/ModuleCache.noindex -serialize-diagnostics -emit-dependencies -emit-module -emit-module-path /Users/kharyfiler/Library/Developer/Xcode/DerivedData/Gripah-gptnnpiwslcswlcpylqwkddqyprw/Build/Intermediates.noindex/Pods.build/Debug-iphonesimulator/StripeApplePay.build/Objects-normal/arm64/StripeApplePay.swiftmodule -validate-clang-modules-once -clang-build-session-file /Users/kharyfiler/Library/Developer/Xcode/DerivedData/ModuleCache.noindex/Session.modulevalidation -Xcc -I/Users/kharyfiler/Library/Developer/Xcode/DerivedData/Gripah-gptnnpiwslcswlcpylqwkddqyprw/Build/Intermediates.noindex/Pods.build/Debug-iphonesimulator/StripeApplePay.build/swift-overrides.hmap -emit-const-values -Xfrontend -const-gather-protocols-file -Xfrontend /Users/kharyfiler/Library/Developer/Xcode/DerivedData/Gripah-gptnnpiwslcswlcpylqwkddqyprw/Build/Intermediates.noindex/Pods.build/Debug-iphonesimulator/StripeApplePay.build/Objects-normal/arm64/StripeApplePay_const_extract_protocols.json -Xcc -iquote -Xcc /Users/kharyfiler/Library/Developer/Xcode/DerivedData/Gripah-gptnnpiwslcswlcpylqwkddqyprw/Build/Intermediates.noindex/Pods.build/Debug-iphonesimulator/StripeApplePay.build/StripeApplePay-generated-files.hmap -Xcc -I/Users/kharyfiler/Library/Developer/Xcode/DerivedData/Gripah-gptnnpiwslcswlcpylqwkddqyprw/Build/Intermediates.noindex/Pods.build/Debug-iphonesimulator/StripeApplePay.build/StripeApplePay-own-target-headers.hmap -Xcc -I/Users/kharyfiler/Library/Developer/Xcode/DerivedData/Gripah-gptnnpiwslcswlcpylqwkddqyprw/Build/Intermediates.noindex/Pods.build/Debug-iphonesimulator/StripeApplePay.build/StripeApplePay-all-non-framework-target-headers.hmap -Xcc -ivfsoverlay -Xcc /Users/kharyfiler/Library/Developer/Xcode/DerivedData/Gripah-gptnnpiwslcswlcpylqwkddqyprw/Build/Intermediates.noindex/Pods.build/Debug-iphonesimulator/Pods-8699adb1dd336b26511df848a716bd42-VFS-iphonesimulator/all-product-headers.yaml -Xcc -iquote -Xcc /Users/kharyfiler/Library/Developer/Xcode/DerivedData/Gripah-gptnnpiwslcswlcpylqwkddqyprw/Build/Intermediates.noindex/Pods.build/Debug-iphonesimulator/StripeApplePay.build/StripeApplePay-project-headers.hmap -Xcc -I/Users/kharyfiler/Library/Developer/Xcode/DerivedData/Gripah-gptnnpiwslcswlcpylqwkddqyprw/Build/Products/Debug-iphonesimulator/StripeApplePay/include -Xcc -I/Users/kharyfiler/Library/Developer/Xcode/DerivedData/Gripah-gptnnpiwslcswlcpylqwkddqyprw/Build/Intermediates.noindex/Pods.build/Debug-iphonesimulator/StripeApplePay.build/DerivedSources-normal/arm64 -Xcc -I/Users/kharyfiler/Library/Developer/Xcode/DerivedData/Gripah-gptnnpiwslcswlcpylqwkddqyprw/Build/Intermediates.noindex/Pods.build/Debug-iphonesimulator/StripeApplePay.build/DerivedSources/arm64 -Xcc -I/Users/kharyfiler/Library/Developer/Xcode/DerivedData/Gripah-gptnnpiwslcswlcpylqwkddqyprw/Build/Intermediates.noindex/Pods.build/Debug-iphonesimulator/StripeApplePay.build/DerivedSources -Xcc -DPOD_CONFIGURATION_DEBUG\=1 -Xcc -DDEBUG\=1 -Xcc -DCOCOAPODS\=1 -emit-objc-header -emit-objc-header-path /Users/kharyfiler/Library/Developer/Xcode/DerivedData/Gripah-gptnnpiwslcswlcpylqwkddqyprw/Build/Intermediates.noindex/Pods.build/Debug-iphonesimulator/StripeApplePay.build/Objects-normal/arm64/StripeApplePay-Swift.h -working-directory /Users/kharyfiler/Documents/grip-claude/ios/Pods -experimental-emit-module-separately -disable-cmo

SwiftDriver Auth0 normal arm64 com.apple.xcode.tools.swift.compiler (in target 'Auth0' from project 'Pods')
    cd /Users/kharyfiler/Documents/grip-claude/ios/Pods
    builtin-SwiftDriver -- /Applications/Xcode.app/Contents/Developer/Toolchains/XcodeDefault.xctoolchain/usr/bin/swiftc -module-name Auth0 -Onone -enforce-exclusivity\=checked @/Users/kharyfiler/Library/Developer/Xcode/DerivedData/Gripah-gptnnpiwslcswlcpylqwkddqyprw/Build/Intermediates.noindex/Pods.build/Debug-iphonesimulator/Auth0.build/Objects-normal/arm64/Auth0.SwiftFileList -DWEB_AUTH_PLATFORM -DPASSKEYS_PLATFORM -D COCOAPODS -Xcc -fmodule-map-file\=/Users/kharyfiler/Library/Developer/Xcode/DerivedData/Gripah-gptnnpiwslcswlcpylqwkddqyprw/Build/Products/Debug-iphonesimulator/JWTDecode/JWTDecode.modulemap -Xcc -fmodule-map-file\=/Users/kharyfiler/Library/Developer/Xcode/DerivedData/Gripah-gptnnpiwslcswlcpylqwkddqyprw/Build/Products/Debug-iphonesimulator/SimpleKeychain/SimpleKeychain.modulemap -import-underlying-module -Xcc -fmodule-map-file\=/Users/kharyfiler/Documents/grip-claude/ios/Pods/Headers/Public/Auth0/Auth0.modulemap -enable-bare-slash-regex -enable-experimental-feature DebugDescriptionMacro -sdk /Applications/Xcode.app/Contents/Developer/Platforms/iPhoneSimulator.platform/Developer/SDKs/iPhoneSimulator26.2.sdk -target arm64-apple-ios15.1-simulator -g -module-cache-path /Users/kharyfiler/Library/Developer/Xcode/DerivedData/ModuleCache.noindex -Xfrontend -serialize-debugging-options -enable-testing -index-store-path /Users/kharyfiler/Library/Developer/Xcode/DerivedData/Gripah-gptnnpiwslcswlcpylqwkddqyprw/Index.noindex/DataStore -Xcc -D_LIBCPP_HARDENING_MODE\=_LIBCPP_HARDENING_MODE_DEBUG -swift-version 5 -I /Users/kharyfiler/Library/Developer/Xcode/DerivedData/Gripah-gptnnpiwslcswlcpylqwkddqyprw/Build/Products/Debug-iphonesimulator/Auth0 -I /Users/kharyfiler/Library/Developer/Xcode/DerivedData/Gripah-gptnnpiwslcswlcpylqwkddqyprw/Build/Products/Debug-iphonesimulator/JWTDecode -I /Users/kharyfiler/Library/Developer/Xcode/DerivedData/Gripah-gptnnpiwslcswlcpylqwkddqyprw/Build/Products/Debug-iphonesimulator/SimpleKeychain -F /Users/kharyfiler/Library/Developer/Xcode/DerivedData/Gripah-gptnnpiwslcswlcpylqwkddqyprw/Build/Products/Debug-iphonesimulator/Auth0 -c -j10 -enable-batch-mode -incremental -Xcc -ivfsstatcache -Xcc /Users/kharyfiler/Library/Developer/Xcode/DerivedData/SDKStatCaches.noindex/iphonesimulator26.2-23C53-3885c01c3e6b6a337905948deab2002e7d00a8b37fbd7999ea79df8ebc024bf0.sdkstatcache -output-file-map /Users/kharyfiler/Library/Developer/Xcode/DerivedData/Gripah-gptnnpiwslcswlcpylqwkddqyprw/Build/Intermediates.noindex/Pods.build/Debug-iphonesimulator/Auth0.build/Objects-normal/arm64/Auth0-OutputFileMap.json -use-frontend-parseable-output -save-temps -no-color-diagnostics -explicit-module-build -module-cache-path /Users/kharyfiler/Library/Developer/Xcode/DerivedData/Gripah-gptnnpiwslcswlcpylqwkddqyprw/Build/Intermediates.noindex/SwiftExplicitPrecompiledModules -clang-scanner-module-cache-path /Users/kharyfiler/Library/Developer/Xcode/DerivedData/ModuleCache.noindex -sdk-module-cache-path /Users/kharyfiler/Library/Developer/Xcode/DerivedData/ModuleCache.noindex -serialize-diagnostics -emit-dependencies -emit-module -emit-module-path /Users/kharyfiler/Library/Developer/Xcode/DerivedData/Gripah-gptnnpiwslcswlcpylqwkddqyprw/Build/Intermediates.noindex/Pods.build/Debug-iphonesimulator/Auth0.build/Objects-normal/arm64/Auth0.swiftmodule -validate-clang-modules-once -clang-build-session-file /Users/kharyfiler/Library/Developer/Xcode/DerivedData/ModuleCache.noindex/Session.modulevalidation -Xcc -I/Users/kharyfiler/Library/Developer/Xcode/DerivedData/Gripah-gptnnpiwslcswlcpylqwkddqyprw/Build/Intermediates.noindex/Pods.build/Debug-iphonesimulator/Auth0.build/swift-overrides.hmap -emit-const-values -Xfrontend -const-gather-protocols-file -Xfrontend /Users/kharyfiler/Library/Developer/Xcode/DerivedData/Gripah-gptnnpiwslcswlcpylqwkddqyprw/Build/Intermediates.noindex/Pods.build/Debug-iphonesimulator/Auth0.build/Objects-normal/arm64/Auth0_const_extract_protocols.json -Xcc -iquote -Xcc /Users/kharyfiler/Library/Developer/Xcode/DerivedData/Gripah-gptnnpiwslcswlcpylqwkddqyprw/Build/Intermediates.noindex/Pods.build/Debug-iphonesimulator/Auth0.build/Auth0-generated-files.hmap -Xcc -I/Users/kharyfiler/Library/Developer/Xcode/DerivedData/Gripah-gptnnpiwslcswlcpylqwkddqyprw/Build/Intermediates.noindex/Pods.build/Debug-iphonesimulator/Auth0.build/Auth0-own-target-headers.hmap -Xcc -I/Users/kharyfiler/Library/Developer/Xcode/DerivedData/Gripah-gptnnpiwslcswlcpylqwkddqyprw/Build/Intermediates.noindex/Pods.build/Debug-iphonesimulator/Auth0.build/Auth0-all-non-framework-target-headers.hmap -Xcc -ivfsoverlay -Xcc /Users/kharyfiler/Library/Developer/Xcode/DerivedData/Gripah-gptnnpiwslcswlcpylqwkddqyprw/Build/Intermediates.noindex/Pods.build/Debug-iphonesimulator/Pods-8699adb1dd336b26511df848a716bd42-VFS-iphonesimulator/all-product-headers.yaml -Xcc -iquote -Xcc /Users/kharyfiler/Library/Developer/Xcode/DerivedData/Gripah-gptnnpiwslcswlcpylqwkddqyprw/Build/Intermediates.noindex/Pods.build/Debug-iphonesimulator/Auth0.build/Auth0-project-headers.hmap -Xcc -I/Users/kharyfiler/Library/Developer/Xcode/DerivedData/Gripah-gptnnpiwslcswlcpylqwkddqyprw/Build/Products/Debug-iphonesimulator/Auth0/include -Xcc -I/Users/kharyfiler/Library/Developer/Xcode/DerivedData/Gripah-gptnnpiwslcswlcpylqwkddqyprw/Build/Intermediates.noindex/Pods.build/Debug-iphonesimulator/Auth0.build/DerivedSources-normal/arm64 -Xcc -I/Users/kharyfiler/Library/Developer/Xcode/DerivedData/Gripah-gptnnpiwslcswlcpylqwkddqyprw/Build/Intermediates.noindex/Pods.build/Debug-iphonesimulator/Auth0.build/DerivedSources/arm64 -Xcc -I/Users/kharyfiler/Library/Developer/Xcode/DerivedData/Gripah-gptnnpiwslcswlcpylqwkddqyprw/Build/Intermediates.noindex/Pods.build/Debug-iphonesimulator/Auth0.build/DerivedSources -Xcc -DPOD_CONFIGURATION_DEBUG\=1 -Xcc -DDEBUG\=1 -Xcc -DCOCOAPODS\=1 -emit-objc-header -emit-objc-header-path /Users/kharyfiler/Library/Developer/Xcode/DerivedData/Gripah-gptnnpiwslcswlcpylqwkddqyprw/Build/Intermediates.noindex/Pods.build/Debug-iphonesimulator/Auth0.build/Objects-normal/arm64/Auth0-Swift.h -working-directory /Users/kharyfiler/Documents/grip-claude/ios/Pods -experimental-emit-module-separately -disable-cmo

PhaseScriptExecution [CP]\ Copy\ XCFrameworks /Users/kharyfiler/Library/Developer/Xcode/DerivedData/Gripah-gptnnpiwslcswlcpylqwkddqyprw/Build/Intermediates.noindex/Pods.build/Debug-iphonesimulator/Google-Mobile-Ads-SDK.build/Script-46EB2E000387E0.sh (in target 'Google-Mobile-Ads-SDK' from project 'Pods')
    cd /Users/kharyfiler/Documents/grip-claude/ios/Pods
    /bin/sh -c /Users/kharyfiler/Library/Developer/Xcode/DerivedData/Gripah-gptnnpiwslcswlcpylqwkddqyprw/Build/Intermediates.noindex/Pods.build/Debug-iphonesimulator/Google-Mobile-Ads-SDK.build/Script-46EB2E000387E0.sh
Selected xcframework slice ios-arm64_x86_64-simulator
rsync --delete -av --filter P .*.?????? --links --filter "- CVS/" --filter "- .svn/" --filter "- .git/" --filter "- .hg/" "/Users/kharyfiler/Documents/grip-claude/ios/Pods/Google-Mobile-Ads-SDK/Frameworks/GoogleMobileAdsFramework/GoogleMobileAds.xcframework/ios-arm64_x86_64-simulator/*" "/Users/kharyfiler/Library/Developer/Xcode/DerivedData/Gripah-gptnnpiwslcswlcpylqwkddqyprw/Build/Products/Debug-iphonesimulator/XCFrameworkIntermediates/Google-Mobile-Ads-SDK"
Transfer starting: 113 files

sent 9466 bytes  received 20 bytes  2313658 bytes/sec
total size is 24226656  speedup is 2553.94
Copied /Users/kharyfiler/Documents/grip-claude/ios/Pods/Google-Mobile-Ads-SDK/Frameworks/GoogleMobileAdsFramework/GoogleMobileAds.xcframework/ios-arm64_x86_64-simulator to /Users/kharyfiler/Library/Developer/Xcode/DerivedData/Gripah-gptnnpiwslcswlcpylqwkddqyprw/Build/Products/Debug-iphonesimulator/XCFrameworkIntermediates/Google-Mobile-Ads-SDK

PhaseScriptExecution [CP-User]\ [RN]Check\ FBReactNativeSpec /Users/kharyfiler/Library/Developer/Xcode/DerivedData/Gripah-gptnnpiwslcswlcpylqwkddqyprw/Build/Intermediates.noindex/Pods.build/Debug-iphonesimulator/React-RCTFBReactNativeSpec.build/Script-46EB2E00038800.sh (in target 'React-RCTFBReactNativeSpec' from project 'Pods')
    cd /Users/kharyfiler/Documents/grip-claude/ios/Pods
    export ACTION\=build
    export AD_HOC_CODE_SIGNING_ALLOWED\=YES
    export ALLOW_BUILD_REQUEST_OVERRIDES\=NO
    export ALLOW_TARGET_PLATFORM_SPECIALIZATION\=NO
    export ALTERNATE_GROUP\=staff
    export ALTERNATE_MODE\=u+w,go-w,a+rX
    export ALTERNATE_OWNER\=kharyfiler
    export ALTERNATIVE_DISTRIBUTION_WEB\=NO
    export ALWAYS_EMBED_SWIFT_STANDARD_LIBRARIES\=NO
    export ALWAYS_SEARCH_USER_PATHS\=NO
    export ALWAYS_USE_SEPARATE_HEADERMAPS\=NO
    export APPLICATION_EXTENSION_API_ONLY\=NO
    export APPLY_RULES_IN_COPY_FILES\=NO
    export APPLY_RULES_IN_COPY_HEADERS\=NO
    export APP_SHORTCUTS_ENABLE_FLEXIBLE_MATCHING\=YES
    export ARCHS\=arm64
    export ARCHS_STANDARD\=arm64\ x86_64
    export ARCHS_STANDARD_32_64_BIT\=arm64\ x86_64
    export ARCHS_STANDARD_64_BIT\=arm64\ x86_64
    export ARCHS_STANDARD_INCLUDING_64_BIT\=arm64\ x86_64
    export ARCHS_UNIVERSAL_IPHONE_OS\=arm64\ x86_64
    export AUTOMATICALLY_MERGE_DEPENDENCIES\=NO
    export AUTOMATION_APPLE_EVENTS\=NO
    export AVAILABLE_PLATFORMS\=android\ appletvos\ appletvsimulator\ driverkit\ iphoneos\ iphonesimulator\ macosx\ qnx\ watchos\ watchsimulator\ webassembly\ xros\ xrsimulator
    export BUILD_ACTIVE_RESOURCES_ONLY\=NO
    export BUILD_COMPONENTS\=headers\ build
    export BUILD_DIR\=/Users/kharyfiler/Library/Developer/Xcode/DerivedData/Gripah-gptnnpiwslcswlcpylqwkddqyprw/Build/Products
    export BUILD_LIBRARY_FOR_DISTRIBUTION\=NO
    export BUILD_ROOT\=/Users/kharyfiler/Library/Developer/Xcode/DerivedData/Gripah-gptnnpiwslcswlcpylqwkddqyprw/Build/Products
    export BUILD_STYLE\=
    export BUILD_VARIANTS\=normal
    export BUILT_PRODUCTS_DIR\=/Users/kharyfiler/Library/Developer/Xcode/DerivedData/Gripah-gptnnpiwslcswlcpylqwkddqyprw/Build/Products/Debug-iphonesimulator/React-RCTFBReactNativeSpec
    export BUNDLE_CONTENTS_FOLDER_PATH_deep\=Contents/
    export BUNDLE_EXECUTABLE_FOLDER_NAME_deep\=MacOS
    export BUNDLE_EXTENSIONS_FOLDER_PATH\=Extensions
    export BUNDLE_FORMAT\=shallow
    export BUNDLE_FRAMEWORKS_FOLDER_PATH\=Frameworks
    export BUNDLE_PLUGINS_FOLDER_PATH\=PlugIns
    export BUNDLE_PRIVATE_HEADERS_FOLDER_PATH\=PrivateHeaders
    export BUNDLE_PUBLIC_HEADERS_FOLDER_PATH\=Headers
    export CACHE_ROOT\=/var/folders/bg/xv10_kk96gz_ck7t__bgt67c0000gn/C/com.apple.DeveloperTools/26.2-17C52/Xcode
    export CCHROOT\=/var/folders/bg/xv10_kk96gz_ck7t__bgt67c0000gn/C/com.apple.DeveloperTools/26.2-17C52/Xcode
    export CHMOD\=/bin/chmod
    export CHOWN\=/usr/sbin/chown
    export CLANG_ANALYZER_LOCALIZABILITY_NONLOCALIZED\=YES
    export CLANG_ANALYZER_NONNULL\=YES
    export CLANG_ANALYZER_NUMBER_OBJECT_CONVERSION\=YES_AGGRESSIVE
    export CLANG_CACHE_FINE_GRAINED_OUTPUTS\=YES
    export CLANG_CXX_LANGUAGE_STANDARD\=c++20
    export CLANG_CXX_LIBRARY\=libc++
    export CLANG_ENABLE_EXPLICIT_MODULES\=YES
    export CLANG_ENABLE_MODULES\=YES
    export CLANG_ENABLE_MODULE_DEBUGGING\=NO
    export CLANG_ENABLE_OBJC_ARC\=YES
    export CLANG_ENABLE_OBJC_WEAK\=NO
    export CLANG_MODULES_BUILD_SESSION_FILE\=/Users/kharyfiler/Library/Developer/Xcode/DerivedData/ModuleCache.noindex/Session.modulevalidation
    export CLANG_WARN_BLOCK_CAPTURE_AUTORELEASING\=YES
    export CLANG_WARN_BOOL_CONVERSION\=YES
    export CLANG_WARN_COMMA\=YES
    export CLANG_WARN_CONSTANT_CONVERSION\=YES
    export CLANG_WARN_DEPRECATED_OBJC_IMPLEMENTATIONS\=YES
    export CLANG_WARN_DIRECT_OBJC_ISA_USAGE\=YES_ERROR
    export CLANG_WARN_DOCUMENTATION_COMMENTS\=YES
    export CLANG_WARN_EMPTY_BODY\=YES
    export CLANG_WARN_ENUM_CONVERSION\=YES
    export CLANG_WARN_INFINITE_RECURSION\=YES
    export CLANG_WARN_INT_CONVERSION\=YES
    export CLANG_WARN_NON_LITERAL_NULL_CONVERSION\=YES
    export CLANG_WARN_OBJC_IMPLICIT_RETAIN_SELF\=YES
    export CLANG_WARN_OBJC_LITERAL_CONVERSION\=YES
    export CLANG_WARN_OBJC_ROOT_CLASS\=YES_ERROR
    export CLANG_WARN_QUOTED_INCLUDE_IN_FRAMEWORK_HEADER\=NO
    export CLANG_WARN_RANGE_LOOP_ANALYSIS\=YES
    export CLANG_WARN_STRICT_PROTOTYPES\=YES
    export CLANG_WARN_SUSPICIOUS_MOVE\=YES
    export CLANG_WARN_UNGUARDED_AVAILABILITY\=YES_AGGRESSIVE
    export CLANG_WARN_UNREACHABLE_CODE\=YES
    export CLANG_WARN__DUPLICATE_METHOD_MATCH\=YES
    export CLASS_FILE_DIR\=/Users/kharyfiler/Library/Developer/Xcode/DerivedData/Gripah-gptnnpiwslcswlcpylqwkddqyprw/Build/Intermediates.noindex/Pods.build/Debug-iphonesimulator/React-RCTFBReactNativeSpec.build/JavaClasses
    export CLEAN_PRECOMPS\=YES
    export CLONE_HEADERS\=NO
    export CODESIGNING_FOLDER_PATH\=/Users/kharyfiler/Library/Developer/Xcode/DerivedData/Gripah-gptnnpiwslcswlcpylqwkddqyprw/Build/Products/Debug-iphonesimulator/React-RCTFBReactNativeSpec/libReact-RCTFBReactNativeSpec.a
    export CODE_SIGNING_ALLOWED\=NO
    export CODE_SIGNING_REQUIRED\=YES
    export CODE_SIGN_CONTEXT_CLASS\=XCiPhoneSimulatorCodeSignContext
    export CODE_SIGN_IDENTITY\=-
    export CODE_SIGN_INJECT_BASE_ENTITLEMENTS\=YES
    export COLOR_DIAGNOSTICS\=NO
    export COMBINE_HIDPI_IMAGES\=NO
    export COMPILATION_CACHE_CAS_PATH\=/Users/kharyfiler/Library/Developer/Xcode/DerivedData/CompilationCache.noindex
    export COMPILATION_CACHE_KEEP_CAS_DIRECTORY\=YES
    export COMPILER_INDEX_STORE_ENABLE\=Default
    export COMPOSITE_SDK_DIRS\=/Users/kharyfiler/Library/Developer/Xcode/DerivedData/Gripah-gptnnpiwslcswlcpylqwkddqyprw/Build/Intermediates.noindex/CompositeSDKs
    export COMPRESS_PNG_FILES\=YES
    export CONFIGURATION\=Debug
    export CONFIGURATION_BUILD_DIR\=/Users/kharyfiler/Library/Developer/Xcode/DerivedData/Gripah-gptnnpiwslcswlcpylqwkddqyprw/Build/Products/Debug-iphonesimulator/React-RCTFBReactNativeSpec
    export CONFIGURATION_TEMP_DIR\=/Users/kharyfiler/Library/Developer/Xcode/DerivedData/Gripah-gptnnpiwslcswlcpylqwkddqyprw/Build/Intermediates.noindex/Pods.build/Debug-iphonesimulator
    export COPYING_PRESERVES_HFS_DATA\=NO
    export COPY_HEADERS_RUN_UNIFDEF\=NO
    export COPY_PHASE_STRIP\=NO
    export CORRESPONDING_DEVICE_PLATFORM_DIR\=/Applications/Xcode.app/Contents/Developer/Platforms/iPhoneOS.platform
    export CORRESPONDING_DEVICE_PLATFORM_NAME\=iphoneos
    export CORRESPONDING_DEVICE_SDK_DIR\=/Applications/Xcode.app/Contents/Developer/Platforms/iPhoneOS.platform/Developer/SDKs/iPhoneOS26.2.sdk
    export CORRESPONDING_DEVICE_SDK_NAME\=iphoneos26.2
    export CP\=/bin/cp
    export CREATE_INFOPLIST_SECTION_IN_BINARY\=NO
    export CURRENT_ARCH\=undefined_arch
    export CURRENT_VARIANT\=normal
    export DEAD_CODE_STRIPPING\=YES
    export DEBUGGING_SYMBOLS\=YES
    export DEBUG_INFORMATION_FORMAT\=dwarf
    export DEBUG_INFORMATION_VERSION\=compiler-default
    export DEFAULT_COMPILER\=com.apple.compilers.llvm.clang.1_0
    export DEFAULT_DEXT_INSTALL_PATH\=/System/Library/DriverExtensions
    export DEFAULT_KEXT_INSTALL_PATH\=/System/Library/Extensions
    export DEFINES_MODULE\=NO
    export DEPLOYMENT_LOCATION\=NO
    export DEPLOYMENT_POSTPROCESSING\=NO
    export DEPLOYMENT_TARGET_SETTING_NAME\=IPHONEOS_DEPLOYMENT_TARGET
    export DEPLOYMENT_TARGET_SUGGESTED_VALUES\=12.0\ 12.1\ 12.2\ 12.3\ 12.4\ 13.0\ 13.1\ 13.2\ 13.3\ 13.4\ 13.5\ 13.6\ 14.0\ 14.1\ 14.2\ 14.3\ 14.4\ 14.5\ 14.6\ 14.7\ 15.0\ 15.1\ 15.2\ 15.3\ 15.4\ 15.5\ 15.6\ 16.0\ 16.1\ 16.2\ 16.3\ 16.4\ 16.5\ 16.6\ 17.0\ 17.1\ 17.2\ 17.3\ 17.4\ 17.5\ 17.6\ 18.0\ 18.1\ 18.2\ 18.3\ 18.4\ 18.5\ 18.6\ 26.0\ 26.1\ 26.2
    export DERIVED_FILES_DIR\=/Users/kharyfiler/Library/Developer/Xcode/DerivedData/Gripah-gptnnpiwslcswlcpylqwkddqyprw/Build/Intermediates.noindex/Pods.build/Debug-iphonesimulator/React-RCTFBReactNativeSpec.build/DerivedSources
    export DERIVED_FILE_DIR\=/Users/kharyfiler/Library/Developer/Xcode/DerivedData/Gripah-gptnnpiwslcswlcpylqwkddqyprw/Build/Intermediates.noindex/Pods.build/Debug-iphonesimulator/React-RCTFBReactNativeSpec.build/DerivedSources
    export DERIVED_SOURCES_DIR\=/Users/kharyfiler/Library/Developer/Xcode/DerivedData/Gripah-gptnnpiwslcswlcpylqwkddqyprw/Build/Intermediates.noindex/Pods.build/Debug-iphonesimulator/React-RCTFBReactNativeSpec.build/DerivedSources
    export DEVELOPER_APPLICATIONS_DIR\=/Applications/Xcode.app/Contents/Developer/Applications
    export DEVELOPER_BIN_DIR\=/Applications/Xcode.app/Contents/Developer/usr/bin
    export DEVELOPER_DIR\=/Applications/Xcode.app/Contents/Developer
    export DEVELOPER_FRAMEWORKS_DIR\=/Applications/Xcode.app/Contents/Developer/Library/Frameworks
    export DEVELOPER_FRAMEWORKS_DIR_QUOTED\=/Applications/Xcode.app/Contents/Developer/Library/Frameworks
    export DEVELOPER_LIBRARY_DIR\=/Applications/Xcode.app/Contents/Developer/Library
    export DEVELOPER_SDK_DIR\=/Applications/Xcode.app/Contents/Developer/Platforms/MacOSX.platform/Developer/SDKs
    export DEVELOPER_TOOLS_DIR\=/Applications/Xcode.app/Contents/Developer/Tools
    export DEVELOPER_USR_DIR\=/Applications/Xcode.app/Contents/Developer/usr
    export DEVELOPMENT_LANGUAGE\=en
    export DIAGNOSE_MISSING_TARGET_DEPENDENCIES\=YES
    export DIFF\=/usr/bin/diff
    export DONT_GENERATE_INFOPLIST_FILE\=NO
    export DSTROOT\=/tmp/Pods.dst
    export DT_TOOLCHAIN_DIR\=/Applications/Xcode.app/Contents/Developer/Toolchains/XcodeDefault.xctoolchain
    export DWARF_DSYM_FILE_NAME\=libReact-RCTFBReactNativeSpec.a.dSYM
    export DWARF_DSYM_FILE_SHOULD_ACCOMPANY_PRODUCT\=NO
    export DWARF_DSYM_FOLDER_PATH\=/Users/kharyfiler/Library/Developer/Xcode/DerivedData/Gripah-gptnnpiwslcswlcpylqwkddqyprw/Build/Products/Debug-iphonesimulator/React-RCTFBReactNativeSpec
    export DYNAMIC_LIBRARY_EXTENSION\=dylib
    export EAGER_COMPILATION_ALLOW_SCRIPTS\=NO
    export EAGER_LINKING\=NO
    export EFFECTIVE_PLATFORM_NAME\=-iphonesimulator
    export EMBEDDED_CONTENT_CONTAINS_SWIFT\=NO
    export EMBED_ASSET_PACKS_IN_PRODUCT_BUNDLE\=NO
    export ENABLE_APP_SANDBOX\=NO
    export ENABLE_CODE_COVERAGE\=YES
    export ENABLE_CPLUSPLUS_BOUNDS_SAFE_BUFFERS\=NO
    export ENABLE_C_BOUNDS_SAFETY\=NO
    export ENABLE_DEFAULT_HEADER_SEARCH_PATHS\=YES
    export ENABLE_DEFAULT_SEARCH_PATHS\=YES
    export ENABLE_ENHANCED_SECURITY\=NO
    export ENABLE_HARDENED_RUNTIME\=NO
    export ENABLE_HEADER_DEPENDENCIES\=YES
    export ENABLE_INCOMING_NETWORK_CONNECTIONS\=NO
    export ENABLE_MODULE_VERIFIER\=NO
    export ENABLE_ON_DEMAND_RESOURCES\=NO
    export ENABLE_OUTGOING_NETWORK_CONNECTIONS\=NO
    export ENABLE_POINTER_AUTHENTICATION\=NO
    export ENABLE_PREVIEWS\=NO
    export ENABLE_RESOURCE_ACCESS_AUDIO_INPUT\=NO
    export ENABLE_RESOURCE_ACCESS_BLUETOOTH\=NO
    export ENABLE_RESOURCE_ACCESS_CALENDARS\=NO
    export ENABLE_RESOURCE_ACCESS_CAMERA\=NO
    export ENABLE_RESOURCE_ACCESS_CONTACTS\=NO
    export ENABLE_RESOURCE_ACCESS_LOCATION\=NO
    export ENABLE_RESOURCE_ACCESS_PHOTO_LIBRARY\=NO
    export ENABLE_RESOURCE_ACCESS_PRINTING\=NO
    export ENABLE_RESOURCE_ACCESS_USB\=NO
    export ENABLE_SDK_IMPORTS\=NO
    export ENABLE_SECURITY_COMPILER_WARNINGS\=NO
    export ENABLE_STRICT_OBJC_MSGSEND\=YES
    export ENABLE_TESTABILITY\=YES
    export ENABLE_TESTING_SEARCH_PATHS\=NO
    export ENABLE_USER_SCRIPT_SANDBOXING\=NO
    export ENABLE_XOJIT_PREVIEWS\=YES
    export ENFORCE_VALID_ARCHS\=YES
    export ENTITLEMENTS_DESTINATION\=__entitlements
    export ENTITLEMENTS_REQUIRED\=YES
    export EXCLUDED_INSTALLSRC_SUBDIRECTORY_PATTERNS\=.DS_Store\ .svn\ .git\ .hg\ CVS
    export EXCLUDED_RECURSIVE_SEARCH_PATH_SUBDIRECTORIES\=\*.nib\ \*.lproj\ \*.framework\ \*.gch\ \*.xcode\*\ \*.xcassets\ \*.icon\ \(\*\)\ .DS_Store\ CVS\ .svn\ .git\ .hg\ \*.pbproj\ \*.pbxproj
    export EXECUTABLE_EXTENSION\=a
    export EXECUTABLE_NAME\=libReact-RCTFBReactNativeSpec.a
    export EXECUTABLE_PATH\=libReact-RCTFBReactNativeSpec.a
    export EXECUTABLE_PREFIX\=lib
    export EXECUTABLE_SUFFIX\=.a
    export FILE_LIST\=/Users/kharyfiler/Library/Developer/Xcode/DerivedData/Gripah-gptnnpiwslcswlcpylqwkddqyprw/Build/Intermediates.noindex/Pods.build/Debug-iphonesimulator/React-RCTFBReactNativeSpec.build/Objects/LinkFileList
    export FIXED_FILES_DIR\=/Users/kharyfiler/Library/Developer/Xcode/DerivedData/Gripah-gptnnpiwslcswlcpylqwkddqyprw/Build/Intermediates.noindex/Pods.build/Debug-iphonesimulator/React-RCTFBReactNativeSpec.build/FixedFiles
    export FRAMEWORK_FLAG_PREFIX\=-framework
    export FRAMEWORK_SEARCH_PATHS\=/Users/kharyfiler/Library/Developer/Xcode/DerivedData/Gripah-gptnnpiwslcswlcpylqwkddqyprw/Build/Products/Debug-iphonesimulator/React-RCTFBReactNativeSpec\ \ \"/Users/kharyfiler/Documents/grip-claude/ios/Pods/hermes-engine/destroot/Library/Frameworks/universal\"\ \"/Users/kharyfiler/Library/Developer/Xcode/DerivedData/Gripah-gptnnpiwslcswlcpylqwkddqyprw/Build/Products/Debug-iphonesimulator/XCFrameworkIntermediates/hermes-engine/Pre-built\"
    export FRAMEWORK_VERSION\=A
    export FULL_PRODUCT_NAME\=libReact-RCTFBReactNativeSpec.a
    export FUSE_BUILD_PHASES\=YES
    export FUSE_BUILD_SCRIPT_PHASES\=NO
    export GCC3_VERSION\=3.3
    export GCC_C_LANGUAGE_STANDARD\=gnu11
    export GCC_DYNAMIC_NO_PIC\=NO
    export GCC_NO_COMMON_BLOCKS\=YES
    export GCC_OBJC_LEGACY_DISPATCH\=YES
    export GCC_OPTIMIZATION_LEVEL\=0
    export GCC_PFE_FILE_C_DIALECTS\=c\ objective-c\ c++\ objective-c++
    export GCC_PREFIX_HEADER\=Target\ Support\ Files/React-RCTFBReactNativeSpec/React-RCTFBReactNativeSpec-prefix.pch
    export GCC_PREPROCESSOR_DEFINITIONS\=POD_CONFIGURATION_DEBUG\=1\ DEBUG\=1\ \ COCOAPODS\=1
    export GCC_TREAT_WARNINGS_AS_ERRORS\=NO
    export GCC_VERSION\=com.apple.compilers.llvm.clang.1_0
    export GCC_VERSION_IDENTIFIER\=com_apple_compilers_llvm_clang_1_0
    export GCC_WARN_64_TO_32_BIT_CONVERSION\=YES
    export GCC_WARN_ABOUT_RETURN_TYPE\=YES_ERROR
    export GCC_WARN_UNDECLARED_SELECTOR\=YES
    export GCC_WARN_UNINITIALIZED_AUTOS\=YES_AGGRESSIVE
    export GCC_WARN_UNUSED_FUNCTION\=YES
    export GCC_WARN_UNUSED_VARIABLE\=YES
    export GENERATED_MODULEMAP_DIR\=/Users/kharyfiler/Library/Developer/Xcode/DerivedData/Gripah-gptnnpiwslcswlcpylqwkddqyprw/Build/Intermediates.noindex/GeneratedModuleMaps-iphonesimulator
    export GENERATE_INFOPLIST_FILE\=NO
    export GENERATE_INTERMEDIATE_TEXT_BASED_STUBS\=YES
    export GENERATE_PKGINFO_FILE\=NO
    export GENERATE_PRELINK_OBJECT_FILE\=NO
    export GENERATE_PROFILING_CODE\=NO
    export GENERATE_TEXT_BASED_STUBS\=NO
    export GID\=20
    export GROUP\=staff
    export HEADERMAP_INCLUDES_FLAT_ENTRIES_FOR_TARGET_BEING_BUILT\=YES
    export HEADERMAP_INCLUDES_FRAMEWORK_ENTRIES_FOR_ALL_PRODUCT_TYPES\=YES
    export HEADERMAP_INCLUDES_FRAMEWORK_ENTRIES_FOR_TARGETS_NOT_BEING_BUILT\=YES
    export HEADERMAP_INCLUDES_NONPUBLIC_NONPRIVATE_HEADERS\=YES
    export HEADERMAP_INCLUDES_PROJECT_HEADERS\=YES
    export HEADERMAP_USES_FRAMEWORK_PREFIX_ENTRIES\=YES
    export HEADERMAP_USES_VFS\=NO
    export HEADER_SEARCH_PATHS\=/Users/kharyfiler/Library/Developer/Xcode/DerivedData/Gripah-gptnnpiwslcswlcpylqwkddqyprw/Build/Products/Debug-iphonesimulator/React-RCTFBReactNativeSpec/include\ \ \"/Users/kharyfiler/Documents/grip-claude/ios/Pods/Headers/Private\"\ \"/Users/kharyfiler/Documents/grip-claude/ios/Pods/Headers/Private/React-RCTFBReactNativeSpec\"\ \"/Users/kharyfiler/Documents/grip-claude/ios/Pods/Headers/Public\"\ \"/Users/kharyfiler/Documents/grip-claude/ios/Pods/Headers/Public/DoubleConversion\"\ \"/Users/kharyfiler/Documents/grip-claude/ios/Pods/Headers/Public/FBLazyVector\"\ \"/Users/kharyfiler/Documents/grip-claude/ios/Pods/Headers/Public/RCT-Folly\"\ \"/Users/kharyfiler/Documents/grip-claude/ios/Pods/Headers/Public/RCTDeprecation\"\ \"/Users/kharyfiler/Documents/grip-claude/ios/Pods/Headers/Public/RCTRequired\"\ \"/Users/kharyfiler/Documents/grip-claude/ios/Pods/Headers/Public/RCTTypeSafety\"\ \"/Users/kharyfiler/Documents/grip-claude/ios/Pods/Headers/Public/React-Core\"\ \"/Users/kharyfiler/Documents/grip-claude/ios/Pods/Headers/Public/React-Fabric\"\ \"/Users/kharyfiler/Documents/grip-claude/ios/Pods/Headers/Public/React-NativeModulesApple\"\ \"/Users/kharyfiler/Documents/grip-claude/ios/Pods/Headers/Public/React-RCTFBReactNativeSpec\"\ \"/Users/kharyfiler/Documents/grip-claude/ios/Pods/Headers/Public/React-callinvoker\"\ \"/Users/kharyfiler/Documents/grip-claude/ios/Pods/Headers/Public/React-cxxreact\"\ \"/Users/kharyfiler/Documents/grip-claude/ios/Pods/Headers/Public/React-debug\"\ \"/Users/kharyfiler/Documents/grip-claude/ios/Pods/Headers/Public/React-featureflags\"\ \"/Users/kharyfiler/Documents/grip-claude/ios/Pods/Headers/Public/React-graphics\"\ \"/Users/kharyfiler/Documents/grip-claude/ios/Pods/Headers/Public/React-hermes\"\ \"/Users/kharyfiler/Documents/grip-claude/ios/Pods/Headers/Public/React-jsi\"\ \"/Users/kharyfiler/Documents/grip-claude/ios/Pods/Headers/Public/React-jsiexecutor\"\ \"/Users/kharyfiler/Documents/grip-claude/ios/Pods/Headers/Public/React-jsinspector\"\ \"/Users/kharyfiler/Documents/grip-claude/ios/Pods/Headers/Public/React-jsinspectorcdp\"\ \"/Users/kharyfiler/Documents/grip-claude/ios/Pods/Headers/Public/React-jsinspectornetwork\"\ \"/Users/kharyfiler/Documents/grip-claude/ios/Pods/Headers/Public/React-jsinspectortracing\"\ \"/Users/kharyfiler/Documents/grip-claude/ios/Pods/Headers/Public/React-jsitooling\"\ \"/Users/kharyfiler/Documents/grip-claude/ios/Pods/Headers/Public/React-logger\"\ \"/Users/kharyfiler/Documents/grip-claude/ios/Pods/Headers/Public/React-oscompat\"\ \"/Users/kharyfiler/Documents/grip-claude/ios/Pods/Headers/Public/React-perflogger\"\ \"/Users/kharyfiler/Documents/grip-claude/ios/Pods/Headers/Public/React-performancetimeline\"\ \"/Users/kharyfiler/Documents/grip-claude/ios/Pods/Headers/Public/React-rendererconsistency\"\ \"/Users/kharyfiler/Documents/grip-claude/ios/Pods/Headers/Public/React-renderercss\"\ \"/Users/kharyfiler/Documents/grip-claude/ios/Pods/Headers/Public/React-rendererdebug\"\ \"/Users/kharyfiler/Documents/grip-claude/ios/Pods/Headers/Public/React-runtimeexecutor\"\ \"/Users/kharyfiler/Documents/grip-claude/ios/Pods/Headers/Public/React-runtimescheduler\"\ \"/Users/kharyfiler/Documents/grip-claude/ios/Pods/Headers/Public/React-timing\"\ \"/Users/kharyfiler/Documents/grip-claude/ios/Pods/Headers/Public/React-utils\"\ \"/Users/kharyfiler/Documents/grip-claude/ios/Pods/Headers/Public/ReactCommon\"\ \"/Users/kharyfiler/Documents/grip-claude/ios/Pods/Headers/Public/SocketRocket\"\ \"/Users/kharyfiler/Documents/grip-claude/ios/Pods/Headers/Public/Yoga\"\ \"/Users/kharyfiler/Documents/grip-claude/ios/Pods/Headers/Public/boost\"\ \"/Users/kharyfiler/Documents/grip-claude/ios/Pods/Headers/Public/fast_float\"\ \"/Users/kharyfiler/Documents/grip-claude/ios/Pods/Headers/Public/fmt\"\ \"/Users/kharyfiler/Documents/grip-claude/ios/Pods/Headers/Public/glog\"\ \"/Users/kharyfiler/Documents/grip-claude/ios/Pods/Headers/Public/hermes-engine\"\ \"/Users/kharyfiler/Documents/grip-claude/ios/Pods/../../node_modules/react-native/React/FBReactNativeSpec\"\ \"/Users/kharyfiler/Documents/grip-claude/ios/Pods/Headers/Private/Yoga\"\ \"/Users/kharyfiler/Library/Developer/Xcode/DerivedData/Gripah-gptnnpiwslcswlcpylqwkddqyprw/Build/Products/Debug-iphonesimulator/ReactCommon/ReactCommon.framework/Headers\"\ \"/Users/kharyfiler/Library/Developer/Xcode/DerivedData/Gripah-gptnnpiwslcswlcpylqwkddqyprw/Build/Products/Debug-iphonesimulator/ReactCommon/ReactCommon.framework/Headers/react/nativemodule/core\"\ \"/Users/kharyfiler/Library/Developer/Xcode/DerivedData/Gripah-gptnnpiwslcswlcpylqwkddqyprw/Build/Products/Debug-iphonesimulator/ReactCommon/ReactCommon.framework/Headers\"\ \"/Users/kharyfiler/Library/Developer/Xcode/DerivedData/Gripah-gptnnpiwslcswlcpylqwkddqyprw/Build/Products/Debug-iphonesimulator/ReactCommon/ReactCommon.framework/Headers/react/nativemodule/bridging\"\ /Users/kharyfiler/Documents/grip-claude/ios/Pods/glog\ /Users/kharyfiler/Documents/grip-claude/ios/Pods/boost\ /Users/kharyfiler/Documents/grip-claude/ios/Pods/DoubleConversion\ /Users/kharyfiler/Documents/grip-claude/ios/Pods/fast_float/include\ /Users/kharyfiler/Documents/grip-claude/ios/Pods/fmt/include\ /Users/kharyfiler/Documents/grip-claude/ios/Pods/SocketRocket\ /Users/kharyfiler/Documents/grip-claude/ios/Pods/RCT-Folly\ \"/Users/kharyfiler/Documents/grip-claude/ios/Pods/../../node_modules/react-native/React/FBReactNativeSpec\"\ \"/Users/kharyfiler/Documents/grip-claude/ios/Pods/Headers/Private/Yoga\"\ \"/Users/kharyfiler/Library/Developer/Xcode/DerivedData/Gripah-gptnnpiwslcswlcpylqwkddqyprw/Build/Products/Debug-iphonesimulator/ReactCommon/ReactCommon.framework/Headers\"\ \"/Users/kharyfiler/Library/Developer/Xcode/DerivedData/Gripah-gptnnpiwslcswlcpylqwkddqyprw/Build/Products/Debug-iphonesimulator/ReactCommon/ReactCommon.framework/Headers/react/nativemodule/core\"\ \"/Users/kharyfiler/Library/Developer/Xcode/DerivedData/Gripah-gptnnpiwslcswlcpylqwkddqyprw/Build/Products/Debug-iphonesimulator/ReactCommon/ReactCommon.framework/Headers\"\ \"/Users/kharyfiler/Library/Developer/Xcode/DerivedData/Gripah-gptnnpiwslcswlcpylqwkddqyprw/Build/Products/Debug-iphonesimulator/ReactCommon/ReactCommon.framework/Headers/react/nativemodule/bridging\"\ /Users/kharyfiler/Documents/grip-claude/ios/Pods/glog\ /Users/kharyfiler/Documents/grip-claude/ios/Pods/boost\ /Users/kharyfiler/Documents/grip-claude/ios/Pods/DoubleConversion\ /Users/kharyfiler/Documents/grip-claude/ios/Pods/fast_float/include\ /Users/kharyfiler/Documents/grip-claude/ios/Pods/fmt/include\ /Users/kharyfiler/Documents/grip-claude/ios/Pods/SocketRocket\ /Users/kharyfiler/Documents/grip-claude/ios/Pods/RCT-Folly\ \"/Users/kharyfiler/Library/Developer/Xcode/DerivedData/Gripah-gptnnpiwslcswlcpylqwkddqyprw/Build/Products/Debug-iphonesimulator/React-featureflags/React_featureflags.framework/Headers\"\ \"/Users/kharyfiler/Library/Developer/Xcode/DerivedData/Gripah-gptnnpiwslcswlcpylqwkddqyprw/Build/Products/Debug-iphonesimulator/React-debug/React_debug.framework/Headers\"\ \"/Users/kharyfiler/Library/Developer/Xcode/DerivedData/Gripah-gptnnpiwslcswlcpylqwkddqyprw/Build/Products/Debug-iphonesimulator/React-rendererdebug/React_rendererdebug.framework/Headers\"\ \"/Users/kharyfiler/Library/Developer/Xcode/DerivedData/Gripah-gptnnpiwslcswlcpylqwkddqyprw/Build/Products/Debug-iphonesimulator/React-utils/React_utils.framework/Headers\"\ \"/Users/kharyfiler/Library/Developer/Xcode/DerivedData/Gripah-gptnnpiwslcswlcpylqwkddqyprw/Build/Products/Debug-iphonesimulator/React-graphics/React_graphics.framework/Headers\"\ \"/Users/kharyfiler/Library/Developer/Xcode/DerivedData/Gripah-gptnnpiwslcswlcpylqwkddqyprw/Build/Products/Debug-iphonesimulator/React-graphics/React_graphics.framework/Headers/react/renderer/graphics/platform/ios\"\ \"/Users/kharyfiler/Library/Developer/Xcode/DerivedData/Gripah-gptnnpiwslcswlcpylqwkddqyprw/Build/Products/Debug-iphonesimulator/React-Fabric/React_Fabric.framework/Headers\"\ \"/Users/kharyfiler/Library/Developer/Xcode/DerivedData/Gripah-gptnnpiwslcswlcpylqwkddqyprw/Build/Products/Debug-iphonesimulator/React-Fabric/React_Fabric.framework/Headers/react/renderer/components/view/platform/cxx\"
    export HOME\=/Users/kharyfiler
    export HOST_ARCH\=arm64
    export HOST_PLATFORM\=macosx
    export ICONV\=/usr/bin/iconv
    export IMPLICIT_DEPENDENCY_DOMAIN\=default
    export INFOPLIST_ENABLE_CFBUNDLEICONS_MERGE\=YES
    export INFOPLIST_EXPAND_BUILD_SETTINGS\=YES
    export INFOPLIST_OUTPUT_FORMAT\=binary
    export INFOPLIST_PREPROCESS\=NO
    export INLINE_PRIVATE_FRAMEWORKS\=NO
    export INSTALLAPI_IGNORE_SKIP_INSTALL\=YES
    export INSTALLHDRS_COPY_PHASE\=NO
    export INSTALLHDRS_SCRIPT_PHASE\=NO
    export INSTALL_DIR\=/tmp/Pods.dst/usr/local/lib
    export INSTALL_GROUP\=staff
    export INSTALL_MODE_FLAG\=u+w,go-w,a+rX
    export INSTALL_OWNER\=kharyfiler
    export INSTALL_PATH\=/usr/local/lib
    export INSTALL_ROOT\=/tmp/Pods.dst
    export IPHONEOS_DEPLOYMENT_TARGET\=15.1
    export IS_UNOPTIMIZED_BUILD\=YES
    export JAVAC_DEFAULT_FLAGS\=-J-Xms64m\ -J-XX:NewSize\=4M\ -J-Dfile.encoding\=UTF8
    export JAVA_APP_STUB\=/System/Library/Frameworks/JavaVM.framework/Resources/MacOS/JavaApplicationStub
    export JAVA_ARCHIVE_CLASSES\=YES
    export JAVA_ARCHIVE_TYPE\=JAR
    export JAVA_COMPILER\=/usr/bin/javac
    export JAVA_FRAMEWORK_RESOURCES_DIRS\=Resources
    export JAVA_JAR_FLAGS\=cv
    export JAVA_SOURCE_SUBDIR\=.
    export JAVA_USE_DEPENDENCIES\=YES
    export JAVA_ZIP_FLAGS\=-urg
    export JIKES_DEFAULT_FLAGS\=+E\ +OLDCSO
    export KEEP_PRIVATE_EXTERNS\=NO
    export LD_DEPENDENCY_INFO_FILE\=/Users/kharyfiler/Library/Developer/Xcode/DerivedData/Gripah-gptnnpiwslcswlcpylqwkddqyprw/Build/Intermediates.noindex/Pods.build/Debug-iphonesimulator/React-RCTFBReactNativeSpec.build/Objects-normal/undefined_arch/React-RCTFBReactNativeSpec_dependency_info.dat
    export LD_EXPORT_SYMBOLS\=YES
    export LD_GENERATE_MAP_FILE\=NO
    export LD_MAP_FILE_PATH\=/Users/kharyfiler/Library/Developer/Xcode/DerivedData/Gripah-gptnnpiwslcswlcpylqwkddqyprw/Build/Intermediates.noindex/Pods.build/Debug-iphonesimulator/React-RCTFBReactNativeSpec.build/React-RCTFBReactNativeSpec-LinkMap-normal-undefined_arch.txt
    export LD_NO_PIE\=NO
    export LD_QUOTE_LINKER_ARGUMENTS_FOR_COMPILER_DRIVER\=YES
    export LD_SHARED_CACHE_ELIGIBLE\=Automatic
    export LD_WARN_DUPLICATE_LIBRARIES\=NO
    export LD_WARN_UNUSED_DYLIBS\=NO
    export LEGACY_DEVELOPER_DIR\=/Applications/Xcode.app/Contents/PlugIns/Xcode3Core.ideplugin/Contents/SharedSupport/Developer
    export LEX\=lex
    export LIBRARY_DEXT_INSTALL_PATH\=/Library/DriverExtensions
    export LIBRARY_FLAG_NOSPACE\=YES
    export LIBRARY_FLAG_PREFIX\=-l
    export LIBRARY_KEXT_INSTALL_PATH\=/Library/Extensions
    export LIBRARY_SEARCH_PATHS\=/Users/kharyfiler/Library/Developer/Xcode/DerivedData/Gripah-gptnnpiwslcswlcpylqwkddqyprw/Build/Products/Debug-iphonesimulator/React-RCTFBReactNativeSpec\ 
    export LINKER_DISPLAYS_MANGLED_NAMES\=NO
    export LINK_FILE_LIST_normal_arm64\=/Users/kharyfiler/Library/Developer/Xcode/DerivedData/Gripah-gptnnpiwslcswlcpylqwkddqyprw/Build/Intermediates.noindex/Pods.build/Debug-iphonesimulator/React-RCTFBReactNativeSpec.build/Objects-normal/arm64/React-RCTFBReactNativeSpec.LinkFileList
    export LINK_OBJC_RUNTIME\=YES
    export LINK_WITH_STANDARD_LIBRARIES\=YES
    export LLVM_TARGET_TRIPLE_OS_VERSION\=ios15.1
    export LLVM_TARGET_TRIPLE_SUFFIX\=-simulator
    export LLVM_TARGET_TRIPLE_VENDOR\=apple
    export LM_AUX_CONST_METADATA_LIST_PATH_normal_arm64\=/Users/kharyfiler/Library/Developer/Xcode/DerivedData/Gripah-gptnnpiwslcswlcpylqwkddqyprw/Build/Intermediates.noindex/Pods.build/Debug-iphonesimulator/React-RCTFBReactNativeSpec.build/Objects-normal/arm64/React-RCTFBReactNativeSpec.SwiftConstValuesFileList
    export LOCALIZATION_EXPORT_SUPPORTED\=YES
    export LOCALIZATION_PREFERS_STRING_CATALOGS\=NO
    export LOCALIZED_STRING_MACRO_NAMES\=NSLocalizedString\ CFCopyLocalizedString
    export LOCALIZED_STRING_SWIFTUI_SUPPORT\=YES
    export LOCAL_ADMIN_APPS_DIR\=/Applications/Utilities
    export LOCAL_APPS_DIR\=/Applications
    export LOCAL_DEVELOPER_DIR\=/Library/Developer
    export LOCAL_LIBRARY_DIR\=/Library
    export LOCROOT\=/Users/kharyfiler/Documents/grip-claude/ios/Pods
    export LOCSYMROOT\=/Users/kharyfiler/Documents/grip-claude/ios/Pods
    export MACH_O_TYPE\=staticlib
    export MAC_OS_X_PRODUCT_BUILD_VERSION\=24G419
    export MAC_OS_X_VERSION_ACTUAL\=150703
    export MAC_OS_X_VERSION_MAJOR\=150000
    export MAC_OS_X_VERSION_MINOR\=150700
    export MAKE_MERGEABLE\=NO
    export MERGEABLE_LIBRARY\=NO
    export MERGED_BINARY_TYPE\=none
    export MERGE_LINKED_LIBRARIES\=NO
    export METAL_LIBRARY_FILE_BASE\=default
    export METAL_LIBRARY_OUTPUT_DIR\=/Users/kharyfiler/Library/Developer/Xcode/DerivedData/Gripah-gptnnpiwslcswlcpylqwkddqyprw/Build/Products/Debug-iphonesimulator/React-RCTFBReactNativeSpec/
    export MODULE_CACHE_DIR\=/Users/kharyfiler/Library/Developer/Xcode/DerivedData/ModuleCache.noindex
    export MTL_ENABLE_DEBUG_INFO\=INCLUDE_SOURCE
    export MTL_FAST_MATH\=YES
    export NATIVE_ARCH\=arm64
    export NATIVE_ARCH_32_BIT\=arm
    export NATIVE_ARCH_64_BIT\=arm64
    export NATIVE_ARCH_ACTUAL\=arm64
    export NO_COMMON\=YES
    export OBJC_ABI_VERSION\=2
    export OBJECT_FILE_DIR\=/Users/kharyfiler/Library/Developer/Xcode/DerivedData/Gripah-gptnnpiwslcswlcpylqwkddqyprw/Build/Intermediates.noindex/Pods.build/Debug-iphonesimulator/React-RCTFBReactNativeSpec.build/Objects
    export OBJECT_FILE_DIR_normal\=/Users/kharyfiler/Library/Developer/Xcode/DerivedData/Gripah-gptnnpiwslcswlcpylqwkddqyprw/Build/Intermediates.noindex/Pods.build/Debug-iphonesimulator/React-RCTFBReactNativeSpec.build/Objects-normal
    export OBJROOT\=/Users/kharyfiler/Library/Developer/Xcode/DerivedData/Gripah-gptnnpiwslcswlcpylqwkddqyprw/Build/Intermediates.noindex
    export ONLY_ACTIVE_ARCH\=NO
    export OS\=MACOS
    export OSAC\=/usr/bin/osacompile
    export OTHER_CFLAGS\=\ -fmodule-map-file\=\"/Users/kharyfiler/Documents/grip-claude/ios/Pods/Headers/Public/DoubleConversion/DoubleConversion.modulemap\"\ -fmodule-map-file\=\"/Users/kharyfiler/Documents/grip-claude/ios/Pods/Headers/Public/RCTDeprecation/RCTDeprecation.modulemap\"\ -fmodule-map-file\=\"/Users/kharyfiler/Documents/grip-claude/ios/Pods/Headers/Public/RCTTypeSafety/RCTTypeSafety.modulemap\"\ -fmodule-map-file\=\"/Users/kharyfiler/Documents/grip-claude/ios/Pods/Headers/Public/React/React-Core.modulemap\"\ -fmodule-map-file\=\"/Users/kharyfiler/Documents/grip-claude/ios/Pods/Headers/Public/ReactCommon/ReactCommon.modulemap\"\ -fmodule-map-file\=\"/Users/kharyfiler/Documents/grip-claude/ios/Pods/Headers/Public/React_Fabric/React-Fabric.modulemap\"\ -fmodule-map-file\=\"/Users/kharyfiler/Documents/grip-claude/ios/Pods/Headers/Public/React_NativeModulesApple/React-NativeModulesApple.modulemap\"\ -fmodule-map-file\=\"/Users/kharyfiler/Documents/grip-claude/ios/Pods/Headers/Public/React_runtimeexecutor/React-runtimeexecutor.modulemap\"\ -fmodule-map-file\=\"/Users/kharyfiler/Documents/grip-claude/ios/Pods/Headers/Public/SocketRocket/SocketRocket.modulemap\"\ -fmodule-map-file\=\"/Users/kharyfiler/Documents/grip-claude/ios/Pods/Headers/Public/fmt/fmt.modulemap\"\ -fmodule-map-file\=\"/Users/kharyfiler/Documents/grip-claude/ios/Pods/Headers/Public/folly/RCT-Folly.modulemap\"\ -fmodule-map-file\=\"/Users/kharyfiler/Documents/grip-claude/ios/Pods/Headers/Public/glog/glog.modulemap\"\ -fmodule-map-file\=\"/Users/kharyfiler/Documents/grip-claude/ios/Pods/Headers/Public/jsi/React-jsi.modulemap\"\ -fmodule-map-file\=\"/Users/kharyfiler/Documents/grip-claude/ios/Pods/Headers/Public/jsinspector_modern/React-jsinspector.modulemap\"\ -fmodule-map-file\=\"/Users/kharyfiler/Documents/grip-claude/ios/Pods/Headers/Public/jsinspector_modern_cdp/React-jsinspectorcdp.modulemap\"\ -fmodule-map-file\=\"/Users/kharyfiler/Documents/grip-claude/ios/Pods/Headers/Public/jsinspector_modern_network/React-jsinspectornetwork.modulemap\"\ -fmodule-map-file\=\"/Users/kharyfiler/Documents/grip-claude/ios/Pods/Headers/Public/jsinspector_modern_tracing/React-jsinspectortracing.modulemap\"\ -fmodule-map-file\=\"/Users/kharyfiler/Documents/grip-claude/ios/Pods/Headers/Public/react_debug/React-debug.modulemap\"\ -fmodule-map-file\=\"/Users/kharyfiler/Documents/grip-claude/ios/Pods/Headers/Public/react_featureflags/React-featureflags.modulemap\"\ -fmodule-map-file\=\"/Users/kharyfiler/Documents/grip-claude/ios/Pods/Headers/Public/react_renderer_css/React-renderercss.modulemap\"\ -fmodule-map-file\=\"/Users/kharyfiler/Documents/grip-claude/ios/Pods/Headers/Public/react_renderer_debug/React-rendererdebug.modulemap\"\ -fmodule-map-file\=\"/Users/kharyfiler/Documents/grip-claude/ios/Pods/Headers/Public/react_renderer_graphics/React-graphics.modulemap\"\ -fmodule-map-file\=\"/Users/kharyfiler/Documents/grip-claude/ios/Pods/Headers/Public/react_runtime/React-jsitooling.modulemap\"\ -fmodule-map-file\=\"/Users/kharyfiler/Documents/grip-claude/ios/Pods/Headers/Public/react_utils/React-utils.modulemap\"\ -fmodule-map-file\=\"/Users/kharyfiler/Documents/grip-claude/ios/Pods/Headers/Public/reacthermes/React-hermes.modulemap\"\ -fmodule-map-file\=\"/Users/kharyfiler/Documents/grip-claude/ios/Pods/Headers/Public/yoga/Yoga.modulemap\"
    export OTHER_CPLUSPLUSFLAGS\=\ -fmodule-map-file\=\"/Users/kharyfiler/Documents/grip-claude/ios/Pods/Headers/Public/DoubleConversion/DoubleConversion.modulemap\"\ -fmodule-map-file\=\"/Users/kharyfiler/Documents/grip-claude/ios/Pods/Headers/Public/RCTDeprecation/RCTDeprecation.modulemap\"\ -fmodule-map-file\=\"/Users/kharyfiler/Documents/grip-claude/ios/Pods/Headers/Public/RCTTypeSafety/RCTTypeSafety.modulemap\"\ -fmodule-map-file\=\"/Users/kharyfiler/Documents/grip-claude/ios/Pods/Headers/Public/React/React-Core.modulemap\"\ -fmodule-map-file\=\"/Users/kharyfiler/Documents/grip-claude/ios/Pods/Headers/Public/ReactCommon/ReactCommon.modulemap\"\ -fmodule-map-file\=\"/Users/kharyfiler/Documents/grip-claude/ios/Pods/Headers/Public/React_Fabric/React-Fabric.modulemap\"\ -fmodule-map-file\=\"/Users/kharyfiler/Documents/grip-claude/ios/Pods/Headers/Public/React_NativeModulesApple/React-NativeModulesApple.modulemap\"\ -fmodule-map-file\=\"/Users/kharyfiler/Documents/grip-claude/ios/Pods/Headers/Public/React_runtimeexecutor/React-runtimeexecutor.modulemap\"\ -fmodule-map-file\=\"/Users/kharyfiler/Documents/grip-claude/ios/Pods/Headers/Public/SocketRocket/SocketRocket.modulemap\"\ -fmodule-map-file\=\"/Users/kharyfiler/Documents/grip-claude/ios/Pods/Headers/Public/fmt/fmt.modulemap\"\ -fmodule-map-file\=\"/Users/kharyfiler/Documents/grip-claude/ios/Pods/Headers/Public/folly/RCT-Folly.modulemap\"\ -fmodule-map-file\=\"/Users/kharyfiler/Documents/grip-claude/ios/Pods/Headers/Public/glog/glog.modulemap\"\ -fmodule-map-file\=\"/Users/kharyfiler/Documents/grip-claude/ios/Pods/Headers/Public/jsi/React-jsi.modulemap\"\ -fmodule-map-file\=\"/Users/kharyfiler/Documents/grip-claude/ios/Pods/Headers/Public/jsinspector_modern/React-jsinspector.modulemap\"\ -fmodule-map-file\=\"/Users/kharyfiler/Documents/grip-claude/ios/Pods/Headers/Public/jsinspector_modern_cdp/React-jsinspectorcdp.modulemap\"\ -fmodule-map-file\=\"/Users/kharyfiler/Documents/grip-claude/ios/Pods/Headers/Public/jsinspector_modern_network/React-jsinspectornetwork.modulemap\"\ -fmodule-map-file\=\"/Users/kharyfiler/Documents/grip-claude/ios/Pods/Headers/Public/jsinspector_modern_tracing/React-jsinspectortracing.modulemap\"\ -fmodule-map-file\=\"/Users/kharyfiler/Documents/grip-claude/ios/Pods/Headers/Public/react_debug/React-debug.modulemap\"\ -fmodule-map-file\=\"/Users/kharyfiler/Documents/grip-claude/ios/Pods/Headers/Public/react_featureflags/React-featureflags.modulemap\"\ -fmodule-map-file\=\"/Users/kharyfiler/Documents/grip-claude/ios/Pods/Headers/Public/react_renderer_css/React-renderercss.modulemap\"\ -fmodule-map-file\=\"/Users/kharyfiler/Documents/grip-claude/ios/Pods/Headers/Public/react_renderer_debug/React-rendererdebug.modulemap\"\ -fmodule-map-file\=\"/Users/kharyfiler/Documents/grip-claude/ios/Pods/Headers/Public/react_renderer_graphics/React-graphics.modulemap\"\ -fmodule-map-file\=\"/Users/kharyfiler/Documents/grip-claude/ios/Pods/Headers/Public/react_runtime/React-jsitooling.modulemap\"\ -fmodule-map-file\=\"/Users/kharyfiler/Documents/grip-claude/ios/Pods/Headers/Public/react_utils/React-utils.modulemap\"\ -fmodule-map-file\=\"/Users/kharyfiler/Documents/grip-claude/ios/Pods/Headers/Public/reacthermes/React-hermes.modulemap\"\ -fmodule-map-file\=\"/Users/kharyfiler/Documents/grip-claude/ios/Pods/Headers/Public/yoga/Yoga.modulemap\"
    export PACKAGE_TYPE\=com.apple.package-type.static-library
    export PASCAL_STRINGS\=YES
    export PATH\=/Applications/Xcode.app/Contents/SharedFrameworks/SwiftBuild.framework/Versions/A/PlugIns/SWBBuildService.bundle/Contents/PlugIns/SWBUniversalPlatformPlugin.bundle/Contents/Frameworks/SWBUniversalPlatform.framework/Resources:/var/run/com.apple.security.cryptexd/mnt/com.apple.MobileAsset.MetalToolchain-v17.3.48.0.eTPF2V/Metal.xctoolchain/usr/bin:/var/run/com.apple.security.cryptexd/mnt/com.apple.MobileAsset.MetalToolchain-v17.3.48.0.eTPF2V/Metal.xctoolchain/usr/local/bin:/var/run/com.apple.security.cryptexd/mnt/com.apple.MobileAsset.MetalToolchain-v17.3.48.0.eTPF2V/Metal.xctoolchain/usr/libexec:/Applications/Xcode.app/Contents/Developer/Toolchains/XcodeDefault.xctoolchain/usr/bin:/Applications/Xcode.app/Contents/Developer/Toolchains/XcodeDefault.xctoolchain/usr/local/bin:/Applications/Xcode.app/Contents/Developer/Toolchains/XcodeDefault.xctoolchain/usr/libexec:/Applications/Xcode.app/Contents/Developer/Platforms/iPhoneSimulator.platform/usr/bin:/Applications/Xcode.app/Contents/Developer/Platforms/iPhoneSimulator.platform/usr/local/bin:/Applications/Xcode.app/Contents/Developer/Platforms/iPhoneSimulator.platform/Developer/usr/bin:/Applications/Xcode.app/Contents/Developer/Platforms/iPhoneSimulator.platform/Developer/usr/local/bin:/Applications/Xcode.app/Contents/Developer/usr/bin:/Applications/Xcode.app/Contents/Developer/usr/local/bin:/usr/local/bin:/System/Cryptexes/App/usr/bin:/usr/bin:/bin:/usr/sbin:/sbin:/var/run/com.apple.security.cryptexd/codex.system/bootstrap/usr/local/bin:/var/run/com.apple.security.cryptexd/codex.system/bootstrap/usr/bin:/var/run/com.apple.security.cryptexd/codex.system/bootstrap/usr/appleinternal/bin:/Library/Apple/usr/bin:/opt/homebrew/bin
    export PATH_PREFIXES_EXCLUDED_FROM_HEADER_DEPENDENCIES\=/usr/include\ /usr/local/include\ /System/Library/Frameworks\ /System/Library/PrivateFrameworks\ /Applications/Xcode.app/Contents/Developer/Headers\ /Applications/Xcode.app/Contents/Developer/SDKs\ /Applications/Xcode.app/Contents/Developer/Platforms
    export PER_ARCH_MODULE_FILE_DIR\=/Users/kharyfiler/Library/Developer/Xcode/DerivedData/Gripah-gptnnpiwslcswlcpylqwkddqyprw/Build/Intermediates.noindex/Pods.build/Debug-iphonesimulator/React-RCTFBReactNativeSpec.build/Objects-normal/undefined_arch
    export PER_ARCH_OBJECT_FILE_DIR\=/Users/kharyfiler/Library/Developer/Xcode/DerivedData/Gripah-gptnnpiwslcswlcpylqwkddqyprw/Build/Intermediates.noindex/Pods.build/Debug-iphonesimulator/React-RCTFBReactNativeSpec.build/Objects-normal/undefined_arch
    export PER_VARIANT_OBJECT_FILE_DIR\=/Users/kharyfiler/Library/Developer/Xcode/DerivedData/Gripah-gptnnpiwslcswlcpylqwkddqyprw/Build/Intermediates.noindex/Pods.build/Debug-iphonesimulator/React-RCTFBReactNativeSpec.build/Objects-normal
    export PKGINFO_FILE_PATH\=/Users/kharyfiler/Library/Developer/Xcode/DerivedData/Gripah-gptnnpiwslcswlcpylqwkddqyprw/Build/Intermediates.noindex/Pods.build/Debug-iphonesimulator/React-RCTFBReactNativeSpec.build/PkgInfo
    export PLATFORM_DEVELOPER_APPLICATIONS_DIR\=/Applications/Xcode.app/Contents/Developer/Platforms/iPhoneSimulator.platform/Developer/Applications
    export PLATFORM_DEVELOPER_BIN_DIR\=/Applications/Xcode.app/Contents/Developer/Platforms/iPhoneSimulator.platform/Developer/usr/bin
    export PLATFORM_DEVELOPER_LIBRARY_DIR\=/Applications/Xcode.app/Contents/Developer/Platforms/iPhoneSimulator.platform/Developer/Library
    export PLATFORM_DEVELOPER_SDK_DIR\=/Applications/Xcode.app/Contents/Developer/Platforms/iPhoneSimulator.platform/Developer/SDKs
    export PLATFORM_DEVELOPER_TOOLS_DIR\=/Applications/Xcode.app/Contents/Developer/Platforms/iPhoneSimulator.platform/Developer/Tools
    export PLATFORM_DEVELOPER_USR_DIR\=/Applications/Xcode.app/Contents/Developer/Platforms/iPhoneSimulator.platform/Developer/usr
    export PLATFORM_DIR\=/Applications/Xcode.app/Contents/Developer/Platforms/iPhoneSimulator.platform
    export PLATFORM_DISPLAY_NAME\=iOS\ Simulator
    export PLATFORM_FAMILY_NAME\=iOS
    export PLATFORM_NAME\=iphonesimulator
    export PLATFORM_PREFERRED_ARCH\=x86_64
    export PLATFORM_PRODUCT_BUILD_VERSION\=23C53
    export PLATFORM_REQUIRES_SWIFT_AUTOLINK_EXTRACT\=NO
    export PLATFORM_REQUIRES_SWIFT_MODULEWRAP\=NO
    export PLIST_FILE_OUTPUT_FORMAT\=binary
    export PODS_BUILD_DIR\=/Users/kharyfiler/Library/Developer/Xcode/DerivedData/Gripah-gptnnpiwslcswlcpylqwkddqyprw/Build/Products
    export PODS_CONFIGURATION_BUILD_DIR\=/Users/kharyfiler/Library/Developer/Xcode/DerivedData/Gripah-gptnnpiwslcswlcpylqwkddqyprw/Build/Products/Debug-iphonesimulator
    export PODS_DEVELOPMENT_LANGUAGE\=en
    export PODS_ROOT\=/Users/kharyfiler/Documents/grip-claude/ios/Pods
    export PODS_TARGET_SRCROOT\=/Users/kharyfiler/Documents/grip-claude/ios/Pods/../../node_modules/react-native/React
    export PODS_XCFRAMEWORKS_BUILD_DIR\=/Users/kharyfiler/Library/Developer/Xcode/DerivedData/Gripah-gptnnpiwslcswlcpylqwkddqyprw/Build/Products/Debug-iphonesimulator/XCFrameworkIntermediates
    export PRECOMPS_INCLUDE_HEADERS_FROM_BUILT_PRODUCTS_DIR\=YES
    export PRECOMP_DESTINATION_DIR\=/Users/kharyfiler/Library/Developer/Xcode/DerivedData/Gripah-gptnnpiwslcswlcpylqwkddqyprw/Build/Intermediates.noindex/Pods.build/Debug-iphonesimulator/React-RCTFBReactNativeSpec.build/PrefixHeaders
    export PROCESSED_INFOPLIST_PATH\=/Users/kharyfiler/Library/Developer/Xcode/DerivedData/Gripah-gptnnpiwslcswlcpylqwkddqyprw/Build/Intermediates.noindex/Pods.build/Debug-iphonesimulator/React-RCTFBReactNativeSpec.build/Objects-normal/undefined_arch/Processed-Info.plist
    export PRODUCT_BUNDLE_IDENTIFIER\=org.cocoapods.React-RCTFBReactNativeSpec
    export PRODUCT_MODULE_NAME\=FBReactNativeSpec
    export PRODUCT_NAME\=React-RCTFBReactNativeSpec
    export PRODUCT_SETTINGS_PATH\=
    export PRODUCT_TYPE\=com.apple.product-type.library.static
    export PROFILING_CODE\=NO
    export PROJECT\=Pods
    export PROJECT_DERIVED_FILE_DIR\=/Users/kharyfiler/Library/Developer/Xcode/DerivedData/Gripah-gptnnpiwslcswlcpylqwkddqyprw/Build/Intermediates.noindex/Pods.build/DerivedSources
    export PROJECT_DIR\=/Users/kharyfiler/Documents/grip-claude/ios/Pods
    export PROJECT_FILE_PATH\=/Users/kharyfiler/Documents/grip-claude/ios/Pods/Pods.xcodeproj
    export PROJECT_GUID\=8699adb1dd336b26511df848a716bd42
    export PROJECT_NAME\=Pods
    export PROJECT_TEMP_DIR\=/Users/kharyfiler/Library/Developer/Xcode/DerivedData/Gripah-gptnnpiwslcswlcpylqwkddqyprw/Build/Intermediates.noindex/Pods.build
    export PROJECT_TEMP_ROOT\=/Users/kharyfiler/Library/Developer/Xcode/DerivedData/Gripah-gptnnpiwslcswlcpylqwkddqyprw/Build/Intermediates.noindex
    export REACT_NATIVE_PATH\=/Users/kharyfiler/Documents/grip-claude/ios/Pods/../../node_modules/react-native
    export RECOMMENDED_IPHONEOS_DEPLOYMENT_TARGET\=15.0
    export RECURSIVE_SEARCH_PATHS_FOLLOW_SYMLINKS\=YES
    export REMOVE_CVS_FROM_RESOURCES\=YES
    export REMOVE_GIT_FROM_RESOURCES\=YES
    export REMOVE_HEADERS_FROM_EMBEDDED_BUNDLES\=YES
    export REMOVE_HG_FROM_RESOURCES\=YES
    export REMOVE_STATIC_EXECUTABLES_FROM_EMBEDDED_BUNDLES\=YES
    export REMOVE_SVN_FROM_RESOURCES\=YES
    export RESCHEDULE_INDEPENDENT_HEADERS_PHASES\=YES
    export REZ_COLLECTOR_DIR\=/Users/kharyfiler/Library/Developer/Xcode/DerivedData/Gripah-gptnnpiwslcswlcpylqwkddqyprw/Build/Intermediates.noindex/Pods.build/Debug-iphonesimulator/React-RCTFBReactNativeSpec.build/ResourceManagerResources
    export REZ_EXECUTABLE\=YES
    export REZ_OBJECTS_DIR\=/Users/kharyfiler/Library/Developer/Xcode/DerivedData/Gripah-gptnnpiwslcswlcpylqwkddqyprw/Build/Intermediates.noindex/Pods.build/Debug-iphonesimulator/React-RCTFBReactNativeSpec.build/ResourceManagerResources/Objects
    export REZ_SEARCH_PATHS\=/Users/kharyfiler/Library/Developer/Xcode/DerivedData/Gripah-gptnnpiwslcswlcpylqwkddqyprw/Build/Products/Debug-iphonesimulator/React-RCTFBReactNativeSpec\ 
    export RUNTIME_EXCEPTION_ALLOW_DYLD_ENVIRONMENT_VARIABLES\=NO
    export RUNTIME_EXCEPTION_ALLOW_JIT\=NO
    export RUNTIME_EXCEPTION_ALLOW_UNSIGNED_EXECUTABLE_MEMORY\=NO
    export RUNTIME_EXCEPTION_DEBUGGING_TOOL\=NO
    export RUNTIME_EXCEPTION_DISABLE_EXECUTABLE_PAGE_PROTECTION\=NO
    export RUNTIME_EXCEPTION_DISABLE_LIBRARY_VALIDATION\=NO
    export SCAN_ALL_SOURCE_FILES_FOR_INCLUDES\=NO
    export SCRIPT_INPUT_FILE_COUNT\=0
    export SCRIPT_INPUT_FILE_LIST_COUNT\=0
    export SCRIPT_OUTPUT_FILE_COUNT\=0
    export SCRIPT_OUTPUT_FILE_LIST_COUNT\=0
    export SDKROOT\=/Applications/Xcode.app/Contents/Developer/Platforms/iPhoneSimulator.platform/Developer/SDKs/iPhoneSimulator26.2.sdk
    export SDK_DIR\=/Applications/Xcode.app/Contents/Developer/Platforms/iPhoneSimulator.platform/Developer/SDKs/iPhoneSimulator26.2.sdk
    export SDK_DIR_iphonesimulator\=/Applications/Xcode.app/Contents/Developer/Platforms/iPhoneSimulator.platform/Developer/SDKs/iPhoneSimulator26.2.sdk
    export SDK_DIR_iphonesimulator26_2\=/Applications/Xcode.app/Contents/Developer/Platforms/iPhoneSimulator.platform/Developer/SDKs/iPhoneSimulator26.2.sdk
    export SDK_NAME\=iphonesimulator26.2
    export SDK_NAMES\=iphonesimulator26.2
    export SDK_PRODUCT_BUILD_VERSION\=23C53
    export SDK_STAT_CACHE_DIR\=/Users/kharyfiler/Library/Developer/Xcode/DerivedData
    export SDK_STAT_CACHE_ENABLE\=YES
    export SDK_STAT_CACHE_PATH\=/Users/kharyfiler/Library/Developer/Xcode/DerivedData/SDKStatCaches.noindex/iphonesimulator26.2-23C53-3885c01c3e6b6a337905948deab2002e7d00a8b37fbd7999ea79df8ebc024bf0.sdkstatcache
    export SDK_VERSION\=26.2
    export SDK_VERSION_ACTUAL\=260200
    export SDK_VERSION_MAJOR\=260000
    export SDK_VERSION_MINOR\=260200
    export SED\=/usr/bin/sed
    export SEPARATE_STRIP\=NO
    export SEPARATE_SYMBOL_EDIT\=NO
    export SET_DIR_MODE_OWNER_GROUP\=YES
    export SET_FILE_MODE_OWNER_GROUP\=NO
    export SHALLOW_BUNDLE\=NO
    export SHARED_DERIVED_FILE_DIR\=/Users/kharyfiler/Library/Developer/Xcode/DerivedData/Gripah-gptnnpiwslcswlcpylqwkddqyprw/Build/Products/Debug-iphonesimulator/React-RCTFBReactNativeSpec/DerivedSources
    export SHARED_PRECOMPS_DIR\=/Users/kharyfiler/Library/Developer/Xcode/DerivedData/Gripah-gptnnpiwslcswlcpylqwkddqyprw/Build/Intermediates.noindex/PrecompiledHeaders
    export SKIP_INSTALL\=YES
    export SOURCE_ROOT\=/Users/kharyfiler/Documents/grip-claude/ios/Pods
    export SRCROOT\=/Users/kharyfiler/Documents/grip-claude/ios/Pods
    export STRINGSDATA_DIR\=/Users/kharyfiler/Library/Developer/Xcode/DerivedData/Gripah-gptnnpiwslcswlcpylqwkddqyprw/Build/Intermediates.noindex/Pods.build/Debug-iphonesimulator/React-RCTFBReactNativeSpec.build/Objects-normal/undefined_arch
    export STRINGSDATA_ROOT\=/Users/kharyfiler/Library/Developer/Xcode/DerivedData/Gripah-gptnnpiwslcswlcpylqwkddqyprw/Build/Intermediates.noindex/Pods.build/Debug-iphonesimulator/React-RCTFBReactNativeSpec.build
    export STRINGS_FILE_INFOPLIST_RENAME\=YES
    export STRINGS_FILE_OUTPUT_ENCODING\=binary
    export STRING_CATALOG_GENERATE_SYMBOLS\=NO
    export STRIP_BITCODE_FROM_COPIED_FILES\=NO
    export STRIP_INSTALLED_PRODUCT\=NO
    export STRIP_STYLE\=debugging
    export STRIP_SWIFT_SYMBOLS\=YES
    export SUPPORTED_DEVICE_FAMILIES\=1,2
    export SUPPORTED_PLATFORMS\=iphoneos\ iphonesimulator
    export SUPPORTS_TEXT_BASED_API\=NO
    export SUPPRESS_WARNINGS\=NO
    export SWIFT_ACTIVE_COMPILATION_CONDITIONS\=\ DEBUG\ 
    export SWIFT_EMIT_CONST_VALUE_PROTOCOLS\=AppIntent\ EntityQuery\ AppEntity\ TransientEntity\ AppEnum\ AppShortcutProviding\ AppShortcutsProvider\ AnyResolverProviding\ AppIntentsPackage\ DynamicOptionsProvider\ _IntentValueRepresentable\ _AssistantIntentsProvider\ _GenerativeFunctionExtractable\ IntentValueQuery\ Resolver\ AppExtension\ ExtensionPointDefining
    export SWIFT_EMIT_LOC_STRINGS\=NO
    export SWIFT_ENABLE_EXPLICIT_MODULES\=YES
    export SWIFT_INSTALL_OBJC_HEADER\=YES
    export SWIFT_OPTIMIZATION_LEVEL\=-Onone
    export SWIFT_PLATFORM_TARGET_PREFIX\=ios
    export SWIFT_RESPONSE_FILE_PATH_normal_arm64\=/Users/kharyfiler/Library/Developer/Xcode/DerivedData/Gripah-gptnnpiwslcswlcpylqwkddqyprw/Build/Intermediates.noindex/Pods.build/Debug-iphonesimulator/React-RCTFBReactNativeSpec.build/Objects-normal/arm64/React-RCTFBReactNativeSpec.SwiftFileList
    export SWIFT_VERSION\=5.0
    export SYMROOT\=/Users/kharyfiler/Library/Developer/Xcode/DerivedData/Gripah-gptnnpiwslcswlcpylqwkddqyprw/Build/Products
    export SYSTEM_ADMIN_APPS_DIR\=/Applications/Utilities
    export SYSTEM_APPS_DIR\=/Applications
    export SYSTEM_CORE_SERVICES_DIR\=/System/Library/CoreServices
    export SYSTEM_DEMOS_DIR\=/Applications/Extras
    export SYSTEM_DEVELOPER_APPS_DIR\=/Applications/Xcode.app/Contents/Developer/Applications
    export SYSTEM_DEVELOPER_BIN_DIR\=/Applications/Xcode.app/Contents/Developer/usr/bin
    export SYSTEM_DEVELOPER_DEMOS_DIR\=/Applications/Xcode.app/Contents/Developer/Applications/Utilities/Built\ Examples
    export SYSTEM_DEVELOPER_DIR\=/Applications/Xcode.app/Contents/Developer
    export SYSTEM_DEVELOPER_DOC_DIR\=/Applications/Xcode.app/Contents/Developer/ADC\ Reference\ Library
    export SYSTEM_DEVELOPER_GRAPHICS_TOOLS_DIR\=/Applications/Xcode.app/Contents/Developer/Applications/Graphics\ Tools
    export SYSTEM_DEVELOPER_JAVA_TOOLS_DIR\=/Applications/Xcode.app/Contents/Developer/Applications/Java\ Tools
    export SYSTEM_DEVELOPER_PERFORMANCE_TOOLS_DIR\=/Applications/Xcode.app/Contents/Developer/Applications/Performance\ Tools
    export SYSTEM_DEVELOPER_RELEASENOTES_DIR\=/Applications/Xcode.app/Contents/Developer/ADC\ Reference\ Library/releasenotes
    export SYSTEM_DEVELOPER_TOOLS\=/Applications/Xcode.app/Contents/Developer/Tools
    export SYSTEM_DEVELOPER_TOOLS_DOC_DIR\=/Applications/Xcode.app/Contents/Developer/ADC\ Reference\ Library/documentation/DeveloperTools
    export SYSTEM_DEVELOPER_TOOLS_RELEASENOTES_DIR\=/Applications/Xcode.app/Contents/Developer/ADC\ Reference\ Library/releasenotes/DeveloperTools
    export SYSTEM_DEVELOPER_USR_DIR\=/Applications/Xcode.app/Contents/Developer/usr
    export SYSTEM_DEVELOPER_UTILITIES_DIR\=/Applications/Xcode.app/Contents/Developer/Applications/Utilities
    export SYSTEM_DEXT_INSTALL_PATH\=/System/Library/DriverExtensions
    export SYSTEM_DOCUMENTATION_DIR\=/Library/Documentation
    export SYSTEM_KEXT_INSTALL_PATH\=/System/Library/Extensions
    export SYSTEM_LIBRARY_DIR\=/System/Library
    export TAPI_DEMANGLE\=YES
    export TAPI_ENABLE_PROJECT_HEADERS\=NO
    export TAPI_LANGUAGE\=objective-c
    export TAPI_LANGUAGE_STANDARD\=compiler-default
    export TAPI_USE_SRCROOT\=YES
    export TAPI_VERIFY_MODE\=Pedantic
    export TARGETED_DEVICE_FAMILY\=1,2
    export TARGETNAME\=React-RCTFBReactNativeSpec
    export TARGET_BUILD_DIR\=/Users/kharyfiler/Library/Developer/Xcode/DerivedData/Gripah-gptnnpiwslcswlcpylqwkddqyprw/Build/Products/Debug-iphonesimulator/React-RCTFBReactNativeSpec
    export TARGET_NAME\=React-RCTFBReactNativeSpec
    export TARGET_TEMP_DIR\=/Users/kharyfiler/Library/Developer/Xcode/DerivedData/Gripah-gptnnpiwslcswlcpylqwkddqyprw/Build/Intermediates.noindex/Pods.build/Debug-iphonesimulator/React-RCTFBReactNativeSpec.build
    export TEMP_DIR\=/Users/kharyfiler/Library/Developer/Xcode/DerivedData/Gripah-gptnnpiwslcswlcpylqwkddqyprw/Build/Intermediates.noindex/Pods.build/Debug-iphonesimulator/React-RCTFBReactNativeSpec.build
    export TEMP_FILES_DIR\=/Users/kharyfiler/Library/Developer/Xcode/DerivedData/Gripah-gptnnpiwslcswlcpylqwkddqyprw/Build/Intermediates.noindex/Pods.build/Debug-iphonesimulator/React-RCTFBReactNativeSpec.build
    export TEMP_FILE_DIR\=/Users/kharyfiler/Library/Developer/Xcode/DerivedData/Gripah-gptnnpiwslcswlcpylqwkddqyprw/Build/Intermediates.noindex/Pods.build/Debug-iphonesimulator/React-RCTFBReactNativeSpec.build
    export TEMP_ROOT\=/Users/kharyfiler/Library/Developer/Xcode/DerivedData/Gripah-gptnnpiwslcswlcpylqwkddqyprw/Build/Intermediates.noindex
    export TEMP_SANDBOX_DIR\=/Users/kharyfiler/Library/Developer/Xcode/DerivedData/Gripah-gptnnpiwslcswlcpylqwkddqyprw/Build/Intermediates.noindex/TemporaryTaskSandboxes
    export TEST_FRAMEWORK_SEARCH_PATHS\=\ /Applications/Xcode.app/Contents/Developer/Platforms/iPhoneSimulator.platform/Developer/Library/Frameworks\ /Applications/Xcode.app/Contents/Developer/Platforms/iPhoneSimulator.platform/Developer/SDKs/iPhoneSimulator26.2.sdk/Developer/Library/Frameworks
    export TEST_LIBRARY_SEARCH_PATHS\=\ /Applications/Xcode.app/Contents/Developer/Platforms/iPhoneSimulator.platform/Developer/usr/lib
    export TOOLCHAINS\=com.apple.dt.toolchain.Metal.32023\ com.apple.dt.toolchain.XcodeDefault
    export TOOLCHAIN_DIR\=/var/run/com.apple.security.cryptexd/mnt/com.apple.MobileAsset.MetalToolchain-v17.3.48.0.eTPF2V/Metal.xctoolchain
    export TOOLCHAIN_VERSION\=32023
    export TREAT_MISSING_BASELINES_AS_TEST_FAILURES\=NO
    export TREAT_MISSING_SCRIPT_PHASE_OUTPUTS_AS_ERRORS\=NO
    export UID\=501
    export UNINSTALLED_PRODUCTS_DIR\=/Users/kharyfiler/Library/Developer/Xcode/DerivedData/Gripah-gptnnpiwslcswlcpylqwkddqyprw/Build/Intermediates.noindex/UninstalledProducts
    export UNSTRIPPED_PRODUCT\=NO
    export USER\=kharyfiler
    export USER_APPS_DIR\=/Users/kharyfiler/Applications
    export USER_LIBRARY_DIR\=/Users/kharyfiler/Library
    export USE_DYNAMIC_NO_PIC\=YES
    export USE_HEADERMAP\=NO
    export USE_HEADER_SYMLINKS\=NO
    export USE_HERMES\=true
    export USE_RECURSIVE_SCRIPT_INPUTS_IN_SCRIPT_PHASES\=YES
    export VALIDATE_DEVELOPMENT_ASSET_PATHS\=YES_ERROR
    export VALIDATE_PRODUCT\=NO
    export VALID_ARCHS\=arm64\ x86_64
    export VERBOSE_PBXCP\=NO
    export VERSION_INFO_BUILDER\=kharyfiler
    export VERSION_INFO_FILE\=React-RCTFBReactNativeSpec_vers.c
    export VERSION_INFO_STRING\=\"@\(\#\)PROGRAM:React-RCTFBReactNativeSpec\ \ PROJECT:Pods-\"
    export WORKSPACE_DIR\=/Users/kharyfiler/Documents/grip-claude/ios
    export WRAP_ASSET_PACKS_IN_SEPARATE_DIRECTORIES\=NO
    export XCODE_APP_SUPPORT_DIR\=/Applications/Xcode.app/Contents/Developer/Library/Xcode
    export XCODE_PRODUCT_BUILD_VERSION\=17C52
    export XCODE_VERSION_ACTUAL\=2620
    export XCODE_VERSION_MAJOR\=2600
    export XCODE_VERSION_MINOR\=2620
    export XPCSERVICES_FOLDER_PATH\=/XPCServices
    export YACC\=yacc
    export _DISCOVER_COMMAND_LINE_LINKER_INPUTS\=YES
    export _DISCOVER_COMMAND_LINE_LINKER_INPUTS_INCLUDE_WL\=YES
    export _LD_MULTIARCH\=YES
    export __DIAGNOSE_DEPRECATED_ARCHS\=YES
    export arch\=undefined_arch
    export variant\=normal
    /bin/sh -c /Users/kharyfiler/Library/Developer/Xcode/DerivedData/Gripah-gptnnpiwslcswlcpylqwkddqyprw/Build/Intermediates.noindex/Pods.build/Debug-iphonesimulator/React-RCTFBReactNativeSpec.build/Script-46EB2E00038800.sh
Checking whether Codegen has run...

PhaseScriptExecution Copy\ generated\ compatibility\ header /Users/kharyfiler/Library/Developer/Xcode/DerivedData/Gripah-gptnnpiwslcswlcpylqwkddqyprw/Build/Intermediates.noindex/Pods.build/Debug-iphonesimulator/Google-Mobile-Ads-SDK.build/Script-46EB2E0001F7D0.sh (in target 'Google-Mobile-Ads-SDK' from project 'Pods')
    cd /Users/kharyfiler/Documents/grip-claude/ios/Pods
    export ACTION\=build
    export AD_HOC_CODE_SIGNING_ALLOWED\=YES
    export ALLOW_BUILD_REQUEST_OVERRIDES\=NO
    export ALLOW_TARGET_PLATFORM_SPECIALIZATION\=NO
    export ALTERNATE_GROUP\=staff
    export ALTERNATE_MODE\=u+w,go-w,a+rX
    export ALTERNATE_OWNER\=kharyfiler
    export ALTERNATIVE_DISTRIBUTION_WEB\=NO
    export ALWAYS_EMBED_SWIFT_STANDARD_LIBRARIES\=NO
    export ALWAYS_SEARCH_USER_PATHS\=NO
    export ALWAYS_USE_SEPARATE_HEADERMAPS\=NO
    export APPLICATION_EXTENSION_API_ONLY\=NO
    export APPLY_RULES_IN_COPY_FILES\=NO
    export APPLY_RULES_IN_COPY_HEADERS\=NO
    export APP_SHORTCUTS_ENABLE_FLEXIBLE_MATCHING\=YES
    export ARCHS\=arm64
    export ARCHS_STANDARD\=arm64\ x86_64
    export ARCHS_STANDARD_32_64_BIT\=arm64\ x86_64
    export ARCHS_STANDARD_64_BIT\=arm64\ x86_64
    export ARCHS_STANDARD_INCLUDING_64_BIT\=arm64\ x86_64
    export ARCHS_UNIVERSAL_IPHONE_OS\=arm64\ x86_64
    export AUTOMATICALLY_MERGE_DEPENDENCIES\=NO
    export AUTOMATION_APPLE_EVENTS\=NO
    export AVAILABLE_PLATFORMS\=android\ appletvos\ appletvsimulator\ driverkit\ iphoneos\ iphonesimulator\ macosx\ qnx\ watchos\ watchsimulator\ webassembly\ xros\ xrsimulator
    export BUILD_ACTIVE_RESOURCES_ONLY\=NO
    export BUILD_COMPONENTS\=headers\ build
    export BUILD_DIR\=/Users/kharyfiler/Library/Developer/Xcode/DerivedData/Gripah-gptnnpiwslcswlcpylqwkddqyprw/Build/Products
    export BUILD_LIBRARY_FOR_DISTRIBUTION\=NO
    export BUILD_ROOT\=/Users/kharyfiler/Library/Developer/Xcode/DerivedData/Gripah-gptnnpiwslcswlcpylqwkddqyprw/Build/Products
    export BUILD_STYLE\=
    export BUILD_VARIANTS\=normal
    export BUILT_PRODUCTS_DIR\=/Users/kharyfiler/Library/Developer/Xcode/DerivedData/Gripah-gptnnpiwslcswlcpylqwkddqyprw/Build/Products/Debug-iphonesimulator/Google-Mobile-Ads-SDK
    export BUNDLE_CONTENTS_FOLDER_PATH_deep\=Contents/
    export BUNDLE_EXECUTABLE_FOLDER_NAME_deep\=MacOS
    export BUNDLE_EXTENSIONS_FOLDER_PATH\=Extensions
    export BUNDLE_FORMAT\=shallow
    export BUNDLE_FRAMEWORKS_FOLDER_PATH\=Frameworks
    export BUNDLE_PLUGINS_FOLDER_PATH\=PlugIns
    export BUNDLE_PRIVATE_HEADERS_FOLDER_PATH\=PrivateHeaders
    export BUNDLE_PUBLIC_HEADERS_FOLDER_PATH\=Headers
    export CACHE_ROOT\=/var/folders/bg/xv10_kk96gz_ck7t__bgt67c0000gn/C/com.apple.DeveloperTools/26.2-17C52/Xcode
    export CCHROOT\=/var/folders/bg/xv10_kk96gz_ck7t__bgt67c0000gn/C/com.apple.DeveloperTools/26.2-17C52/Xcode
    export CHMOD\=/bin/chmod
    export CHOWN\=/usr/sbin/chown
    export CLANG_ANALYZER_LOCALIZABILITY_NONLOCALIZED\=YES
    export CLANG_ANALYZER_NONNULL\=YES
    export CLANG_ANALYZER_NUMBER_OBJECT_CONVERSION\=YES_AGGRESSIVE
    export CLANG_CACHE_FINE_GRAINED_OUTPUTS\=YES
    export CLANG_CXX_LANGUAGE_STANDARD\=c++20
    export CLANG_CXX_LIBRARY\=libc++
    export CLANG_ENABLE_EXPLICIT_MODULES\=YES
    export CLANG_ENABLE_MODULES\=YES
    export CLANG_ENABLE_MODULE_DEBUGGING\=NO
    export CLANG_ENABLE_OBJC_ARC\=YES
    export CLANG_ENABLE_OBJC_WEAK\=NO
    export CLANG_MODULES_BUILD_SESSION_FILE\=/Users/kharyfiler/Library/Developer/Xcode/DerivedData/ModuleCache.noindex/Session.modulevalidation
    export CLANG_WARN_BLOCK_CAPTURE_AUTORELEASING\=YES
    export CLANG_WARN_BOOL_CONVERSION\=YES
    export CLANG_WARN_COMMA\=YES
    export CLANG_WARN_CONSTANT_CONVERSION\=YES
    export CLANG_WARN_DEPRECATED_OBJC_IMPLEMENTATIONS\=YES
    export CLANG_WARN_DIRECT_OBJC_ISA_USAGE\=YES_ERROR
    export CLANG_WARN_DOCUMENTATION_COMMENTS\=YES
    export CLANG_WARN_EMPTY_BODY\=YES
    export CLANG_WARN_ENUM_CONVERSION\=YES
    export CLANG_WARN_INFINITE_RECURSION\=YES
    export CLANG_WARN_INT_CONVERSION\=YES
    export CLANG_WARN_NON_LITERAL_NULL_CONVERSION\=YES
    export CLANG_WARN_OBJC_IMPLICIT_RETAIN_SELF\=YES
    export CLANG_WARN_OBJC_LITERAL_CONVERSION\=YES
    export CLANG_WARN_OBJC_ROOT_CLASS\=YES_ERROR
    export CLANG_WARN_QUOTED_INCLUDE_IN_FRAMEWORK_HEADER\=NO
    export CLANG_WARN_RANGE_LOOP_ANALYSIS\=YES
    export CLANG_WARN_STRICT_PROTOTYPES\=YES
    export CLANG_WARN_SUSPICIOUS_MOVE\=YES
    export CLANG_WARN_UNGUARDED_AVAILABILITY\=YES_AGGRESSIVE
    export CLANG_WARN_UNREACHABLE_CODE\=YES
    export CLANG_WARN__DUPLICATE_METHOD_MATCH\=YES
    export CLASS_FILE_DIR\=/Users/kharyfiler/Library/Developer/Xcode/DerivedData/Gripah-gptnnpiwslcswlcpylqwkddqyprw/Build/Intermediates.noindex/Pods.build/Debug-iphonesimulator/Google-Mobile-Ads-SDK.build/JavaClasses
    export CLEAN_PRECOMPS\=YES
    export CLONE_HEADERS\=NO
    export CODESIGNING_FOLDER_PATH\=/Users/kharyfiler/Library/Developer/Xcode/DerivedData/Gripah-gptnnpiwslcswlcpylqwkddqyprw/Build/Products/Debug-iphonesimulator/Google-Mobile-Ads-SDK/libGoogle-Mobile-Ads-SDK.a
    export CODE_SIGNING_ALLOWED\=NO
    export CODE_SIGNING_REQUIRED\=YES
    export CODE_SIGN_CONTEXT_CLASS\=XCiPhoneSimulatorCodeSignContext
    export CODE_SIGN_IDENTITY\=-
    export CODE_SIGN_INJECT_BASE_ENTITLEMENTS\=YES
    export COLOR_DIAGNOSTICS\=NO
    export COMBINE_HIDPI_IMAGES\=NO
    export COMPILATION_CACHE_CAS_PATH\=/Users/kharyfiler/Library/Developer/Xcode/DerivedData/CompilationCache.noindex
    export COMPILATION_CACHE_KEEP_CAS_DIRECTORY\=YES
    export COMPILER_INDEX_STORE_ENABLE\=Default
    export COMPOSITE_SDK_DIRS\=/Users/kharyfiler/Library/Developer/Xcode/DerivedData/Gripah-gptnnpiwslcswlcpylqwkddqyprw/Build/Intermediates.noindex/CompositeSDKs
    export COMPRESS_PNG_FILES\=YES
    export CONFIGURATION\=Debug
    export CONFIGURATION_BUILD_DIR\=/Users/kharyfiler/Library/Developer/Xcode/DerivedData/Gripah-gptnnpiwslcswlcpylqwkddqyprw/Build/Products/Debug-iphonesimulator/Google-Mobile-Ads-SDK
    export CONFIGURATION_TEMP_DIR\=/Users/kharyfiler/Library/Developer/Xcode/DerivedData/Gripah-gptnnpiwslcswlcpylqwkddqyprw/Build/Intermediates.noindex/Pods.build/Debug-iphonesimulator
    export COPYING_PRESERVES_HFS_DATA\=NO
    export COPY_HEADERS_RUN_UNIFDEF\=NO
    export COPY_PHASE_STRIP\=NO
    export CORRESPONDING_DEVICE_PLATFORM_DIR\=/Applications/Xcode.app/Contents/Developer/Platforms/iPhoneOS.platform
    export CORRESPONDING_DEVICE_PLATFORM_NAME\=iphoneos
    export CORRESPONDING_DEVICE_SDK_DIR\=/Applications/Xcode.app/Contents/Developer/Platforms/iPhoneOS.platform/Developer/SDKs/iPhoneOS26.2.sdk
    export CORRESPONDING_DEVICE_SDK_NAME\=iphoneos26.2
    export CP\=/bin/cp
    export CREATE_INFOPLIST_SECTION_IN_BINARY\=NO
    export CURRENT_ARCH\=undefined_arch
    export CURRENT_VARIANT\=normal
    export DEAD_CODE_STRIPPING\=YES
    export DEBUGGING_SYMBOLS\=YES
    export DEBUG_INFORMATION_FORMAT\=dwarf
    export DEBUG_INFORMATION_VERSION\=compiler-default
    export DEFAULT_COMPILER\=com.apple.compilers.llvm.clang.1_0
    export DEFAULT_DEXT_INSTALL_PATH\=/System/Library/DriverExtensions
    export DEFAULT_KEXT_INSTALL_PATH\=/System/Library/Extensions
    export DEFINES_MODULE\=NO
    export DEPLOYMENT_LOCATION\=NO
    export DEPLOYMENT_POSTPROCESSING\=NO
    export DEPLOYMENT_TARGET_SETTING_NAME\=IPHONEOS_DEPLOYMENT_TARGET
    export DEPLOYMENT_TARGET_SUGGESTED_VALUES\=12.0\ 12.1\ 12.2\ 12.3\ 12.4\ 13.0\ 13.1\ 13.2\ 13.3\ 13.4\ 13.5\ 13.6\ 14.0\ 14.1\ 14.2\ 14.3\ 14.4\ 14.5\ 14.6\ 14.7\ 15.0\ 15.1\ 15.2\ 15.3\ 15.4\ 15.5\ 15.6\ 16.0\ 16.1\ 16.2\ 16.3\ 16.4\ 16.5\ 16.6\ 17.0\ 17.1\ 17.2\ 17.3\ 17.4\ 17.5\ 17.6\ 18.0\ 18.1\ 18.2\ 18.3\ 18.4\ 18.5\ 18.6\ 26.0\ 26.1\ 26.2
    export DERIVED_FILES_DIR\=/Users/kharyfiler/Library/Developer/Xcode/DerivedData/Gripah-gptnnpiwslcswlcpylqwkddqyprw/Build/Intermediates.noindex/Pods.build/Debug-iphonesimulator/Google-Mobile-Ads-SDK.build/DerivedSources
    export DERIVED_FILE_DIR\=/Users/kharyfiler/Library/Developer/Xcode/DerivedData/Gripah-gptnnpiwslcswlcpylqwkddqyprw/Build/Intermediates.noindex/Pods.build/Debug-iphonesimulator/Google-Mobile-Ads-SDK.build/DerivedSources
    export DERIVED_SOURCES_DIR\=/Users/kharyfiler/Library/Developer/Xcode/DerivedData/Gripah-gptnnpiwslcswlcpylqwkddqyprw/Build/Intermediates.noindex/Pods.build/Debug-iphonesimulator/Google-Mobile-Ads-SDK.build/DerivedSources
    export DEVELOPER_APPLICATIONS_DIR\=/Applications/Xcode.app/Contents/Developer/Applications
    export DEVELOPER_BIN_DIR\=/Applications/Xcode.app/Contents/Developer/usr/bin
    export DEVELOPER_DIR\=/Applications/Xcode.app/Contents/Developer
    export DEVELOPER_FRAMEWORKS_DIR\=/Applications/Xcode.app/Contents/Developer/Library/Frameworks
    export DEVELOPER_FRAMEWORKS_DIR_QUOTED\=/Applications/Xcode.app/Contents/Developer/Library/Frameworks
    export DEVELOPER_LIBRARY_DIR\=/Applications/Xcode.app/Contents/Developer/Library
    export DEVELOPER_SDK_DIR\=/Applications/Xcode.app/Contents/Developer/Platforms/MacOSX.platform/Developer/SDKs
    export DEVELOPER_TOOLS_DIR\=/Applications/Xcode.app/Contents/Developer/Tools
    export DEVELOPER_USR_DIR\=/Applications/Xcode.app/Contents/Developer/usr
    export DEVELOPMENT_LANGUAGE\=en
    export DIAGNOSE_MISSING_TARGET_DEPENDENCIES\=YES
    export DIFF\=/usr/bin/diff
    export DONT_GENERATE_INFOPLIST_FILE\=NO
    export DSTROOT\=/tmp/Pods.dst
    export DT_TOOLCHAIN_DIR\=/Applications/Xcode.app/Contents/Developer/Toolchains/XcodeDefault.xctoolchain
    export DWARF_DSYM_FILE_NAME\=libGoogle-Mobile-Ads-SDK.a.dSYM
    export DWARF_DSYM_FILE_SHOULD_ACCOMPANY_PRODUCT\=NO
    export DWARF_DSYM_FOLDER_PATH\=/Users/kharyfiler/Library/Developer/Xcode/DerivedData/Gripah-gptnnpiwslcswlcpylqwkddqyprw/Build/Products/Debug-iphonesimulator/Google-Mobile-Ads-SDK
    export DYNAMIC_LIBRARY_EXTENSION\=dylib
    export EAGER_COMPILATION_ALLOW_SCRIPTS\=NO
    export EAGER_LINKING\=NO
    export EFFECTIVE_PLATFORM_NAME\=-iphonesimulator
    export EMBEDDED_CONTENT_CONTAINS_SWIFT\=NO
    export EMBED_ASSET_PACKS_IN_PRODUCT_BUNDLE\=NO
    export ENABLE_APP_SANDBOX\=NO
    export ENABLE_CODE_COVERAGE\=YES
    export ENABLE_CPLUSPLUS_BOUNDS_SAFE_BUFFERS\=NO
    export ENABLE_C_BOUNDS_SAFETY\=NO
    export ENABLE_DEFAULT_HEADER_SEARCH_PATHS\=YES
    export ENABLE_DEFAULT_SEARCH_PATHS\=YES
    export ENABLE_ENHANCED_SECURITY\=NO
    export ENABLE_HARDENED_RUNTIME\=NO
    export ENABLE_HEADER_DEPENDENCIES\=YES
    export ENABLE_INCOMING_NETWORK_CONNECTIONS\=NO
    export ENABLE_MODULE_VERIFIER\=NO
    export ENABLE_ON_DEMAND_RESOURCES\=NO
    export ENABLE_OUTGOING_NETWORK_CONNECTIONS\=NO
    export ENABLE_POINTER_AUTHENTICATION\=NO
    export ENABLE_PREVIEWS\=NO
    export ENABLE_RESOURCE_ACCESS_AUDIO_INPUT\=NO
    export ENABLE_RESOURCE_ACCESS_BLUETOOTH\=NO
    export ENABLE_RESOURCE_ACCESS_CALENDARS\=NO
    export ENABLE_RESOURCE_ACCESS_CAMERA\=NO
    export ENABLE_RESOURCE_ACCESS_CONTACTS\=NO
    export ENABLE_RESOURCE_ACCESS_LOCATION\=NO
    export ENABLE_RESOURCE_ACCESS_PHOTO_LIBRARY\=NO
    export ENABLE_RESOURCE_ACCESS_PRINTING\=NO
    export ENABLE_RESOURCE_ACCESS_USB\=NO
    export ENABLE_SDK_IMPORTS\=NO
    export ENABLE_SECURITY_COMPILER_WARNINGS\=NO
    export ENABLE_STRICT_OBJC_MSGSEND\=YES
    export ENABLE_TESTABILITY\=YES
    export ENABLE_TESTING_SEARCH_PATHS\=NO
    export ENABLE_USER_SCRIPT_SANDBOXING\=NO
    export ENABLE_XOJIT_PREVIEWS\=YES
    export ENFORCE_VALID_ARCHS\=YES
    export ENTITLEMENTS_DESTINATION\=__entitlements
    export ENTITLEMENTS_REQUIRED\=YES
    export EXCLUDED_INSTALLSRC_SUBDIRECTORY_PATTERNS\=.DS_Store\ .svn\ .git\ .hg\ CVS
    export EXCLUDED_RECURSIVE_SEARCH_PATH_SUBDIRECTORIES\=\*.nib\ \*.lproj\ \*.framework\ \*.gch\ \*.xcode\*\ \*.xcassets\ \*.icon\ \(\*\)\ .DS_Store\ CVS\ .svn\ .git\ .hg\ \*.pbproj\ \*.pbxproj
    export EXECUTABLE_EXTENSION\=a
    export EXECUTABLE_NAME\=libGoogle-Mobile-Ads-SDK.a
    export EXECUTABLE_PATH\=libGoogle-Mobile-Ads-SDK.a
    export EXECUTABLE_PREFIX\=lib
    export EXECUTABLE_SUFFIX\=.a
    export FILE_LIST\=/Users/kharyfiler/Library/Developer/Xcode/DerivedData/Gripah-gptnnpiwslcswlcpylqwkddqyprw/Build/Intermediates.noindex/Pods.build/Debug-iphonesimulator/Google-Mobile-Ads-SDK.build/Objects/LinkFileList
    export FIXED_FILES_DIR\=/Users/kharyfiler/Library/Developer/Xcode/DerivedData/Gripah-gptnnpiwslcswlcpylqwkddqyprw/Build/Intermediates.noindex/Pods.build/Debug-iphonesimulator/Google-Mobile-Ads-SDK.build/FixedFiles
    export FRAMEWORK_FLAG_PREFIX\=-framework
    export FRAMEWORK_SEARCH_PATHS\=/Users/kharyfiler/Library/Developer/Xcode/DerivedData/Gripah-gptnnpiwslcswlcpylqwkddqyprw/Build/Products/Debug-iphonesimulator/Google-Mobile-Ads-SDK\ \ \"/Users/kharyfiler/Documents/grip-claude/ios/Pods/Google-Mobile-Ads-SDK/Frameworks/GoogleMobileAdsFramework\"\ \"/Users/kharyfiler/Documents/grip-claude/ios/Pods/GoogleUserMessagingPlatform/Frameworks/Release\"\ \"/Users/kharyfiler/Library/Developer/Xcode/DerivedData/Gripah-gptnnpiwslcswlcpylqwkddqyprw/Build/Products/Debug-iphonesimulator/XCFrameworkIntermediates/Google-Mobile-Ads-SDK\"\ \"/Users/kharyfiler/Library/Developer/Xcode/DerivedData/Gripah-gptnnpiwslcswlcpylqwkddqyprw/Build/Products/Debug-iphonesimulator/XCFrameworkIntermediates/GoogleUserMessagingPlatform\"
    export FRAMEWORK_VERSION\=A
    export FULL_PRODUCT_NAME\=libGoogle-Mobile-Ads-SDK.a
    export FUSE_BUILD_PHASES\=YES
    export FUSE_BUILD_SCRIPT_PHASES\=NO
    export GCC3_VERSION\=3.3
    export GCC_C_LANGUAGE_STANDARD\=gnu11
    export GCC_DYNAMIC_NO_PIC\=NO
    export GCC_NO_COMMON_BLOCKS\=YES
    export GCC_OBJC_LEGACY_DISPATCH\=YES
    export GCC_OPTIMIZATION_LEVEL\=0
    export GCC_PFE_FILE_C_DIALECTS\=c\ objective-c\ c++\ objective-c++
    export GCC_PREFIX_HEADER\=Target\ Support\ Files/Google-Mobile-Ads-SDK/Google-Mobile-Ads-SDK-prefix.pch
    export GCC_PREPROCESSOR_DEFINITIONS\=POD_CONFIGURATION_DEBUG\=1\ DEBUG\=1\ \ COCOAPODS\=1
    export GCC_TREAT_WARNINGS_AS_ERRORS\=NO
    export GCC_VERSION\=com.apple.compilers.llvm.clang.1_0
    export GCC_VERSION_IDENTIFIER\=com_apple_compilers_llvm_clang_1_0
    export GCC_WARN_64_TO_32_BIT_CONVERSION\=YES
    export GCC_WARN_ABOUT_RETURN_TYPE\=YES_ERROR
    export GCC_WARN_UNDECLARED_SELECTOR\=YES
    export GCC_WARN_UNINITIALIZED_AUTOS\=YES_AGGRESSIVE
    export GCC_WARN_UNUSED_FUNCTION\=YES
    export GCC_WARN_UNUSED_VARIABLE\=YES
    export GENERATED_MODULEMAP_DIR\=/Users/kharyfiler/Library/Developer/Xcode/DerivedData/Gripah-gptnnpiwslcswlcpylqwkddqyprw/Build/Intermediates.noindex/GeneratedModuleMaps-iphonesimulator
    export GENERATE_INFOPLIST_FILE\=NO
    export GENERATE_INTERMEDIATE_TEXT_BASED_STUBS\=YES
    export GENERATE_PKGINFO_FILE\=NO
    export GENERATE_PRELINK_OBJECT_FILE\=NO
    export GENERATE_PROFILING_CODE\=NO
    export GENERATE_TEXT_BASED_STUBS\=NO
    export GID\=20
    export GROUP\=staff
    export HEADERMAP_INCLUDES_FLAT_ENTRIES_FOR_TARGET_BEING_BUILT\=YES
    export HEADERMAP_INCLUDES_FRAMEWORK_ENTRIES_FOR_ALL_PRODUCT_TYPES\=YES
    export HEADERMAP_INCLUDES_FRAMEWORK_ENTRIES_FOR_TARGETS_NOT_BEING_BUILT\=YES
    export HEADERMAP_INCLUDES_NONPUBLIC_NONPRIVATE_HEADERS\=YES
    export HEADERMAP_INCLUDES_PROJECT_HEADERS\=YES
    export HEADERMAP_USES_FRAMEWORK_PREFIX_ENTRIES\=YES
    export HEADERMAP_USES_VFS\=NO
    export HEADER_SEARCH_PATHS\=/Users/kharyfiler/Library/Developer/Xcode/DerivedData/Gripah-gptnnpiwslcswlcpylqwkddqyprw/Build/Products/Debug-iphonesimulator/Google-Mobile-Ads-SDK/include\ 
    export HOME\=/Users/kharyfiler
    export HOST_ARCH\=arm64
    export HOST_PLATFORM\=macosx
    export ICONV\=/usr/bin/iconv
    export IMPLICIT_DEPENDENCY_DOMAIN\=default
    export INFOPLIST_ENABLE_CFBUNDLEICONS_MERGE\=YES
    export INFOPLIST_EXPAND_BUILD_SETTINGS\=YES
    export INFOPLIST_OUTPUT_FORMAT\=binary
    export INFOPLIST_PREPROCESS\=NO
    export INLINE_PRIVATE_FRAMEWORKS\=NO
    export INSTALLAPI_IGNORE_SKIP_INSTALL\=YES
    export INSTALLHDRS_COPY_PHASE\=NO
    export INSTALLHDRS_SCRIPT_PHASE\=NO
    export INSTALL_DIR\=/tmp/Pods.dst/usr/local/lib
    export INSTALL_GROUP\=staff
    export INSTALL_MODE_FLAG\=u+w,go-w,a+rX
    export INSTALL_OWNER\=kharyfiler
    export INSTALL_PATH\=/usr/local/lib
    export INSTALL_ROOT\=/tmp/Pods.dst
    export IPHONEOS_DEPLOYMENT_TARGET\=15.1
    export IS_UNOPTIMIZED_BUILD\=YES
    export JAVAC_DEFAULT_FLAGS\=-J-Xms64m\ -J-XX:NewSize\=4M\ -J-Dfile.encoding\=UTF8
    export JAVA_APP_STUB\=/System/Library/Frameworks/JavaVM.framework/Resources/MacOS/JavaApplicationStub
    export JAVA_ARCHIVE_CLASSES\=YES
    export JAVA_ARCHIVE_TYPE\=JAR
    export JAVA_COMPILER\=/usr/bin/javac
    export JAVA_FRAMEWORK_RESOURCES_DIRS\=Resources
    export JAVA_JAR_FLAGS\=cv
    export JAVA_SOURCE_SUBDIR\=.
    export JAVA_USE_DEPENDENCIES\=YES
    export JAVA_ZIP_FLAGS\=-urg
    export JIKES_DEFAULT_FLAGS\=+E\ +OLDCSO
    export KEEP_PRIVATE_EXTERNS\=NO
    export LD_DEPENDENCY_INFO_FILE\=/Users/kharyfiler/Library/Developer/Xcode/DerivedData/Gripah-gptnnpiwslcswlcpylqwkddqyprw/Build/Intermediates.noindex/Pods.build/Debug-iphonesimulator/Google-Mobile-Ads-SDK.build/Objects-normal/undefined_arch/Google-Mobile-Ads-SDK_dependency_info.dat
    export LD_EXPORT_SYMBOLS\=YES
    export LD_GENERATE_MAP_FILE\=NO
    export LD_MAP_FILE_PATH\=/Users/kharyfiler/Library/Developer/Xcode/DerivedData/Gripah-gptnnpiwslcswlcpylqwkddqyprw/Build/Intermediates.noindex/Pods.build/Debug-iphonesimulator/Google-Mobile-Ads-SDK.build/Google-Mobile-Ads-SDK-LinkMap-normal-undefined_arch.txt
    export LD_NO_PIE\=NO
    export LD_QUOTE_LINKER_ARGUMENTS_FOR_COMPILER_DRIVER\=YES
    export LD_SHARED_CACHE_ELIGIBLE\=Automatic
    export LD_WARN_DUPLICATE_LIBRARIES\=NO
    export LD_WARN_UNUSED_DYLIBS\=NO
    export LEGACY_DEVELOPER_DIR\=/Applications/Xcode.app/Contents/PlugIns/Xcode3Core.ideplugin/Contents/SharedSupport/Developer
    export LEX\=lex
    export LIBRARY_DEXT_INSTALL_PATH\=/Library/DriverExtensions
    export LIBRARY_FLAG_NOSPACE\=YES
    export LIBRARY_FLAG_PREFIX\=-l
    export LIBRARY_KEXT_INSTALL_PATH\=/Library/Extensions
    export LIBRARY_SEARCH_PATHS\=/Users/kharyfiler/Library/Developer/Xcode/DerivedData/Gripah-gptnnpiwslcswlcpylqwkddqyprw/Build/Products/Debug-iphonesimulator/Google-Mobile-Ads-SDK\ 
    export LINKER_DISPLAYS_MANGLED_NAMES\=NO
    export LINK_FILE_LIST_normal_arm64\=/Users/kharyfiler/Library/Developer/Xcode/DerivedData/Gripah-gptnnpiwslcswlcpylqwkddqyprw/Build/Intermediates.noindex/Pods.build/Debug-iphonesimulator/Google-Mobile-Ads-SDK.build/Objects-normal/arm64/Google-Mobile-Ads-SDK.LinkFileList
    export LINK_OBJC_RUNTIME\=YES
    export LINK_WITH_STANDARD_LIBRARIES\=YES
    export LLVM_TARGET_TRIPLE_OS_VERSION\=ios15.1
    export LLVM_TARGET_TRIPLE_SUFFIX\=-simulator
    export LLVM_TARGET_TRIPLE_VENDOR\=apple
    export LM_AUX_CONST_METADATA_LIST_PATH_normal_arm64\=/Users/kharyfiler/Library/Developer/Xcode/DerivedData/Gripah-gptnnpiwslcswlcpylqwkddqyprw/Build/Intermediates.noindex/Pods.build/Debug-iphonesimulator/Google-Mobile-Ads-SDK.build/Objects-normal/arm64/Google-Mobile-Ads-SDK.SwiftConstValuesFileList
    export LOCALIZATION_EXPORT_SUPPORTED\=YES
    export LOCALIZATION_PREFERS_STRING_CATALOGS\=NO
    export LOCALIZED_STRING_MACRO_NAMES\=NSLocalizedString\ CFCopyLocalizedString
    export LOCALIZED_STRING_SWIFTUI_SUPPORT\=YES
    export LOCAL_ADMIN_APPS_DIR\=/Applications/Utilities
    export LOCAL_APPS_DIR\=/Applications
    export LOCAL_DEVELOPER_DIR\=/Library/Developer
    export LOCAL_LIBRARY_DIR\=/Library
    export LOCROOT\=/Users/kharyfiler/Documents/grip-claude/ios/Pods
    export LOCSYMROOT\=/Users/kharyfiler/Documents/grip-claude/ios/Pods
    export MACH_O_TYPE\=staticlib
    export MAC_OS_X_PRODUCT_BUILD_VERSION\=24G419
    export MAC_OS_X_VERSION_ACTUAL\=150703
    export MAC_OS_X_VERSION_MAJOR\=150000
    export MAC_OS_X_VERSION_MINOR\=150700
    export MAKE_MERGEABLE\=NO
    export MERGEABLE_LIBRARY\=NO
    export MERGED_BINARY_TYPE\=none
    export MERGE_LINKED_LIBRARIES\=NO
    export METAL_LIBRARY_FILE_BASE\=default
    export METAL_LIBRARY_OUTPUT_DIR\=/Users/kharyfiler/Library/Developer/Xcode/DerivedData/Gripah-gptnnpiwslcswlcpylqwkddqyprw/Build/Products/Debug-iphonesimulator/Google-Mobile-Ads-SDK/
    export MODULEMAP_FILE\=Headers/Public/Google_Mobile_Ads_SDK/Google-Mobile-Ads-SDK.modulemap
    export MODULE_CACHE_DIR\=/Users/kharyfiler/Library/Developer/Xcode/DerivedData/ModuleCache.noindex
    export MTL_ENABLE_DEBUG_INFO\=INCLUDE_SOURCE
    export MTL_FAST_MATH\=YES
    export NATIVE_ARCH\=arm64
    export NATIVE_ARCH_32_BIT\=arm
    export NATIVE_ARCH_64_BIT\=arm64
    export NATIVE_ARCH_ACTUAL\=arm64
    export NO_COMMON\=YES
    export OBJC_ABI_VERSION\=2
    export OBJECT_FILE_DIR\=/Users/kharyfiler/Library/Developer/Xcode/DerivedData/Gripah-gptnnpiwslcswlcpylqwkddqyprw/Build/Intermediates.noindex/Pods.build/Debug-iphonesimulator/Google-Mobile-Ads-SDK.build/Objects
    export OBJECT_FILE_DIR_normal\=/Users/kharyfiler/Library/Developer/Xcode/DerivedData/Gripah-gptnnpiwslcswlcpylqwkddqyprw/Build/Intermediates.noindex/Pods.build/Debug-iphonesimulator/Google-Mobile-Ads-SDK.build/Objects-normal
    export OBJROOT\=/Users/kharyfiler/Library/Developer/Xcode/DerivedData/Gripah-gptnnpiwslcswlcpylqwkddqyprw/Build/Intermediates.noindex
    export ONLY_ACTIVE_ARCH\=NO
    export OS\=MACOS
    export OSAC\=/usr/bin/osacompile
    export OTHER_SWIFT_FLAGS\=\ -D\ COCOAPODS\ -import-underlying-module\ -Xcc\ -fmodule-map-file\=\"/Users/kharyfiler/Documents/grip-claude/ios/Pods/Headers/Public/Google_Mobile_Ads_SDK/Google-Mobile-Ads-SDK.modulemap\"
    export PACKAGE_TYPE\=com.apple.package-type.static-library
    export PASCAL_STRINGS\=YES
    export PATH\=/Applications/Xcode.app/Contents/SharedFrameworks/SwiftBuild.framework/Versions/A/PlugIns/SWBBuildService.bundle/Contents/PlugIns/SWBUniversalPlatformPlugin.bundle/Contents/Frameworks/SWBUniversalPlatform.framework/Resources:/var/run/com.apple.security.cryptexd/mnt/com.apple.MobileAsset.MetalToolchain-v17.3.48.0.eTPF2V/Metal.xctoolchain/usr/bin:/var/run/com.apple.security.cryptexd/mnt/com.apple.MobileAsset.MetalToolchain-v17.3.48.0.eTPF2V/Metal.xctoolchain/usr/local/bin:/var/run/com.apple.security.cryptexd/mnt/com.apple.MobileAsset.MetalToolchain-v17.3.48.0.eTPF2V/Metal.xctoolchain/usr/libexec:/Applications/Xcode.app/Contents/Developer/Toolchains/XcodeDefault.xctoolchain/usr/bin:/Applications/Xcode.app/Contents/Developer/Toolchains/XcodeDefault.xctoolchain/usr/local/bin:/Applications/Xcode.app/Contents/Developer/Toolchains/XcodeDefault.xctoolchain/usr/libexec:/Applications/Xcode.app/Contents/Developer/Platforms/iPhoneSimulator.platform/usr/bin:/Applications/Xcode.app/Contents/Developer/Platforms/iPhoneSimulator.platform/usr/local/bin:/Applications/Xcode.app/Contents/Developer/Platforms/iPhoneSimulator.platform/Developer/usr/bin:/Applications/Xcode.app/Contents/Developer/Platforms/iPhoneSimulator.platform/Developer/usr/local/bin:/Applications/Xcode.app/Contents/Developer/usr/bin:/Applications/Xcode.app/Contents/Developer/usr/local/bin:/usr/local/bin:/System/Cryptexes/App/usr/bin:/usr/bin:/bin:/usr/sbin:/sbin:/var/run/com.apple.security.cryptexd/codex.system/bootstrap/usr/local/bin:/var/run/com.apple.security.cryptexd/codex.system/bootstrap/usr/bin:/var/run/com.apple.security.cryptexd/codex.system/bootstrap/usr/appleinternal/bin:/Library/Apple/usr/bin:/opt/homebrew/bin
    export PATH_PREFIXES_EXCLUDED_FROM_HEADER_DEPENDENCIES\=/usr/include\ /usr/local/include\ /System/Library/Frameworks\ /System/Library/PrivateFrameworks\ /Applications/Xcode.app/Contents/Developer/Headers\ /Applications/Xcode.app/Contents/Developer/SDKs\ /Applications/Xcode.app/Contents/Developer/Platforms
    export PER_ARCH_MODULE_FILE_DIR\=/Users/kharyfiler/Library/Developer/Xcode/DerivedData/Gripah-gptnnpiwslcswlcpylqwkddqyprw/Build/Intermediates.noindex/Pods.build/Debug-iphonesimulator/Google-Mobile-Ads-SDK.build/Objects-normal/undefined_arch
    export PER_ARCH_OBJECT_FILE_DIR\=/Users/kharyfiler/Library/Developer/Xcode/DerivedData/Gripah-gptnnpiwslcswlcpylqwkddqyprw/Build/Intermediates.noindex/Pods.build/Debug-iphonesimulator/Google-Mobile-Ads-SDK.build/Objects-normal/undefined_arch
    export PER_VARIANT_OBJECT_FILE_DIR\=/Users/kharyfiler/Library/Developer/Xcode/DerivedData/Gripah-gptnnpiwslcswlcpylqwkddqyprw/Build/Intermediates.noindex/Pods.build/Debug-iphonesimulator/Google-Mobile-Ads-SDK.build/Objects-normal
    export PKGINFO_FILE_PATH\=/Users/kharyfiler/Library/Developer/Xcode/DerivedData/Gripah-gptnnpiwslcswlcpylqwkddqyprw/Build/Intermediates.noindex/Pods.build/Debug-iphonesimulator/Google-Mobile-Ads-SDK.build/PkgInfo
    export PLATFORM_DEVELOPER_APPLICATIONS_DIR\=/Applications/Xcode.app/Contents/Developer/Platforms/iPhoneSimulator.platform/Developer/Applications
    export PLATFORM_DEVELOPER_BIN_DIR\=/Applications/Xcode.app/Contents/Developer/Platforms/iPhoneSimulator.platform/Developer/usr/bin
    export PLATFORM_DEVELOPER_LIBRARY_DIR\=/Applications/Xcode.app/Contents/Developer/Platforms/iPhoneSimulator.platform/Developer/Library
    export PLATFORM_DEVELOPER_SDK_DIR\=/Applications/Xcode.app/Contents/Developer/Platforms/iPhoneSimulator.platform/Developer/SDKs
    export PLATFORM_DEVELOPER_TOOLS_DIR\=/Applications/Xcode.app/Contents/Developer/Platforms/iPhoneSimulator.platform/Developer/Tools
    export PLATFORM_DEVELOPER_USR_DIR\=/Applications/Xcode.app/Contents/Developer/Platforms/iPhoneSimulator.platform/Developer/usr
    export PLATFORM_DIR\=/Applications/Xcode.app/Contents/Developer/Platforms/iPhoneSimulator.platform
    export PLATFORM_DISPLAY_NAME\=iOS\ Simulator
    export PLATFORM_FAMILY_NAME\=iOS
    export PLATFORM_NAME\=iphonesimulator
    export PLATFORM_PREFERRED_ARCH\=x86_64
    export PLATFORM_PRODUCT_BUILD_VERSION\=23C53
    export PLATFORM_REQUIRES_SWIFT_AUTOLINK_EXTRACT\=NO
    export PLATFORM_REQUIRES_SWIFT_MODULEWRAP\=NO
    export PLIST_FILE_OUTPUT_FORMAT\=binary
    export PODS_BUILD_DIR\=/Users/kharyfiler/Library/Developer/Xcode/DerivedData/Gripah-gptnnpiwslcswlcpylqwkddqyprw/Build/Products
    export PODS_CONFIGURATION_BUILD_DIR\=/Users/kharyfiler/Library/Developer/Xcode/DerivedData/Gripah-gptnnpiwslcswlcpylqwkddqyprw/Build/Products/Debug-iphonesimulator
    export PODS_DEVELOPMENT_LANGUAGE\=en
    export PODS_ROOT\=/Users/kharyfiler/Documents/grip-claude/ios/Pods
    export PODS_TARGET_SRCROOT\=/Users/kharyfiler/Documents/grip-claude/ios/Pods/Google-Mobile-Ads-SDK
    export PODS_XCFRAMEWORKS_BUILD_DIR\=/Users/kharyfiler/Library/Developer/Xcode/DerivedData/Gripah-gptnnpiwslcswlcpylqwkddqyprw/Build/Products/Debug-iphonesimulator/XCFrameworkIntermediates
    export PRECOMPS_INCLUDE_HEADERS_FROM_BUILT_PRODUCTS_DIR\=YES
    export PRECOMP_DESTINATION_DIR\=/Users/kharyfiler/Library/Developer/Xcode/DerivedData/Gripah-gptnnpiwslcswlcpylqwkddqyprw/Build/Intermediates.noindex/Pods.build/Debug-iphonesimulator/Google-Mobile-Ads-SDK.build/PrefixHeaders
    export PROCESSED_INFOPLIST_PATH\=/Users/kharyfiler/Library/Developer/Xcode/DerivedData/Gripah-gptnnpiwslcswlcpylqwkddqyprw/Build/Intermediates.noindex/Pods.build/Debug-iphonesimulator/Google-Mobile-Ads-SDK.build/Objects-normal/undefined_arch/Processed-Info.plist
    export PRODUCT_BUNDLE_IDENTIFIER\=org.cocoapods.Google-Mobile-Ads-SDK
    export PRODUCT_MODULE_NAME\=Google_Mobile_Ads_SDK
    export PRODUCT_NAME\=Google-Mobile-Ads-SDK
    export PRODUCT_SETTINGS_PATH\=
    export PRODUCT_TYPE\=com.apple.product-type.library.static
    export PROFILING_CODE\=NO
    export PROJECT\=Pods
    export PROJECT_DERIVED_FILE_DIR\=/Users/kharyfiler/Library/Developer/Xcode/DerivedData/Gripah-gptnnpiwslcswlcpylqwkddqyprw/Build/Intermediates.noindex/Pods.build/DerivedSources
    export PROJECT_DIR\=/Users/kharyfiler/Documents/grip-claude/ios/Pods
    export PROJECT_FILE_PATH\=/Users/kharyfiler/Documents/grip-claude/ios/Pods/Pods.xcodeproj
    export PROJECT_GUID\=8699adb1dd336b26511df848a716bd42
    export PROJECT_NAME\=Pods
    export PROJECT_TEMP_DIR\=/Users/kharyfiler/Library/Developer/Xcode/DerivedData/Gripah-gptnnpiwslcswlcpylqwkddqyprw/Build/Intermediates.noindex/Pods.build
    export PROJECT_TEMP_ROOT\=/Users/kharyfiler/Library/Developer/Xcode/DerivedData/Gripah-gptnnpiwslcswlcpylqwkddqyprw/Build/Intermediates.noindex
    export REACT_NATIVE_PATH\=/Users/kharyfiler/Documents/grip-claude/ios/Pods/../../node_modules/react-native
    export RECOMMENDED_IPHONEOS_DEPLOYMENT_TARGET\=15.0
    export RECURSIVE_SEARCH_PATHS_FOLLOW_SYMLINKS\=YES
    export REMOVE_CVS_FROM_RESOURCES\=YES
    export REMOVE_GIT_FROM_RESOURCES\=YES
    export REMOVE_HEADERS_FROM_EMBEDDED_BUNDLES\=YES
    export REMOVE_HG_FROM_RESOURCES\=YES
    export REMOVE_STATIC_EXECUTABLES_FROM_EMBEDDED_BUNDLES\=YES
    export REMOVE_SVN_FROM_RESOURCES\=YES
    export RESCHEDULE_INDEPENDENT_HEADERS_PHASES\=YES
    export REZ_COLLECTOR_DIR\=/Users/kharyfiler/Library/Developer/Xcode/DerivedData/Gripah-gptnnpiwslcswlcpylqwkddqyprw/Build/Intermediates.noindex/Pods.build/Debug-iphonesimulator/Google-Mobile-Ads-SDK.build/ResourceManagerResources
    export REZ_EXECUTABLE\=YES
    export REZ_OBJECTS_DIR\=/Users/kharyfiler/Library/Developer/Xcode/DerivedData/Gripah-gptnnpiwslcswlcpylqwkddqyprw/Build/Intermediates.noindex/Pods.build/Debug-iphonesimulator/Google-Mobile-Ads-SDK.build/ResourceManagerResources/Objects
    export REZ_SEARCH_PATHS\=/Users/kharyfiler/Library/Developer/Xcode/DerivedData/Gripah-gptnnpiwslcswlcpylqwkddqyprw/Build/Products/Debug-iphonesimulator/Google-Mobile-Ads-SDK\ 
    export RUNTIME_EXCEPTION_ALLOW_DYLD_ENVIRONMENT_VARIABLES\=NO
    export RUNTIME_EXCEPTION_ALLOW_JIT\=NO
    export RUNTIME_EXCEPTION_ALLOW_UNSIGNED_EXECUTABLE_MEMORY\=NO
    export RUNTIME_EXCEPTION_DEBUGGING_TOOL\=NO
    export RUNTIME_EXCEPTION_DISABLE_EXECUTABLE_PAGE_PROTECTION\=NO
    export RUNTIME_EXCEPTION_DISABLE_LIBRARY_VALIDATION\=NO
    export SCAN_ALL_SOURCE_FILES_FOR_INCLUDES\=NO
    export SCRIPT_INPUT_FILE_0\=/Users/kharyfiler/Library/Developer/Xcode/DerivedData/Gripah-gptnnpiwslcswlcpylqwkddqyprw/Build/Intermediates.noindex/Pods.build/Debug-iphonesimulator/Google-Mobile-Ads-SDK.build/DerivedSources/Google_Mobile_Ads_SDK-Swift.h
    export SCRIPT_INPUT_FILE_1\=/Users/kharyfiler/Documents/grip-claude/ios/Pods/Headers/Public/Google_Mobile_Ads_SDK/Google-Mobile-Ads-SDK.modulemap
    export SCRIPT_INPUT_FILE_2\=/Users/kharyfiler/Documents/grip-claude/ios/Pods/Headers/Public/Google_Mobile_Ads_SDK/Google-Mobile-Ads-SDK-umbrella.h
    export SCRIPT_INPUT_FILE_COUNT\=3
    export SCRIPT_INPUT_FILE_LIST_COUNT\=0
    export SCRIPT_OUTPUT_FILE_0\=/Users/kharyfiler/Library/Developer/Xcode/DerivedData/Gripah-gptnnpiwslcswlcpylqwkddqyprw/Build/Products/Debug-iphonesimulator/Google-Mobile-Ads-SDK/Google_Mobile_Ads_SDK.modulemap
    export SCRIPT_OUTPUT_FILE_1\=/Users/kharyfiler/Library/Developer/Xcode/DerivedData/Gripah-gptnnpiwslcswlcpylqwkddqyprw/Build/Products/Debug-iphonesimulator/Google-Mobile-Ads-SDK/Google-Mobile-Ads-SDK-umbrella.h
    export SCRIPT_OUTPUT_FILE_2\=/Users/kharyfiler/Library/Developer/Xcode/DerivedData/Gripah-gptnnpiwslcswlcpylqwkddqyprw/Build/Products/Debug-iphonesimulator/Google-Mobile-Ads-SDK/Swift\ Compatibility\ Header/Google_Mobile_Ads_SDK-Swift.h
    export SCRIPT_OUTPUT_FILE_COUNT\=3
    export SCRIPT_OUTPUT_FILE_LIST_COUNT\=0
    export SDKROOT\=/Applications/Xcode.app/Contents/Developer/Platforms/iPhoneSimulator.platform/Developer/SDKs/iPhoneSimulator26.2.sdk
    export SDK_DIR\=/Applications/Xcode.app/Contents/Developer/Platforms/iPhoneSimulator.platform/Developer/SDKs/iPhoneSimulator26.2.sdk
    export SDK_DIR_iphonesimulator\=/Applications/Xcode.app/Contents/Developer/Platforms/iPhoneSimulator.platform/Developer/SDKs/iPhoneSimulator26.2.sdk
    export SDK_DIR_iphonesimulator26_2\=/Applications/Xcode.app/Contents/Developer/Platforms/iPhoneSimulator.platform/Developer/SDKs/iPhoneSimulator26.2.sdk
    export SDK_NAME\=iphonesimulator26.2
    export SDK_NAMES\=iphonesimulator26.2
    export SDK_PRODUCT_BUILD_VERSION\=23C53
    export SDK_STAT_CACHE_DIR\=/Users/kharyfiler/Library/Developer/Xcode/DerivedData
    export SDK_STAT_CACHE_ENABLE\=YES
    export SDK_STAT_CACHE_PATH\=/Users/kharyfiler/Library/Developer/Xcode/DerivedData/SDKStatCaches.noindex/iphonesimulator26.2-23C53-3885c01c3e6b6a337905948deab2002e7d00a8b37fbd7999ea79df8ebc024bf0.sdkstatcache
    export SDK_VERSION\=26.2
    export SDK_VERSION_ACTUAL\=260200
    export SDK_VERSION_MAJOR\=260000
    export SDK_VERSION_MINOR\=260200
    export SED\=/usr/bin/sed
    export SEPARATE_STRIP\=NO
    export SEPARATE_SYMBOL_EDIT\=NO
    export SET_DIR_MODE_OWNER_GROUP\=YES
    export SET_FILE_MODE_OWNER_GROUP\=NO
    export SHALLOW_BUNDLE\=NO
    export SHARED_DERIVED_FILE_DIR\=/Users/kharyfiler/Library/Developer/Xcode/DerivedData/Gripah-gptnnpiwslcswlcpylqwkddqyprw/Build/Products/Debug-iphonesimulator/Google-Mobile-Ads-SDK/DerivedSources
    export SHARED_PRECOMPS_DIR\=/Users/kharyfiler/Library/Developer/Xcode/DerivedData/Gripah-gptnnpiwslcswlcpylqwkddqyprw/Build/Intermediates.noindex/PrecompiledHeaders
    export SKIP_INSTALL\=YES
    export SOURCE_ROOT\=/Users/kharyfiler/Documents/grip-claude/ios/Pods
    export SRCROOT\=/Users/kharyfiler/Documents/grip-claude/ios/Pods
    export STRINGSDATA_DIR\=/Users/kharyfiler/Library/Developer/Xcode/DerivedData/Gripah-gptnnpiwslcswlcpylqwkddqyprw/Build/Intermediates.noindex/Pods.build/Debug-iphonesimulator/Google-Mobile-Ads-SDK.build/Objects-normal/undefined_arch
    export STRINGSDATA_ROOT\=/Users/kharyfiler/Library/Developer/Xcode/DerivedData/Gripah-gptnnpiwslcswlcpylqwkddqyprw/Build/Intermediates.noindex/Pods.build/Debug-iphonesimulator/Google-Mobile-Ads-SDK.build
    export STRINGS_FILE_INFOPLIST_RENAME\=YES
    export STRINGS_FILE_OUTPUT_ENCODING\=binary
    export STRING_CATALOG_GENERATE_SYMBOLS\=NO
    export STRIP_BITCODE_FROM_COPIED_FILES\=NO
    export STRIP_INSTALLED_PRODUCT\=NO
    export STRIP_STYLE\=debugging
    export STRIP_SWIFT_SYMBOLS\=YES
    export SUPPORTED_DEVICE_FAMILIES\=1,2
    export SUPPORTED_PLATFORMS\=iphoneos\ iphonesimulator
    export SUPPORTS_TEXT_BASED_API\=NO
    export SUPPRESS_WARNINGS\=NO
    export SWIFT_ACTIVE_COMPILATION_CONDITIONS\=\ DEBUG\ 
    export SWIFT_EMIT_CONST_VALUE_PROTOCOLS\=AppIntent\ EntityQuery\ AppEntity\ TransientEntity\ AppEnum\ AppShortcutProviding\ AppShortcutsProvider\ AnyResolverProviding\ AppIntentsPackage\ DynamicOptionsProvider\ _IntentValueRepresentable\ _AssistantIntentsProvider\ _GenerativeFunctionExtractable\ IntentValueQuery\ Resolver\ AppExtension\ ExtensionPointDefining
    export SWIFT_EMIT_LOC_STRINGS\=NO
    export SWIFT_ENABLE_EXPLICIT_MODULES\=YES
    export SWIFT_INSTALL_OBJC_HEADER\=YES
    export SWIFT_OPTIMIZATION_LEVEL\=-Onone
    export SWIFT_PLATFORM_TARGET_PREFIX\=ios
    export SWIFT_RESPONSE_FILE_PATH_normal_arm64\=/Users/kharyfiler/Library/Developer/Xcode/DerivedData/Gripah-gptnnpiwslcswlcpylqwkddqyprw/Build/Intermediates.noindex/Pods.build/Debug-iphonesimulator/Google-Mobile-Ads-SDK.build/Objects-normal/arm64/Google-Mobile-Ads-SDK.SwiftFileList
    export SWIFT_VERSION\=5.3
    export SYMROOT\=/Users/kharyfiler/Library/Developer/Xcode/DerivedData/Gripah-gptnnpiwslcswlcpylqwkddqyprw/Build/Products
    export SYSTEM_ADMIN_APPS_DIR\=/Applications/Utilities
    export SYSTEM_APPS_DIR\=/Applications
    export SYSTEM_CORE_SERVICES_DIR\=/System/Library/CoreServices
    export SYSTEM_DEMOS_DIR\=/Applications/Extras
    export SYSTEM_DEVELOPER_APPS_DIR\=/Applications/Xcode.app/Contents/Developer/Applications
    export SYSTEM_DEVELOPER_BIN_DIR\=/Applications/Xcode.app/Contents/Developer/usr/bin
    export SYSTEM_DEVELOPER_DEMOS_DIR\=/Applications/Xcode.app/Contents/Developer/Applications/Utilities/Built\ Examples
    export SYSTEM_DEVELOPER_DIR\=/Applications/Xcode.app/Contents/Developer
    export SYSTEM_DEVELOPER_DOC_DIR\=/Applications/Xcode.app/Contents/Developer/ADC\ Reference\ Library
    export SYSTEM_DEVELOPER_GRAPHICS_TOOLS_DIR\=/Applications/Xcode.app/Contents/Developer/Applications/Graphics\ Tools
    export SYSTEM_DEVELOPER_JAVA_TOOLS_DIR\=/Applications/Xcode.app/Contents/Developer/Applications/Java\ Tools
    export SYSTEM_DEVELOPER_PERFORMANCE_TOOLS_DIR\=/Applications/Xcode.app/Contents/Developer/Applications/Performance\ Tools
    export SYSTEM_DEVELOPER_RELEASENOTES_DIR\=/Applications/Xcode.app/Contents/Developer/ADC\ Reference\ Library/releasenotes
    export SYSTEM_DEVELOPER_TOOLS\=/Applications/Xcode.app/Contents/Developer/Tools
    export SYSTEM_DEVELOPER_TOOLS_DOC_DIR\=/Applications/Xcode.app/Contents/Developer/ADC\ Reference\ Library/documentation/DeveloperTools
    export SYSTEM_DEVELOPER_TOOLS_RELEASENOTES_DIR\=/Applications/Xcode.app/Contents/Developer/ADC\ Reference\ Library/releasenotes/DeveloperTools
    export SYSTEM_DEVELOPER_USR_DIR\=/Applications/Xcode.app/Contents/Developer/usr
    export SYSTEM_DEVELOPER_UTILITIES_DIR\=/Applications/Xcode.app/Contents/Developer/Applications/Utilities
    export SYSTEM_DEXT_INSTALL_PATH\=/System/Library/DriverExtensions
    export SYSTEM_DOCUMENTATION_DIR\=/Library/Documentation
    export SYSTEM_KEXT_INSTALL_PATH\=/System/Library/Extensions
    export SYSTEM_LIBRARY_DIR\=/System/Library
    export TAPI_DEMANGLE\=YES
    export TAPI_ENABLE_PROJECT_HEADERS\=NO
    export TAPI_LANGUAGE\=objective-c
    export TAPI_LANGUAGE_STANDARD\=compiler-default
    export TAPI_USE_SRCROOT\=YES
    export TAPI_VERIFY_MODE\=Pedantic
    export TARGETED_DEVICE_FAMILY\=1,2
    export TARGETNAME\=Google-Mobile-Ads-SDK
    export TARGET_BUILD_DIR\=/Users/kharyfiler/Library/Developer/Xcode/DerivedData/Gripah-gptnnpiwslcswlcpylqwkddqyprw/Build/Products/Debug-iphonesimulator/Google-Mobile-Ads-SDK
    export TARGET_NAME\=Google-Mobile-Ads-SDK
    export TARGET_TEMP_DIR\=/Users/kharyfiler/Library/Developer/Xcode/DerivedData/Gripah-gptnnpiwslcswlcpylqwkddqyprw/Build/Intermediates.noindex/Pods.build/Debug-iphonesimulator/Google-Mobile-Ads-SDK.build
    export TEMP_DIR\=/Users/kharyfiler/Library/Developer/Xcode/DerivedData/Gripah-gptnnpiwslcswlcpylqwkddqyprw/Build/Intermediates.noindex/Pods.build/Debug-iphonesimulator/Google-Mobile-Ads-SDK.build
    export TEMP_FILES_DIR\=/Users/kharyfiler/Library/Developer/Xcode/DerivedData/Gripah-gptnnpiwslcswlcpylqwkddqyprw/Build/Intermediates.noindex/Pods.build/Debug-iphonesimulator/Google-Mobile-Ads-SDK.build
    export TEMP_FILE_DIR\=/Users/kharyfiler/Library/Developer/Xcode/DerivedData/Gripah-gptnnpiwslcswlcpylqwkddqyprw/Build/Intermediates.noindex/Pods.build/Debug-iphonesimulator/Google-Mobile-Ads-SDK.build
    export TEMP_ROOT\=/Users/kharyfiler/Library/Developer/Xcode/DerivedData/Gripah-gptnnpiwslcswlcpylqwkddqyprw/Build/Intermediates.noindex
    export TEMP_SANDBOX_DIR\=/Users/kharyfiler/Library/Developer/Xcode/DerivedData/Gripah-gptnnpiwslcswlcpylqwkddqyprw/Build/Intermediates.noindex/TemporaryTaskSandboxes
    export TEST_FRAMEWORK_SEARCH_PATHS\=\ /Applications/Xcode.app/Contents/Developer/Platforms/iPhoneSimulator.platform/Developer/Library/Frameworks\ /Applications/Xcode.app/Contents/Developer/Platforms/iPhoneSimulator.platform/Developer/SDKs/iPhoneSimulator26.2.sdk/Developer/Library/Frameworks
    export TEST_LIBRARY_SEARCH_PATHS\=\ /Applications/Xcode.app/Contents/Developer/Platforms/iPhoneSimulator.platform/Developer/usr/lib
    export TOOLCHAINS\=com.apple.dt.toolchain.Metal.32023\ com.apple.dt.toolchain.XcodeDefault
    export TOOLCHAIN_DIR\=/var/run/com.apple.security.cryptexd/mnt/com.apple.MobileAsset.MetalToolchain-v17.3.48.0.eTPF2V/Metal.xctoolchain
    export TOOLCHAIN_VERSION\=32023
    export TREAT_MISSING_BASELINES_AS_TEST_FAILURES\=NO
    export TREAT_MISSING_SCRIPT_PHASE_OUTPUTS_AS_ERRORS\=NO
    export UID\=501
    export UNINSTALLED_PRODUCTS_DIR\=/Users/kharyfiler/Library/Developer/Xcode/DerivedData/Gripah-gptnnpiwslcswlcpylqwkddqyprw/Build/Intermediates.noindex/UninstalledProducts
    export UNSTRIPPED_PRODUCT\=NO
    export USER\=kharyfiler
    export USER_APPS_DIR\=/Users/kharyfiler/Applications
    export USER_LIBRARY_DIR\=/Users/kharyfiler/Library
    export USE_DYNAMIC_NO_PIC\=YES
    export USE_HEADERMAP\=YES
    export USE_HEADER_SYMLINKS\=NO
    export USE_HERMES\=true
    export USE_RECURSIVE_SCRIPT_INPUTS_IN_SCRIPT_PHASES\=YES
    export VALIDATE_DEVELOPMENT_ASSET_PATHS\=YES_ERROR
    export VALIDATE_PRODUCT\=NO
    export VALID_ARCHS\=x86_64\ arm64
    export VERBOSE_PBXCP\=NO
    export VERSION_INFO_BUILDER\=kharyfiler
    export VERSION_INFO_FILE\=Google-Mobile-Ads-SDK_vers.c
    export VERSION_INFO_STRING\=\"@\(\#\)PROGRAM:Google-Mobile-Ads-SDK\ \ PROJECT:Pods-\"
    export WORKSPACE_DIR\=/Users/kharyfiler/Documents/grip-claude/ios
    export WRAP_ASSET_PACKS_IN_SEPARATE_DIRECTORIES\=NO
    export XCODE_APP_SUPPORT_DIR\=/Applications/Xcode.app/Contents/Developer/Library/Xcode
    export XCODE_PRODUCT_BUILD_VERSION\=17C52
    export XCODE_VERSION_ACTUAL\=2620
    export XCODE_VERSION_MAJOR\=2600
    export XCODE_VERSION_MINOR\=2620
    export XPCSERVICES_FOLDER_PATH\=/XPCServices
    export YACC\=yacc
    export _DISCOVER_COMMAND_LINE_LINKER_INPUTS\=YES
    export _DISCOVER_COMMAND_LINE_LINKER_INPUTS_INCLUDE_WL\=YES
    export _LD_MULTIARCH\=YES
    export __DIAGNOSE_DEPRECATED_ARCHS\=YES
    export arch\=undefined_arch
    export variant\=normal
    /bin/sh -c /Users/kharyfiler/Library/Developer/Xcode/DerivedData/Gripah-gptnnpiwslcswlcpylqwkddqyprw/Build/Intermediates.noindex/Pods.build/Debug-iphonesimulator/Google-Mobile-Ads-SDK.build/Script-46EB2E0001F7D0.sh

PhaseScriptExecution [CP-User]\ Generate\ Specs /Users/kharyfiler/Library/Developer/Xcode/DerivedData/Gripah-gptnnpiwslcswlcpylqwkddqyprw/Build/Intermediates.noindex/Pods.build/Debug-iphonesimulator/ReactCodegen.build/Script-46EB2E00038810.sh (in target 'ReactCodegen' from project 'Pods')
    cd /Users/kharyfiler/Documents/grip-claude/ios/Pods
    export ACTION\=build
    export AD_HOC_CODE_SIGNING_ALLOWED\=YES
    export ALLOW_BUILD_REQUEST_OVERRIDES\=NO
    export ALLOW_TARGET_PLATFORM_SPECIALIZATION\=NO
    export ALTERNATE_GROUP\=staff
    export ALTERNATE_MODE\=u+w,go-w,a+rX
    export ALTERNATE_OWNER\=kharyfiler
    export ALTERNATIVE_DISTRIBUTION_WEB\=NO
    export ALWAYS_EMBED_SWIFT_STANDARD_LIBRARIES\=NO
    export ALWAYS_SEARCH_USER_PATHS\=NO
    export ALWAYS_USE_SEPARATE_HEADERMAPS\=NO
    export APPLICATION_EXTENSION_API_ONLY\=NO
    export APPLY_RULES_IN_COPY_FILES\=NO
    export APPLY_RULES_IN_COPY_HEADERS\=NO
    export APP_SHORTCUTS_ENABLE_FLEXIBLE_MATCHING\=YES
    export ARCHS\=arm64
    export ARCHS_STANDARD\=arm64\ x86_64
    export ARCHS_STANDARD_32_64_BIT\=arm64\ x86_64
    export ARCHS_STANDARD_64_BIT\=arm64\ x86_64
    export ARCHS_STANDARD_INCLUDING_64_BIT\=arm64\ x86_64
    export ARCHS_UNIVERSAL_IPHONE_OS\=arm64\ x86_64
    export AUTOMATICALLY_MERGE_DEPENDENCIES\=NO
    export AUTOMATION_APPLE_EVENTS\=NO
    export AVAILABLE_PLATFORMS\=android\ appletvos\ appletvsimulator\ driverkit\ iphoneos\ iphonesimulator\ macosx\ qnx\ watchos\ watchsimulator\ webassembly\ xros\ xrsimulator
    export BUILD_ACTIVE_RESOURCES_ONLY\=NO
    export BUILD_COMPONENTS\=headers\ build
    export BUILD_DIR\=/Users/kharyfiler/Library/Developer/Xcode/DerivedData/Gripah-gptnnpiwslcswlcpylqwkddqyprw/Build/Products
    export BUILD_LIBRARY_FOR_DISTRIBUTION\=NO
    export BUILD_ROOT\=/Users/kharyfiler/Library/Developer/Xcode/DerivedData/Gripah-gptnnpiwslcswlcpylqwkddqyprw/Build/Products
    export BUILD_STYLE\=
    export BUILD_VARIANTS\=normal
    export BUILT_PRODUCTS_DIR\=/Users/kharyfiler/Library/Developer/Xcode/DerivedData/Gripah-gptnnpiwslcswlcpylqwkddqyprw/Build/Products/Debug-iphonesimulator/ReactCodegen
    export BUNDLE_CONTENTS_FOLDER_PATH_deep\=Contents/
    export BUNDLE_EXECUTABLE_FOLDER_NAME_deep\=MacOS
    export BUNDLE_EXTENSIONS_FOLDER_PATH\=Extensions
    export BUNDLE_FORMAT\=shallow
    export BUNDLE_FRAMEWORKS_FOLDER_PATH\=Frameworks
    export BUNDLE_PLUGINS_FOLDER_PATH\=PlugIns
    export BUNDLE_PRIVATE_HEADERS_FOLDER_PATH\=PrivateHeaders
    export BUNDLE_PUBLIC_HEADERS_FOLDER_PATH\=Headers
    export CACHE_ROOT\=/var/folders/bg/xv10_kk96gz_ck7t__bgt67c0000gn/C/com.apple.DeveloperTools/26.2-17C52/Xcode
    export CCHROOT\=/var/folders/bg/xv10_kk96gz_ck7t__bgt67c0000gn/C/com.apple.DeveloperTools/26.2-17C52/Xcode
    export CHMOD\=/bin/chmod
    export CHOWN\=/usr/sbin/chown
    export CLANG_ANALYZER_LOCALIZABILITY_NONLOCALIZED\=YES
    export CLANG_ANALYZER_NONNULL\=YES
    export CLANG_ANALYZER_NUMBER_OBJECT_CONVERSION\=YES_AGGRESSIVE
    export CLANG_CACHE_FINE_GRAINED_OUTPUTS\=YES
    export CLANG_CXX_LANGUAGE_STANDARD\=c++20
    export CLANG_CXX_LIBRARY\=libc++
    export CLANG_ENABLE_EXPLICIT_MODULES\=YES
    export CLANG_ENABLE_MODULES\=YES
    export CLANG_ENABLE_MODULE_DEBUGGING\=NO
    export CLANG_ENABLE_OBJC_ARC\=YES
    export CLANG_ENABLE_OBJC_WEAK\=NO
    export CLANG_MODULES_BUILD_SESSION_FILE\=/Users/kharyfiler/Library/Developer/Xcode/DerivedData/ModuleCache.noindex/Session.modulevalidation
    export CLANG_WARN_BLOCK_CAPTURE_AUTORELEASING\=YES
    export CLANG_WARN_BOOL_CONVERSION\=YES
    export CLANG_WARN_COMMA\=YES
    export CLANG_WARN_CONSTANT_CONVERSION\=YES
    export CLANG_WARN_DEPRECATED_OBJC_IMPLEMENTATIONS\=YES
    export CLANG_WARN_DIRECT_OBJC_ISA_USAGE\=YES_ERROR
    export CLANG_WARN_DOCUMENTATION_COMMENTS\=YES
    export CLANG_WARN_EMPTY_BODY\=YES
    export CLANG_WARN_ENUM_CONVERSION\=YES
    export CLANG_WARN_INFINITE_RECURSION\=YES
    export CLANG_WARN_INT_CONVERSION\=YES
    export CLANG_WARN_NON_LITERAL_NULL_CONVERSION\=YES
    export CLANG_WARN_OBJC_IMPLICIT_RETAIN_SELF\=YES
    export CLANG_WARN_OBJC_LITERAL_CONVERSION\=YES
    export CLANG_WARN_OBJC_ROOT_CLASS\=YES_ERROR
    export CLANG_WARN_QUOTED_INCLUDE_IN_FRAMEWORK_HEADER\=NO
    export CLANG_WARN_RANGE_LOOP_ANALYSIS\=YES
    export CLANG_WARN_STRICT_PROTOTYPES\=YES
    export CLANG_WARN_SUSPICIOUS_MOVE\=YES
    export CLANG_WARN_UNGUARDED_AVAILABILITY\=YES_AGGRESSIVE
    export CLANG_WARN_UNREACHABLE_CODE\=YES
    export CLANG_WARN__DUPLICATE_METHOD_MATCH\=YES
    export CLASS_FILE_DIR\=/Users/kharyfiler/Library/Developer/Xcode/DerivedData/Gripah-gptnnpiwslcswlcpylqwkddqyprw/Build/Intermediates.noindex/Pods.build/Debug-iphonesimulator/ReactCodegen.build/JavaClasses
    export CLEAN_PRECOMPS\=YES
    export CLONE_HEADERS\=NO
    export CODESIGNING_FOLDER_PATH\=/Users/kharyfiler/Library/Developer/Xcode/DerivedData/Gripah-gptnnpiwslcswlcpylqwkddqyprw/Build/Products/Debug-iphonesimulator/ReactCodegen/libReactCodegen.a
    export CODE_SIGNING_ALLOWED\=NO
    export CODE_SIGNING_REQUIRED\=YES
    export CODE_SIGN_CONTEXT_CLASS\=XCiPhoneSimulatorCodeSignContext
    export CODE_SIGN_IDENTITY\=-
    export CODE_SIGN_INJECT_BASE_ENTITLEMENTS\=YES
    export COLOR_DIAGNOSTICS\=NO
    export COMBINE_HIDPI_IMAGES\=NO
    export COMPILATION_CACHE_CAS_PATH\=/Users/kharyfiler/Library/Developer/Xcode/DerivedData/CompilationCache.noindex
    export COMPILATION_CACHE_KEEP_CAS_DIRECTORY\=YES
    export COMPILER_INDEX_STORE_ENABLE\=Default
    export COMPOSITE_SDK_DIRS\=/Users/kharyfiler/Library/Developer/Xcode/DerivedData/Gripah-gptnnpiwslcswlcpylqwkddqyprw/Build/Intermediates.noindex/CompositeSDKs
    export COMPRESS_PNG_FILES\=YES
    export CONFIGURATION\=Debug
    export CONFIGURATION_BUILD_DIR\=/Users/kharyfiler/Library/Developer/Xcode/DerivedData/Gripah-gptnnpiwslcswlcpylqwkddqyprw/Build/Products/Debug-iphonesimulator/ReactCodegen
    export CONFIGURATION_TEMP_DIR\=/Users/kharyfiler/Library/Developer/Xcode/DerivedData/Gripah-gptnnpiwslcswlcpylqwkddqyprw/Build/Intermediates.noindex/Pods.build/Debug-iphonesimulator
    export COPYING_PRESERVES_HFS_DATA\=NO
    export COPY_HEADERS_RUN_UNIFDEF\=NO
    export COPY_PHASE_STRIP\=NO
    export CORRESPONDING_DEVICE_PLATFORM_DIR\=/Applications/Xcode.app/Contents/Developer/Platforms/iPhoneOS.platform
    export CORRESPONDING_DEVICE_PLATFORM_NAME\=iphoneos
    export CORRESPONDING_DEVICE_SDK_DIR\=/Applications/Xcode.app/Contents/Developer/Platforms/iPhoneOS.platform/Developer/SDKs/iPhoneOS26.2.sdk
    export CORRESPONDING_DEVICE_SDK_NAME\=iphoneos26.2
    export CP\=/bin/cp
    export CREATE_INFOPLIST_SECTION_IN_BINARY\=NO
    export CURRENT_ARCH\=undefined_arch
    export CURRENT_VARIANT\=normal
    export DEAD_CODE_STRIPPING\=YES
    export DEBUGGING_SYMBOLS\=YES
    export DEBUG_INFORMATION_FORMAT\=dwarf
    export DEBUG_INFORMATION_VERSION\=compiler-default
    export DEFAULT_COMPILER\=com.apple.compilers.llvm.clang.1_0
    export DEFAULT_DEXT_INSTALL_PATH\=/System/Library/DriverExtensions
    export DEFAULT_KEXT_INSTALL_PATH\=/System/Library/Extensions
    export DEFINES_MODULE\=NO
    export DEPLOYMENT_LOCATION\=NO
    export DEPLOYMENT_POSTPROCESSING\=NO
    export DEPLOYMENT_TARGET_SETTING_NAME\=IPHONEOS_DEPLOYMENT_TARGET
    export DEPLOYMENT_TARGET_SUGGESTED_VALUES\=12.0\ 12.1\ 12.2\ 12.3\ 12.4\ 13.0\ 13.1\ 13.2\ 13.3\ 13.4\ 13.5\ 13.6\ 14.0\ 14.1\ 14.2\ 14.3\ 14.4\ 14.5\ 14.6\ 14.7\ 15.0\ 15.1\ 15.2\ 15.3\ 15.4\ 15.5\ 15.6\ 16.0\ 16.1\ 16.2\ 16.3\ 16.4\ 16.5\ 16.6\ 17.0\ 17.1\ 17.2\ 17.3\ 17.4\ 17.5\ 17.6\ 18.0\ 18.1\ 18.2\ 18.3\ 18.4\ 18.5\ 18.6\ 26.0\ 26.1\ 26.2
    export DERIVED_FILES_DIR\=/Users/kharyfiler/Library/Developer/Xcode/DerivedData/Gripah-gptnnpiwslcswlcpylqwkddqyprw/Build/Intermediates.noindex/Pods.build/Debug-iphonesimulator/ReactCodegen.build/DerivedSources
    export DERIVED_FILE_DIR\=/Users/kharyfiler/Library/Developer/Xcode/DerivedData/Gripah-gptnnpiwslcswlcpylqwkddqyprw/Build/Intermediates.noindex/Pods.build/Debug-iphonesimulator/ReactCodegen.build/DerivedSources
    export DERIVED_SOURCES_DIR\=/Users/kharyfiler/Library/Developer/Xcode/DerivedData/Gripah-gptnnpiwslcswlcpylqwkddqyprw/Build/Intermediates.noindex/Pods.build/Debug-iphonesimulator/ReactCodegen.build/DerivedSources
    export DEVELOPER_APPLICATIONS_DIR\=/Applications/Xcode.app/Contents/Developer/Applications
    export DEVELOPER_BIN_DIR\=/Applications/Xcode.app/Contents/Developer/usr/bin
    export DEVELOPER_DIR\=/Applications/Xcode.app/Contents/Developer
    export DEVELOPER_FRAMEWORKS_DIR\=/Applications/Xcode.app/Contents/Developer/Library/Frameworks
    export DEVELOPER_FRAMEWORKS_DIR_QUOTED\=/Applications/Xcode.app/Contents/Developer/Library/Frameworks
    export DEVELOPER_LIBRARY_DIR\=/Applications/Xcode.app/Contents/Developer/Library
    export DEVELOPER_SDK_DIR\=/Applications/Xcode.app/Contents/Developer/Platforms/MacOSX.platform/Developer/SDKs
    export DEVELOPER_TOOLS_DIR\=/Applications/Xcode.app/Contents/Developer/Tools
    export DEVELOPER_USR_DIR\=/Applications/Xcode.app/Contents/Developer/usr
    export DEVELOPMENT_LANGUAGE\=en
    export DIAGNOSE_MISSING_TARGET_DEPENDENCIES\=YES
    export DIFF\=/usr/bin/diff
    export DONT_GENERATE_INFOPLIST_FILE\=NO
    export DSTROOT\=/tmp/Pods.dst
    export DT_TOOLCHAIN_DIR\=/Applications/Xcode.app/Contents/Developer/Toolchains/XcodeDefault.xctoolchain
    export DWARF_DSYM_FILE_NAME\=libReactCodegen.a.dSYM
    export DWARF_DSYM_FILE_SHOULD_ACCOMPANY_PRODUCT\=NO
    export DWARF_DSYM_FOLDER_PATH\=/Users/kharyfiler/Library/Developer/Xcode/DerivedData/Gripah-gptnnpiwslcswlcpylqwkddqyprw/Build/Products/Debug-iphonesimulator/ReactCodegen
    export DYNAMIC_LIBRARY_EXTENSION\=dylib
    export EAGER_COMPILATION_ALLOW_SCRIPTS\=NO
    export EAGER_LINKING\=NO
    export EFFECTIVE_PLATFORM_NAME\=-iphonesimulator
    export EMBEDDED_CONTENT_CONTAINS_SWIFT\=NO
    export EMBED_ASSET_PACKS_IN_PRODUCT_BUNDLE\=NO
    export ENABLE_APP_SANDBOX\=NO
    export ENABLE_CODE_COVERAGE\=YES
    export ENABLE_CPLUSPLUS_BOUNDS_SAFE_BUFFERS\=NO
    export ENABLE_C_BOUNDS_SAFETY\=NO
    export ENABLE_DEFAULT_HEADER_SEARCH_PATHS\=YES
    export ENABLE_DEFAULT_SEARCH_PATHS\=YES
    export ENABLE_ENHANCED_SECURITY\=NO
    export ENABLE_HARDENED_RUNTIME\=NO
    export ENABLE_HEADER_DEPENDENCIES\=YES
    export ENABLE_INCOMING_NETWORK_CONNECTIONS\=NO
    export ENABLE_MODULE_VERIFIER\=NO
    export ENABLE_ON_DEMAND_RESOURCES\=NO
    export ENABLE_OUTGOING_NETWORK_CONNECTIONS\=NO
    export ENABLE_POINTER_AUTHENTICATION\=NO
    export ENABLE_PREVIEWS\=NO
    export ENABLE_RESOURCE_ACCESS_AUDIO_INPUT\=NO
    export ENABLE_RESOURCE_ACCESS_BLUETOOTH\=NO
    export ENABLE_RESOURCE_ACCESS_CALENDARS\=NO
    export ENABLE_RESOURCE_ACCESS_CAMERA\=NO
    export ENABLE_RESOURCE_ACCESS_CONTACTS\=NO
    export ENABLE_RESOURCE_ACCESS_LOCATION\=NO
    export ENABLE_RESOURCE_ACCESS_PHOTO_LIBRARY\=NO
    export ENABLE_RESOURCE_ACCESS_PRINTING\=NO
    export ENABLE_RESOURCE_ACCESS_USB\=NO
    export ENABLE_SDK_IMPORTS\=NO
    export ENABLE_SECURITY_COMPILER_WARNINGS\=NO
    export ENABLE_STRICT_OBJC_MSGSEND\=YES
    export ENABLE_TESTABILITY\=YES
    export ENABLE_TESTING_SEARCH_PATHS\=NO
    export ENABLE_USER_SCRIPT_SANDBOXING\=NO
    export ENABLE_XOJIT_PREVIEWS\=YES
    export ENFORCE_VALID_ARCHS\=YES
    export ENTITLEMENTS_DESTINATION\=__entitlements
    export ENTITLEMENTS_REQUIRED\=YES
    export EXCLUDED_INSTALLSRC_SUBDIRECTORY_PATTERNS\=.DS_Store\ .svn\ .git\ .hg\ CVS
    export EXCLUDED_RECURSIVE_SEARCH_PATH_SUBDIRECTORIES\=\*.nib\ \*.lproj\ \*.framework\ \*.gch\ \*.xcode\*\ \*.xcassets\ \*.icon\ \(\*\)\ .DS_Store\ CVS\ .svn\ .git\ .hg\ \*.pbproj\ \*.pbxproj
    export EXECUTABLE_EXTENSION\=a
    export EXECUTABLE_NAME\=libReactCodegen.a
    export EXECUTABLE_PATH\=libReactCodegen.a
    export EXECUTABLE_PREFIX\=lib
    export EXECUTABLE_SUFFIX\=.a
    export FILE_LIST\=/Users/kharyfiler/Library/Developer/Xcode/DerivedData/Gripah-gptnnpiwslcswlcpylqwkddqyprw/Build/Intermediates.noindex/Pods.build/Debug-iphonesimulator/ReactCodegen.build/Objects/LinkFileList
    export FIXED_FILES_DIR\=/Users/kharyfiler/Library/Developer/Xcode/DerivedData/Gripah-gptnnpiwslcswlcpylqwkddqyprw/Build/Intermediates.noindex/Pods.build/Debug-iphonesimulator/ReactCodegen.build/FixedFiles
    export FRAMEWORK_FLAG_PREFIX\=-framework
    export FRAMEWORK_SEARCH_PATHS\=/Users/kharyfiler/Library/Developer/Xcode/DerivedData/Gripah-gptnnpiwslcswlcpylqwkddqyprw/Build/Products/Debug-iphonesimulator/ReactCodegen\ \ \"/Users/kharyfiler/Documents/grip-claude/ios/Pods/hermes-engine/destroot/Library/Frameworks/universal\"\ \"/Users/kharyfiler/Library/Developer/Xcode/DerivedData/Gripah-gptnnpiwslcswlcpylqwkddqyprw/Build/Products/Debug-iphonesimulator/XCFrameworkIntermediates/hermes-engine/Pre-built\"
    export FRAMEWORK_VERSION\=A
    export FULL_PRODUCT_NAME\=libReactCodegen.a
    export FUSE_BUILD_PHASES\=YES
    export FUSE_BUILD_SCRIPT_PHASES\=NO
    export GCC3_VERSION\=3.3
    export GCC_C_LANGUAGE_STANDARD\=gnu11
    export GCC_DYNAMIC_NO_PIC\=NO
    export GCC_NO_COMMON_BLOCKS\=YES
    export GCC_OBJC_LEGACY_DISPATCH\=YES
    export GCC_OPTIMIZATION_LEVEL\=0
    export GCC_PFE_FILE_C_DIALECTS\=c\ objective-c\ c++\ objective-c++
    export GCC_PREFIX_HEADER\=Target\ Support\ Files/ReactCodegen/ReactCodegen-prefix.pch
    export GCC_PREPROCESSOR_DEFINITIONS\=POD_CONFIGURATION_DEBUG\=1\ DEBUG\=1\ \ COCOAPODS\=1
    export GCC_TREAT_WARNINGS_AS_ERRORS\=NO
    export GCC_VERSION\=com.apple.compilers.llvm.clang.1_0
    export GCC_VERSION_IDENTIFIER\=com_apple_compilers_llvm_clang_1_0
    export GCC_WARN_64_TO_32_BIT_CONVERSION\=YES
    export GCC_WARN_ABOUT_RETURN_TYPE\=YES_ERROR
    export GCC_WARN_UNDECLARED_SELECTOR\=YES
    export GCC_WARN_UNINITIALIZED_AUTOS\=YES_AGGRESSIVE
    export GCC_WARN_UNUSED_FUNCTION\=YES
    export GCC_WARN_UNUSED_VARIABLE\=YES
    export GENERATED_MODULEMAP_DIR\=/Users/kharyfiler/Library/Developer/Xcode/DerivedData/Gripah-gptnnpiwslcswlcpylqwkddqyprw/Build/Intermediates.noindex/GeneratedModuleMaps-iphonesimulator
    export GENERATE_INFOPLIST_FILE\=NO
    export GENERATE_INTERMEDIATE_TEXT_BASED_STUBS\=YES
    export GENERATE_PKGINFO_FILE\=NO
    export GENERATE_PRELINK_OBJECT_FILE\=NO
    export GENERATE_PROFILING_CODE\=NO
    export GENERATE_TEXT_BASED_STUBS\=NO
    export GID\=20
    export GROUP\=staff
    export HEADERMAP_INCLUDES_FLAT_ENTRIES_FOR_TARGET_BEING_BUILT\=YES
    export HEADERMAP_INCLUDES_FRAMEWORK_ENTRIES_FOR_ALL_PRODUCT_TYPES\=YES
    export HEADERMAP_INCLUDES_FRAMEWORK_ENTRIES_FOR_TARGETS_NOT_BEING_BUILT\=YES
    export HEADERMAP_INCLUDES_NONPUBLIC_NONPRIVATE_HEADERS\=YES
    export HEADERMAP_INCLUDES_PROJECT_HEADERS\=YES
    export HEADERMAP_USES_FRAMEWORK_PREFIX_ENTRIES\=YES
    export HEADERMAP_USES_VFS\=NO
    export HEADER_SEARCH_PATHS\=/Users/kharyfiler/Library/Developer/Xcode/DerivedData/Gripah-gptnnpiwslcswlcpylqwkddqyprw/Build/Products/Debug-iphonesimulator/ReactCodegen/include\ \ \"/Users/kharyfiler/Documents/grip-claude/ios/Pods/Headers/Private\"\ \"/Users/kharyfiler/Documents/grip-claude/ios/Pods/Headers/Private/ReactCodegen\"\ \"/Users/kharyfiler/Documents/grip-claude/ios/Pods/Headers/Public\"\ \"/Users/kharyfiler/Documents/grip-claude/ios/Pods/Headers/Public/DoubleConversion\"\ \"/Users/kharyfiler/Documents/grip-claude/ios/Pods/Headers/Public/FBLazyVector\"\ \"/Users/kharyfiler/Documents/grip-claude/ios/Pods/Headers/Public/RCT-Folly\"\ \"/Users/kharyfiler/Documents/grip-claude/ios/Pods/Headers/Public/RCTRequired\"\ \"/Users/kharyfiler/Documents/grip-claude/ios/Pods/Headers/Public/RCTTypeSafety\"\ \"/Users/kharyfiler/Documents/grip-claude/ios/Pods/Headers/Public/React-Core\"\ \"/Users/kharyfiler/Documents/grip-claude/ios/Pods/Headers/Public/React-Fabric\"\ \"/Users/kharyfiler/Documents/grip-claude/ios/Pods/Headers/Public/React-FabricComponents\"\ \"/Users/kharyfiler/Documents/grip-claude/ios/Pods/Headers/Public/React-FabricImage\"\ \"/Users/kharyfiler/Documents/grip-claude/ios/Pods/Headers/Public/React-ImageManager\"\ \"/Users/kharyfiler/Documents/grip-claude/ios/Pods/Headers/Public/React-Mapbuffer\"\ \"/Users/kharyfiler/Documents/grip-claude/ios/Pods/Headers/Public/React-NativeModulesApple\"\ \"/Users/kharyfiler/Documents/grip-claude/ios/Pods/Headers/Public/React-RCTAnimation\"\ \"/Users/kharyfiler/Documents/grip-claude/ios/Pods/Headers/Public/React-RCTBlob\"\ \"/Users/kharyfiler/Documents/grip-claude/ios/Pods/Headers/Public/React-RCTFBReactNativeSpec\"\ \"/Users/kharyfiler/Documents/grip-claude/ios/Pods/Headers/Public/React-RCTFabric\"\ \"/Users/kharyfiler/Documents/grip-claude/ios/Pods/Headers/Public/React-RCTRuntime\"\ \"/Users/kharyfiler/Documents/grip-claude/ios/Pods/Headers/Public/React-RCTText\"\ \"/Users/kharyfiler/Documents/grip-claude/ios/Pods/Headers/Public/React-RuntimeApple\"\ \"/Users/kharyfiler/Documents/grip-claude/ios/Pods/Headers/Public/React-RuntimeCore\"\ \"/Users/kharyfiler/Documents/grip-claude/ios/Pods/Headers/Public/React-RuntimeHermes\"\ \"/Users/kharyfiler/Documents/grip-claude/ios/Pods/Headers/Public/React-callinvoker\"\ \"/Users/kharyfiler/Documents/grip-claude/ios/Pods/Headers/Public/React-cxxreact\"\ \"/Users/kharyfiler/Documents/grip-claude/ios/Pods/Headers/Public/React-debug\"\ \"/Users/kharyfiler/Documents/grip-claude/ios/Pods/Headers/Public/React-defaultsnativemodule\"\ \"/Users/kharyfiler/Documents/grip-claude/ios/Pods/Headers/Public/React-domnativemodule\"\ \"/Users/kharyfiler/Documents/grip-claude/ios/Pods/Headers/Public/React-featureflags\"\ \"/Users/kharyfiler/Documents/grip-claude/ios/Pods/Headers/Public/React-featureflagsnativemodule\"\ \"/Users/kharyfiler/Documents/grip-claude/ios/Pods/Headers/Public/React-graphics\"\ \"/Users/kharyfiler/Documents/grip-claude/ios/Pods/Headers/Public/React-hermes\"\ \"/Users/kharyfiler/Documents/grip-claude/ios/Pods/Headers/Public/React-idlecallbacksnativemodule\"\ \"/Users/kharyfiler/Documents/grip-claude/ios/Pods/Headers/Public/React-jserrorhandler\"\ \"/Users/kharyfiler/Documents/grip-claude/ios/Pods/Headers/Public/React-jsi\"\ \"/Users/kharyfiler/Documents/grip-claude/ios/Pods/Headers/Public/React-jsiexecutor\"\ \"/Users/kharyfiler/Documents/grip-claude/ios/Pods/Headers/Public/React-jsinspector\"\ \"/Users/kharyfiler/Documents/grip-claude/ios/Pods/Headers/Public/React-jsinspectorcdp\"\ \"/Users/kharyfiler/Documents/grip-claude/ios/Pods/Headers/Public/React-jsinspectornetwork\"\ \"/Users/kharyfiler/Documents/grip-claude/ios/Pods/Headers/Public/React-jsinspectortracing\"\ \"/Users/kharyfiler/Documents/grip-claude/ios/Pods/Headers/Public/React-jsitooling\"\ \"/Users/kharyfiler/Documents/grip-claude/ios/Pods/Headers/Public/React-logger\"\ \"/Users/kharyfiler/Documents/grip-claude/ios/Pods/Headers/Public/React-microtasksnativemodule\"\ \"/Users/kharyfiler/Documents/grip-claude/ios/Pods/Headers/Public/React-oscompat\"\ \"/Users/kharyfiler/Documents/grip-claude/ios/Pods/Headers/Public/React-perflogger\"\ \"/Users/kharyfiler/Documents/grip-claude/ios/Pods/Headers/Public/React-performancetimeline\"\ \"/Users/kharyfiler/Documents/grip-claude/ios/Pods/Headers/Public/React-rendererconsistency\"\ \"/Users/kharyfiler/Documents/grip-claude/ios/Pods/Headers/Public/React-renderercss\"\ \"/Users/kharyfiler/Documents/grip-claude/ios/Pods/Headers/Public/React-rendererdebug\"\ \"/Users/kharyfiler/Documents/grip-claude/ios/Pods/Headers/Public/React-runtimeexecutor\"\ \"/Users/kharyfiler/Documents/grip-claude/ios/Pods/Headers/Public/React-runtimescheduler\"\ \"/Users/kharyfiler/Documents/grip-claude/ios/Pods/Headers/Public/React-timing\"\ \"/Users/kharyfiler/Documents/grip-claude/ios/Pods/Headers/Public/React-utils\"\ \"/Users/kharyfiler/Documents/grip-claude/ios/Pods/Headers/Public/ReactCodegen\"\ \"/Users/kharyfiler/Documents/grip-claude/ios/Pods/Headers/Public/ReactCommon\"\ \"/Users/kharyfiler/Documents/grip-claude/ios/Pods/Headers/Public/Yoga\"\ \"/Users/kharyfiler/Documents/grip-claude/ios/Pods/Headers/Public/boost\"\ \"/Users/kharyfiler/Documents/grip-claude/ios/Pods/Headers/Public/fast_float\"\ \"/Users/kharyfiler/Documents/grip-claude/ios/Pods/Headers/Public/fmt\"\ \"/Users/kharyfiler/Documents/grip-claude/ios/Pods/Headers/Public/glog\"\ \"/Users/kharyfiler/Documents/grip-claude/ios/Pods/Headers/Public/hermes-engine\"\ \"/Users/kharyfiler/Documents/grip-claude/ios/Pods/ReactNativeDependencies\"\ \"/Users/kharyfiler/Documents/grip-claude/ios/Pods/Headers/Public/ReactCodegen/react/renderer/components\"\ \"/Users/kharyfiler/Documents/grip-claude/ios/Pods/Headers/Private/React-Fabric\"\ \"/Users/kharyfiler/Documents/grip-claude/ios/Pods/Headers/Private/React-RCTFabric\"\ \"/Users/kharyfiler/Documents/grip-claude/ios/Pods/Headers/Private/Yoga\"\ \"/Users/kharyfiler/Documents/grip-claude/ios/Pods/../build/generated/ios\"\ /Users/kharyfiler/Documents/grip-claude/ios/Pods/glog\ /Users/kharyfiler/Documents/grip-claude/ios/Pods/boost\ /Users/kharyfiler/Documents/grip-claude/ios/Pods/DoubleConversion\ /Users/kharyfiler/Documents/grip-claude/ios/Pods/fast_float/include\ /Users/kharyfiler/Documents/grip-claude/ios/Pods/fmt/include\ /Users/kharyfiler/Documents/grip-claude/ios/Pods/SocketRocket\ /Users/kharyfiler/Documents/grip-claude/ios/Pods/RCT-Folly
    export HOME\=/Users/kharyfiler
    export HOST_ARCH\=arm64
    export HOST_PLATFORM\=macosx
    export ICONV\=/usr/bin/iconv
    export IMPLICIT_DEPENDENCY_DOMAIN\=default
    export INFOPLIST_ENABLE_CFBUNDLEICONS_MERGE\=YES
    export INFOPLIST_EXPAND_BUILD_SETTINGS\=YES
    export INFOPLIST_OUTPUT_FORMAT\=binary
    export INFOPLIST_PREPROCESS\=NO
    export INLINE_PRIVATE_FRAMEWORKS\=NO
    export INSTALLAPI_IGNORE_SKIP_INSTALL\=YES
    export INSTALLHDRS_COPY_PHASE\=NO
    export INSTALLHDRS_SCRIPT_PHASE\=NO
    export INSTALL_DIR\=/tmp/Pods.dst/usr/local/lib
    export INSTALL_GROUP\=staff
    export INSTALL_MODE_FLAG\=u+w,go-w,a+rX
    export INSTALL_OWNER\=kharyfiler
    export INSTALL_PATH\=/usr/local/lib
    export INSTALL_ROOT\=/tmp/Pods.dst
    export IPHONEOS_DEPLOYMENT_TARGET\=15.1
    export IS_UNOPTIMIZED_BUILD\=YES
    export JAVAC_DEFAULT_FLAGS\=-J-Xms64m\ -J-XX:NewSize\=4M\ -J-Dfile.encoding\=UTF8
    export JAVA_APP_STUB\=/System/Library/Frameworks/JavaVM.framework/Resources/MacOS/JavaApplicationStub
    export JAVA_ARCHIVE_CLASSES\=YES
    export JAVA_ARCHIVE_TYPE\=JAR
    export JAVA_COMPILER\=/usr/bin/javac
    export JAVA_FRAMEWORK_RESOURCES_DIRS\=Resources
    export JAVA_JAR_FLAGS\=cv
    export JAVA_SOURCE_SUBDIR\=.
    export JAVA_USE_DEPENDENCIES\=YES
    export JAVA_ZIP_FLAGS\=-urg
    export JIKES_DEFAULT_FLAGS\=+E\ +OLDCSO
    export KEEP_PRIVATE_EXTERNS\=NO
    export LD_DEPENDENCY_INFO_FILE\=/Users/kharyfiler/Library/Developer/Xcode/DerivedData/Gripah-gptnnpiwslcswlcpylqwkddqyprw/Build/Intermediates.noindex/Pods.build/Debug-iphonesimulator/ReactCodegen.build/Objects-normal/undefined_arch/ReactCodegen_dependency_info.dat
    export LD_EXPORT_SYMBOLS\=YES
    export LD_GENERATE_MAP_FILE\=NO
    export LD_MAP_FILE_PATH\=/Users/kharyfiler/Library/Developer/Xcode/DerivedData/Gripah-gptnnpiwslcswlcpylqwkddqyprw/Build/Intermediates.noindex/Pods.build/Debug-iphonesimulator/ReactCodegen.build/ReactCodegen-LinkMap-normal-undefined_arch.txt
    export LD_NO_PIE\=NO
    export LD_QUOTE_LINKER_ARGUMENTS_FOR_COMPILER_DRIVER\=YES
    export LD_SHARED_CACHE_ELIGIBLE\=Automatic
    export LD_WARN_DUPLICATE_LIBRARIES\=NO
    export LD_WARN_UNUSED_DYLIBS\=NO
    export LEGACY_DEVELOPER_DIR\=/Applications/Xcode.app/Contents/PlugIns/Xcode3Core.ideplugin/Contents/SharedSupport/Developer
    export LEX\=lex
    export LIBRARY_DEXT_INSTALL_PATH\=/Library/DriverExtensions
    export LIBRARY_FLAG_NOSPACE\=YES
    export LIBRARY_FLAG_PREFIX\=-l
    export LIBRARY_KEXT_INSTALL_PATH\=/Library/Extensions
    export LIBRARY_SEARCH_PATHS\=/Users/kharyfiler/Library/Developer/Xcode/DerivedData/Gripah-gptnnpiwslcswlcpylqwkddqyprw/Build/Products/Debug-iphonesimulator/ReactCodegen\ 
    export LINKER_DISPLAYS_MANGLED_NAMES\=NO
    export LINK_FILE_LIST_normal_arm64\=/Users/kharyfiler/Library/Developer/Xcode/DerivedData/Gripah-gptnnpiwslcswlcpylqwkddqyprw/Build/Intermediates.noindex/Pods.build/Debug-iphonesimulator/ReactCodegen.build/Objects-normal/arm64/ReactCodegen.LinkFileList
    export LINK_OBJC_RUNTIME\=YES
    export LINK_WITH_STANDARD_LIBRARIES\=YES
    export LLVM_TARGET_TRIPLE_OS_VERSION\=ios15.1
    export LLVM_TARGET_TRIPLE_SUFFIX\=-simulator
    export LLVM_TARGET_TRIPLE_VENDOR\=apple
    export LM_AUX_CONST_METADATA_LIST_PATH_normal_arm64\=/Users/kharyfiler/Library/Developer/Xcode/DerivedData/Gripah-gptnnpiwslcswlcpylqwkddqyprw/Build/Intermediates.noindex/Pods.build/Debug-iphonesimulator/ReactCodegen.build/Objects-normal/arm64/ReactCodegen.SwiftConstValuesFileList
    export LOCALIZATION_EXPORT_SUPPORTED\=YES
    export LOCALIZATION_PREFERS_STRING_CATALOGS\=NO
    export LOCALIZED_STRING_MACRO_NAMES\=NSLocalizedString\ CFCopyLocalizedString
    export LOCALIZED_STRING_SWIFTUI_SUPPORT\=YES
    export LOCAL_ADMIN_APPS_DIR\=/Applications/Utilities
    export LOCAL_APPS_DIR\=/Applications
    export LOCAL_DEVELOPER_DIR\=/Library/Developer
    export LOCAL_LIBRARY_DIR\=/Library
    export LOCROOT\=/Users/kharyfiler/Documents/grip-claude/ios/Pods
    export LOCSYMROOT\=/Users/kharyfiler/Documents/grip-claude/ios/Pods
    export MACH_O_TYPE\=staticlib
    export MAC_OS_X_PRODUCT_BUILD_VERSION\=24G419
    export MAC_OS_X_VERSION_ACTUAL\=150703
    export MAC_OS_X_VERSION_MAJOR\=150000
    export MAC_OS_X_VERSION_MINOR\=150700
    export MAKE_MERGEABLE\=NO
    export MERGEABLE_LIBRARY\=NO
    export MERGED_BINARY_TYPE\=none
    export MERGE_LINKED_LIBRARIES\=NO
    export METAL_LIBRARY_FILE_BASE\=default
    export METAL_LIBRARY_OUTPUT_DIR\=/Users/kharyfiler/Library/Developer/Xcode/DerivedData/Gripah-gptnnpiwslcswlcpylqwkddqyprw/Build/Products/Debug-iphonesimulator/ReactCodegen/
    export MODULEMAP_FILE\=Headers/Public/ReactCodegen/ReactCodegen.modulemap
    export MODULE_CACHE_DIR\=/Users/kharyfiler/Library/Developer/Xcode/DerivedData/ModuleCache.noindex
    export MTL_ENABLE_DEBUG_INFO\=INCLUDE_SOURCE
    export MTL_FAST_MATH\=YES
    export NATIVE_ARCH\=arm64
    export NATIVE_ARCH_32_BIT\=arm
    export NATIVE_ARCH_64_BIT\=arm64
    export NATIVE_ARCH_ACTUAL\=arm64
    export NO_COMMON\=YES
    export OBJC_ABI_VERSION\=2
    export OBJECT_FILE_DIR\=/Users/kharyfiler/Library/Developer/Xcode/DerivedData/Gripah-gptnnpiwslcswlcpylqwkddqyprw/Build/Intermediates.noindex/Pods.build/Debug-iphonesimulator/ReactCodegen.build/Objects
    export OBJECT_FILE_DIR_normal\=/Users/kharyfiler/Library/Developer/Xcode/DerivedData/Gripah-gptnnpiwslcswlcpylqwkddqyprw/Build/Intermediates.noindex/Pods.build/Debug-iphonesimulator/ReactCodegen.build/Objects-normal
    export OBJROOT\=/Users/kharyfiler/Library/Developer/Xcode/DerivedData/Gripah-gptnnpiwslcswlcpylqwkddqyprw/Build/Intermediates.noindex
    export ONLY_ACTIVE_ARCH\=NO
    export OS\=MACOS
    export OSAC\=/usr/bin/osacompile
    export OTHER_CFLAGS\=\ -fmodule-map-file\=\"/Users/kharyfiler/Documents/grip-claude/ios/Pods/Headers/Public/DoubleConversion/DoubleConversion.modulemap\"\ -fmodule-map-file\=\"/Users/kharyfiler/Documents/grip-claude/ios/Pods/Headers/Public/RCTDeprecation/RCTDeprecation.modulemap\"\ -fmodule-map-file\=\"/Users/kharyfiler/Documents/grip-claude/ios/Pods/Headers/Public/RCTFabric/React-RCTFabric.modulemap\"\ -fmodule-map-file\=\"/Users/kharyfiler/Documents/grip-claude/ios/Pods/Headers/Public/RCTImage/React-RCTImage.modulemap\"\ -fmodule-map-file\=\"/Users/kharyfiler/Documents/grip-claude/ios/Pods/Headers/Public/RCTRuntime/React-RCTRuntime.modulemap\"\ -fmodule-map-file\=\"/Users/kharyfiler/Documents/grip-claude/ios/Pods/Headers/Public/RCTTypeSafety/RCTTypeSafety.modulemap\"\ -fmodule-map-file\=\"/Users/kharyfiler/Documents/grip-claude/ios/Pods/Headers/Public/React/React-Core.modulemap\"\ -fmodule-map-file\=\"/Users/kharyfiler/Documents/grip-claude/ios/Pods/Headers/Public/ReactCommon/ReactCommon.modulemap\"\ -fmodule-map-file\=\"/Users/kharyfiler/Documents/grip-claude/ios/Pods/Headers/Public/React_Fabric/React-Fabric.modulemap\"\ -fmodule-map-file\=\"/Users/kharyfiler/Documents/grip-claude/ios/Pods/Headers/Public/React_FabricComponents/React-FabricComponents.modulemap\"\ -fmodule-map-file\=\"/Users/kharyfiler/Documents/grip-claude/ios/Pods/Headers/Public/React_NativeModulesApple/React-NativeModulesApple.modulemap\"\ -fmodule-map-file\=\"/Users/kharyfiler/Documents/grip-claude/ios/Pods/Headers/Public/React_RCTAppDelegate/React-RCTAppDelegate.modulemap\"\ -fmodule-map-file\=\"/Users/kharyfiler/Documents/grip-claude/ios/Pods/Headers/Public/React_runtimeexecutor/React-runtimeexecutor.modulemap\"\ -fmodule-map-file\=\"/Users/kharyfiler/Documents/grip-claude/ios/Pods/Headers/Public/SocketRocket/SocketRocket.modulemap\"\ -fmodule-map-file\=\"/Users/kharyfiler/Documents/grip-claude/ios/Pods/Headers/Public/fmt/fmt.modulemap\"\ -fmodule-map-file\=\"/Users/kharyfiler/Documents/grip-claude/ios/Pods/Headers/Public/folly/RCT-Folly.modulemap\"\ -fmodule-map-file\=\"/Users/kharyfiler/Documents/grip-claude/ios/Pods/Headers/Public/glog/glog.modulemap\"\ -fmodule-map-file\=\"/Users/kharyfiler/Documents/grip-claude/ios/Pods/Headers/Public/jsi/React-jsi.modulemap\"\ -fmodule-map-file\=\"/Users/kharyfiler/Documents/grip-claude/ios/Pods/Headers/Public/jsinspector_modern/React-jsinspector.modulemap\"\ -fmodule-map-file\=\"/Users/kharyfiler/Documents/grip-claude/ios/Pods/Headers/Public/jsinspector_modern_cdp/React-jsinspectorcdp.modulemap\"\ -fmodule-map-file\=\"/Users/kharyfiler/Documents/grip-claude/ios/Pods/Headers/Public/jsinspector_modern_network/React-jsinspectornetwork.modulemap\"\ -fmodule-map-file\=\"/Users/kharyfiler/Documents/grip-claude/ios/Pods/Headers/Public/jsinspector_modern_tracing/React-jsinspectortracing.modulemap\"\ -fmodule-map-file\=\"/Users/kharyfiler/Documents/grip-claude/ios/Pods/Headers/Public/react_debug/React-debug.modulemap\"\ -fmodule-map-file\=\"/Users/kharyfiler/Documents/grip-claude/ios/Pods/Headers/Public/react_featureflags/React-featureflags.modulemap\"\ -fmodule-map-file\=\"/Users/kharyfiler/Documents/grip-claude/ios/Pods/Headers/Public/react_nativemodule_defaults/React-defaultsnativemodule.modulemap\"\ -fmodule-map-file\=\"/Users/kharyfiler/Documents/grip-claude/ios/Pods/Headers/Public/react_nativemodule_dom/React-domnativemodule.modulemap\"\ -fmodule-map-file\=\"/Users/kharyfiler/Documents/grip-claude/ios/Pods/Headers/Public/react_nativemodule_featureflags/React-featureflagsnativemodule.modulemap\"\ -fmodule-map-file\=\"/Users/kharyfiler/Documents/grip-claude/ios/Pods/Headers/Public/react_nativemodule_idlecallbacks/React-idlecallbacksnativemodule.modulemap\"\ -fmodule-map-file\=\"/Users/kharyfiler/Documents/grip-claude/ios/Pods/Headers/Public/react_nativemodule_microtasks/React-microtasksnativemodule.modulemap\"\ -fmodule-map-file\=\"/Users/kharyfiler/Documents/grip-claude/ios/Pods/Headers/Public/react_renderer_css/React-renderercss.modulemap\"\ -fmodule-map-file\=\"/Users/kharyfiler/Documents/grip-claude/ios/Pods/Headers/Public/react_renderer_debug/React-rendererdebug.modulemap\"\ -fmodule-map-file\=\"/Users/kharyfiler/Documents/grip-claude/ios/Pods/Headers/Public/react_renderer_graphics/React-graphics.modulemap\"\ -fmodule-map-file\=\"/Users/kharyfiler/Documents/grip-claude/ios/Pods/Headers/Public/react_renderer_imagemanager/React-ImageManager.modulemap\"\ -fmodule-map-file\=\"/Users/kharyfiler/Documents/grip-claude/ios/Pods/Headers/Public/react_runtime/React-jsitooling.modulemap\"\ -fmodule-map-file\=\"/Users/kharyfiler/Documents/grip-claude/ios/Pods/Headers/Public/react_utils/React-utils.modulemap\"\ -fmodule-map-file\=\"/Users/kharyfiler/Documents/grip-claude/ios/Pods/Headers/Public/reacthermes/React-hermes.modulemap\"\ -fmodule-map-file\=\"/Users/kharyfiler/Documents/grip-claude/ios/Pods/Headers/Public/yoga/Yoga.modulemap\"
    export OTHER_CPLUSPLUSFLAGS\=\ -fmodule-map-file\=\"/Users/kharyfiler/Documents/grip-claude/ios/Pods/Headers/Public/DoubleConversion/DoubleConversion.modulemap\"\ -fmodule-map-file\=\"/Users/kharyfiler/Documents/grip-claude/ios/Pods/Headers/Public/RCTDeprecation/RCTDeprecation.modulemap\"\ -fmodule-map-file\=\"/Users/kharyfiler/Documents/grip-claude/ios/Pods/Headers/Public/RCTFabric/React-RCTFabric.modulemap\"\ -fmodule-map-file\=\"/Users/kharyfiler/Documents/grip-claude/ios/Pods/Headers/Public/RCTImage/React-RCTImage.modulemap\"\ -fmodule-map-file\=\"/Users/kharyfiler/Documents/grip-claude/ios/Pods/Headers/Public/RCTRuntime/React-RCTRuntime.modulemap\"\ -fmodule-map-file\=\"/Users/kharyfiler/Documents/grip-claude/ios/Pods/Headers/Public/RCTTypeSafety/RCTTypeSafety.modulemap\"\ -fmodule-map-file\=\"/Users/kharyfiler/Documents/grip-claude/ios/Pods/Headers/Public/React/React-Core.modulemap\"\ -fmodule-map-file\=\"/Users/kharyfiler/Documents/grip-claude/ios/Pods/Headers/Public/ReactCommon/ReactCommon.modulemap\"\ -fmodule-map-file\=\"/Users/kharyfiler/Documents/grip-claude/ios/Pods/Headers/Public/React_Fabric/React-Fabric.modulemap\"\ -fmodule-map-file\=\"/Users/kharyfiler/Documents/grip-claude/ios/Pods/Headers/Public/React_FabricComponents/React-FabricComponents.modulemap\"\ -fmodule-map-file\=\"/Users/kharyfiler/Documents/grip-claude/ios/Pods/Headers/Public/React_NativeModulesApple/React-NativeModulesApple.modulemap\"\ -fmodule-map-file\=\"/Users/kharyfiler/Documents/grip-claude/ios/Pods/Headers/Public/React_RCTAppDelegate/React-RCTAppDelegate.modulemap\"\ -fmodule-map-file\=\"/Users/kharyfiler/Documents/grip-claude/ios/Pods/Headers/Public/React_runtimeexecutor/React-runtimeexecutor.modulemap\"\ -fmodule-map-file\=\"/Users/kharyfiler/Documents/grip-claude/ios/Pods/Headers/Public/SocketRocket/SocketRocket.modulemap\"\ -fmodule-map-file\=\"/Users/kharyfiler/Documents/grip-claude/ios/Pods/Headers/Public/fmt/fmt.modulemap\"\ -fmodule-map-file\=\"/Users/kharyfiler/Documents/grip-claude/ios/Pods/Headers/Public/folly/RCT-Folly.modulemap\"\ -fmodule-map-file\=\"/Users/kharyfiler/Documents/grip-claude/ios/Pods/Headers/Public/glog/glog.modulemap\"\ -fmodule-map-file\=\"/Users/kharyfiler/Documents/grip-claude/ios/Pods/Headers/Public/jsi/React-jsi.modulemap\"\ -fmodule-map-file\=\"/Users/kharyfiler/Documents/grip-claude/ios/Pods/Headers/Public/jsinspector_modern/React-jsinspector.modulemap\"\ -fmodule-map-file\=\"/Users/kharyfiler/Documents/grip-claude/ios/Pods/Headers/Public/jsinspector_modern_cdp/React-jsinspectorcdp.modulemap\"\ -fmodule-map-file\=\"/Users/kharyfiler/Documents/grip-claude/ios/Pods/Headers/Public/jsinspector_modern_network/React-jsinspectornetwork.modulemap\"\ -fmodule-map-file\=\"/Users/kharyfiler/Documents/grip-claude/ios/Pods/Headers/Public/jsinspector_modern_tracing/React-jsinspectortracing.modulemap\"\ -fmodule-map-file\=\"/Users/kharyfiler/Documents/grip-claude/ios/Pods/Headers/Public/react_debug/React-debug.modulemap\"\ -fmodule-map-file\=\"/Users/kharyfiler/Documents/grip-claude/ios/Pods/Headers/Public/react_featureflags/React-featureflags.modulemap\"\ -fmodule-map-file\=\"/Users/kharyfiler/Documents/grip-claude/ios/Pods/Headers/Public/react_nativemodule_defaults/React-defaultsnativemodule.modulemap\"\ -fmodule-map-file\=\"/Users/kharyfiler/Documents/grip-claude/ios/Pods/Headers/Public/react_nativemodule_dom/React-domnativemodule.modulemap\"\ -fmodule-map-file\=\"/Users/kharyfiler/Documents/grip-claude/ios/Pods/Headers/Public/react_nativemodule_featureflags/React-featureflagsnativemodule.modulemap\"\ -fmodule-map-file\=\"/Users/kharyfiler/Documents/grip-claude/ios/Pods/Headers/Public/react_nativemodule_idlecallbacks/React-idlecallbacksnativemodule.modulemap\"\ -fmodule-map-file\=\"/Users/kharyfiler/Documents/grip-claude/ios/Pods/Headers/Public/react_nativemodule_microtasks/React-microtasksnativemodule.modulemap\"\ -fmodule-map-file\=\"/Users/kharyfiler/Documents/grip-claude/ios/Pods/Headers/Public/react_renderer_css/React-renderercss.modulemap\"\ -fmodule-map-file\=\"/Users/kharyfiler/Documents/grip-claude/ios/Pods/Headers/Public/react_renderer_debug/React-rendererdebug.modulemap\"\ -fmodule-map-file\=\"/Users/kharyfiler/Documents/grip-claude/ios/Pods/Headers/Public/react_renderer_graphics/React-graphics.modulemap\"\ -fmodule-map-file\=\"/Users/kharyfiler/Documents/grip-claude/ios/Pods/Headers/Public/react_renderer_imagemanager/React-ImageManager.modulemap\"\ -fmodule-map-file\=\"/Users/kharyfiler/Documents/grip-claude/ios/Pods/Headers/Public/react_runtime/React-jsitooling.modulemap\"\ -fmodule-map-file\=\"/Users/kharyfiler/Documents/grip-claude/ios/Pods/Headers/Public/react_utils/React-utils.modulemap\"\ -fmodule-map-file\=\"/Users/kharyfiler/Documents/grip-claude/ios/Pods/Headers/Public/reacthermes/React-hermes.modulemap\"\ -fmodule-map-file\=\"/Users/kharyfiler/Documents/grip-claude/ios/Pods/Headers/Public/yoga/Yoga.modulemap\"\ -DFOLLY_MOBILE\=1\ -DFOLLY_USE_LIBCPP\=1\ -DFOLLY_CFG_NO_COROUTINES\=1\ -DFOLLY_HAVE_CLOCK_GETTIME\=1\ -Wno-comma\ -Wno-shorten-64-to-32\ -Wno-documentation
    export PACKAGE_TYPE\=com.apple.package-type.static-library
    export PASCAL_STRINGS\=YES
    export PATH\=/Applications/Xcode.app/Contents/SharedFrameworks/SwiftBuild.framework/Versions/A/PlugIns/SWBBuildService.bundle/Contents/PlugIns/SWBUniversalPlatformPlugin.bundle/Contents/Frameworks/SWBUniversalPlatform.framework/Resources:/var/run/com.apple.security.cryptexd/mnt/com.apple.MobileAsset.MetalToolchain-v17.3.48.0.eTPF2V/Metal.xctoolchain/usr/bin:/var/run/com.apple.security.cryptexd/mnt/com.apple.MobileAsset.MetalToolchain-v17.3.48.0.eTPF2V/Metal.xctoolchain/usr/local/bin:/var/run/com.apple.security.cryptexd/mnt/com.apple.MobileAsset.MetalToolchain-v17.3.48.0.eTPF2V/Metal.xctoolchain/usr/libexec:/Applications/Xcode.app/Contents/Developer/Toolchains/XcodeDefault.xctoolchain/usr/bin:/Applications/Xcode.app/Contents/Developer/Toolchains/XcodeDefault.xctoolchain/usr/local/bin:/Applications/Xcode.app/Contents/Developer/Toolchains/XcodeDefault.xctoolchain/usr/libexec:/Applications/Xcode.app/Contents/Developer/Platforms/iPhoneSimulator.platform/usr/bin:/Applications/Xcode.app/Contents/Developer/Platforms/iPhoneSimulator.platform/usr/local/bin:/Applications/Xcode.app/Contents/Developer/Platforms/iPhoneSimulator.platform/Developer/usr/bin:/Applications/Xcode.app/Contents/Developer/Platforms/iPhoneSimulator.platform/Developer/usr/local/bin:/Applications/Xcode.app/Contents/Developer/usr/bin:/Applications/Xcode.app/Contents/Developer/usr/local/bin:/usr/local/bin:/System/Cryptexes/App/usr/bin:/usr/bin:/bin:/usr/sbin:/sbin:/var/run/com.apple.security.cryptexd/codex.system/bootstrap/usr/local/bin:/var/run/com.apple.security.cryptexd/codex.system/bootstrap/usr/bin:/var/run/com.apple.security.cryptexd/codex.system/bootstrap/usr/appleinternal/bin:/Library/Apple/usr/bin:/opt/homebrew/bin
    export PATH_PREFIXES_EXCLUDED_FROM_HEADER_DEPENDENCIES\=/usr/include\ /usr/local/include\ /System/Library/Frameworks\ /System/Library/PrivateFrameworks\ /Applications/Xcode.app/Contents/Developer/Headers\ /Applications/Xcode.app/Contents/Developer/SDKs\ /Applications/Xcode.app/Contents/Developer/Platforms
    export PER_ARCH_MODULE_FILE_DIR\=/Users/kharyfiler/Library/Developer/Xcode/DerivedData/Gripah-gptnnpiwslcswlcpylqwkddqyprw/Build/Intermediates.noindex/Pods.build/Debug-iphonesimulator/ReactCodegen.build/Objects-normal/undefined_arch
    export PER_ARCH_OBJECT_FILE_DIR\=/Users/kharyfiler/Library/Developer/Xcode/DerivedData/Gripah-gptnnpiwslcswlcpylqwkddqyprw/Build/Intermediates.noindex/Pods.build/Debug-iphonesimulator/ReactCodegen.build/Objects-normal/undefined_arch
    export PER_VARIANT_OBJECT_FILE_DIR\=/Users/kharyfiler/Library/Developer/Xcode/DerivedData/Gripah-gptnnpiwslcswlcpylqwkddqyprw/Build/Intermediates.noindex/Pods.build/Debug-iphonesimulator/ReactCodegen.build/Objects-normal
    export PKGINFO_FILE_PATH\=/Users/kharyfiler/Library/Developer/Xcode/DerivedData/Gripah-gptnnpiwslcswlcpylqwkddqyprw/Build/Intermediates.noindex/Pods.build/Debug-iphonesimulator/ReactCodegen.build/PkgInfo
    export PLATFORM_DEVELOPER_APPLICATIONS_DIR\=/Applications/Xcode.app/Contents/Developer/Platforms/iPhoneSimulator.platform/Developer/Applications
    export PLATFORM_DEVELOPER_BIN_DIR\=/Applications/Xcode.app/Contents/Developer/Platforms/iPhoneSimulator.platform/Developer/usr/bin
    export PLATFORM_DEVELOPER_LIBRARY_DIR\=/Applications/Xcode.app/Contents/Developer/Platforms/iPhoneSimulator.platform/Developer/Library
    export PLATFORM_DEVELOPER_SDK_DIR\=/Applications/Xcode.app/Contents/Developer/Platforms/iPhoneSimulator.platform/Developer/SDKs
    export PLATFORM_DEVELOPER_TOOLS_DIR\=/Applications/Xcode.app/Contents/Developer/Platforms/iPhoneSimulator.platform/Developer/Tools
    export PLATFORM_DEVELOPER_USR_DIR\=/Applications/Xcode.app/Contents/Developer/Platforms/iPhoneSimulator.platform/Developer/usr
    export PLATFORM_DIR\=/Applications/Xcode.app/Contents/Developer/Platforms/iPhoneSimulator.platform
    export PLATFORM_DISPLAY_NAME\=iOS\ Simulator
    export PLATFORM_FAMILY_NAME\=iOS
    export PLATFORM_NAME\=iphonesimulator
    export PLATFORM_PREFERRED_ARCH\=x86_64
    export PLATFORM_PRODUCT_BUILD_VERSION\=23C53
    export PLATFORM_REQUIRES_SWIFT_AUTOLINK_EXTRACT\=NO
    export PLATFORM_REQUIRES_SWIFT_MODULEWRAP\=NO
    export PLIST_FILE_OUTPUT_FORMAT\=binary
    export PODS_BUILD_DIR\=/Users/kharyfiler/Library/Developer/Xcode/DerivedData/Gripah-gptnnpiwslcswlcpylqwkddqyprw/Build/Products
    export PODS_CONFIGURATION_BUILD_DIR\=/Users/kharyfiler/Library/Developer/Xcode/DerivedData/Gripah-gptnnpiwslcswlcpylqwkddqyprw/Build/Products/Debug-iphonesimulator
    export PODS_DEVELOPMENT_LANGUAGE\=en
    export PODS_ROOT\=/Users/kharyfiler/Documents/grip-claude/ios/Pods
    export PODS_TARGET_SRCROOT\=/Users/kharyfiler/Documents/grip-claude/ios/Pods/../build/generated/ios
    export PODS_XCFRAMEWORKS_BUILD_DIR\=/Users/kharyfiler/Library/Developer/Xcode/DerivedData/Gripah-gptnnpiwslcswlcpylqwkddqyprw/Build/Products/Debug-iphonesimulator/XCFrameworkIntermediates
    export PRECOMPS_INCLUDE_HEADERS_FROM_BUILT_PRODUCTS_DIR\=YES
    export PRECOMP_DESTINATION_DIR\=/Users/kharyfiler/Library/Developer/Xcode/DerivedData/Gripah-gptnnpiwslcswlcpylqwkddqyprw/Build/Intermediates.noindex/Pods.build/Debug-iphonesimulator/ReactCodegen.build/PrefixHeaders
    export PROCESSED_INFOPLIST_PATH\=/Users/kharyfiler/Library/Developer/Xcode/DerivedData/Gripah-gptnnpiwslcswlcpylqwkddqyprw/Build/Intermediates.noindex/Pods.build/Debug-iphonesimulator/ReactCodegen.build/Objects-normal/undefined_arch/Processed-Info.plist
    export PRODUCT_BUNDLE_IDENTIFIER\=org.cocoapods.ReactCodegen
    export PRODUCT_MODULE_NAME\=ReactCodegen
    export PRODUCT_NAME\=ReactCodegen
    export PRODUCT_SETTINGS_PATH\=
    export PRODUCT_TYPE\=com.apple.product-type.library.static
    export PROFILING_CODE\=NO
    export PROJECT\=Pods
    export PROJECT_DERIVED_FILE_DIR\=/Users/kharyfiler/Library/Developer/Xcode/DerivedData/Gripah-gptnnpiwslcswlcpylqwkddqyprw/Build/Intermediates.noindex/Pods.build/DerivedSources
    export PROJECT_DIR\=/Users/kharyfiler/Documents/grip-claude/ios/Pods
    export PROJECT_FILE_PATH\=/Users/kharyfiler/Documents/grip-claude/ios/Pods/Pods.xcodeproj
    export PROJECT_GUID\=8699adb1dd336b26511df848a716bd42
    export PROJECT_NAME\=Pods
    export PROJECT_TEMP_DIR\=/Users/kharyfiler/Library/Developer/Xcode/DerivedData/Gripah-gptnnpiwslcswlcpylqwkddqyprw/Build/Intermediates.noindex/Pods.build
    export PROJECT_TEMP_ROOT\=/Users/kharyfiler/Library/Developer/Xcode/DerivedData/Gripah-gptnnpiwslcswlcpylqwkddqyprw/Build/Intermediates.noindex
    export REACT_NATIVE_PATH\=/Users/kharyfiler/Documents/grip-claude/ios/Pods/../../node_modules/react-native
    export RECOMMENDED_IPHONEOS_DEPLOYMENT_TARGET\=15.0
    export RECURSIVE_SEARCH_PATHS_FOLLOW_SYMLINKS\=YES
    export REMOVE_CVS_FROM_RESOURCES\=YES
    export REMOVE_GIT_FROM_RESOURCES\=YES
    export REMOVE_HEADERS_FROM_EMBEDDED_BUNDLES\=YES
    export REMOVE_HG_FROM_RESOURCES\=YES
    export REMOVE_STATIC_EXECUTABLES_FROM_EMBEDDED_BUNDLES\=YES
    export REMOVE_SVN_FROM_RESOURCES\=YES
    export RESCHEDULE_INDEPENDENT_HEADERS_PHASES\=YES
    export REZ_COLLECTOR_DIR\=/Users/kharyfiler/Library/Developer/Xcode/DerivedData/Gripah-gptnnpiwslcswlcpylqwkddqyprw/Build/Intermediates.noindex/Pods.build/Debug-iphonesimulator/ReactCodegen.build/ResourceManagerResources
    export REZ_EXECUTABLE\=YES
    export REZ_OBJECTS_DIR\=/Users/kharyfiler/Library/Developer/Xcode/DerivedData/Gripah-gptnnpiwslcswlcpylqwkddqyprw/Build/Intermediates.noindex/Pods.build/Debug-iphonesimulator/ReactCodegen.build/ResourceManagerResources/Objects
    export REZ_SEARCH_PATHS\=/Users/kharyfiler/Library/Developer/Xcode/DerivedData/Gripah-gptnnpiwslcswlcpylqwkddqyprw/Build/Products/Debug-iphonesimulator/ReactCodegen\ 
    export RUNTIME_EXCEPTION_ALLOW_DYLD_ENVIRONMENT_VARIABLES\=NO
    export RUNTIME_EXCEPTION_ALLOW_JIT\=NO
    export RUNTIME_EXCEPTION_ALLOW_UNSIGNED_EXECUTABLE_MEMORY\=NO
    export RUNTIME_EXCEPTION_DEBUGGING_TOOL\=NO
    export RUNTIME_EXCEPTION_DISABLE_EXECUTABLE_PAGE_PROTECTION\=NO
    export RUNTIME_EXCEPTION_DISABLE_LIBRARY_VALIDATION\=NO
    export SCAN_ALL_SOURCE_FILES_FOR_INCLUDES\=NO
    export SCRIPT_INPUT_FILE_COUNT\=0
    export SCRIPT_INPUT_FILE_LIST_COUNT\=0
    export SCRIPT_OUTPUT_FILE_0\=/Users/kharyfiler/Library/Developer/Xcode/DerivedData/Gripah-gptnnpiwslcswlcpylqwkddqyprw/Build/Intermediates.noindex/Pods.build/Debug-iphonesimulator/ReactCodegen.build/DerivedSources/react-codegen.log
    export SCRIPT_OUTPUT_FILE_COUNT\=1
    export SCRIPT_OUTPUT_FILE_LIST_COUNT\=0
    export SDKROOT\=/Applications/Xcode.app/Contents/Developer/Platforms/iPhoneSimulator.platform/Developer/SDKs/iPhoneSimulator26.2.sdk
    export SDK_DIR\=/Applications/Xcode.app/Contents/Developer/Platforms/iPhoneSimulator.platform/Developer/SDKs/iPhoneSimulator26.2.sdk
    export SDK_DIR_iphonesimulator\=/Applications/Xcode.app/Contents/Developer/Platforms/iPhoneSimulator.platform/Developer/SDKs/iPhoneSimulator26.2.sdk
    export SDK_DIR_iphonesimulator26_2\=/Applications/Xcode.app/Contents/Developer/Platforms/iPhoneSimulator.platform/Developer/SDKs/iPhoneSimulator26.2.sdk
    export SDK_NAME\=iphonesimulator26.2
    export SDK_NAMES\=iphonesimulator26.2
    export SDK_PRODUCT_BUILD_VERSION\=23C53
    export SDK_STAT_CACHE_DIR\=/Users/kharyfiler/Library/Developer/Xcode/DerivedData
    export SDK_STAT_CACHE_ENABLE\=YES
    export SDK_STAT_CACHE_PATH\=/Users/kharyfiler/Library/Developer/Xcode/DerivedData/SDKStatCaches.noindex/iphonesimulator26.2-23C53-3885c01c3e6b6a337905948deab2002e7d00a8b37fbd7999ea79df8ebc024bf0.sdkstatcache
    export SDK_VERSION\=26.2
    export SDK_VERSION_ACTUAL\=260200
    export SDK_VERSION_MAJOR\=260000
    export SDK_VERSION_MINOR\=260200
    export SED\=/usr/bin/sed
    export SEPARATE_STRIP\=NO
    export SEPARATE_SYMBOL_EDIT\=NO
    export SET_DIR_MODE_OWNER_GROUP\=YES
    export SET_FILE_MODE_OWNER_GROUP\=NO
    export SHALLOW_BUNDLE\=NO
    export SHARED_DERIVED_FILE_DIR\=/Users/kharyfiler/Library/Developer/Xcode/DerivedData/Gripah-gptnnpiwslcswlcpylqwkddqyprw/Build/Products/Debug-iphonesimulator/ReactCodegen/DerivedSources
    export SHARED_PRECOMPS_DIR\=/Users/kharyfiler/Library/Developer/Xcode/DerivedData/Gripah-gptnnpiwslcswlcpylqwkddqyprw/Build/Intermediates.noindex/PrecompiledHeaders
    export SKIP_INSTALL\=YES
    export SOURCE_ROOT\=/Users/kharyfiler/Documents/grip-claude/ios/Pods
    export SRCROOT\=/Users/kharyfiler/Documents/grip-claude/ios/Pods
    export STRINGSDATA_DIR\=/Users/kharyfiler/Library/Developer/Xcode/DerivedData/Gripah-gptnnpiwslcswlcpylqwkddqyprw/Build/Intermediates.noindex/Pods.build/Debug-iphonesimulator/ReactCodegen.build/Objects-normal/undefined_arch
    export STRINGSDATA_ROOT\=/Users/kharyfiler/Library/Developer/Xcode/DerivedData/Gripah-gptnnpiwslcswlcpylqwkddqyprw/Build/Intermediates.noindex/Pods.build/Debug-iphonesimulator/ReactCodegen.build
    export STRINGS_FILE_INFOPLIST_RENAME\=YES
    export STRINGS_FILE_OUTPUT_ENCODING\=binary
    export STRING_CATALOG_GENERATE_SYMBOLS\=NO
    export STRIP_BITCODE_FROM_COPIED_FILES\=NO
    export STRIP_INSTALLED_PRODUCT\=NO
    export STRIP_STYLE\=debugging
    export STRIP_SWIFT_SYMBOLS\=YES
    export SUPPORTED_DEVICE_FAMILIES\=1,2
    export SUPPORTED_PLATFORMS\=iphoneos\ iphonesimulator
    export SUPPORTS_TEXT_BASED_API\=NO
    export SUPPRESS_WARNINGS\=NO
    export SWIFT_ACTIVE_COMPILATION_CONDITIONS\=\ DEBUG\ 
    export SWIFT_EMIT_CONST_VALUE_PROTOCOLS\=AppIntent\ EntityQuery\ AppEntity\ TransientEntity\ AppEnum\ AppShortcutProviding\ AppShortcutsProvider\ AnyResolverProviding\ AppIntentsPackage\ DynamicOptionsProvider\ _IntentValueRepresentable\ _AssistantIntentsProvider\ _GenerativeFunctionExtractable\ IntentValueQuery\ Resolver\ AppExtension\ ExtensionPointDefining
    export SWIFT_EMIT_LOC_STRINGS\=NO
    export SWIFT_ENABLE_EXPLICIT_MODULES\=YES
    export SWIFT_INSTALL_OBJC_HEADER\=YES
    export SWIFT_OPTIMIZATION_LEVEL\=-Onone
    export SWIFT_PLATFORM_TARGET_PREFIX\=ios
    export SWIFT_RESPONSE_FILE_PATH_normal_arm64\=/Users/kharyfiler/Library/Developer/Xcode/DerivedData/Gripah-gptnnpiwslcswlcpylqwkddqyprw/Build/Intermediates.noindex/Pods.build/Debug-iphonesimulator/ReactCodegen.build/Objects-normal/arm64/ReactCodegen.SwiftFileList
    export SWIFT_VERSION\=5.0
    export SYMROOT\=/Users/kharyfiler/Library/Developer/Xcode/DerivedData/Gripah-gptnnpiwslcswlcpylqwkddqyprw/Build/Products
    export SYSTEM_ADMIN_APPS_DIR\=/Applications/Utilities
    export SYSTEM_APPS_DIR\=/Applications
    export SYSTEM_CORE_SERVICES_DIR\=/System/Library/CoreServices
    export SYSTEM_DEMOS_DIR\=/Applications/Extras
    export SYSTEM_DEVELOPER_APPS_DIR\=/Applications/Xcode.app/Contents/Developer/Applications
    export SYSTEM_DEVELOPER_BIN_DIR\=/Applications/Xcode.app/Contents/Developer/usr/bin
    export SYSTEM_DEVELOPER_DEMOS_DIR\=/Applications/Xcode.app/Contents/Developer/Applications/Utilities/Built\ Examples
    export SYSTEM_DEVELOPER_DIR\=/Applications/Xcode.app/Contents/Developer
    export SYSTEM_DEVELOPER_DOC_DIR\=/Applications/Xcode.app/Contents/Developer/ADC\ Reference\ Library
    export SYSTEM_DEVELOPER_GRAPHICS_TOOLS_DIR\=/Applications/Xcode.app/Contents/Developer/Applications/Graphics\ Tools
    export SYSTEM_DEVELOPER_JAVA_TOOLS_DIR\=/Applications/Xcode.app/Contents/Developer/Applications/Java\ Tools
    export SYSTEM_DEVELOPER_PERFORMANCE_TOOLS_DIR\=/Applications/Xcode.app/Contents/Developer/Applications/Performance\ Tools
    export SYSTEM_DEVELOPER_RELEASENOTES_DIR\=/Applications/Xcode.app/Contents/Developer/ADC\ Reference\ Library/releasenotes
    export SYSTEM_DEVELOPER_TOOLS\=/Applications/Xcode.app/Contents/Developer/Tools
    export SYSTEM_DEVELOPER_TOOLS_DOC_DIR\=/Applications/Xcode.app/Contents/Developer/ADC\ Reference\ Library/documentation/DeveloperTools
    export SYSTEM_DEVELOPER_TOOLS_RELEASENOTES_DIR\=/Applications/Xcode.app/Contents/Developer/ADC\ Reference\ Library/releasenotes/DeveloperTools
    export SYSTEM_DEVELOPER_USR_DIR\=/Applications/Xcode.app/Contents/Developer/usr
    export SYSTEM_DEVELOPER_UTILITIES_DIR\=/Applications/Xcode.app/Contents/Developer/Applications/Utilities
    export SYSTEM_DEXT_INSTALL_PATH\=/System/Library/DriverExtensions
    export SYSTEM_DOCUMENTATION_DIR\=/Library/Documentation
    export SYSTEM_KEXT_INSTALL_PATH\=/System/Library/Extensions
    export SYSTEM_LIBRARY_DIR\=/System/Library
    export TAPI_DEMANGLE\=YES
    export TAPI_ENABLE_PROJECT_HEADERS\=NO
    export TAPI_LANGUAGE\=objective-c
    export TAPI_LANGUAGE_STANDARD\=compiler-default
    export TAPI_USE_SRCROOT\=YES
    export TAPI_VERIFY_MODE\=Pedantic
    export TARGETED_DEVICE_FAMILY\=1,2
    export TARGETNAME\=ReactCodegen
    export TARGET_BUILD_DIR\=/Users/kharyfiler/Library/Developer/Xcode/DerivedData/Gripah-gptnnpiwslcswlcpylqwkddqyprw/Build/Products/Debug-iphonesimulator/ReactCodegen
    export TARGET_NAME\=ReactCodegen
    export TARGET_TEMP_DIR\=/Users/kharyfiler/Library/Developer/Xcode/DerivedData/Gripah-gptnnpiwslcswlcpylqwkddqyprw/Build/Intermediates.noindex/Pods.build/Debug-iphonesimulator/ReactCodegen.build
    export TEMP_DIR\=/Users/kharyfiler/Library/Developer/Xcode/DerivedData/Gripah-gptnnpiwslcswlcpylqwkddqyprw/Build/Intermediates.noindex/Pods.build/Debug-iphonesimulator/ReactCodegen.build
    export TEMP_FILES_DIR\=/Users/kharyfiler/Library/Developer/Xcode/DerivedData/Gripah-gptnnpiwslcswlcpylqwkddqyprw/Build/Intermediates.noindex/Pods.build/Debug-iphonesimulator/ReactCodegen.build
    export TEMP_FILE_DIR\=/Users/kharyfiler/Library/Developer/Xcode/DerivedData/Gripah-gptnnpiwslcswlcpylqwkddqyprw/Build/Intermediates.noindex/Pods.build/Debug-iphonesimulator/ReactCodegen.build
    export TEMP_ROOT\=/Users/kharyfiler/Library/Developer/Xcode/DerivedData/Gripah-gptnnpiwslcswlcpylqwkddqyprw/Build/Intermediates.noindex
    export TEMP_SANDBOX_DIR\=/Users/kharyfiler/Library/Developer/Xcode/DerivedData/Gripah-gptnnpiwslcswlcpylqwkddqyprw/Build/Intermediates.noindex/TemporaryTaskSandboxes
    export TEST_FRAMEWORK_SEARCH_PATHS\=\ /Applications/Xcode.app/Contents/Developer/Platforms/iPhoneSimulator.platform/Developer/Library/Frameworks\ /Applications/Xcode.app/Contents/Developer/Platforms/iPhoneSimulator.platform/Developer/SDKs/iPhoneSimulator26.2.sdk/Developer/Library/Frameworks
    export TEST_LIBRARY_SEARCH_PATHS\=\ /Applications/Xcode.app/Contents/Developer/Platforms/iPhoneSimulator.platform/Developer/usr/lib
    export TOOLCHAINS\=com.apple.dt.toolchain.Metal.32023\ com.apple.dt.toolchain.XcodeDefault
    export TOOLCHAIN_DIR\=/var/run/com.apple.security.cryptexd/mnt/com.apple.MobileAsset.MetalToolchain-v17.3.48.0.eTPF2V/Metal.xctoolchain
    export TOOLCHAIN_VERSION\=32023
    export TREAT_MISSING_BASELINES_AS_TEST_FAILURES\=NO
    export TREAT_MISSING_SCRIPT_PHASE_OUTPUTS_AS_ERRORS\=NO
    export UID\=501
    export UNINSTALLED_PRODUCTS_DIR\=/Users/kharyfiler/Library/Developer/Xcode/DerivedData/Gripah-gptnnpiwslcswlcpylqwkddqyprw/Build/Intermediates.noindex/UninstalledProducts
    export UNSTRIPPED_PRODUCT\=NO
    export USER\=kharyfiler
    export USER_APPS_DIR\=/Users/kharyfiler/Applications
    export USER_LIBRARY_DIR\=/Users/kharyfiler/Library
    export USE_DYNAMIC_NO_PIC\=YES
    export USE_HEADERMAP\=YES
    export USE_HEADER_SYMLINKS\=NO
    export USE_HERMES\=true
    export USE_RECURSIVE_SCRIPT_INPUTS_IN_SCRIPT_PHASES\=YES
    export VALIDATE_DEVELOPMENT_ASSET_PATHS\=YES_ERROR
    export VALIDATE_PRODUCT\=NO
    export VALID_ARCHS\=arm64\ x86_64
    export VERBOSE_PBXCP\=NO
    export VERSION_INFO_BUILDER\=kharyfiler
    export VERSION_INFO_FILE\=ReactCodegen_vers.c
    export VERSION_INFO_STRING\=\"@\(\#\)PROGRAM:ReactCodegen\ \ PROJECT:Pods-\"
    export WORKSPACE_DIR\=/Users/kharyfiler/Documents/grip-claude/ios
    export WRAP_ASSET_PACKS_IN_SEPARATE_DIRECTORIES\=NO
    export XCODE_APP_SUPPORT_DIR\=/Applications/Xcode.app/Contents/Developer/Library/Xcode
    export XCODE_PRODUCT_BUILD_VERSION\=17C52
    export XCODE_VERSION_ACTUAL\=2620
    export XCODE_VERSION_MAJOR\=2600
    export XCODE_VERSION_MINOR\=2620
    export XPCSERVICES_FOLDER_PATH\=/XPCServices
    export YACC\=yacc
    export _DISCOVER_COMMAND_LINE_LINKER_INPUTS\=YES
    export _DISCOVER_COMMAND_LINE_LINKER_INPUTS_INCLUDE_WL\=YES
    export _LD_MULTIARCH\=YES
    export __DIAGNOSE_DEPRECATED_ARCHS\=YES
    export arch\=undefined_arch
    export variant\=normal
    /bin/sh -c /Users/kharyfiler/Library/Developer/Xcode/DerivedData/Gripah-gptnnpiwslcswlcpylqwkddqyprw/Build/Intermediates.noindex/Pods.build/Debug-iphonesimulator/ReactCodegen.build/Script-46EB2E00038810.sh
Node found at: /usr/local/bin/node
[36m[1m[Codegen][0m Analyzing /Users/kharyfiler/Documents/grip-claude/package.json[0m
[36m[1m[Codegen][0m Could not find generated autolinking output at: /Users/kharyfiler/Library/Developer/Xcode/DerivedData/Gripah-gptnnpiwslcswlcpylqwkddqyprw/Build/Intermediates.noindex/Pods.build/Debug-iphonesimulator/ReactCodegen.build/DerivedSources/generated/source/codegen/out/build/generated/autolinking/autolinking.json[0m
[36m[1m[Codegen][0m Could not find React Native config at: /Users/kharyfiler/Documents/grip-claude/react-native.config.js[0m
[36m[1m[Codegen][0m [33mSearching for codegen-enabled libraries in the app.[0m
[36m[1m[Codegen][0m [33mThe "codegenConfig" field is not defined in package.json. Assuming there is nothing to generate at the app level.[0m
[36m[1m[Codegen][0m Could not find generated autolinking output at: /Users/kharyfiler/Library/Developer/Xcode/DerivedData/Gripah-gptnnpiwslcswlcpylqwkddqyprw/Build/Intermediates.noindex/Pods.build/Debug-iphonesimulator/ReactCodegen.build/DerivedSources/generated/source/codegen/out/build/generated/autolinking/autolinking.json[0m
[36m[1m[Codegen][0m [33mSearching for codegen-enabled libraries in the project dependencies.[0m
[36m[1m[Codegen][0m Found @react-native-async-storage/async-storage[0m
[36m[1m[Codegen][0m Found @react-native-community/slider[0m
[36m[1m[Codegen][0m Found @react-native-picker/picker[0m
[36m[1m[Codegen][0m Found @stripe/stripe-react-native[0m
[36m[1m[Codegen][0m Found react-native[0m
[36m[1m[Codegen][0m Found react-native-auth0[0m
[36m[1m[Codegen][0m Found react-native-google-mobile-ads[0m
[36m[1m[Codegen][0m Found react-native-svg[0m
[36m[1m[Codegen][0m [33mSearching for codegen-enabled libraries in react-native.config.js[0m
[36m[1m[Codegen][0m Processing rnasyncstorage[0m
[36m[1m[Codegen][0m [33mSearching for podspec in the project dependencies.[0m
[36m[1m[Codegen][0m Supported Apple platforms: ios, macos, tvos, visionos for rnasyncstorage[0m
[36m[1m[Codegen][0m Processing RNCSlider[0m
[36m[1m[Codegen][0m [33mSearching for podspec in the project dependencies.[0m
[36m[1m[Codegen][0m Supported Apple platforms: ios, visionos for RNCSlider[0m
[36m[1m[Codegen][0m Processing rnpicker[0m
[36m[1m[Codegen][0m [33mSearching for podspec in the project dependencies.[0m
[36m[1m[Codegen][0m Supported Apple platforms: ios, macos, tvos for rnpicker[0m
[36m[1m[Codegen][0m Processing rnstripe[0m
[36m[1m[Codegen][0m [33mSearching for podspec in the project dependencies.[0m
[36m[1m[Codegen][0m Supported Apple platforms: ios for rnstripe[0m
[36m[1m[Codegen][0m Processing FBReactNativeSpec[0m
[36m[1m[Codegen][0m [33mSearching for podspec in the project dependencies.[0m
[36m[1m[Codegen][0m Processing RNAuth0Spec[0m
[36m[1m[Codegen][0m [33mSearching for podspec in the project dependencies.[0m
[36m[1m[Codegen][0m Supported Apple platforms: ios for RNAuth0Spec[0m
[36m[1m[Codegen][0m Processing RNGoogleMobileAdsSpec[0m
[36m[1m[Codegen][0m [33mSearching for podspec in the project dependencies.[0m
[36m[1m[Codegen][0m Supported Apple platforms: ios for RNGoogleMobileAdsSpec[0m
[36m[1m[Codegen][0m Processing rnsvg[0m
[36m[1m[Codegen][0m [33mSearching for podspec in the project dependencies.[0m
[36m[1m[Codegen][0m Supported Apple platforms: ios, macos, tvos, visionos for rnsvg[0m
[36m[1m[Codegen][0m Generating Native Code for rnasyncstorage - ios[0m
[36m[1m[Codegen][0m Generated artifacts: /Users/kharyfiler/Library/Developer/Xcode/DerivedData/Gripah-gptnnpiwslcswlcpylqwkddqyprw/Build/Intermediates.noindex/Pods.build/Debug-iphonesimulator/ReactCodegen.build/DerivedSources/generated/source/codegen/out/build/generated/ios[0m
[36m[1m[Codegen][0m Generating Native Code for RNCSlider - ios[0m
[36m[1m[Codegen][0m Generated artifacts: /Users/kharyfiler/Library/Developer/Xcode/DerivedData/Gripah-gptnnpiwslcswlcpylqwkddqyprw/Build/Intermediates.noindex/Pods.build/Debug-iphonesimulator/ReactCodegen.build/DerivedSources/generated/source/codegen/out/build/generated/ios[0m
[36m[1m[Codegen][0m Generating Native Code for rnpicker - ios[0m
[36m[1m[Codegen][0m Generated artifacts: /Users/kharyfiler/Library/Developer/Xcode/DerivedData/Gripah-gptnnpiwslcswlcpylqwkddqyprw/Build/Intermediates.noindex/Pods.build/Debug-iphonesimulator/ReactCodegen.build/DerivedSources/generated/source/codegen/out/build/generated/ios[0m
[36m[1m[Codegen][0m Generating Native Code for rnstripe - ios[0m
[36m[1m[Codegen][0m Generated artifacts: /Users/kharyfiler/Library/Developer/Xcode/DerivedData/Gripah-gptnnpiwslcswlcpylqwkddqyprw/Build/Intermediates.noindex/Pods.build/Debug-iphonesimulator/ReactCodegen.build/DerivedSources/generated/source/codegen/out/build/generated/ios[0m
[36m[1m[Codegen][0m [33m[Codegen - FBReactNativeSpec] Skipping iOS code generation for FBReactNativeSpec as it has been generated already.[0m
[36m[1m[Codegen][0m Generating Native Code for RNAuth0Spec - ios[0m
[36m[1m[Codegen][0m Generated artifacts: /Users/kharyfiler/Library/Developer/Xcode/DerivedData/Gripah-gptnnpiwslcswlcpylqwkddqyprw/Build/Intermediates.noindex/Pods.build/Debug-iphonesimulator/ReactCodegen.build/DerivedSources/generated/source/codegen/out/build/generated/ios[0m
[36m[1m[Codegen][0m Generating Native Code for RNGoogleMobileAdsSpec - ios[0m
[36m[1m[Codegen][0m Generated artifacts: /Users/kharyfiler/Library/Developer/Xcode/DerivedData/Gripah-gptnnpiwslcswlcpylqwkddqyprw/Build/Intermediates.noindex/Pods.build/Debug-iphonesimulator/ReactCodegen.build/DerivedSources/generated/source/codegen/out/build/generated/ios[0m
[36m[1m[Codegen][0m Generating Native Code for rnsvg - ios[0m
[36m[1m[Codegen][0m Generated artifacts: /Users/kharyfiler/Library/Developer/Xcode/DerivedData/Gripah-gptnnpiwslcswlcpylqwkddqyprw/Build/Intermediates.noindex/Pods.build/Debug-iphonesimulator/ReactCodegen.build/DerivedSources/generated/source/codegen/out/build/generated/ios[0m
[36m[1m[Codegen][0m Generating RCTThirdPartyComponentsProvider.h[0m
[36m[1m[Codegen][0m Generated artifact: /Users/kharyfiler/Library/Developer/Xcode/DerivedData/Gripah-gptnnpiwslcswlcpylqwkddqyprw/Build/Intermediates.noindex/Pods.build/Debug-iphonesimulator/ReactCodegen.build/DerivedSources/generated/source/codegen/out/build/generated/ios/RCTThirdPartyComponentsProvider.h[0m
[36m[1m[Codegen][0m Generating RCTThirdPartyComponentsProvider.mm[0m
[36m[1m[Codegen][0m Generated artifact: /Users/kharyfiler/Library/Developer/Xcode/DerivedData/Gripah-gptnnpiwslcswlcpylqwkddqyprw/Build/Intermediates.noindex/Pods.build/Debug-iphonesimulator/ReactCodegen.build/DerivedSources/generated/source/codegen/out/build/generated/ios/RCTThirdPartyComponentsProvider.mm[0m
[36m[1m[Codegen][0m Generating RCTModulesProvider.h[0m
[36m[1m[Codegen][0m Generated artifact: /Users/kharyfiler/Library/Developer/Xcode/DerivedData/Gripah-gptnnpiwslcswlcpylqwkddqyprw/Build/Intermediates.noindex/Pods.build/Debug-iphonesimulator/ReactCodegen.build/DerivedSources/generated/source/codegen/out/build/generated/ios/RCTModuleProviders.h[0m
[36m[1m[Codegen][0m Generating RCTModuleProviders.mm[0m
[36m[1m[Codegen][0m Generated artifact: /Users/kharyfiler/Library/Developer/Xcode/DerivedData/Gripah-gptnnpiwslcswlcpylqwkddqyprw/Build/Intermediates.noindex/Pods.build/Debug-iphonesimulator/ReactCodegen.build/DerivedSources/generated/source/codegen/out/build/generated/ios/RCTModuleProviders.mm[0m
[36m[1m[Codegen][0m Generating RCTAppDependencyProvider[0m
[36m[1m[Codegen][0m Generated artifact: /Users/kharyfiler/Library/Developer/Xcode/DerivedData/Gripah-gptnnpiwslcswlcpylqwkddqyprw/Build/Intermediates.noindex/Pods.build/Debug-iphonesimulator/ReactCodegen.build/DerivedSources/generated/source/codegen/out/build/generated/ios/RCTAppDependencyProvider.h[0m
[36m[1m[Codegen][0m Generated artifact: /Users/kharyfiler/Library/Developer/Xcode/DerivedData/Gripah-gptnnpiwslcswlcpylqwkddqyprw/Build/Intermediates.noindex/Pods.build/Debug-iphonesimulator/ReactCodegen.build/DerivedSources/generated/source/codegen/out/build/generated/ios/RCTAppDependencyProvider.mm[0m
[36m[1m[Codegen][0m Generated podspec: /Users/kharyfiler/Library/Developer/Xcode/DerivedData/Gripah-gptnnpiwslcswlcpylqwkddqyprw/Build/Intermediates.noindex/Pods.build/Debug-iphonesimulator/ReactCodegen.build/DerivedSources/generated/source/codegen/out/build/generated/ios/ReactAppDependencyProvider.podspec[0m
[36m[1m[Codegen][0m Generated podspec: /Users/kharyfiler/Library/Developer/Xcode/DerivedData/Gripah-gptnnpiwslcswlcpylqwkddqyprw/Build/Intermediates.noindex/Pods.build/Debug-iphonesimulator/ReactCodegen.build/DerivedSources/generated/source/codegen/out/build/generated/ios/ReactCodegen.podspec[0m
[36m[1m[Codegen][0m [33mDone.[0m

SwiftExplicitDependencyGeneratePcm arm64 /Users/kharyfiler/Library/Developer/Xcode/DerivedData/Gripah-gptnnpiwslcswlcpylqwkddqyprw/Build/Intermediates.noindex/SwiftExplicitPrecompiledModules/StripeCore-723DVX59RLIVOABAGQANOYKW3.pcm

SwiftExplicitDependencyGeneratePcm arm64 /Users/kharyfiler/Library/Developer/Xcode/DerivedData/Gripah-gptnnpiwslcswlcpylqwkddqyprw/Build/Intermediates.noindex/SwiftExplicitPrecompiledModules/SimpleKeychain-51686NJQFDGFS1A7T3JZ87FQU.pcm

SwiftCompile normal arm64 Compiling\ Token.swift,\ Token+API.swift /Users/kharyfiler/Documents/grip-claude/ios/Pods/StripeApplePay/StripeApplePay/StripeApplePay/Source/PaymentsCore/API/Models/Token.swift /Users/kharyfiler/Documents/grip-claude/ios/Pods/StripeApplePay/StripeApplePay/StripeApplePay/Source/PaymentsCore/API/Token+API.swift (in target 'StripeApplePay' from project 'Pods')
SwiftCompile normal arm64 /Users/kharyfiler/Documents/grip-claude/ios/Pods/StripeApplePay/StripeApplePay/StripeApplePay/Source/PaymentsCore/API/Models/Token.swift (in target 'StripeApplePay' from project 'Pods')
    cd /Users/kharyfiler/Documents/grip-claude/ios/Pods
    

SwiftCompile normal arm64 /Users/kharyfiler/Documents/grip-claude/ios/Pods/StripeApplePay/StripeApplePay/StripeApplePay/Source/PaymentsCore/API/Token+API.swift (in target 'StripeApplePay' from project 'Pods')
    cd /Users/kharyfiler/Documents/grip-claude/ios/Pods
    

SwiftExplicitDependencyGeneratePcm arm64 /Users/kharyfiler/Library/Developer/Xcode/DerivedData/Gripah-gptnnpiwslcswlcpylqwkddqyprw/Build/Intermediates.noindex/SwiftExplicitPrecompiledModules/JWTDecode-33HVMT9VOE9SLPVOK96XTQUIN.pcm

SwiftEmitModule normal arm64 Emitting\ module\ for\ StripeApplePay (in target 'StripeApplePay' from project 'Pods')

EmitSwiftModule normal arm64 (in target 'StripeApplePay' from project 'Pods')
    cd /Users/kharyfiler/Documents/grip-claude/ios/Pods
    

SwiftCompile normal arm64 Compiling\ STPApplePayContext+LegacySupport.swift,\ StripeCore+Import.swift /Users/kharyfiler/Documents/grip-claude/ios/Pods/StripeApplePay/StripeApplePay/StripeApplePay/Source/ApplePayContext/STPApplePayContext+LegacySupport.swift /Users/kharyfiler/Documents/grip-claude/ios/Pods/StripeApplePay/StripeApplePay/StripeApplePay/Source/StripeCore+Import.swift (in target 'StripeApplePay' from project 'Pods')

SwiftCompile normal arm64 /Users/kharyfiler/Documents/grip-claude/ios/Pods/StripeApplePay/StripeApplePay/StripeApplePay/Source/ApplePayContext/STPApplePayContext+LegacySupport.swift (in target 'StripeApplePay' from project 'Pods')
    cd /Users/kharyfiler/Documents/grip-claude/ios/Pods
    

SwiftCompile normal arm64 /Users/kharyfiler/Documents/grip-claude/ios/Pods/StripeApplePay/StripeApplePay/StripeApplePay/Source/StripeCore+Import.swift (in target 'StripeApplePay' from project 'Pods')
    cd /Users/kharyfiler/Documents/grip-claude/ios/Pods
    

SwiftCompile normal arm64 Compiling\ STPAPIClient+PaymentsCore.swift,\ STPApplePayContext.swift /Users/kharyfiler/Documents/grip-claude/ios/Pods/StripeApplePay/StripeApplePay/StripeApplePay/Source/PaymentsCore/Categories/STPAPIClient+PaymentsCore.swift /Users/kharyfiler/Documents/grip-claude/ios/Pods/StripeApplePay/StripeApplePay/StripeApplePay/Source/ApplePayContext/STPApplePayContext.swift (in target 'StripeApplePay' from project 'Pods')
SwiftCompile normal arm64 /Users/kharyfiler/Documents/grip-claude/ios/Pods/StripeApplePay/StripeApplePay/StripeApplePay/Source/PaymentsCore/Categories/STPAPIClient+PaymentsCore.swift (in target 'StripeApplePay' from project 'Pods')
    cd /Users/kharyfiler/Documents/grip-claude/ios/Pods
    

SwiftCompile normal arm64 /Users/kharyfiler/Documents/grip-claude/ios/Pods/StripeApplePay/StripeApplePay/StripeApplePay/Source/ApplePayContext/STPApplePayContext.swift (in target 'StripeApplePay' from project 'Pods')
    cd /Users/kharyfiler/Documents/grip-claude/ios/Pods
    
/Users/kharyfiler/Documents/grip-claude/ios/Pods/StripeApplePay/StripeApplePay/StripeApplePay/Source/ApplePayContext/STPApplePayContext.swift:183:43: warning: 'windows' was deprecated in iOS 15.0: Use UIWindowScene.windows on a relevant window scene instead
        let window = UIApplication.shared.windows.first { $0.isKeyWindow }
                                          ^

SwiftCompile normal arm64 Compiling\ SetupIntentParams.swift,\ ShippingDetails.swift,\ STPAnalyticsClient+Payments.swift /Users/kharyfiler/Documents/grip-claude/ios/Pods/StripeApplePay/StripeApplePay/StripeApplePay/Source/PaymentsCore/API/Models/SetupIntentParams.swift /Users/kharyfiler/Documents/grip-claude/ios/Pods/StripeApplePay/StripeApplePay/StripeApplePay/Source/PaymentsCore/API/Models/ShippingDetails.swift /Users/kharyfiler/Documents/grip-claude/ios/Pods/StripeApplePay/StripeApplePay/StripeApplePay/Source/PaymentsCore/Analytics/STPAnalyticsClient+Payments.swift (in target 'StripeApplePay' from project 'Pods')

SwiftCompile normal arm64 /Users/kharyfiler/Documents/grip-claude/ios/Pods/StripeApplePay/StripeApplePay/StripeApplePay/Source/PaymentsCore/API/Models/SetupIntentParams.swift (in target 'StripeApplePay' from project 'Pods')
    cd /Users/kharyfiler/Documents/grip-claude/ios/Pods
    

SwiftCompile normal arm64 /Users/kharyfiler/Documents/grip-claude/ios/Pods/StripeApplePay/StripeApplePay/StripeApplePay/Source/PaymentsCore/API/Models/ShippingDetails.swift (in target 'StripeApplePay' from project 'Pods')
    cd /Users/kharyfiler/Documents/grip-claude/ios/Pods
    

SwiftCompile normal arm64 /Users/kharyfiler/Documents/grip-claude/ios/Pods/StripeApplePay/StripeApplePay/StripeApplePay/Source/PaymentsCore/Analytics/STPAnalyticsClient+Payments.swift (in target 'StripeApplePay' from project 'Pods')
    cd /Users/kharyfiler/Documents/grip-claude/ios/Pods
    

SwiftCompile normal arm64 Compiling\ PaymentIntent+API.swift,\ PaymentIntentParams.swift,\ PaymentMethod.swift /Users/kharyfiler/Documents/grip-claude/ios/Pods/StripeApplePay/StripeApplePay/StripeApplePay/Source/PaymentsCore/API/PaymentIntent+API.swift /Users/kharyfiler/Documents/grip-claude/ios/Pods/StripeApplePay/StripeApplePay/StripeApplePay/Source/PaymentsCore/API/Models/PaymentIntentParams.swift /Users/kharyfiler/Documents/grip-claude/ios/Pods/StripeApplePay/StripeApplePay/StripeApplePay/Source/PaymentsCore/API/Models/PaymentMethod.swift (in target 'StripeApplePay' from project 'Pods')

SwiftCompile normal arm64 /Users/kharyfiler/Documents/grip-claude/ios/Pods/StripeApplePay/StripeApplePay/StripeApplePay/Source/PaymentsCore/API/PaymentIntent+API.swift (in target 'StripeApplePay' from project 'Pods')
    cd /Users/kharyfiler/Documents/grip-claude/ios/Pods
    

SwiftCompile normal arm64 /Users/kharyfiler/Documents/grip-claude/ios/Pods/StripeApplePay/StripeApplePay/StripeApplePay/Source/PaymentsCore/API/Models/PaymentIntentParams.swift (in target 'StripeApplePay' from project 'Pods')
    cd /Users/kharyfiler/Documents/grip-claude/ios/Pods
    

SwiftCompile normal arm64 /Users/kharyfiler/Documents/grip-claude/ios/Pods/StripeApplePay/StripeApplePay/StripeApplePay/Source/PaymentsCore/API/Models/PaymentMethod.swift (in target 'StripeApplePay' from project 'Pods')
    cd /Users/kharyfiler/Documents/grip-claude/ios/Pods
    

SwiftEmitModule normal arm64 Emitting\ module\ for\ StripeUICore (in target 'StripeUICore' from project 'Pods')
EmitSwiftModule normal arm64 (in target 'StripeUICore' from project 'Pods')
    cd /Users/kharyfiler/Documents/grip-claude/ios/Pods
    

SwiftCompile normal arm64 Compiling\ Locale+StripeUICore.swift,\ NSAttributedString+StripeUICore.swift,\ NSDirectionalEdgeInsets+StripeUICore.swift,\ OneTimeCodeTextField.swift,\ OneTimeCodeTextField-TextStorage.swift,\ OneTimeCodeTextFieldRepresentable.swift,\ PhoneNumber.swift,\ PhoneNumberElement.swift /Users/kharyfiler/Documents/grip-claude/ios/Pods/StripeUICore/StripeUICore/StripeUICore/Source/Categories/Locale+StripeUICore.swift /Users/kharyfiler/Documents/grip-claude/ios/Pods/StripeUICore/StripeUICore/StripeUICore/Source/Categories/NSAttributedString+StripeUICore.swift /Users/kharyfiler/Documents/grip-claude/ios/Pods/StripeUICore/StripeUICore/StripeUICore/Source/Categories/NSDirectionalEdgeInsets+StripeUICore.swift /Users/kharyfiler/Documents/grip-claude/ios/Pods/StripeUICore/StripeUICore/StripeUICore/Source/Controls/OneTimeCodeTextField.swift /Users/kharyfiler/Documents/grip-claude/ios/Pods/StripeUICore/StripeUICore/StripeUICore/Source/Controls/OneTimeCodeTextField-TextStorage.swift /Users/kharyfiler/Documents/grip-claude/ios/Pods/StripeUICore/StripeUICore/StripeUICore/Source/Controls/OneTimeCodeTextFieldRepresentable.swift /Users/kharyfiler/Documents/grip-claude/ios/Pods/StripeUICore/StripeUICore/StripeUICore/Source/Validators/PhoneNumber.swift /Users/kharyfiler/Documents/grip-claude/ios/Pods/StripeUICore/StripeUICore/StripeUICore/Source/Elements/PhoneNumber/PhoneNumberElement.swift (in target 'StripeUICore' from project 'Pods')
SwiftCompile normal arm64 /Users/kharyfiler/Documents/grip-claude/ios/Pods/StripeUICore/StripeUICore/StripeUICore/Source/Categories/Locale+StripeUICore.swift (in target 'StripeUICore' from project 'Pods')
    cd /Users/kharyfiler/Documents/grip-claude/ios/Pods
    

SwiftCompile normal arm64 /Users/kharyfiler/Documents/grip-claude/ios/Pods/StripeUICore/StripeUICore/StripeUICore/Source/Categories/NSAttributedString+StripeUICore.swift (in target 'StripeUICore' from project 'Pods')
    cd /Users/kharyfiler/Documents/grip-claude/ios/Pods
    

SwiftCompile normal arm64 /Users/kharyfiler/Documents/grip-claude/ios/Pods/StripeUICore/StripeUICore/StripeUICore/Source/Categories/NSDirectionalEdgeInsets+StripeUICore.swift (in target 'StripeUICore' from project 'Pods')
    cd /Users/kharyfiler/Documents/grip-claude/ios/Pods
    

SwiftCompile normal arm64 /Users/kharyfiler/Documents/grip-claude/ios/Pods/StripeUICore/StripeUICore/StripeUICore/Source/Controls/OneTimeCodeTextField.swift (in target 'StripeUICore' from project 'Pods')
    cd /Users/kharyfiler/Documents/grip-claude/ios/Pods
    

SwiftCompile normal arm64 /Users/kharyfiler/Documents/grip-claude/ios/Pods/StripeUICore/StripeUICore/StripeUICore/Source/Controls/OneTimeCodeTextField-TextStorage.swift (in target 'StripeUICore' from project 'Pods')
    cd /Users/kharyfiler/Documents/grip-claude/ios/Pods
    

SwiftCompile normal arm64 /Users/kharyfiler/Documents/grip-claude/ios/Pods/StripeUICore/StripeUICore/StripeUICore/Source/Controls/OneTimeCodeTextFieldRepresentable.swift (in target 'StripeUICore' from project 'Pods')
    cd /Users/kharyfiler/Documents/grip-claude/ios/Pods
    

SwiftCompile normal arm64 /Users/kharyfiler/Documents/grip-claude/ios/Pods/StripeUICore/StripeUICore/StripeUICore/Source/Validators/PhoneNumber.swift (in target 'StripeUICore' from project 'Pods')
    cd /Users/kharyfiler/Documents/grip-claude/ios/Pods
    

SwiftCompile normal arm64 /Users/kharyfiler/Documents/grip-claude/ios/Pods/StripeUICore/StripeUICore/StripeUICore/Source/Elements/PhoneNumber/PhoneNumberElement.swift (in target 'StripeUICore' from project 'Pods')
    cd /Users/kharyfiler/Documents/grip-claude/ios/Pods
    

SwiftCompile normal arm64 Compiling\ DropdownFieldElement.swift,\ DropdownFieldElement+AddressFactory.swift,\ DynamicHeightContainerView.swift,\ DynamicImageView.swift,\ Element.swift,\ ElementsUI.swift,\ Enums+CustomStringConvertible.swift,\ Events.swift /Users/kharyfiler/Documents/grip-claude/ios/Pods/StripeUICore/StripeUICore/StripeUICore/Source/Elements/DropdownFieldElement.swift /Users/kharyfiler/Documents/grip-claude/ios/Pods/StripeUICore/StripeUICore/StripeUICore/Source/Elements/Factories/DropdownFieldElement+AddressFactory.swift /Users/kharyfiler/Documents/grip-claude/ios/Pods/StripeUICore/StripeUICore/StripeUICore/Source/Views/DynamicHeightContainerView.swift /Users/kharyfiler/Documents/grip-claude/ios/Pods/StripeUICore/StripeUICore/StripeUICore/Source/Views/DynamicImageView.swift /Users/kharyfiler/Documents/grip-claude/ios/Pods/StripeUICore/StripeUICore/StripeUICore/Source/Elements/Element.swift /Users/kharyfiler/Documents/grip-claude/ios/Pods/StripeUICore/StripeUICore/StripeUICore/Source/Elements/ElementsUI.swift /Users/kharyfiler/Documents/grip-claude/ios/Pods/StripeUICore/StripeUICore/StripeUICore/Source/Categories/Enums+CustomStringConvertible.swift /Users/kharyfiler/Documents/grip-claude/ios/Pods/StripeUICore/StripeUICore/StripeUICore/Source/Events.swift (in target 'StripeUICore' from project 'Pods')

SwiftCompile normal arm64 /Users/kharyfiler/Documents/grip-claude/ios/Pods/StripeUICore/StripeUICore/StripeUICore/Source/Elements/DropdownFieldElement.swift (in target 'StripeUICore' from project 'Pods')
    cd /Users/kharyfiler/Documents/grip-claude/ios/Pods
    

SwiftCompile normal arm64 /Users/kharyfiler/Documents/grip-claude/ios/Pods/StripeUICore/StripeUICore/StripeUICore/Source/Elements/Factories/DropdownFieldElement+AddressFactory.swift (in target 'StripeUICore' from project 'Pods')
    cd /Users/kharyfiler/Documents/grip-claude/ios/Pods
    

SwiftCompile normal arm64 /Users/kharyfiler/Documents/grip-claude/ios/Pods/StripeUICore/StripeUICore/StripeUICore/Source/Views/DynamicHeightContainerView.swift (in target 'StripeUICore' from project 'Pods')
    cd /Users/kharyfiler/Documents/grip-claude/ios/Pods
    

SwiftCompile normal arm64 /Users/kharyfiler/Documents/grip-claude/ios/Pods/StripeUICore/StripeUICore/StripeUICore/Source/Views/DynamicImageView.swift (in target 'StripeUICore' from project 'Pods')
    cd /Users/kharyfiler/Documents/grip-claude/ios/Pods
    

SwiftCompile normal arm64 /Users/kharyfiler/Documents/grip-claude/ios/Pods/StripeUICore/StripeUICore/StripeUICore/Source/Elements/Element.swift (in target 'StripeUICore' from project 'Pods')
    cd /Users/kharyfiler/Documents/grip-claude/ios/Pods
    

SwiftCompile normal arm64 /Users/kharyfiler/Documents/grip-claude/ios/Pods/StripeUICore/StripeUICore/StripeUICore/Source/Elements/ElementsUI.swift (in target 'StripeUICore' from project 'Pods')
    cd /Users/kharyfiler/Documents/grip-claude/ios/Pods
    

SwiftCompile normal arm64 /Users/kharyfiler/Documents/grip-claude/ios/Pods/StripeUICore/StripeUICore/StripeUICore/Source/Categories/Enums+CustomStringConvertible.swift (in target 'StripeUICore' from project 'Pods')
    cd /Users/kharyfiler/Documents/grip-claude/ios/Pods
    

SwiftCompile normal arm64 /Users/kharyfiler/Documents/grip-claude/ios/Pods/StripeUICore/StripeUICore/StripeUICore/Source/Events.swift (in target 'StripeUICore' from project 'Pods')
    cd /Users/kharyfiler/Documents/grip-claude/ios/Pods
    

SwiftEmitModule normal arm64 Emitting\ module\ for\ Auth0 (in target 'Auth0' from project 'Pods')

EmitSwiftModule normal arm64 (in target 'Auth0' from project 'Pods')
    cd /Users/kharyfiler/Documents/grip-claude/ios/Pods
    
/Users/kharyfiler/Documents/grip-claude/ios/Pods/Auth0/Auth0/Auth0Authentication.swift:12:9: warning: stored property 'logger' of 'Sendable'-conforming struct 'Auth0Authentication' contains non-Sendable type 'any Logger'; this is an error in the Swift 6 language mode
    var logger: Logger?
        ^
/Users/kharyfiler/Documents/grip-claude/ios/Pods/Auth0/Auth0/Logger.swift:4:17: note: protocol 'Logger' does not conform to the 'Sendable' protocol
public protocol Logger {
                ^

SwiftEmitModule normal arm64 Emitting\ module\ for\ StripePayments (in target 'StripePayments' from project 'Pods')
EmitSwiftModule normal arm64 (in target 'StripePayments' from project 'Pods')
    cd /Users/kharyfiler/Documents/grip-claude/ios/Pods
    

SwiftDriverJobDiscovery normal arm64 Compiling STPApplePayContext+LegacySupport.swift, StripeCore+Import.swift (in target 'StripeApplePay' from project 'Pods')

SwiftCompile normal arm64 Compiling\ FloatingPlaceholderTextFieldView.swift,\ FormElement.swift,\ FormView.swift,\ IDNumberTextFieldConfiguration.swift,\ Image.swift,\ ImageMaker.swift,\ InputFormColors.swift,\ LinkOpeningTextView.swift /Users/kharyfiler/Documents/grip-claude/ios/Pods/StripeUICore/StripeUICore/StripeUICore/Source/Elements/TextField/FloatingPlaceholderTextFieldView.swift /Users/kharyfiler/Documents/grip-claude/ios/Pods/StripeUICore/StripeUICore/StripeUICore/Source/Elements/Form/FormElement.swift /Users/kharyfiler/Documents/grip-claude/ios/Pods/StripeUICore/StripeUICore/StripeUICore/Source/Elements/Form/FormView.swift /Users/kharyfiler/Documents/grip-claude/ios/Pods/StripeUICore/StripeUICore/StripeUICore/Source/Elements/Factories/IDNumberTextFieldConfiguration.swift /Users/kharyfiler/Documents/grip-claude/ios/Pods/StripeUICore/StripeUICore/StripeUICore/Source/Image.swift /Users/kharyfiler/Documents/grip-claude/ios/Pods/StripeUICore/StripeUICore/StripeUICore/Source/Helpers/ImageMaker.swift /Users/kharyfiler/Documents/grip-claude/ios/Pods/StripeUICore/StripeUICore/StripeUICore/Source/Helpers/InputFormColors.swift /Users/kharyfiler/Documents/grip-claude/ios/Pods/StripeUICore/StripeUICore/StripeUICore/Source/Views/LinkOpeningTextView.swift (in target 'StripeUICore' from project 'Pods')

SwiftCompile normal arm64 /Users/kharyfiler/Documents/grip-claude/ios/Pods/StripeUICore/StripeUICore/StripeUICore/Source/Elements/TextField/FloatingPlaceholderTextFieldView.swift (in target 'StripeUICore' from project 'Pods')
    cd /Users/kharyfiler/Documents/grip-claude/ios/Pods
    

SwiftCompile normal arm64 /Users/kharyfiler/Documents/grip-claude/ios/Pods/StripeUICore/StripeUICore/StripeUICore/Source/Elements/Form/FormElement.swift (in target 'StripeUICore' from project 'Pods')
    cd /Users/kharyfiler/Documents/grip-claude/ios/Pods
    

SwiftCompile normal arm64 /Users/kharyfiler/Documents/grip-claude/ios/Pods/StripeUICore/StripeUICore/StripeUICore/Source/Elements/Form/FormView.swift (in target 'StripeUICore' from project 'Pods')
    cd /Users/kharyfiler/Documents/grip-claude/ios/Pods
    

SwiftCompile normal arm64 /Users/kharyfiler/Documents/grip-claude/ios/Pods/StripeUICore/StripeUICore/StripeUICore/Source/Elements/Factories/IDNumberTextFieldConfiguration.swift (in target 'StripeUICore' from project 'Pods')
    cd /Users/kharyfiler/Documents/grip-claude/ios/Pods
    

SwiftCompile normal arm64 /Users/kharyfiler/Documents/grip-claude/ios/Pods/StripeUICore/StripeUICore/StripeUICore/Source/Image.swift (in target 'StripeUICore' from project 'Pods')
    cd /Users/kharyfiler/Documents/grip-claude/ios/Pods
    

SwiftCompile normal arm64 /Users/kharyfiler/Documents/grip-claude/ios/Pods/StripeUICore/StripeUICore/StripeUICore/Source/Helpers/ImageMaker.swift (in target 'StripeUICore' from project 'Pods')
    cd /Users/kharyfiler/Documents/grip-claude/ios/Pods
    

SwiftCompile normal arm64 /Users/kharyfiler/Documents/grip-claude/ios/Pods/StripeUICore/StripeUICore/StripeUICore/Source/Helpers/InputFormColors.swift (in target 'StripeUICore' from project 'Pods')
    cd /Users/kharyfiler/Documents/grip-claude/ios/Pods
    

SwiftCompile normal arm64 /Users/kharyfiler/Documents/grip-claude/ios/Pods/StripeUICore/StripeUICore/StripeUICore/Source/Views/LinkOpeningTextView.swift (in target 'StripeUICore' from project 'Pods')
    cd /Users/kharyfiler/Documents/grip-claude/ios/Pods
    

SwiftDriverJobDiscovery normal arm64 Emitting module for StripeApplePay (in target 'StripeApplePay' from project 'Pods')

SwiftDriver\ Compilation\ Requirements StripeApplePay normal arm64 com.apple.xcode.tools.swift.compiler (in target 'StripeApplePay' from project 'Pods')
    cd /Users/kharyfiler/Documents/grip-claude/ios/Pods
    builtin-Swift-Compilation-Requirements -- /Applications/Xcode.app/Contents/Developer/Toolchains/XcodeDefault.xctoolchain/usr/bin/swiftc -module-name StripeApplePay -Onone -enforce-exclusivity\=checked @/Users/kharyfiler/Library/Developer/Xcode/DerivedData/Gripah-gptnnpiwslcswlcpylqwkddqyprw/Build/Intermediates.noindex/Pods.build/Debug-iphonesimulator/StripeApplePay.build/Objects-normal/arm64/StripeApplePay.SwiftFileList -DDEBUG -D COCOAPODS -Xcc -fmodule-map-file\=/Users/kharyfiler/Library/Developer/Xcode/DerivedData/Gripah-gptnnpiwslcswlcpylqwkddqyprw/Build/Products/Debug-iphonesimulator/StripeCore/StripeCore.modulemap -import-underlying-module -Xcc -fmodule-map-file\=/Users/kharyfiler/Documents/grip-claude/ios/Pods/Headers/Public/StripeApplePay/StripeApplePay.modulemap -enable-bare-slash-regex -enable-experimental-feature DebugDescriptionMacro -sdk /Applications/Xcode.app/Contents/Developer/Platforms/iPhoneSimulator.platform/Developer/SDKs/iPhoneSimulator26.2.sdk -target arm64-apple-ios15.1-simulator -g -module-cache-path /Users/kharyfiler/Library/Developer/Xcode/DerivedData/ModuleCache.noindex -Xfrontend -serialize-debugging-options -enable-testing -index-store-path /Users/kharyfiler/Library/Developer/Xcode/DerivedData/Gripah-gptnnpiwslcswlcpylqwkddqyprw/Index.noindex/DataStore -Xcc -D_LIBCPP_HARDENING_MODE\=_LIBCPP_HARDENING_MODE_DEBUG -swift-version 5 -I /Users/kharyfiler/Library/Developer/Xcode/DerivedData/Gripah-gptnnpiwslcswlcpylqwkddqyprw/Build/Products/Debug-iphonesimulator/StripeApplePay -I /Users/kharyfiler/Library/Developer/Xcode/DerivedData/Gripah-gptnnpiwslcswlcpylqwkddqyprw/Build/Products/Debug-iphonesimulator/StripeCore -F /Users/kharyfiler/Library/Developer/Xcode/DerivedData/Gripah-gptnnpiwslcswlcpylqwkddqyprw/Build/Products/Debug-iphonesimulator/StripeApplePay -c -j10 -enable-batch-mode -incremental -Xcc -ivfsstatcache -Xcc /Users/kharyfiler/Library/Developer/Xcode/DerivedData/SDKStatCaches.noindex/iphonesimulator26.2-23C53-3885c01c3e6b6a337905948deab2002e7d00a8b37fbd7999ea79df8ebc024bf0.sdkstatcache -output-file-map /Users/kharyfiler/Library/Developer/Xcode/DerivedData/Gripah-gptnnpiwslcswlcpylqwkddqyprw/Build/Intermediates.noindex/Pods.build/Debug-iphonesimulator/StripeApplePay.build/Objects-normal/arm64/StripeApplePay-OutputFileMap.json -use-frontend-parseable-output -save-temps -no-color-diagnostics -explicit-module-build -module-cache-path /Users/kharyfiler/Library/Developer/Xcode/DerivedData/Gripah-gptnnpiwslcswlcpylqwkddqyprw/Build/Intermediates.noindex/SwiftExplicitPrecompiledModules -clang-scanner-module-cache-path /Users/kharyfiler/Library/Developer/Xcode/DerivedData/ModuleCache.noindex -sdk-module-cache-path /Users/kharyfiler/Library/Developer/Xcode/DerivedData/ModuleCache.noindex -serialize-diagnostics -emit-dependencies -emit-module -emit-module-path /Users/kharyfiler/Library/Developer/Xcode/DerivedData/Gripah-gptnnpiwslcswlcpylqwkddqyprw/Build/Intermediates.noindex/Pods.build/Debug-iphonesimulator/StripeApplePay.build/Objects-normal/arm64/StripeApplePay.swiftmodule -validate-clang-modules-once -clang-build-session-file /Users/kharyfiler/Library/Developer/Xcode/DerivedData/ModuleCache.noindex/Session.modulevalidation -Xcc -I/Users/kharyfiler/Library/Developer/Xcode/DerivedData/Gripah-gptnnpiwslcswlcpylqwkddqyprw/Build/Intermediates.noindex/Pods.build/Debug-iphonesimulator/StripeApplePay.build/swift-overrides.hmap -emit-const-values -Xfrontend -const-gather-protocols-file -Xfrontend /Users/kharyfiler/Library/Developer/Xcode/DerivedData/Gripah-gptnnpiwslcswlcpylqwkddqyprw/Build/Intermediates.noindex/Pods.build/Debug-iphonesimulator/StripeApplePay.build/Objects-normal/arm64/StripeApplePay_const_extract_protocols.json -Xcc -iquote -Xcc /Users/kharyfiler/Library/Developer/Xcode/DerivedData/Gripah-gptnnpiwslcswlcpylqwkddqyprw/Build/Intermediates.noindex/Pods.build/Debug-iphonesimulator/StripeApplePay.build/StripeApplePay-generated-files.hmap -Xcc -I/Users/kharyfiler/Library/Developer/Xcode/DerivedData/Gripah-gptnnpiwslcswlcpylqwkddqyprw/Build/Intermediates.noindex/Pods.build/Debug-iphonesimulator/StripeApplePay.build/StripeApplePay-own-target-headers.hmap -Xcc -I/Users/kharyfiler/Library/Developer/Xcode/DerivedData/Gripah-gptnnpiwslcswlcpylqwkddqyprw/Build/Intermediates.noindex/Pods.build/Debug-iphonesimulator/StripeApplePay.build/StripeApplePay-all-non-framework-target-headers.hmap -Xcc -ivfsoverlay -Xcc /Users/kharyfiler/Library/Developer/Xcode/DerivedData/Gripah-gptnnpiwslcswlcpylqwkddqyprw/Build/Intermediates.noindex/Pods.build/Debug-iphonesimulator/Pods-8699adb1dd336b26511df848a716bd42-VFS-iphonesimulator/all-product-headers.yaml -Xcc -iquote -Xcc /Users/kharyfiler/Library/Developer/Xcode/DerivedData/Gripah-gptnnpiwslcswlcpylqwkddqyprw/Build/Intermediates.noindex/Pods.build/Debug-iphonesimulator/StripeApplePay.build/StripeApplePay-project-headers.hmap -Xcc -I/Users/kharyfiler/Library/Developer/Xcode/DerivedData/Gripah-gptnnpiwslcswlcpylqwkddqyprw/Build/Products/Debug-iphonesimulator/StripeApplePay/include -Xcc -I/Users/kharyfiler/Library/Developer/Xcode/DerivedData/Gripah-gptnnpiwslcswlcpylqwkddqyprw/Build/Intermediates.noindex/Pods.build/Debug-iphonesimulator/StripeApplePay.build/DerivedSources-normal/arm64 -Xcc -I/Users/kharyfiler/Library/Developer/Xcode/DerivedData/Gripah-gptnnpiwslcswlcpylqwkddqyprw/Build/Intermediates.noindex/Pods.build/Debug-iphonesimulator/StripeApplePay.build/DerivedSources/arm64 -Xcc -I/Users/kharyfiler/Library/Developer/Xcode/DerivedData/Gripah-gptnnpiwslcswlcpylqwkddqyprw/Build/Intermediates.noindex/Pods.build/Debug-iphonesimulator/StripeApplePay.build/DerivedSources -Xcc -DPOD_CONFIGURATION_DEBUG\=1 -Xcc -DDEBUG\=1 -Xcc -DCOCOAPODS\=1 -emit-objc-header -emit-objc-header-path /Users/kharyfiler/Library/Developer/Xcode/DerivedData/Gripah-gptnnpiwslcswlcpylqwkddqyprw/Build/Intermediates.noindex/Pods.build/Debug-iphonesimulator/StripeApplePay.build/Objects-normal/arm64/StripeApplePay-Swift.h -working-directory /Users/kharyfiler/Documents/grip-claude/ios/Pods -experimental-emit-module-separately -disable-cmo

SwiftDriverJobDiscovery normal arm64 Compiling Token.swift, Token+API.swift (in target 'StripeApplePay' from project 'Pods')

SwiftCompile normal arm64 Compiling\ StackViewWithSeparator.swift,\ StaticElement.swift,\ STPBlikCodeValidator.swift,\ STPEmailAddressValidator.swift,\ STPLocalizedString.swift,\ STPVPANumberValidator.swift,\ String+CountryEmoji.swift,\ String+Localized.swift /Users/kharyfiler/Documents/grip-claude/ios/Pods/StripeUICore/StripeUICore/StripeUICore/Source/Helpers/StackViewWithSeparator.swift /Users/kharyfiler/Documents/grip-claude/ios/Pods/StripeUICore/StripeUICore/StripeUICore/Source/Elements/StaticElement.swift /Users/kharyfiler/Documents/grip-claude/ios/Pods/StripeUICore/StripeUICore/StripeUICore/Source/Validators/STPBlikCodeValidator.swift /Users/kharyfiler/Documents/grip-claude/ios/Pods/StripeUICore/StripeUICore/StripeUICore/Source/Validators/STPEmailAddressValidator.swift /Users/kharyfiler/Documents/grip-claude/ios/Pods/StripeUICore/StripeUICore/StripeUICore/Source/Helpers/STPLocalizedString.swift /Users/kharyfiler/Documents/grip-claude/ios/Pods/StripeUICore/StripeUICore/StripeUICore/Source/Validators/STPVPANumberValidator.swift /Users/kharyfiler/Documents/grip-claude/ios/Pods/StripeUICore/StripeUICore/StripeUICore/Source/Helpers/String+CountryEmoji.swift /Users/kharyfiler/Documents/grip-claude/ios/Pods/StripeUICore/StripeUICore/StripeUICore/Source/Helpers/String+Localized.swift (in target 'StripeUICore' from project 'Pods')

SwiftCompile normal arm64 /Users/kharyfiler/Documents/grip-claude/ios/Pods/StripeUICore/StripeUICore/StripeUICore/Source/Helpers/StackViewWithSeparator.swift (in target 'StripeUICore' from project 'Pods')
    cd /Users/kharyfiler/Documents/grip-claude/ios/Pods
    

SwiftCompile normal arm64 /Users/kharyfiler/Documents/grip-claude/ios/Pods/StripeUICore/StripeUICore/StripeUICore/Source/Elements/StaticElement.swift (in target 'StripeUICore' from project 'Pods')
    cd /Users/kharyfiler/Documents/grip-claude/ios/Pods
    

SwiftCompile normal arm64 /Users/kharyfiler/Documents/grip-claude/ios/Pods/StripeUICore/StripeUICore/StripeUICore/Source/Validators/STPBlikCodeValidator.swift (in target 'StripeUICore' from project 'Pods')
    cd /Users/kharyfiler/Documents/grip-claude/ios/Pods
    

SwiftCompile normal arm64 /Users/kharyfiler/Documents/grip-claude/ios/Pods/StripeUICore/StripeUICore/StripeUICore/Source/Validators/STPEmailAddressValidator.swift (in target 'StripeUICore' from project 'Pods')
    cd /Users/kharyfiler/Documents/grip-claude/ios/Pods
    

SwiftCompile normal arm64 /Users/kharyfiler/Documents/grip-claude/ios/Pods/StripeUICore/StripeUICore/StripeUICore/Source/Helpers/STPLocalizedString.swift (in target 'StripeUICore' from project 'Pods')
    cd /Users/kharyfiler/Documents/grip-claude/ios/Pods
    

SwiftCompile normal arm64 /Users/kharyfiler/Documents/grip-claude/ios/Pods/StripeUICore/StripeUICore/StripeUICore/Source/Validators/STPVPANumberValidator.swift (in target 'StripeUICore' from project 'Pods')
    cd /Users/kharyfiler/Documents/grip-claude/ios/Pods
    

SwiftCompile normal arm64 /Users/kharyfiler/Documents/grip-claude/ios/Pods/StripeUICore/StripeUICore/StripeUICore/Source/Helpers/String+CountryEmoji.swift (in target 'StripeUICore' from project 'Pods')
    cd /Users/kharyfiler/Documents/grip-claude/ios/Pods
    

SwiftCompile normal arm64 /Users/kharyfiler/Documents/grip-claude/ios/Pods/StripeUICore/StripeUICore/StripeUICore/Source/Helpers/String+Localized.swift (in target 'StripeUICore' from project 'Pods')
    cd /Users/kharyfiler/Documents/grip-claude/ios/Pods
    

Copy /Users/kharyfiler/Library/Developer/Xcode/DerivedData/Gripah-gptnnpiwslcswlcpylqwkddqyprw/Build/Products/Debug-iphonesimulator/StripeApplePay/StripeApplePay.swiftmodule/arm64-apple-ios-simulator.abi.json /Users/kharyfiler/Library/Developer/Xcode/DerivedData/Gripah-gptnnpiwslcswlcpylqwkddqyprw/Build/Intermediates.noindex/Pods.build/Debug-iphonesimulator/StripeApplePay.build/Objects-normal/arm64/StripeApplePay.abi.json (in target 'StripeApplePay' from project 'Pods')
    cd /Users/kharyfiler/Documents/grip-claude/ios/Pods
    builtin-copy -exclude .DS_Store -exclude CVS -exclude .svn -exclude .git -exclude .hg -resolve-src-symlinks -rename /Users/kharyfiler/Library/Developer/Xcode/DerivedData/Gripah-gptnnpiwslcswlcpylqwkddqyprw/Build/Intermediates.noindex/Pods.build/Debug-iphonesimulator/StripeApplePay.build/Objects-normal/arm64/StripeApplePay.abi.json /Users/kharyfiler/Library/Developer/Xcode/DerivedData/Gripah-gptnnpiwslcswlcpylqwkddqyprw/Build/Products/Debug-iphonesimulator/StripeApplePay/StripeApplePay.swiftmodule/arm64-apple-ios-simulator.abi.json

SwiftDriverJobDiscovery normal arm64 Compiling SetupIntentParams.swift, ShippingDetails.swift, STPAnalyticsClient+Payments.swift (in target 'StripeApplePay' from project 'Pods')

SwiftCompile normal arm64 Compiling\ ActivityIndicator.swift,\ AddressSectionElement.swift,\ AddressSectionElement+DummyAddressLine.swift,\ AddressSpec.swift,\ AddressSpec+ElementFactory.swift,\ AddressSpecProvider.swift,\ BankRoutingNumber.swift,\ BSBNumberProvider.swift /Users/kharyfiler/Documents/grip-claude/ios/Pods/StripeUICore/StripeUICore/StripeUICore/Source/Controls/ActivityIndicator.swift /Users/kharyfiler/Documents/grip-claude/ios/Pods/StripeUICore/StripeUICore/StripeUICore/Source/Elements/Factories/Address/AddressSectionElement.swift /Users/kharyfiler/Documents/grip-claude/ios/Pods/StripeUICore/StripeUICore/StripeUICore/Source/Elements/Factories/Address/AddressSectionElement+DummyAddressLine.swift /Users/kharyfiler/Documents/grip-claude/ios/Pods/StripeUICore/StripeUICore/StripeUICore/Source/Elements/Factories/Address/AddressSpec.swift /Users/kharyfiler/Documents/grip-claude/ios/Pods/StripeUICore/StripeUICore/StripeUICore/Source/Elements/Factories/Address/AddressSpec+ElementFactory.swift /Users/kharyfiler/Documents/grip-claude/ios/Pods/StripeUICore/StripeUICore/StripeUICore/Source/Elements/Factories/Address/AddressSpecProvider.swift /Users/kharyfiler/Documents/grip-claude/ios/Pods/StripeUICore/StripeUICore/StripeUICore/Source/Validators/BankRoutingNumber.swift /Users/kharyfiler/Documents/grip-claude/ios/Pods/StripeUICore/StripeUICore/StripeUICore/Source/Elements/Factories/BSB/BSBNumberProvider.swift (in target 'StripeUICore' from project 'Pods')

SwiftCompile normal arm64 /Users/kharyfiler/Documents/grip-claude/ios/Pods/StripeUICore/StripeUICore/StripeUICore/Source/Controls/ActivityIndicator.swift (in target 'StripeUICore' from project 'Pods')
    cd /Users/kharyfiler/Documents/grip-claude/ios/Pods
    

SwiftCompile normal arm64 /Users/kharyfiler/Documents/grip-claude/ios/Pods/StripeUICore/StripeUICore/StripeUICore/Source/Elements/Factories/Address/AddressSectionElement.swift (in target 'StripeUICore' from project 'Pods')
    cd /Users/kharyfiler/Documents/grip-claude/ios/Pods
    

SwiftCompile normal arm64 /Users/kharyfiler/Documents/grip-claude/ios/Pods/StripeUICore/StripeUICore/StripeUICore/Source/Elements/Factories/Address/AddressSectionElement+DummyAddressLine.swift (in target 'StripeUICore' from project 'Pods')
    cd /Users/kharyfiler/Documents/grip-claude/ios/Pods
    

SwiftCompile normal arm64 /Users/kharyfiler/Documents/grip-claude/ios/Pods/StripeUICore/StripeUICore/StripeUICore/Source/Elements/Factories/Address/AddressSpec.swift (in target 'StripeUICore' from project 'Pods')
    cd /Users/kharyfiler/Documents/grip-claude/ios/Pods
    

SwiftCompile normal arm64 /Users/kharyfiler/Documents/grip-claude/ios/Pods/StripeUICore/StripeUICore/StripeUICore/Source/Elements/Factories/Address/AddressSpec+ElementFactory.swift (in target 'StripeUICore' from project 'Pods')
    cd /Users/kharyfiler/Documents/grip-claude/ios/Pods
    

SwiftCompile normal arm64 /Users/kharyfiler/Documents/grip-claude/ios/Pods/StripeUICore/StripeUICore/StripeUICore/Source/Elements/Factories/Address/AddressSpecProvider.swift (in target 'StripeUICore' from project 'Pods')
    cd /Users/kharyfiler/Documents/grip-claude/ios/Pods
    

SwiftCompile normal arm64 /Users/kharyfiler/Documents/grip-claude/ios/Pods/StripeUICore/StripeUICore/StripeUICore/Source/Validators/BankRoutingNumber.swift (in target 'StripeUICore' from project 'Pods')
    cd /Users/kharyfiler/Documents/grip-claude/ios/Pods
    

SwiftCompile normal arm64 /Users/kharyfiler/Documents/grip-claude/ios/Pods/StripeUICore/StripeUICore/StripeUICore/Source/Elements/Factories/BSB/BSBNumberProvider.swift (in target 'StripeUICore' from project 'Pods')
    cd /Users/kharyfiler/Documents/grip-claude/ios/Pods
    

SwiftCompile normal arm64 Compiling\ Button.swift,\ CALayer+StripeUICore.swift,\ CheckboxButton.swift,\ CheckboxElement.swift,\ CompatibleColor.swift,\ ContainerElement.swift,\ DateFieldElement.swift,\ DoneButtonToolbar.swift /Users/kharyfiler/Documents/grip-claude/ios/Pods/StripeUICore/StripeUICore/StripeUICore/Source/Controls/Button.swift /Users/kharyfiler/Documents/grip-claude/ios/Pods/StripeUICore/StripeUICore/StripeUICore/Source/Categories/CALayer+StripeUICore.swift /Users/kharyfiler/Documents/grip-claude/ios/Pods/StripeUICore/StripeUICore/StripeUICore/Source/Elements/Checkbox/CheckboxButton.swift /Users/kharyfiler/Documents/grip-claude/ios/Pods/StripeUICore/StripeUICore/StripeUICore/Source/Elements/Checkbox/CheckboxElement.swift /Users/kharyfiler/Documents/grip-claude/ios/Pods/StripeUICore/StripeUICore/StripeUICore/Source/Helpers/CompatibleColor.swift /Users/kharyfiler/Documents/grip-claude/ios/Pods/StripeUICore/StripeUICore/StripeUICore/Source/Elements/ContainerElement.swift /Users/kharyfiler/Documents/grip-claude/ios/Pods/StripeUICore/StripeUICore/StripeUICore/Source/Elements/DateFieldElement.swift /Users/kharyfiler/Documents/grip-claude/ios/Pods/StripeUICore/StripeUICore/StripeUICore/Source/Views/DoneButtonToolbar.swift (in target 'StripeUICore' from project 'Pods')

SwiftCompile normal arm64 /Users/kharyfiler/Documents/grip-claude/ios/Pods/StripeUICore/StripeUICore/StripeUICore/Source/Controls/Button.swift (in target 'StripeUICore' from project 'Pods')
    cd /Users/kharyfiler/Documents/grip-claude/ios/Pods
    

SwiftCompile normal arm64 /Users/kharyfiler/Documents/grip-claude/ios/Pods/StripeUICore/StripeUICore/StripeUICore/Source/Categories/CALayer+StripeUICore.swift (in target 'StripeUICore' from project 'Pods')
    cd /Users/kharyfiler/Documents/grip-claude/ios/Pods
    

SwiftCompile normal arm64 /Users/kharyfiler/Documents/grip-claude/ios/Pods/StripeUICore/StripeUICore/StripeUICore/Source/Elements/Checkbox/CheckboxButton.swift (in target 'StripeUICore' from project 'Pods')
    cd /Users/kharyfiler/Documents/grip-claude/ios/Pods
    

SwiftCompile normal arm64 /Users/kharyfiler/Documents/grip-claude/ios/Pods/StripeUICore/StripeUICore/StripeUICore/Source/Elements/Checkbox/CheckboxElement.swift (in target 'StripeUICore' from project 'Pods')
    cd /Users/kharyfiler/Documents/grip-claude/ios/Pods
    

SwiftCompile normal arm64 /Users/kharyfiler/Documents/grip-claude/ios/Pods/StripeUICore/StripeUICore/StripeUICore/Source/Helpers/CompatibleColor.swift (in target 'StripeUICore' from project 'Pods')
    cd /Users/kharyfiler/Documents/grip-claude/ios/Pods
    

SwiftCompile normal arm64 /Users/kharyfiler/Documents/grip-claude/ios/Pods/StripeUICore/StripeUICore/StripeUICore/Source/Elements/ContainerElement.swift (in target 'StripeUICore' from project 'Pods')
    cd /Users/kharyfiler/Documents/grip-claude/ios/Pods
    

SwiftCompile normal arm64 /Users/kharyfiler/Documents/grip-claude/ios/Pods/StripeUICore/StripeUICore/StripeUICore/Source/Elements/DateFieldElement.swift (in target 'StripeUICore' from project 'Pods')
    cd /Users/kharyfiler/Documents/grip-claude/ios/Pods
    

SwiftCompile normal arm64 /Users/kharyfiler/Documents/grip-claude/ios/Pods/StripeUICore/StripeUICore/StripeUICore/Source/Views/DoneButtonToolbar.swift (in target 'StripeUICore' from project 'Pods')
    cd /Users/kharyfiler/Documents/grip-claude/ios/Pods
    

SwiftDriverJobDiscovery normal arm64 Compiling PaymentIntent+API.swift, PaymentIntentParams.swift, PaymentMethod.swift (in target 'StripeApplePay' from project 'Pods')

SwiftCompile normal arm64 Compiling\ PickerFieldView.swift,\ PickerTextField.swift,\ RegionCodeProvider.swift,\ SectionContainerView.swift,\ SectionElement.swift,\ SectionElement+MultiElementRow.swift,\ SectionSelectionBehavior.swift,\ SectionView.swift /Users/kharyfiler/Documents/grip-claude/ios/Pods/StripeUICore/StripeUICore/StripeUICore/Source/Elements/PickerField/PickerFieldView.swift /Users/kharyfiler/Documents/grip-claude/ios/Pods/StripeUICore/StripeUICore/StripeUICore/Source/Elements/PickerField/PickerTextField.swift /Users/kharyfiler/Documents/grip-claude/ios/Pods/StripeUICore/StripeUICore/StripeUICore/Source/Helpers/RegionCodeProvider.swift /Users/kharyfiler/Documents/grip-claude/ios/Pods/StripeUICore/StripeUICore/StripeUICore/Source/Elements/Section/SectionContainerView.swift /Users/kharyfiler/Documents/grip-claude/ios/Pods/StripeUICore/StripeUICore/StripeUICore/Source/Elements/Section/SectionElement.swift /Users/kharyfiler/Documents/grip-claude/ios/Pods/StripeUICore/StripeUICore/StripeUICore/Source/Elements/Section/SectionElement+MultiElementRow.swift /Users/kharyfiler/Documents/grip-claude/ios/Pods/StripeUICore/StripeUICore/StripeUICore/Source/Elements/Section/SectionSelectionBehavior.swift /Users/kharyfiler/Documents/grip-claude/ios/Pods/StripeUICore/StripeUICore/StripeUICore/Source/Elements/Section/SectionView.swift (in target 'StripeUICore' from project 'Pods')

SwiftCompile normal arm64 /Users/kharyfiler/Documents/grip-claude/ios/Pods/StripeUICore/StripeUICore/StripeUICore/Source/Elements/PickerField/PickerFieldView.swift (in target 'StripeUICore' from project 'Pods')
    cd /Users/kharyfiler/Documents/grip-claude/ios/Pods
    

SwiftCompile normal arm64 /Users/kharyfiler/Documents/grip-claude/ios/Pods/StripeUICore/StripeUICore/StripeUICore/Source/Elements/PickerField/PickerTextField.swift (in target 'StripeUICore' from project 'Pods')
    cd /Users/kharyfiler/Documents/grip-claude/ios/Pods
    

SwiftCompile normal arm64 /Users/kharyfiler/Documents/grip-claude/ios/Pods/StripeUICore/StripeUICore/StripeUICore/Source/Helpers/RegionCodeProvider.swift (in target 'StripeUICore' from project 'Pods')
    cd /Users/kharyfiler/Documents/grip-claude/ios/Pods
    

SwiftCompile normal arm64 /Users/kharyfiler/Documents/grip-claude/ios/Pods/StripeUICore/StripeUICore/StripeUICore/Source/Elements/Section/SectionContainerView.swift (in target 'StripeUICore' from project 'Pods')
    cd /Users/kharyfiler/Documents/grip-claude/ios/Pods
    

SwiftCompile normal arm64 /Users/kharyfiler/Documents/grip-claude/ios/Pods/StripeUICore/StripeUICore/StripeUICore/Source/Elements/Section/SectionElement.swift (in target 'StripeUICore' from project 'Pods')
    cd /Users/kharyfiler/Documents/grip-claude/ios/Pods
    

SwiftCompile normal arm64 /Users/kharyfiler/Documents/grip-claude/ios/Pods/StripeUICore/StripeUICore/StripeUICore/Source/Elements/Section/SectionElement+MultiElementRow.swift (in target 'StripeUICore' from project 'Pods')
    cd /Users/kharyfiler/Documents/grip-claude/ios/Pods
    

SwiftCompile normal arm64 /Users/kharyfiler/Documents/grip-claude/ios/Pods/StripeUICore/StripeUICore/StripeUICore/Source/Elements/Section/SectionSelectionBehavior.swift (in target 'StripeUICore' from project 'Pods')
    cd /Users/kharyfiler/Documents/grip-claude/ios/Pods
    

SwiftCompile normal arm64 /Users/kharyfiler/Documents/grip-claude/ios/Pods/StripeUICore/StripeUICore/StripeUICore/Source/Elements/Section/SectionView.swift (in target 'StripeUICore' from project 'Pods')
    cd /Users/kharyfiler/Documents/grip-claude/ios/Pods
    

SwiftDriverJobDiscovery normal arm64 Compiling STPAPIClient+PaymentsCore.swift, STPApplePayContext.swift (in target 'StripeApplePay' from project 'Pods')

SwiftCompile normal arm64 Compiling\ String+RegionCodeProvider.swift,\ StripeUICoreBundleLocator.swift,\ SubtitleElement.swift,\ TextFieldElement.swift,\ TextFieldElement+AccountFactory.swift,\ TextFieldElement+AddressFactory.swift,\ TextFieldElement+Factory.swift,\ TextFieldElement+Validation.swift /Users/kharyfiler/Documents/grip-claude/ios/Pods/StripeUICore/StripeUICore/StripeUICore/Source/Helpers/String+RegionCodeProvider.swift /Users/kharyfiler/Documents/grip-claude/ios/Pods/StripeUICore/StripeUICore/StripeUICore/Source/Helpers/StripeUICoreBundleLocator.swift /Users/kharyfiler/Documents/grip-claude/ios/Pods/StripeUICore/StripeUICore/StripeUICore/Source/Elements/SubtitleElement.swift /Users/kharyfiler/Documents/grip-claude/ios/Pods/StripeUICore/StripeUICore/StripeUICore/Source/Elements/TextField/TextFieldElement.swift /Users/kharyfiler/Documents/grip-claude/ios/Pods/StripeUICore/StripeUICore/StripeUICore/Source/Elements/Factories/TextFieldElement+AccountFactory.swift /Users/kharyfiler/Documents/grip-claude/ios/Pods/StripeUICore/StripeUICore/StripeUICore/Source/Elements/Factories/TextFieldElement+AddressFactory.swift /Users/kharyfiler/Documents/grip-claude/ios/Pods/StripeUICore/StripeUICore/StripeUICore/Source/Elements/Factories/TextFieldElement+Factory.swift /Users/kharyfiler/Documents/grip-claude/ios/Pods/StripeUICore/StripeUICore/StripeUICore/Source/Elements/TextField/TextFieldElement+Validation.swift (in target 'StripeUICore' from project 'Pods')

SwiftCompile normal arm64 /Users/kharyfiler/Documents/grip-claude/ios/Pods/StripeUICore/StripeUICore/StripeUICore/Source/Helpers/String+RegionCodeProvider.swift (in target 'StripeUICore' from project 'Pods')
    cd /Users/kharyfiler/Documents/grip-claude/ios/Pods
    

SwiftCompile normal arm64 /Users/kharyfiler/Documents/grip-claude/ios/Pods/StripeUICore/StripeUICore/StripeUICore/Source/Helpers/StripeUICoreBundleLocator.swift (in target 'StripeUICore' from project 'Pods')
    cd /Users/kharyfiler/Documents/grip-claude/ios/Pods
    

SwiftCompile normal arm64 /Users/kharyfiler/Documents/grip-claude/ios/Pods/StripeUICore/StripeUICore/StripeUICore/Source/Elements/SubtitleElement.swift (in target 'StripeUICore' from project 'Pods')
    cd /Users/kharyfiler/Documents/grip-claude/ios/Pods
    

SwiftCompile normal arm64 /Users/kharyfiler/Documents/grip-claude/ios/Pods/StripeUICore/StripeUICore/StripeUICore/Source/Elements/TextField/TextFieldElement.swift (in target 'StripeUICore' from project 'Pods')
    cd /Users/kharyfiler/Documents/grip-claude/ios/Pods
    

SwiftCompile normal arm64 /Users/kharyfiler/Documents/grip-claude/ios/Pods/StripeUICore/StripeUICore/StripeUICore/Source/Elements/Factories/TextFieldElement+AccountFactory.swift (in target 'StripeUICore' from project 'Pods')
    cd /Users/kharyfiler/Documents/grip-claude/ios/Pods
    

SwiftCompile normal arm64 /Users/kharyfiler/Documents/grip-claude/ios/Pods/StripeUICore/StripeUICore/StripeUICore/Source/Elements/Factories/TextFieldElement+AddressFactory.swift (in target 'StripeUICore' from project 'Pods')
    cd /Users/kharyfiler/Documents/grip-claude/ios/Pods
    

SwiftCompile normal arm64 /Users/kharyfiler/Documents/grip-claude/ios/Pods/StripeUICore/StripeUICore/StripeUICore/Source/Elements/Factories/TextFieldElement+Factory.swift (in target 'StripeUICore' from project 'Pods')
    cd /Users/kharyfiler/Documents/grip-claude/ios/Pods
    

SwiftCompile normal arm64 /Users/kharyfiler/Documents/grip-claude/ios/Pods/StripeUICore/StripeUICore/StripeUICore/Source/Elements/TextField/TextFieldElement+Validation.swift (in target 'StripeUICore' from project 'Pods')
    cd /Users/kharyfiler/Documents/grip-claude/ios/Pods
    

SwiftDriverJobDiscovery normal arm64 Emitting module for Auth0 (in target 'Auth0' from project 'Pods')

SwiftDriver\ Compilation\ Requirements Auth0 normal arm64 com.apple.xcode.tools.swift.compiler (in target 'Auth0' from project 'Pods')
    cd /Users/kharyfiler/Documents/grip-claude/ios/Pods
    builtin-Swift-Compilation-Requirements -- /Applications/Xcode.app/Contents/Developer/Toolchains/XcodeDefault.xctoolchain/usr/bin/swiftc -module-name Auth0 -Onone -enforce-exclusivity\=checked @/Users/kharyfiler/Library/Developer/Xcode/DerivedData/Gripah-gptnnpiwslcswlcpylqwkddqyprw/Build/Intermediates.noindex/Pods.build/Debug-iphonesimulator/Auth0.build/Objects-normal/arm64/Auth0.SwiftFileList -DWEB_AUTH_PLATFORM -DPASSKEYS_PLATFORM -D COCOAPODS -Xcc -fmodule-map-file\=/Users/kharyfiler/Library/Developer/Xcode/DerivedData/Gripah-gptnnpiwslcswlcpylqwkddqyprw/Build/Products/Debug-iphonesimulator/JWTDecode/JWTDecode.modulemap -Xcc -fmodule-map-file\=/Users/kharyfiler/Library/Developer/Xcode/DerivedData/Gripah-gptnnpiwslcswlcpylqwkddqyprw/Build/Products/Debug-iphonesimulator/SimpleKeychain/SimpleKeychain.modulemap -import-underlying-module -Xcc -fmodule-map-file\=/Users/kharyfiler/Documents/grip-claude/ios/Pods/Headers/Public/Auth0/Auth0.modulemap -enable-bare-slash-regex -enable-experimental-feature DebugDescriptionMacro -sdk /Applications/Xcode.app/Contents/Developer/Platforms/iPhoneSimulator.platform/Developer/SDKs/iPhoneSimulator26.2.sdk -target arm64-apple-ios15.1-simulator -g -module-cache-path /Users/kharyfiler/Library/Developer/Xcode/DerivedData/ModuleCache.noindex -Xfrontend -serialize-debugging-options -enable-testing -index-store-path /Users/kharyfiler/Library/Developer/Xcode/DerivedData/Gripah-gptnnpiwslcswlcpylqwkddqyprw/Index.noindex/DataStore -Xcc -D_LIBCPP_HARDENING_MODE\=_LIBCPP_HARDENING_MODE_DEBUG -swift-version 5 -I /Users/kharyfiler/Library/Developer/Xcode/DerivedData/Gripah-gptnnpiwslcswlcpylqwkddqyprw/Build/Products/Debug-iphonesimulator/Auth0 -I /Users/kharyfiler/Library/Developer/Xcode/DerivedData/Gripah-gptnnpiwslcswlcpylqwkddqyprw/Build/Products/Debug-iphonesimulator/JWTDecode -I /Users/kharyfiler/Library/Developer/Xcode/DerivedData/Gripah-gptnnpiwslcswlcpylqwkddqyprw/Build/Products/Debug-iphonesimulator/SimpleKeychain -F /Users/kharyfiler/Library/Developer/Xcode/DerivedData/Gripah-gptnnpiwslcswlcpylqwkddqyprw/Build/Products/Debug-iphonesimulator/Auth0 -c -j10 -enable-batch-mode -incremental -Xcc -ivfsstatcache -Xcc /Users/kharyfiler/Library/Developer/Xcode/DerivedData/SDKStatCaches.noindex/iphonesimulator26.2-23C53-3885c01c3e6b6a337905948deab2002e7d00a8b37fbd7999ea79df8ebc024bf0.sdkstatcache -output-file-map /Users/kharyfiler/Library/Developer/Xcode/DerivedData/Gripah-gptnnpiwslcswlcpylqwkddqyprw/Build/Intermediates.noindex/Pods.build/Debug-iphonesimulator/Auth0.build/Objects-normal/arm64/Auth0-OutputFileMap.json -use-frontend-parseable-output -save-temps -no-color-diagnostics -explicit-module-build -module-cache-path /Users/kharyfiler/Library/Developer/Xcode/DerivedData/Gripah-gptnnpiwslcswlcpylqwkddqyprw/Build/Intermediates.noindex/SwiftExplicitPrecompiledModules -clang-scanner-module-cache-path /Users/kharyfiler/Library/Developer/Xcode/DerivedData/ModuleCache.noindex -sdk-module-cache-path /Users/kharyfiler/Library/Developer/Xcode/DerivedData/ModuleCache.noindex -serialize-diagnostics -emit-dependencies -emit-module -emit-module-path /Users/kharyfiler/Library/Developer/Xcode/DerivedData/Gripah-gptnnpiwslcswlcpylqwkddqyprw/Build/Intermediates.noindex/Pods.build/Debug-iphonesimulator/Auth0.build/Objects-normal/arm64/Auth0.swiftmodule -validate-clang-modules-once -clang-build-session-file /Users/kharyfiler/Library/Developer/Xcode/DerivedData/ModuleCache.noindex/Session.modulevalidation -Xcc -I/Users/kharyfiler/Library/Developer/Xcode/DerivedData/Gripah-gptnnpiwslcswlcpylqwkddqyprw/Build/Intermediates.noindex/Pods.build/Debug-iphonesimulator/Auth0.build/swift-overrides.hmap -emit-const-values -Xfrontend -const-gather-protocols-file -Xfrontend /Users/kharyfiler/Library/Developer/Xcode/DerivedData/Gripah-gptnnpiwslcswlcpylqwkddqyprw/Build/Intermediates.noindex/Pods.build/Debug-iphonesimulator/Auth0.build/Objects-normal/arm64/Auth0_const_extract_protocols.json -Xcc -iquote -Xcc /Users/kharyfiler/Library/Developer/Xcode/DerivedData/Gripah-gptnnpiwslcswlcpylqwkddqyprw/Build/Intermediates.noindex/Pods.build/Debug-iphonesimulator/Auth0.build/Auth0-generated-files.hmap -Xcc -I/Users/kharyfiler/Library/Developer/Xcode/DerivedData/Gripah-gptnnpiwslcswlcpylqwkddqyprw/Build/Intermediates.noindex/Pods.build/Debug-iphonesimulator/Auth0.build/Auth0-own-target-headers.hmap -Xcc -I/Users/kharyfiler/Library/Developer/Xcode/DerivedData/Gripah-gptnnpiwslcswlcpylqwkddqyprw/Build/Intermediates.noindex/Pods.build/Debug-iphonesimulator/Auth0.build/Auth0-all-non-framework-target-headers.hmap -Xcc -ivfsoverlay -Xcc /Users/kharyfiler/Library/Developer/Xcode/DerivedData/Gripah-gptnnpiwslcswlcpylqwkddqyprw/Build/Intermediates.noindex/Pods.build/Debug-iphonesimulator/Pods-8699adb1dd336b26511df848a716bd42-VFS-iphonesimulator/all-product-headers.yaml -Xcc -iquote -Xcc /Users/kharyfiler/Library/Developer/Xcode/DerivedData/Gripah-gptnnpiwslcswlcpylqwkddqyprw/Build/Intermediates.noindex/Pods.build/Debug-iphonesimulator/Auth0.build/Auth0-project-headers.hmap -Xcc -I/Users/kharyfiler/Library/Developer/Xcode/DerivedData/Gripah-gptnnpiwslcswlcpylqwkddqyprw/Build/Products/Debug-iphonesimulator/Auth0/include -Xcc -I/Users/kharyfiler/Library/Developer/Xcode/DerivedData/Gripah-gptnnpiwslcswlcpylqwkddqyprw/Build/Intermediates.noindex/Pods.build/Debug-iphonesimulator/Auth0.build/DerivedSources-normal/arm64 -Xcc -I/Users/kharyfiler/Library/Developer/Xcode/DerivedData/Gripah-gptnnpiwslcswlcpylqwkddqyprw/Build/Intermediates.noindex/Pods.build/Debug-iphonesimulator/Auth0.build/DerivedSources/arm64 -Xcc -I/Users/kharyfiler/Library/Developer/Xcode/DerivedData/Gripah-gptnnpiwslcswlcpylqwkddqyprw/Build/Intermediates.noindex/Pods.build/Debug-iphonesimulator/Auth0.build/DerivedSources -Xcc -DPOD_CONFIGURATION_DEBUG\=1 -Xcc -DDEBUG\=1 -Xcc -DCOCOAPODS\=1 -emit-objc-header -emit-objc-header-path /Users/kharyfiler/Library/Developer/Xcode/DerivedData/Gripah-gptnnpiwslcswlcpylqwkddqyprw/Build/Intermediates.noindex/Pods.build/Debug-iphonesimulator/Auth0.build/Objects-normal/arm64/Auth0-Swift.h -working-directory /Users/kharyfiler/Documents/grip-claude/ios/Pods -experimental-emit-module-separately -disable-cmo

SwiftDriverJobDiscovery normal arm64 Compiling DropdownFieldElement.swift, DropdownFieldElement+AddressFactory.swift, DynamicHeightContainerView.swift, DynamicImageView.swift, Element.swift, ElementsUI.swift, Enums+CustomStringConvertible.swift, Events.swift (in target 'StripeUICore' from project 'Pods')

SwiftCompile normal arm64 Compiling\ TextFieldElementConfiguration.swift,\ TextFieldFormatter.swift,\ TextFieldView.swift,\ TextOrDropdownElement.swift,\ UIBarButtonItem+StripeUICore.swift,\ UIButton+StripeUICore.swift,\ UIColor+StripeUICore.swift,\ UIFont+StripeUICore.swift /Users/kharyfiler/Documents/grip-claude/ios/Pods/StripeUICore/StripeUICore/StripeUICore/Source/Elements/TextField/TextFieldElementConfiguration.swift /Users/kharyfiler/Documents/grip-claude/ios/Pods/StripeUICore/StripeUICore/StripeUICore/Source/Elements/TextField/TextFieldFormatter.swift /Users/kharyfiler/Documents/grip-claude/ios/Pods/StripeUICore/StripeUICore/StripeUICore/Source/Elements/TextField/TextFieldView.swift /Users/kharyfiler/Documents/grip-claude/ios/Pods/StripeUICore/StripeUICore/StripeUICore/Source/Elements/TextOrDropdownElement.swift /Users/kharyfiler/Documents/grip-claude/ios/Pods/StripeUICore/StripeUICore/StripeUICore/Source/Categories/UIBarButtonItem+StripeUICore.swift /Users/kharyfiler/Documents/grip-claude/ios/Pods/StripeUICore/StripeUICore/StripeUICore/Source/Categories/UIButton+StripeUICore.swift /Users/kharyfiler/Documents/grip-claude/ios/Pods/StripeUICore/StripeUICore/StripeUICore/Source/Categories/UIColor+StripeUICore.swift /Users/kharyfiler/Documents/grip-claude/ios/Pods/StripeUICore/StripeUICore/StripeUICore/Source/Categories/UIFont+StripeUICore.swift (in target 'StripeUICore' from project 'Pods')

SwiftCompile normal arm64 /Users/kharyfiler/Documents/grip-claude/ios/Pods/StripeUICore/StripeUICore/StripeUICore/Source/Elements/TextField/TextFieldElementConfiguration.swift (in target 'StripeUICore' from project 'Pods')
    cd /Users/kharyfiler/Documents/grip-claude/ios/Pods
    

SwiftCompile normal arm64 /Users/kharyfiler/Documents/grip-claude/ios/Pods/StripeUICore/StripeUICore/StripeUICore/Source/Elements/TextField/TextFieldFormatter.swift (in target 'StripeUICore' from project 'Pods')
    cd /Users/kharyfiler/Documents/grip-claude/ios/Pods
    

SwiftCompile normal arm64 /Users/kharyfiler/Documents/grip-claude/ios/Pods/StripeUICore/StripeUICore/StripeUICore/Source/Elements/TextField/TextFieldView.swift (in target 'StripeUICore' from project 'Pods')
    cd /Users/kharyfiler/Documents/grip-claude/ios/Pods
    

SwiftCompile normal arm64 /Users/kharyfiler/Documents/grip-claude/ios/Pods/StripeUICore/StripeUICore/StripeUICore/Source/Elements/TextOrDropdownElement.swift (in target 'StripeUICore' from project 'Pods')
    cd /Users/kharyfiler/Documents/grip-claude/ios/Pods
    

SwiftCompile normal arm64 /Users/kharyfiler/Documents/grip-claude/ios/Pods/StripeUICore/StripeUICore/StripeUICore/Source/Categories/UIBarButtonItem+StripeUICore.swift (in target 'StripeUICore' from project 'Pods')
    cd /Users/kharyfiler/Documents/grip-claude/ios/Pods
    

SwiftCompile normal arm64 /Users/kharyfiler/Documents/grip-claude/ios/Pods/StripeUICore/StripeUICore/StripeUICore/Source/Categories/UIButton+StripeUICore.swift (in target 'StripeUICore' from project 'Pods')
    cd /Users/kharyfiler/Documents/grip-claude/ios/Pods
    

SwiftCompile normal arm64 /Users/kharyfiler/Documents/grip-claude/ios/Pods/StripeUICore/StripeUICore/StripeUICore/Source/Categories/UIColor+StripeUICore.swift (in target 'StripeUICore' from project 'Pods')
    cd /Users/kharyfiler/Documents/grip-claude/ios/Pods
    

SwiftCompile normal arm64 /Users/kharyfiler/Documents/grip-claude/ios/Pods/StripeUICore/StripeUICore/StripeUICore/Source/Categories/UIFont+StripeUICore.swift (in target 'StripeUICore' from project 'Pods')
    cd /Users/kharyfiler/Documents/grip-claude/ios/Pods
    

Copy /Users/kharyfiler/Library/Developer/Xcode/DerivedData/Gripah-gptnnpiwslcswlcpylqwkddqyprw/Build/Products/Debug-iphonesimulator/Auth0/Auth0.swiftmodule/arm64-apple-ios-simulator.abi.json /Users/kharyfiler/Library/Developer/Xcode/DerivedData/Gripah-gptnnpiwslcswlcpylqwkddqyprw/Build/Intermediates.noindex/Pods.build/Debug-iphonesimulator/Auth0.build/Objects-normal/arm64/Auth0.abi.json (in target 'Auth0' from project 'Pods')
    cd /Users/kharyfiler/Documents/grip-claude/ios/Pods
    builtin-copy -exclude .DS_Store -exclude CVS -exclude .svn -exclude .git -exclude .hg -resolve-src-symlinks -rename /Users/kharyfiler/Library/Developer/Xcode/DerivedData/Gripah-gptnnpiwslcswlcpylqwkddqyprw/Build/Intermediates.noindex/Pods.build/Debug-iphonesimulator/Auth0.build/Objects-normal/arm64/Auth0.abi.json /Users/kharyfiler/Library/Developer/Xcode/DerivedData/Gripah-gptnnpiwslcswlcpylqwkddqyprw/Build/Products/Debug-iphonesimulator/Auth0/Auth0.swiftmodule/arm64-apple-ios-simulator.abi.json

SwiftDriverJobDiscovery normal arm64 Compiling StackViewWithSeparator.swift, StaticElement.swift, STPBlikCodeValidator.swift, STPEmailAddressValidator.swift, STPLocalizedString.swift, STPVPANumberValidator.swift, String+CountryEmoji.swift, String+Localized.swift (in target 'StripeUICore' from project 'Pods')

SwiftCompile normal arm64 Compiling\ UIKeyboardType+StripeUICore.swift,\ UISpringTimingParameters+StripeUICore.swift,\ UIStackView+StripeUICore.swift,\ UITraitCollection+StripeUICore.swift,\ UIView+StripeUICore.swift,\ UIViewController+StripeUICore.swift,\ UIWindow+StripeUICore.swift /Users/kharyfiler/Documents/grip-claude/ios/Pods/StripeUICore/StripeUICore/StripeUICore/Source/Categories/UIKeyboardType+StripeUICore.swift /Users/kharyfiler/Documents/grip-claude/ios/Pods/StripeUICore/StripeUICore/StripeUICore/Source/Categories/UISpringTimingParameters+StripeUICore.swift /Users/kharyfiler/Documents/grip-claude/ios/Pods/StripeUICore/StripeUICore/StripeUICore/Source/Categories/UIStackView+StripeUICore.swift /Users/kharyfiler/Documents/grip-claude/ios/Pods/StripeUICore/StripeUICore/StripeUICore/Source/Categories/UITraitCollection+StripeUICore.swift /Users/kharyfiler/Documents/grip-claude/ios/Pods/StripeUICore/StripeUICore/StripeUICore/Source/Categories/UIView+StripeUICore.swift /Users/kharyfiler/Documents/grip-claude/ios/Pods/StripeUICore/StripeUICore/StripeUICore/Source/Categories/UIViewController+StripeUICore.swift /Users/kharyfiler/Documents/grip-claude/ios/Pods/StripeUICore/StripeUICore/StripeUICore/Source/Categories/UIWindow+StripeUICore.swift (in target 'StripeUICore' from project 'Pods')

SwiftCompile normal arm64 /Users/kharyfiler/Documents/grip-claude/ios/Pods/StripeUICore/StripeUICore/StripeUICore/Source/Categories/UIKeyboardType+StripeUICore.swift (in target 'StripeUICore' from project 'Pods')
    cd /Users/kharyfiler/Documents/grip-claude/ios/Pods
    

SwiftCompile normal arm64 /Users/kharyfiler/Documents/grip-claude/ios/Pods/StripeUICore/StripeUICore/StripeUICore/Source/Categories/UISpringTimingParameters+StripeUICore.swift (in target 'StripeUICore' from project 'Pods')
    cd /Users/kharyfiler/Documents/grip-claude/ios/Pods
    

SwiftCompile normal arm64 /Users/kharyfiler/Documents/grip-claude/ios/Pods/StripeUICore/StripeUICore/StripeUICore/Source/Categories/UIStackView+StripeUICore.swift (in target 'StripeUICore' from project 'Pods')
    cd /Users/kharyfiler/Documents/grip-claude/ios/Pods
    

SwiftCompile normal arm64 /Users/kharyfiler/Documents/grip-claude/ios/Pods/StripeUICore/StripeUICore/StripeUICore/Source/Categories/UITraitCollection+StripeUICore.swift (in target 'StripeUICore' from project 'Pods')
    cd /Users/kharyfiler/Documents/grip-claude/ios/Pods
    

SwiftCompile normal arm64 /Users/kharyfiler/Documents/grip-claude/ios/Pods/StripeUICore/StripeUICore/StripeUICore/Source/Categories/UIView+StripeUICore.swift (in target 'StripeUICore' from project 'Pods')
    cd /Users/kharyfiler/Documents/grip-claude/ios/Pods
    

SwiftCompile normal arm64 /Users/kharyfiler/Documents/grip-claude/ios/Pods/StripeUICore/StripeUICore/StripeUICore/Source/Categories/UIViewController+StripeUICore.swift (in target 'StripeUICore' from project 'Pods')
    cd /Users/kharyfiler/Documents/grip-claude/ios/Pods
    

SwiftCompile normal arm64 /Users/kharyfiler/Documents/grip-claude/ios/Pods/StripeUICore/StripeUICore/StripeUICore/Source/Categories/UIWindow+StripeUICore.swift (in target 'StripeUICore' from project 'Pods')
    cd /Users/kharyfiler/Documents/grip-claude/ios/Pods
    

SwiftCompile normal arm64 Compiling\ Address.swift,\ BillingDetails.swift,\ BillingDetails+ApplePay.swift /Users/kharyfiler/Documents/grip-claude/ios/Pods/StripeApplePay/StripeApplePay/StripeApplePay/Source/PaymentsCore/API/Models/Address.swift /Users/kharyfiler/Documents/grip-claude/ios/Pods/StripeApplePay/StripeApplePay/StripeApplePay/Source/PaymentsCore/API/Models/BillingDetails.swift /Users/kharyfiler/Documents/grip-claude/ios/Pods/StripeApplePay/StripeApplePay/StripeApplePay/Source/Extensions/BillingDetails+ApplePay.swift (in target 'StripeApplePay' from project 'Pods')

SwiftCompile normal arm64 /Users/kharyfiler/Documents/grip-claude/ios/Pods/StripeApplePay/StripeApplePay/StripeApplePay/Source/PaymentsCore/API/Models/Address.swift (in target 'StripeApplePay' from project 'Pods')
    cd /Users/kharyfiler/Documents/grip-claude/ios/Pods
    

SwiftCompile normal arm64 /Users/kharyfiler/Documents/grip-claude/ios/Pods/StripeApplePay/StripeApplePay/StripeApplePay/Source/PaymentsCore/API/Models/BillingDetails.swift (in target 'StripeApplePay' from project 'Pods')
    cd /Users/kharyfiler/Documents/grip-claude/ios/Pods
    

SwiftCompile normal arm64 /Users/kharyfiler/Documents/grip-claude/ios/Pods/StripeApplePay/StripeApplePay/StripeApplePay/Source/Extensions/BillingDetails+ApplePay.swift (in target 'StripeApplePay' from project 'Pods')
    cd /Users/kharyfiler/Documents/grip-claude/ios/Pods
    

SwiftDriverJobDiscovery normal arm64 Emitting module for StripeUICore (in target 'StripeUICore' from project 'Pods')

SwiftDriver\ Compilation\ Requirements StripeUICore normal arm64 com.apple.xcode.tools.swift.compiler (in target 'StripeUICore' from project 'Pods')
    cd /Users/kharyfiler/Documents/grip-claude/ios/Pods
    builtin-Swift-Compilation-Requirements -- /Applications/Xcode.app/Contents/Developer/Toolchains/XcodeDefault.xctoolchain/usr/bin/swiftc -module-name StripeUICore -Onone -enforce-exclusivity\=checked @/Users/kharyfiler/Library/Developer/Xcode/DerivedData/Gripah-gptnnpiwslcswlcpylqwkddqyprw/Build/Intermediates.noindex/Pods.build/Debug-iphonesimulator/StripeUICore.build/Objects-normal/arm64/StripeUICore.SwiftFileList -DDEBUG -D COCOAPODS -Xcc -fmodule-map-file\=/Users/kharyfiler/Library/Developer/Xcode/DerivedData/Gripah-gptnnpiwslcswlcpylqwkddqyprw/Build/Products/Debug-iphonesimulator/StripeCore/StripeCore.modulemap -import-underlying-module -Xcc -fmodule-map-file\=/Users/kharyfiler/Documents/grip-claude/ios/Pods/Headers/Public/StripeUICore/StripeUICore.modulemap -enable-bare-slash-regex -enable-experimental-feature DebugDescriptionMacro -sdk /Applications/Xcode.app/Contents/Developer/Platforms/iPhoneSimulator.platform/Developer/SDKs/iPhoneSimulator26.2.sdk -target arm64-apple-ios15.1-simulator -g -module-cache-path /Users/kharyfiler/Library/Developer/Xcode/DerivedData/ModuleCache.noindex -Xfrontend -serialize-debugging-options -enable-testing -index-store-path /Users/kharyfiler/Library/Developer/Xcode/DerivedData/Gripah-gptnnpiwslcswlcpylqwkddqyprw/Index.noindex/DataStore -Xcc -D_LIBCPP_HARDENING_MODE\=_LIBCPP_HARDENING_MODE_DEBUG -swift-version 5 -I /Users/kharyfiler/Library/Developer/Xcode/DerivedData/Gripah-gptnnpiwslcswlcpylqwkddqyprw/Build/Products/Debug-iphonesimulator/StripeUICore -I /Users/kharyfiler/Library/Developer/Xcode/DerivedData/Gripah-gptnnpiwslcswlcpylqwkddqyprw/Build/Products/Debug-iphonesimulator/StripeCore -F /Users/kharyfiler/Library/Developer/Xcode/DerivedData/Gripah-gptnnpiwslcswlcpylqwkddqyprw/Build/Products/Debug-iphonesimulator/StripeUICore -c -j10 -enable-batch-mode -incremental -Xcc -ivfsstatcache -Xcc /Users/kharyfiler/Library/Developer/Xcode/DerivedData/SDKStatCaches.noindex/iphonesimulator26.2-23C53-3885c01c3e6b6a337905948deab2002e7d00a8b37fbd7999ea79df8ebc024bf0.sdkstatcache -output-file-map /Users/kharyfiler/Library/Developer/Xcode/DerivedData/Gripah-gptnnpiwslcswlcpylqwkddqyprw/Build/Intermediates.noindex/Pods.build/Debug-iphonesimulator/StripeUICore.build/Objects-normal/arm64/StripeUICore-OutputFileMap.json -use-frontend-parseable-output -save-temps -no-color-diagnostics -explicit-module-build -module-cache-path /Users/kharyfiler/Library/Developer/Xcode/DerivedData/Gripah-gptnnpiwslcswlcpylqwkddqyprw/Build/Intermediates.noindex/SwiftExplicitPrecompiledModules -clang-scanner-module-cache-path /Users/kharyfiler/Library/Developer/Xcode/DerivedData/ModuleCache.noindex -sdk-module-cache-path /Users/kharyfiler/Library/Developer/Xcode/DerivedData/ModuleCache.noindex -serialize-diagnostics -emit-dependencies -emit-module -emit-module-path /Users/kharyfiler/Library/Developer/Xcode/DerivedData/Gripah-gptnnpiwslcswlcpylqwkddqyprw/Build/Intermediates.noindex/Pods.build/Debug-iphonesimulator/StripeUICore.build/Objects-normal/arm64/StripeUICore.swiftmodule -validate-clang-modules-once -clang-build-session-file /Users/kharyfiler/Library/Developer/Xcode/DerivedData/ModuleCache.noindex/Session.modulevalidation -Xcc -I/Users/kharyfiler/Library/Developer/Xcode/DerivedData/Gripah-gptnnpiwslcswlcpylqwkddqyprw/Build/Intermediates.noindex/Pods.build/Debug-iphonesimulator/StripeUICore.build/swift-overrides.hmap -emit-const-values -Xfrontend -const-gather-protocols-file -Xfrontend /Users/kharyfiler/Library/Developer/Xcode/DerivedData/Gripah-gptnnpiwslcswlcpylqwkddqyprw/Build/Intermediates.noindex/Pods.build/Debug-iphonesimulator/StripeUICore.build/Objects-normal/arm64/StripeUICore_const_extract_protocols.json -Xcc -iquote -Xcc /Users/kharyfiler/Library/Developer/Xcode/DerivedData/Gripah-gptnnpiwslcswlcpylqwkddqyprw/Build/Intermediates.noindex/Pods.build/Debug-iphonesimulator/StripeUICore.build/StripeUICore-generated-files.hmap -Xcc -I/Users/kharyfiler/Library/Developer/Xcode/DerivedData/Gripah-gptnnpiwslcswlcpylqwkddqyprw/Build/Intermediates.noindex/Pods.build/Debug-iphonesimulator/StripeUICore.build/StripeUICore-own-target-headers.hmap -Xcc -I/Users/kharyfiler/Library/Developer/Xcode/DerivedData/Gripah-gptnnpiwslcswlcpylqwkddqyprw/Build/Intermediates.noindex/Pods.build/Debug-iphonesimulator/StripeUICore.build/StripeUICore-all-non-framework-target-headers.hmap -Xcc -ivfsoverlay -Xcc /Users/kharyfiler/Library/Developer/Xcode/DerivedData/Gripah-gptnnpiwslcswlcpylqwkddqyprw/Build/Intermediates.noindex/Pods.build/Debug-iphonesimulator/Pods-8699adb1dd336b26511df848a716bd42-VFS-iphonesimulator/all-product-headers.yaml -Xcc -iquote -Xcc /Users/kharyfiler/Library/Developer/Xcode/DerivedData/Gripah-gptnnpiwslcswlcpylqwkddqyprw/Build/Intermediates.noindex/Pods.build/Debug-iphonesimulator/StripeUICore.build/StripeUICore-project-headers.hmap -Xcc -I/Users/kharyfiler/Library/Developer/Xcode/DerivedData/Gripah-gptnnpiwslcswlcpylqwkddqyprw/Build/Products/Debug-iphonesimulator/StripeUICore/include -Xcc -I/Users/kharyfiler/Library/Developer/Xcode/DerivedData/Gripah-gptnnpiwslcswlcpylqwkddqyprw/Build/Intermediates.noindex/Pods.build/Debug-iphonesimulator/StripeUICore.build/DerivedSources-normal/arm64 -Xcc -I/Users/kharyfiler/Library/Developer/Xcode/DerivedData/Gripah-gptnnpiwslcswlcpylqwkddqyprw/Build/Intermediates.noindex/Pods.build/Debug-iphonesimulator/StripeUICore.build/DerivedSources/arm64 -Xcc -I/Users/kharyfiler/Library/Developer/Xcode/DerivedData/Gripah-gptnnpiwslcswlcpylqwkddqyprw/Build/Intermediates.noindex/Pods.build/Debug-iphonesimulator/StripeUICore.build/DerivedSources -Xcc -DPOD_CONFIGURATION_DEBUG\=1 -Xcc -DDEBUG\=1 -Xcc -DCOCOAPODS\=1 -emit-objc-header -emit-objc-header-path /Users/kharyfiler/Library/Developer/Xcode/DerivedData/Gripah-gptnnpiwslcswlcpylqwkddqyprw/Build/Intermediates.noindex/Pods.build/Debug-iphonesimulator/StripeUICore.build/Objects-normal/arm64/StripeUICore-Swift.h -working-directory /Users/kharyfiler/Documents/grip-claude/ios/Pods -experimental-emit-module-separately -disable-cmo

SwiftDriverJobDiscovery normal arm64 Compiling FloatingPlaceholderTextFieldView.swift, FormElement.swift, FormView.swift, IDNumberTextFieldConfiguration.swift, Image.swift, ImageMaker.swift, InputFormColors.swift, LinkOpeningTextView.swift (in target 'StripeUICore' from project 'Pods')

SwiftCompile normal arm64 Compiling\ PaymentMethod+API.swift,\ PaymentMethodParams.swift,\ PKContact+Stripe.swift /Users/kharyfiler/Documents/grip-claude/ios/Pods/StripeApplePay/StripeApplePay/StripeApplePay/Source/PaymentsCore/API/PaymentMethod+API.swift /Users/kharyfiler/Documents/grip-claude/ios/Pods/StripeApplePay/StripeApplePay/StripeApplePay/Source/PaymentsCore/API/Models/PaymentMethodParams.swift /Users/kharyfiler/Documents/grip-claude/ios/Pods/StripeApplePay/StripeApplePay/StripeApplePay/Source/Extensions/PKContact+Stripe.swift (in target 'StripeApplePay' from project 'Pods')

SwiftCompile normal arm64 /Users/kharyfiler/Documents/grip-claude/ios/Pods/StripeApplePay/StripeApplePay/StripeApplePay/Source/PaymentsCore/API/PaymentMethod+API.swift (in target 'StripeApplePay' from project 'Pods')
    cd /Users/kharyfiler/Documents/grip-claude/ios/Pods
    

SwiftCompile normal arm64 /Users/kharyfiler/Documents/grip-claude/ios/Pods/StripeApplePay/StripeApplePay/StripeApplePay/Source/PaymentsCore/API/Models/PaymentMethodParams.swift (in target 'StripeApplePay' from project 'Pods')
    cd /Users/kharyfiler/Documents/grip-claude/ios/Pods
    

SwiftCompile normal arm64 /Users/kharyfiler/Documents/grip-claude/ios/Pods/StripeApplePay/StripeApplePay/StripeApplePay/Source/Extensions/PKContact+Stripe.swift (in target 'StripeApplePay' from project 'Pods')
    cd /Users/kharyfiler/Documents/grip-claude/ios/Pods
    

Copy /Users/kharyfiler/Library/Developer/Xcode/DerivedData/Gripah-gptnnpiwslcswlcpylqwkddqyprw/Build/Products/Debug-iphonesimulator/StripeUICore/StripeUICore.swiftmodule/arm64-apple-ios-simulator.abi.json /Users/kharyfiler/Library/Developer/Xcode/DerivedData/Gripah-gptnnpiwslcswlcpylqwkddqyprw/Build/Intermediates.noindex/Pods.build/Debug-iphonesimulator/StripeUICore.build/Objects-normal/arm64/StripeUICore.abi.json (in target 'StripeUICore' from project 'Pods')
    cd /Users/kharyfiler/Documents/grip-claude/ios/Pods
    builtin-copy -exclude .DS_Store -exclude CVS -exclude .svn -exclude .git -exclude .hg -resolve-src-symlinks -rename /Users/kharyfiler/Library/Developer/Xcode/DerivedData/Gripah-gptnnpiwslcswlcpylqwkddqyprw/Build/Intermediates.noindex/Pods.build/Debug-iphonesimulator/StripeUICore.build/Objects-normal/arm64/StripeUICore.abi.json /Users/kharyfiler/Library/Developer/Xcode/DerivedData/Gripah-gptnnpiwslcswlcpylqwkddqyprw/Build/Products/Debug-iphonesimulator/StripeUICore/StripeUICore.swiftmodule/arm64-apple-ios-simulator.abi.json

SwiftDriverJobDiscovery normal arm64 Compiling ActivityIndicator.swift, AddressSectionElement.swift, AddressSectionElement+DummyAddressLine.swift, AddressSpec.swift, AddressSpec+ElementFactory.swift, AddressSpecProvider.swift, BankRoutingNumber.swift, BSBNumberProvider.swift (in target 'StripeUICore' from project 'Pods')

SwiftCompile normal arm64 Compiling\ Blocks.swift,\ CardBrand.swift,\ PaymentIntent.swift /Users/kharyfiler/Documents/grip-claude/ios/Pods/StripeApplePay/StripeApplePay/StripeApplePay/Source/Blocks.swift /Users/kharyfiler/Documents/grip-claude/ios/Pods/StripeApplePay/StripeApplePay/StripeApplePay/Source/PaymentsCore/API/Models/CardBrand.swift /Users/kharyfiler/Documents/grip-claude/ios/Pods/StripeApplePay/StripeApplePay/StripeApplePay/Source/PaymentsCore/API/Models/PaymentIntent.swift (in target 'StripeApplePay' from project 'Pods')

SwiftCompile normal arm64 /Users/kharyfiler/Documents/grip-claude/ios/Pods/StripeApplePay/StripeApplePay/StripeApplePay/Source/Blocks.swift (in target 'StripeApplePay' from project 'Pods')
    cd /Users/kharyfiler/Documents/grip-claude/ios/Pods
    

SwiftCompile normal arm64 /Users/kharyfiler/Documents/grip-claude/ios/Pods/StripeApplePay/StripeApplePay/StripeApplePay/Source/PaymentsCore/API/Models/CardBrand.swift (in target 'StripeApplePay' from project 'Pods')
    cd /Users/kharyfiler/Documents/grip-claude/ios/Pods
    

SwiftCompile normal arm64 /Users/kharyfiler/Documents/grip-claude/ios/Pods/StripeApplePay/StripeApplePay/StripeApplePay/Source/PaymentsCore/API/Models/PaymentIntent.swift (in target 'StripeApplePay' from project 'Pods')
    cd /Users/kharyfiler/Documents/grip-claude/ios/Pods
    

SwiftCompile normal arm64 Compiling\ STPAnalyticsClient+PaymentsAPI.swift,\ STPAPIClient+ApplePay.swift /Users/kharyfiler/Documents/grip-claude/ios/Pods/StripeApplePay/StripeApplePay/StripeApplePay/Source/PaymentsCore/Analytics/STPAnalyticsClient+PaymentsAPI.swift /Users/kharyfiler/Documents/grip-claude/ios/Pods/StripeApplePay/StripeApplePay/StripeApplePay/Source/ApplePayContext/STPAPIClient+ApplePay.swift (in target 'StripeApplePay' from project 'Pods')

SwiftCompile normal arm64 /Users/kharyfiler/Documents/grip-claude/ios/Pods/StripeApplePay/StripeApplePay/StripeApplePay/Source/PaymentsCore/Analytics/STPAnalyticsClient+PaymentsAPI.swift (in target 'StripeApplePay' from project 'Pods')
    cd /Users/kharyfiler/Documents/grip-claude/ios/Pods
    

SwiftCompile normal arm64 /Users/kharyfiler/Documents/grip-claude/ios/Pods/StripeApplePay/StripeApplePay/StripeApplePay/Source/ApplePayContext/STPAPIClient+ApplePay.swift (in target 'StripeApplePay' from project 'Pods')
    cd /Users/kharyfiler/Documents/grip-claude/ios/Pods
    

SwiftDriverJobDiscovery normal arm64 Compiling PickerFieldView.swift, PickerTextField.swift, RegionCodeProvider.swift, SectionContainerView.swift, SectionElement.swift, SectionElement+MultiElementRow.swift, SectionSelectionBehavior.swift, SectionView.swift (in target 'StripeUICore' from project 'Pods')

SwiftCompile normal arm64 Compiling\ PKPayment+Stripe.swift,\ SetupIntent.swift,\ SetupIntent+API.swift /Users/kharyfiler/Documents/grip-claude/ios/Pods/StripeApplePay/StripeApplePay/StripeApplePay/Source/Extensions/PKPayment+Stripe.swift /Users/kharyfiler/Documents/grip-claude/ios/Pods/StripeApplePay/StripeApplePay/StripeApplePay/Source/PaymentsCore/API/Models/SetupIntent.swift /Users/kharyfiler/Documents/grip-claude/ios/Pods/StripeApplePay/StripeApplePay/StripeApplePay/Source/PaymentsCore/API/SetupIntent+API.swift (in target 'StripeApplePay' from project 'Pods')

SwiftCompile normal arm64 /Users/kharyfiler/Documents/grip-claude/ios/Pods/StripeApplePay/StripeApplePay/StripeApplePay/Source/Extensions/PKPayment+Stripe.swift (in target 'StripeApplePay' from project 'Pods')
    cd /Users/kharyfiler/Documents/grip-claude/ios/Pods
    

SwiftCompile normal arm64 /Users/kharyfiler/Documents/grip-claude/ios/Pods/StripeApplePay/StripeApplePay/StripeApplePay/Source/PaymentsCore/API/Models/SetupIntent.swift (in target 'StripeApplePay' from project 'Pods')
    cd /Users/kharyfiler/Documents/grip-claude/ios/Pods
    

SwiftCompile normal arm64 /Users/kharyfiler/Documents/grip-claude/ios/Pods/StripeApplePay/StripeApplePay/StripeApplePay/Source/PaymentsCore/API/SetupIntent+API.swift (in target 'StripeApplePay' from project 'Pods')
    cd /Users/kharyfiler/Documents/grip-claude/ios/Pods
    

SwiftDriverJobDiscovery normal arm64 Compiling Address.swift, BillingDetails.swift, BillingDetails+ApplePay.swift (in target 'StripeApplePay' from project 'Pods')

SwiftCompile normal arm64 Compiling\ MobileWebAuth.swift,\ MultifactorChallenge.swift,\ MyAccount.swift,\ MyAccountAuthenticationMethods.swift,\ MyAccountError.swift,\ MyAccountHandlers.swift,\ NewPasskey.swift,\ NSData+URLSafe.swift,\ NSURL+Auth0.swift,\ NSURLComponents+OAuth2.swift /Users/kharyfiler/Documents/grip-claude/ios/Pods/Auth0/Auth0/MobileWebAuth.swift /Users/kharyfiler/Documents/grip-claude/ios/Pods/Auth0/Auth0/MultifactorChallenge.swift /Users/kharyfiler/Documents/grip-claude/ios/Pods/Auth0/Auth0/MyAccount/MyAccount.swift /Users/kharyfiler/Documents/grip-claude/ios/Pods/Auth0/Auth0/MyAccount/AuthenticationMethods/MyAccountAuthenticationMethods.swift /Users/kharyfiler/Documents/grip-claude/ios/Pods/Auth0/Auth0/MyAccount/MyAccountError.swift /Users/kharyfiler/Documents/grip-claude/ios/Pods/Auth0/Auth0/MyAccount/MyAccountHandlers.swift /Users/kharyfiler/Documents/grip-claude/ios/Pods/Auth0/Auth0/NewPasskey.swift /Users/kharyfiler/Documents/grip-claude/ios/Pods/Auth0/Auth0/NSData+URLSafe.swift /Users/kharyfiler/Documents/grip-claude/ios/Pods/Auth0/Auth0/NSURL+Auth0.swift /Users/kharyfiler/Documents/grip-claude/ios/Pods/Auth0/Auth0/NSURLComponents+OAuth2.swift (in target 'Auth0' from project 'Pods')
SwiftCompile normal arm64 /Users/kharyfiler/Documents/grip-claude/ios/Pods/Auth0/Auth0/MobileWebAuth.swift (in target 'Auth0' from project 'Pods')
    cd /Users/kharyfiler/Documents/grip-claude/ios/Pods
    
/Users/kharyfiler/Documents/grip-claude/ios/Pods/Auth0/Auth0/MobileWebAuth.swift:17:40: warning: 'windows' was deprecated in iOS 15.0: Use UIWindowScene.windows on a relevant window scene instead
        return UIApplication.shared()?.windows.last(where: \.isKeyWindow) ?? ASPresentationAnchor()
                                       ^

SwiftCompile normal arm64 /Users/kharyfiler/Documents/grip-claude/ios/Pods/Auth0/Auth0/MultifactorChallenge.swift (in target 'Auth0' from project 'Pods')
    cd /Users/kharyfiler/Documents/grip-claude/ios/Pods
    

SwiftCompile normal arm64 /Users/kharyfiler/Documents/grip-claude/ios/Pods/Auth0/Auth0/MyAccount/MyAccount.swift (in target 'Auth0' from project 'Pods')
    cd /Users/kharyfiler/Documents/grip-claude/ios/Pods
    

SwiftCompile normal arm64 /Users/kharyfiler/Documents/grip-claude/ios/Pods/Auth0/Auth0/MyAccount/AuthenticationMethods/MyAccountAuthenticationMethods.swift (in target 'Auth0' from project 'Pods')
    cd /Users/kharyfiler/Documents/grip-claude/ios/Pods
    

SwiftCompile normal arm64 /Users/kharyfiler/Documents/grip-claude/ios/Pods/Auth0/Auth0/MyAccount/MyAccountError.swift (in target 'Auth0' from project 'Pods')
    cd /Users/kharyfiler/Documents/grip-claude/ios/Pods
    

SwiftCompile normal arm64 /Users/kharyfiler/Documents/grip-claude/ios/Pods/Auth0/Auth0/MyAccount/MyAccountHandlers.swift (in target 'Auth0' from project 'Pods')
    cd /Users/kharyfiler/Documents/grip-claude/ios/Pods
    

SwiftCompile normal arm64 /Users/kharyfiler/Documents/grip-claude/ios/Pods/Auth0/Auth0/NewPasskey.swift (in target 'Auth0' from project 'Pods')
    cd /Users/kharyfiler/Documents/grip-claude/ios/Pods
    

SwiftCompile normal arm64 /Users/kharyfiler/Documents/grip-claude/ios/Pods/Auth0/Auth0/NSData+URLSafe.swift (in target 'Auth0' from project 'Pods')
    cd /Users/kharyfiler/Documents/grip-claude/ios/Pods
    

SwiftCompile normal arm64 /Users/kharyfiler/Documents/grip-claude/ios/Pods/Auth0/Auth0/NSURL+Auth0.swift (in target 'Auth0' from project 'Pods')
    cd /Users/kharyfiler/Documents/grip-claude/ios/Pods
    

SwiftCompile normal arm64 /Users/kharyfiler/Documents/grip-claude/ios/Pods/Auth0/Auth0/NSURLComponents+OAuth2.swift (in target 'Auth0' from project 'Pods')
    cd /Users/kharyfiler/Documents/grip-claude/ios/Pods
    

SwiftDriverJobDiscovery normal arm64 Compiling UIKeyboardType+StripeUICore.swift, UISpringTimingParameters+StripeUICore.swift, UIStackView+StripeUICore.swift, UITraitCollection+StripeUICore.swift, UIView+StripeUICore.swift, UIViewController+StripeUICore.swift, UIWindow+StripeUICore.swift (in target 'StripeUICore' from project 'Pods')

CompileC /Users/kharyfiler/Library/Developer/Xcode/DerivedData/Gripah-gptnnpiwslcswlcpylqwkddqyprw/Build/Intermediates.noindex/Pods.build/Debug-iphonesimulator/react-native-slider.build/Objects-normal/arm64/RNCSliderComponentView.o /Users/kharyfiler/Documents/grip-claude/node_modules/@react-native-community/slider/ios/RNCSliderComponentView.mm normal arm64 objective-c++ com.apple.compilers.llvm.clang.1_0.compiler (in target 'react-native-slider' from project 'Pods')
    cd /Users/kharyfiler/Documents/grip-claude/ios/Pods
    
    Using response file: /Users/kharyfiler/Library/Developer/Xcode/DerivedData/Gripah-gptnnpiwslcswlcpylqwkddqyprw/Build/Intermediates.noindex/Pods.build/Debug-iphonesimulator/react-native-slider.build/Objects-normal/arm64/af3fcb34312c57c0f52879cdce924b91-common-args.resp
    
    /Applications/Xcode.app/Contents/Developer/Toolchains/XcodeDefault.xctoolchain/usr/bin/clang -x objective-c++ -ivfsstatcache /Users/kharyfiler/Library/Developer/Xcode/DerivedData/SDKStatCaches.noindex/iphonesimulator26.2-23C53-3885c01c3e6b6a337905948deab2002e7d00a8b37fbd7999ea79df8ebc024bf0.sdkstatcache -fmessage-length\=0 -fdiagnostics-show-note-include-stack -fmacro-backtrace-limit\=0 -fno-color-diagnostics -fmodules-prune-interval\=86400 -fmodules-prune-after\=345600 -fbuild-session-file\=/Users/kharyfiler/Library/Developer/Xcode/DerivedData/ModuleCache.noindex/Session.modulevalidation -fmodules-validate-once-per-build-session -Wnon-modular-include-in-framework-module -Werror\=non-modular-include-in-framework-module -Wno-trigraphs -Wno-missing-field-initializers -Wno-missing-prototypes -Werror\=return-type -Wdocumentation -Wunreachable-code -Wno-implicit-atomic-properties -Werror\=deprecated-objc-isa-usage -Wno-objc-interface-ivars -Werror\=objc-root-class -Wno-arc-repeated-use-of-weak -Wimplicit-retain-self -Wno-non-virtual-dtor -Wno-overloaded-virtual -Wno-exit-time-destructors -Wduplicate-method-match -Wno-missing-braces -Wparentheses -Wswitch -Wunused-function -Wno-unused-label -Wno-unused-parameter -Wunused-variable -Wunused-value -Wempty-body -Wuninitialized -Wconditional-uninitialized -Wno-unknown-pragmas -Wno-shadow -Wno-four-char-constants -Wno-conversion -Wconstant-conversion -Wint-conversion -Wbool-conversion -Wenum-conversion -Wno-float-conversion -Wnon-literal-null-conversion -Wobjc-literal-conversion -Wshorten-64-to-32 -Wno-newline-eof -Wno-selector -Wno-strict-selector-match -Wundeclared-selector -Wdeprecated-implementations -Wno-c++11-extensions -Wno-implicit-fallthrough -fstrict-aliasing -Wprotocol -Wdeprecated-declarations -Winvalid-offsetof -Wno-sign-conversion -Winfinite-recursion -Wmove -Wcomma -Wblock-capture-autoreleasing -Wstrict-prototypes -Wrange-loop-analysis -Wno-semicolon-before-method-body -Wunguarded-availability -index-store-path /Users/kharyfiler/Library/Developer/Xcode/DerivedData/Gripah-gptnnpiwslcswlcpylqwkddqyprw/Index.noindex/DataStore @/Users/kharyfiler/Library/Developer/Xcode/DerivedData/Gripah-gptnnpiwslcswlcpylqwkddqyprw/Build/Intermediates.noindex/Pods.build/Debug-iphonesimulator/react-native-slider.build/Objects-normal/arm64/af3fcb34312c57c0f52879cdce924b91-common-args.resp -include /Users/kharyfiler/Documents/grip-claude/ios/Pods/Target\ Support\ Files/react-native-slider/react-native-slider-prefix.pch -MMD -MT dependencies -MF /Users/kharyfiler/Library/Developer/Xcode/DerivedData/Gripah-gptnnpiwslcswlcpylqwkddqyprw/Build/Intermediates.noindex/Pods.build/Debug-iphonesimulator/react-native-slider.build/Objects-normal/arm64/RNCSliderComponentView.d --serialize-diagnostics /Users/kharyfiler/Library/Developer/Xcode/DerivedData/Gripah-gptnnpiwslcswlcpylqwkddqyprw/Build/Intermediates.noindex/Pods.build/Debug-iphonesimulator/react-native-slider.build/Objects-normal/arm64/RNCSliderComponentView.dia -c /Users/kharyfiler/Documents/grip-claude/node_modules/@react-native-community/slider/ios/RNCSliderComponentView.mm -o /Users/kharyfiler/Library/Developer/Xcode/DerivedData/Gripah-gptnnpiwslcswlcpylqwkddqyprw/Build/Intermediates.noindex/Pods.build/Debug-iphonesimulator/react-native-slider.build/Objects-normal/arm64/RNCSliderComponentView.o -index-unit-output-path /Pods.build/Debug-iphonesimulator/react-native-slider.build/Objects-normal/arm64/RNCSliderComponentView.o
/Users/kharyfiler/Documents/grip-claude/node_modules/@react-native-community/slider/ios/RNCSliderComponentView.mm:5:9: fatal error: 'react/renderer/components/RNCSlider/RNCSliderComponentDescriptor.h' file not found
    5 | #import <react/renderer/components/RNCSlider/RNCSliderComponentDescriptor.h>
      |         ^~~~~~~~~~~~~~~~~~~~~~~~~~~~~~~~~~~~~~~~~~~~~~~~~~~~~~~~~~~~~~~~~~~~
1 error generated.

SwiftDriverJobDiscovery normal arm64 Compiling PaymentMethod+API.swift, PaymentMethodParams.swift, PKContact+Stripe.swift (in target 'StripeApplePay' from project 'Pods')

CompileC /Users/kharyfiler/Library/Developer/Xcode/DerivedData/Gripah-gptnnpiwslcswlcpylqwkddqyprw/Build/Intermediates.noindex/Pods.build/Debug-iphonesimulator/ReactAppDependencyProvider.build/Objects-normal/arm64/RCTAppDependencyProvider.o /Users/kharyfiler/Documents/grip-claude/ios/build/generated/ios/RCTAppDependencyProvider.mm normal arm64 objective-c++ com.apple.compilers.llvm.clang.1_0.compiler (in target 'ReactAppDependencyProvider' from project 'Pods')
    cd /Users/kharyfiler/Documents/grip-claude/ios/Pods
    
    Using response file: /Users/kharyfiler/Library/Developer/Xcode/DerivedData/Gripah-gptnnpiwslcswlcpylqwkddqyprw/Build/Intermediates.noindex/Pods.build/Debug-iphonesimulator/ReactAppDependencyProvider.build/Objects-normal/arm64/af3fcb34312c57c0f52879cdce924b91-common-args.resp
    
    /Applications/Xcode.app/Contents/Developer/Toolchains/XcodeDefault.xctoolchain/usr/bin/clang -x objective-c++ -ivfsstatcache /Users/kharyfiler/Library/Developer/Xcode/DerivedData/SDKStatCaches.noindex/iphonesimulator26.2-23C53-3885c01c3e6b6a337905948deab2002e7d00a8b37fbd7999ea79df8ebc024bf0.sdkstatcache -fmessage-length\=0 -fdiagnostics-show-note-include-stack -fmacro-backtrace-limit\=0 -fno-color-diagnostics -fmodules-prune-interval\=86400 -fmodules-prune-after\=345600 -fbuild-session-file\=/Users/kharyfiler/Library/Developer/Xcode/DerivedData/ModuleCache.noindex/Session.modulevalidation -fmodules-validate-once-per-build-session -Wnon-modular-include-in-framework-module -Werror\=non-modular-include-in-framework-module -Wno-trigraphs -Wno-missing-field-initializers -Wno-missing-prototypes -Werror\=return-type -Wdocumentation -Wunreachable-code -Wno-implicit-atomic-properties -Werror\=deprecated-objc-isa-usage -Wno-objc-interface-ivars -Werror\=objc-root-class -Wno-arc-repeated-use-of-weak -Wimplicit-retain-self -Wno-non-virtual-dtor -Wno-overloaded-virtual -Wno-exit-time-destructors -Wduplicate-method-match -Wno-missing-braces -Wparentheses -Wswitch -Wunused-function -Wno-unused-label -Wno-unused-parameter -Wunused-variable -Wunused-value -Wempty-body -Wuninitialized -Wconditional-uninitialized -Wno-unknown-pragmas -Wno-shadow -Wno-four-char-constants -Wno-conversion -Wconstant-conversion -Wint-conversion -Wbool-conversion -Wenum-conversion -Wno-float-conversion -Wnon-literal-null-conversion -Wobjc-literal-conversion -Wshorten-64-to-32 -Wno-newline-eof -Wno-selector -Wno-strict-selector-match -Wundeclared-selector -Wdeprecated-implementations -Wno-c++11-extensions -Wno-implicit-fallthrough -fstrict-aliasing -Wprotocol -Wdeprecated-declarations -Winvalid-offsetof -Wno-sign-conversion -Winfinite-recursion -Wmove -Wcomma -Wblock-capture-autoreleasing -Wstrict-prototypes -Wrange-loop-analysis -Wno-semicolon-before-method-body -Wunguarded-availability -index-store-path /Users/kharyfiler/Library/Developer/Xcode/DerivedData/Gripah-gptnnpiwslcswlcpylqwkddqyprw/Index.noindex/DataStore @/Users/kharyfiler/Library/Developer/Xcode/DerivedData/Gripah-gptnnpiwslcswlcpylqwkddqyprw/Build/Intermediates.noindex/Pods.build/Debug-iphonesimulator/ReactAppDependencyProvider.build/Objects-normal/arm64/af3fcb34312c57c0f52879cdce924b91-common-args.resp -include /Users/kharyfiler/Documents/grip-claude/ios/Pods/Target\ Support\ Files/ReactAppDependencyProvider/ReactAppDependencyProvider-prefix.pch -MMD -MT dependencies -MF /Users/kharyfiler/Library/Developer/Xcode/DerivedData/Gripah-gptnnpiwslcswlcpylqwkddqyprw/Build/Intermediates.noindex/Pods.build/Debug-iphonesimulator/ReactAppDependencyProvider.build/Objects-normal/arm64/RCTAppDependencyProvider.d --serialize-diagnostics /Users/kharyfiler/Library/Developer/Xcode/DerivedData/Gripah-gptnnpiwslcswlcpylqwkddqyprw/Build/Intermediates.noindex/Pods.build/Debug-iphonesimulator/ReactAppDependencyProvider.build/Objects-normal/arm64/RCTAppDependencyProvider.dia -c /Users/kharyfiler/Documents/grip-claude/ios/build/generated/ios/RCTAppDependencyProvider.mm -o /Users/kharyfiler/Library/Developer/Xcode/DerivedData/Gripah-gptnnpiwslcswlcpylqwkddqyprw/Build/Intermediates.noindex/Pods.build/Debug-iphonesimulator/ReactAppDependencyProvider.build/Objects-normal/arm64/RCTAppDependencyProvider.o -index-unit-output-path /Pods.build/Debug-iphonesimulator/ReactAppDependencyProvider.build/Objects-normal/arm64/RCTAppDependencyProvider.o

SwiftDriverJobDiscovery normal arm64 Compiling String+RegionCodeProvider.swift, StripeUICoreBundleLocator.swift, SubtitleElement.swift, TextFieldElement.swift, TextFieldElement+AccountFactory.swift, TextFieldElement+AddressFactory.swift, TextFieldElement+Factory.swift, TextFieldElement+Validation.swift (in target 'StripeUICore' from project 'Pods')

CompileC /Users/kharyfiler/Library/Developer/Xcode/DerivedData/Gripah-gptnnpiwslcswlcpylqwkddqyprw/Build/Intermediates.noindex/Pods.build/Debug-iphonesimulator/RNGoogleMobileAds.build/Objects-normal/arm64/RNGoogleMobileAdsFullScreenAd.o /Users/kharyfiler/Documents/grip-claude/node_modules/react-native-google-mobile-ads/ios/RNGoogleMobileAds/RNGoogleMobileAdsFullScreenAd.mm normal arm64 objective-c++ com.apple.compilers.llvm.clang.1_0.compiler (in target 'RNGoogleMobileAds' from project 'Pods')
    cd /Users/kharyfiler/Documents/grip-claude/ios/Pods
    
    Using response file: /Users/kharyfiler/Library/Developer/Xcode/DerivedData/Gripah-gptnnpiwslcswlcpylqwkddqyprw/Build/Intermediates.noindex/Pods.build/Debug-iphonesimulator/RNGoogleMobileAds.build/Objects-normal/arm64/af3fcb34312c57c0f52879cdce924b91-common-args.resp
    
    /Applications/Xcode.app/Contents/Developer/Toolchains/XcodeDefault.xctoolchain/usr/bin/clang -x objective-c++ -ivfsstatcache /Users/kharyfiler/Library/Developer/Xcode/DerivedData/SDKStatCaches.noindex/iphonesimulator26.2-23C53-3885c01c3e6b6a337905948deab2002e7d00a8b37fbd7999ea79df8ebc024bf0.sdkstatcache -fmessage-length\=0 -fdiagnostics-show-note-include-stack -fmacro-backtrace-limit\=0 -fno-color-diagnostics -fmodules-prune-interval\=86400 -fmodules-prune-after\=345600 -fbuild-session-file\=/Users/kharyfiler/Library/Developer/Xcode/DerivedData/ModuleCache.noindex/Session.modulevalidation -fmodules-validate-once-per-build-session -Wnon-modular-include-in-framework-module -Werror\=non-modular-include-in-framework-module -Wno-trigraphs -Wno-missing-field-initializers -Wno-missing-prototypes -Werror\=return-type -Wdocumentation -Wunreachable-code -Wno-implicit-atomic-properties -Werror\=deprecated-objc-isa-usage -Wno-objc-interface-ivars -Werror\=objc-root-class -Wno-arc-repeated-use-of-weak -Wimplicit-retain-self -Wno-non-virtual-dtor -Wno-overloaded-virtual -Wno-exit-time-destructors -Wduplicate-method-match -Wno-missing-braces -Wparentheses -Wswitch -Wunused-function -Wno-unused-label -Wno-unused-parameter -Wunused-variable -Wunused-value -Wempty-body -Wuninitialized -Wconditional-uninitialized -Wno-unknown-pragmas -Wno-shadow -Wno-four-char-constants -Wno-conversion -Wconstant-conversion -Wint-conversion -Wbool-conversion -Wenum-conversion -Wno-float-conversion -Wnon-literal-null-conversion -Wobjc-literal-conversion -Wshorten-64-to-32 -Wno-newline-eof -Wno-selector -Wno-strict-selector-match -Wundeclared-selector -Wdeprecated-implementations -Wno-c++11-extensions -Wno-implicit-fallthrough -fstrict-aliasing -Wprotocol -Wdeprecated-declarations -Winvalid-offsetof -Wno-sign-conversion -Winfinite-recursion -Wmove -Wcomma -Wblock-capture-autoreleasing -Wstrict-prototypes -Wrange-loop-analysis -Wno-semicolon-before-method-body -Wunguarded-availability -index-store-path /Users/kharyfiler/Library/Developer/Xcode/DerivedData/Gripah-gptnnpiwslcswlcpylqwkddqyprw/Index.noindex/DataStore @/Users/kharyfiler/Library/Developer/Xcode/DerivedData/Gripah-gptnnpiwslcswlcpylqwkddqyprw/Build/Intermediates.noindex/Pods.build/Debug-iphonesimulator/RNGoogleMobileAds.build/Objects-normal/arm64/af3fcb34312c57c0f52879cdce924b91-common-args.resp -include /Users/kharyfiler/Documents/grip-claude/ios/Pods/Target\ Support\ Files/RNGoogleMobileAds/RNGoogleMobileAds-prefix.pch -MMD -MT dependencies -MF /Users/kharyfiler/Library/Developer/Xcode/DerivedData/Gripah-gptnnpiwslcswlcpylqwkddqyprw/Build/Intermediates.noindex/Pods.build/Debug-iphonesimulator/RNGoogleMobileAds.build/Objects-normal/arm64/RNGoogleMobileAdsFullScreenAd.d --serialize-diagnostics /Users/kharyfiler/Library/Developer/Xcode/DerivedData/Gripah-gptnnpiwslcswlcpylqwkddqyprw/Build/Intermediates.noindex/Pods.build/Debug-iphonesimulator/RNGoogleMobileAds.build/Objects-normal/arm64/RNGoogleMobileAdsFullScreenAd.dia -c /Users/kharyfiler/Documents/grip-claude/node_modules/react-native-google-mobile-ads/ios/RNGoogleMobileAds/RNGoogleMobileAdsFullScreenAd.mm -o /Users/kharyfiler/Library/Developer/Xcode/DerivedData/Gripah-gptnnpiwslcswlcpylqwkddqyprw/Build/Intermediates.noindex/Pods.build/Debug-iphonesimulator/RNGoogleMobileAds.build/Objects-normal/arm64/RNGoogleMobileAdsFullScreenAd.o -index-unit-output-path /Pods.build/Debug-iphonesimulator/RNGoogleMobileAds.build/Objects-normal/arm64/RNGoogleMobileAdsFullScreenAd.o

SwiftDriverJobDiscovery normal arm64 Compiling STPAnalyticsClient+PaymentsAPI.swift, STPAPIClient+ApplePay.swift (in target 'StripeApplePay' from project 'Pods')

CompileC /Users/kharyfiler/Library/Developer/Xcode/DerivedData/Gripah-gptnnpiwslcswlcpylqwkddqyprw/Build/Intermediates.noindex/Pods.build/Debug-iphonesimulator/RNGoogleMobileAds.build/Objects-normal/arm64/RNGoogleMobileAdsCommon.o /Users/kharyfiler/Documents/grip-claude/node_modules/react-native-google-mobile-ads/ios/RNGoogleMobileAds/RNGoogleMobileAdsCommon.mm normal arm64 objective-c++ com.apple.compilers.llvm.clang.1_0.compiler (in target 'RNGoogleMobileAds' from project 'Pods')
    cd /Users/kharyfiler/Documents/grip-claude/ios/Pods
    
    Using response file: /Users/kharyfiler/Library/Developer/Xcode/DerivedData/Gripah-gptnnpiwslcswlcpylqwkddqyprw/Build/Intermediates.noindex/Pods.build/Debug-iphonesimulator/RNGoogleMobileAds.build/Objects-normal/arm64/af3fcb34312c57c0f52879cdce924b91-common-args.resp
    
    /Applications/Xcode.app/Contents/Developer/Toolchains/XcodeDefault.xctoolchain/usr/bin/clang -x objective-c++ -ivfsstatcache /Users/kharyfiler/Library/Developer/Xcode/DerivedData/SDKStatCaches.noindex/iphonesimulator26.2-23C53-3885c01c3e6b6a337905948deab2002e7d00a8b37fbd7999ea79df8ebc024bf0.sdkstatcache -fmessage-length\=0 -fdiagnostics-show-note-include-stack -fmacro-backtrace-limit\=0 -fno-color-diagnostics -fmodules-prune-interval\=86400 -fmodules-prune-after\=345600 -fbuild-session-file\=/Users/kharyfiler/Library/Developer/Xcode/DerivedData/ModuleCache.noindex/Session.modulevalidation -fmodules-validate-once-per-build-session -Wnon-modular-include-in-framework-module -Werror\=non-modular-include-in-framework-module -Wno-trigraphs -Wno-missing-field-initializers -Wno-missing-prototypes -Werror\=return-type -Wdocumentation -Wunreachable-code -Wno-implicit-atomic-properties -Werror\=deprecated-objc-isa-usage -Wno-objc-interface-ivars -Werror\=objc-root-class -Wno-arc-repeated-use-of-weak -Wimplicit-retain-self -Wno-non-virtual-dtor -Wno-overloaded-virtual -Wno-exit-time-destructors -Wduplicate-method-match -Wno-missing-braces -Wparentheses -Wswitch -Wunused-function -Wno-unused-label -Wno-unused-parameter -Wunused-variable -Wunused-value -Wempty-body -Wuninitialized -Wconditional-uninitialized -Wno-unknown-pragmas -Wno-shadow -Wno-four-char-constants -Wno-conversion -Wconstant-conversion -Wint-conversion -Wbool-conversion -Wenum-conversion -Wno-float-conversion -Wnon-literal-null-conversion -Wobjc-literal-conversion -Wshorten-64-to-32 -Wno-newline-eof -Wno-selector -Wno-strict-selector-match -Wundeclared-selector -Wdeprecated-implementations -Wno-c++11-extensions -Wno-implicit-fallthrough -fstrict-aliasing -Wprotocol -Wdeprecated-declarations -Winvalid-offsetof -Wno-sign-conversion -Winfinite-recursion -Wmove -Wcomma -Wblock-capture-autoreleasing -Wstrict-prototypes -Wrange-loop-analysis -Wno-semicolon-before-method-body -Wunguarded-availability -index-store-path /Users/kharyfiler/Library/Developer/Xcode/DerivedData/Gripah-gptnnpiwslcswlcpylqwkddqyprw/Index.noindex/DataStore @/Users/kharyfiler/Library/Developer/Xcode/DerivedData/Gripah-gptnnpiwslcswlcpylqwkddqyprw/Build/Intermediates.noindex/Pods.build/Debug-iphonesimulator/RNGoogleMobileAds.build/Objects-normal/arm64/af3fcb34312c57c0f52879cdce924b91-common-args.resp -include /Users/kharyfiler/Documents/grip-claude/ios/Pods/Target\ Support\ Files/RNGoogleMobileAds/RNGoogleMobileAds-prefix.pch -MMD -MT dependencies -MF /Users/kharyfiler/Library/Developer/Xcode/DerivedData/Gripah-gptnnpiwslcswlcpylqwkddqyprw/Build/Intermediates.noindex/Pods.build/Debug-iphonesimulator/RNGoogleMobileAds.build/Objects-normal/arm64/RNGoogleMobileAdsCommon.d --serialize-diagnostics /Users/kharyfiler/Library/Developer/Xcode/DerivedData/Gripah-gptnnpiwslcswlcpylqwkddqyprw/Build/Intermediates.noindex/Pods.build/Debug-iphonesimulator/RNGoogleMobileAds.build/Objects-normal/arm64/RNGoogleMobileAdsCommon.dia -c /Users/kharyfiler/Documents/grip-claude/node_modules/react-native-google-mobile-ads/ios/RNGoogleMobileAds/RNGoogleMobileAdsCommon.mm -o /Users/kharyfiler/Library/Developer/Xcode/DerivedData/Gripah-gptnnpiwslcswlcpylqwkddqyprw/Build/Intermediates.noindex/Pods.build/Debug-iphonesimulator/RNGoogleMobileAds.build/Objects-normal/arm64/RNGoogleMobileAdsCommon.o -index-unit-output-path /Pods.build/Debug-iphonesimulator/RNGoogleMobileAds.build/Objects-normal/arm64/RNGoogleMobileAdsCommon.o
/Users/kharyfiler/Documents/grip-claude/node_modules/react-native-google-mobile-ads/ios/RNGoogleMobileAds/RNGoogleMobileAdsCommon.mm:205:74: warning: 'keyWindow' is deprecated: first deprecated in iOS 13.0 - Should not be used for applications that support multiple scenes as it returns a key window across all connected scenes [-Wdeprecated-declarations]
  205 |           UIEdgeInsetsInsetRect(frame, [UIApplication sharedApplication].keyWindow.safeAreaInsets);
      |                                                                          ^
In file included from <built-in>:1:
In file included from /Users/kharyfiler/Documents/grip-claude/ios/Pods/Target Support Files/RNGoogleMobileAds/RNGoogleMobileAds-prefix.pch:2:
In file included from /Applications/Xcode.app/Contents/Developer/Platforms/iPhoneSimulator.platform/Developer/SDKs/iPhoneSimulator26.2.sdk/System/Library/Frameworks/UIKit.framework/Headers/UIKit.h:9:
In file included from /Applications/Xcode.app/Contents/Developer/Platforms/iPhoneSimulator.platform/Developer/SDKs/iPhoneSimulator26.2.sdk/System/Library/Frameworks/UIKit.framework/Headers/UIKitCore.h:34:
In file included from /Applications/Xcode.app/Contents/Developer/Platforms/iPhoneSimulator.platform/Developer/SDKs/iPhoneSimulator26.2.sdk/System/Library/Frameworks/UIKit.framework/Headers/UIAccessibility.h:20:
In file included from /Applications/Xcode.app/Contents/Developer/Platforms/iPhoneSimulator.platform/Developer/SDKs/iPhoneSimulator26.2.sdk/System/Library/Frameworks/UIKit.framework/Headers/UIAccessibilityElement.h:12:
In file included from /Applications/Xcode.app/Contents/Developer/Platforms/iPhoneSimulator.platform/Developer/SDKs/iPhoneSimulator26.2.sdk/System/Library/Frameworks/UIKit.framework/Headers/UIAccessibilityIdentification.h:13:
In file included from /Applications/Xcode.app/Contents/Developer/Platforms/iPhoneSimulator.platform/Developer/SDKs/iPhoneSimulator26.2.sdk/System/Library/Frameworks/UIKit.framework/Headers/UIAlertController.h:9:
In file included from /Applications/Xcode.app/Contents/Developer/Platforms/iPhoneSimulator.platform/Developer/SDKs/iPhoneSimulator26.2.sdk/System/Library/Frameworks/UIKit.framework/Headers/UIViewController.h:12:
/Applications/Xcode.app/Contents/Developer/Platforms/iPhoneSimulator.platform/Developer/SDKs/iPhoneSimulator26.2.sdk/System/Library/Frameworks/UIKit.framework/Headers/UIApplication.h:108:51: note: 'keyWindow' has been explicitly marked deprecated here
  108 | @property(nullable, nonatomic,readonly) UIWindow *keyWindow API_DEPRECATED("Should not be used for applications that support multiple scenes as it returns a key window across all connected scenes", ios(2.0, 13.0)) API_UNAVAILABLE(visionos, watchos);
      |                                                   ^
/Users/kharyfiler/Documents/grip-claude/node_modules/react-native-google-mobile-ads/ios/RNGoogleMobileAds/RNGoogleMobileAdsCommon.mm:228:70: warning: 'keyWindow' is deprecated: first deprecated in iOS 13.0 - Should not be used for applications that support multiple scenes as it returns a key window across all connected scenes [-Wdeprecated-declarations]
  228 |   UIViewController *controller = [[[UIApplication sharedApplication] keyWindow] rootViewController];
      |                                                                      ^
In file included from <built-in>:1:
In file included from /Users/kharyfiler/Documents/grip-claude/ios/Pods/Target Support Files/RNGoogleMobileAds/RNGoogleMobileAds-prefix.pch:2:
In file included from /Applications/Xcode.app/Contents/Developer/Platforms/iPhoneSimulator.platform/Developer/SDKs/iPhoneSimulator26.2.sdk/System/Library/Frameworks/UIKit.framework/Headers/UIKit.h:9:
In file included from /Applications/Xcode.app/Contents/Developer/Platforms/iPhoneSimulator.platform/Developer/SDKs/iPhoneSimulator26.2.sdk/System/Library/Frameworks/UIKit.framework/Headers/UIKitCore.h:34:
In file included from /Applications/Xcode.app/Contents/Developer/Platforms/iPhoneSimulator.platform/Developer/SDKs/iPhoneSimulator26.2.sdk/System/Library/Frameworks/UIKit.framework/Headers/UIAccessibility.h:20:
In file included from /Applications/Xcode.app/Contents/Developer/Platforms/iPhoneSimulator.platform/Developer/SDKs/iPhoneSimulator26.2.sdk/System/Library/Frameworks/UIKit.framework/Headers/UIAccessibilityElement.h:12:
In file included from /Applications/Xcode.app/Contents/Developer/Platforms/iPhoneSimulator.platform/Developer/SDKs/iPhoneSimulator26.2.sdk/System/Library/Frameworks/UIKit.framework/Headers/UIAccessibilityIdentification.h:13:
In file included from /Applications/Xcode.app/Contents/Developer/Platforms/iPhoneSimulator.platform/Developer/SDKs/iPhoneSimulator26.2.sdk/System/Library/Frameworks/UIKit.framework/Headers/UIAlertController.h:9:
In file included from /Applications/Xcode.app/Contents/Developer/Platforms/iPhoneSimulator.platform/Developer/SDKs/iPhoneSimulator26.2.sdk/System/Library/Frameworks/UIKit.framework/Headers/UIViewController.h:12:
/Applications/Xcode.app/Contents/Developer/Platforms/iPhoneSimulator.platform/Developer/SDKs/iPhoneSimulator26.2.sdk/System/Library/Frameworks/UIKit.framework/Headers/UIApplication.h:108:51: note: property 'keyWindow' is declared deprecated here
  108 | @property(nullable, nonatomic,readonly) UIWindow *keyWindow API_DEPRECATED("Should not be used for applications that support multiple scenes as it returns a key window across all connected scenes", ios(2.0, 13.0)) API_UNAVAILABLE(visionos, watchos);
      |                                                   ^
/Applications/Xcode.app/Contents/Developer/Platforms/iPhoneSimulator.platform/Developer/SDKs/iPhoneSimulator26.2.sdk/System/Library/Frameworks/UIKit.framework/Headers/UIApplication.h:108:51: note: 'keyWindow' has been explicitly marked deprecated here
2 warnings generated.

SwiftDriverJobDiscovery normal arm64 Compiling Locale+StripeUICore.swift, NSAttributedString+StripeUICore.swift, NSDirectionalEdgeInsets+StripeUICore.swift, OneTimeCodeTextField.swift, OneTimeCodeTextField-TextStorage.swift, OneTimeCodeTextFieldRepresentable.swift, PhoneNumber.swift, PhoneNumberElement.swift (in target 'StripeUICore' from project 'Pods')

CompileC /Users/kharyfiler/Library/Developer/Xcode/DerivedData/Gripah-gptnnpiwslcswlcpylqwkddqyprw/Build/Intermediates.noindex/Pods.build/Debug-iphonesimulator/RNGoogleMobileAds.build/Objects-normal/arm64/RNGoogleMobileAdsBannerViewManager.o /Users/kharyfiler/Documents/grip-claude/node_modules/react-native-google-mobile-ads/ios/RNGoogleMobileAds/RNGoogleMobileAdsBannerViewManager.mm normal arm64 objective-c++ com.apple.compilers.llvm.clang.1_0.compiler (in target 'RNGoogleMobileAds' from project 'Pods')
    cd /Users/kharyfiler/Documents/grip-claude/ios/Pods
    
    Using response file: /Users/kharyfiler/Library/Developer/Xcode/DerivedData/Gripah-gptnnpiwslcswlcpylqwkddqyprw/Build/Intermediates.noindex/Pods.build/Debug-iphonesimulator/RNGoogleMobileAds.build/Objects-normal/arm64/af3fcb34312c57c0f52879cdce924b91-common-args.resp
    
    /Applications/Xcode.app/Contents/Developer/Toolchains/XcodeDefault.xctoolchain/usr/bin/clang -x objective-c++ -ivfsstatcache /Users/kharyfiler/Library/Developer/Xcode/DerivedData/SDKStatCaches.noindex/iphonesimulator26.2-23C53-3885c01c3e6b6a337905948deab2002e7d00a8b37fbd7999ea79df8ebc024bf0.sdkstatcache -fmessage-length\=0 -fdiagnostics-show-note-include-stack -fmacro-backtrace-limit\=0 -fno-color-diagnostics -fmodules-prune-interval\=86400 -fmodules-prune-after\=345600 -fbuild-session-file\=/Users/kharyfiler/Library/Developer/Xcode/DerivedData/ModuleCache.noindex/Session.modulevalidation -fmodules-validate-once-per-build-session -Wnon-modular-include-in-framework-module -Werror\=non-modular-include-in-framework-module -Wno-trigraphs -Wno-missing-field-initializers -Wno-missing-prototypes -Werror\=return-type -Wdocumentation -Wunreachable-code -Wno-implicit-atomic-properties -Werror\=deprecated-objc-isa-usage -Wno-objc-interface-ivars -Werror\=objc-root-class -Wno-arc-repeated-use-of-weak -Wimplicit-retain-self -Wno-non-virtual-dtor -Wno-overloaded-virtual -Wno-exit-time-destructors -Wduplicate-method-match -Wno-missing-braces -Wparentheses -Wswitch -Wunused-function -Wno-unused-label -Wno-unused-parameter -Wunused-variable -Wunused-value -Wempty-body -Wuninitialized -Wconditional-uninitialized -Wno-unknown-pragmas -Wno-shadow -Wno-four-char-constants -Wno-conversion -Wconstant-conversion -Wint-conversion -Wbool-conversion -Wenum-conversion -Wno-float-conversion -Wnon-literal-null-conversion -Wobjc-literal-conversion -Wshorten-64-to-32 -Wno-newline-eof -Wno-selector -Wno-strict-selector-match -Wundeclared-selector -Wdeprecated-implementations -Wno-c++11-extensions -Wno-implicit-fallthrough -fstrict-aliasing -Wprotocol -Wdeprecated-declarations -Winvalid-offsetof -Wno-sign-conversion -Winfinite-recursion -Wmove -Wcomma -Wblock-capture-autoreleasing -Wstrict-prototypes -Wrange-loop-analysis -Wno-semicolon-before-method-body -Wunguarded-availability -index-store-path /Users/kharyfiler/Library/Developer/Xcode/DerivedData/Gripah-gptnnpiwslcswlcpylqwkddqyprw/Index.noindex/DataStore @/Users/kharyfiler/Library/Developer/Xcode/DerivedData/Gripah-gptnnpiwslcswlcpylqwkddqyprw/Build/Intermediates.noindex/Pods.build/Debug-iphonesimulator/RNGoogleMobileAds.build/Objects-normal/arm64/af3fcb34312c57c0f52879cdce924b91-common-args.resp -include /Users/kharyfiler/Documents/grip-claude/ios/Pods/Target\ Support\ Files/RNGoogleMobileAds/RNGoogleMobileAds-prefix.pch -MMD -MT dependencies -MF /Users/kharyfiler/Library/Developer/Xcode/DerivedData/Gripah-gptnnpiwslcswlcpylqwkddqyprw/Build/Intermediates.noindex/Pods.build/Debug-iphonesimulator/RNGoogleMobileAds.build/Objects-normal/arm64/RNGoogleMobileAdsBannerViewManager.d --serialize-diagnostics /Users/kharyfiler/Library/Developer/Xcode/DerivedData/Gripah-gptnnpiwslcswlcpylqwkddqyprw/Build/Intermediates.noindex/Pods.build/Debug-iphonesimulator/RNGoogleMobileAds.build/Objects-normal/arm64/RNGoogleMobileAdsBannerViewManager.dia -c /Users/kharyfiler/Documents/grip-claude/node_modules/react-native-google-mobile-ads/ios/RNGoogleMobileAds/RNGoogleMobileAdsBannerViewManager.mm -o /Users/kharyfiler/Library/Developer/Xcode/DerivedData/Gripah-gptnnpiwslcswlcpylqwkddqyprw/Build/Intermediates.noindex/Pods.build/Debug-iphonesimulator/RNGoogleMobileAds.build/Objects-normal/arm64/RNGoogleMobileAdsBannerViewManager.o -index-unit-output-path /Pods.build/Debug-iphonesimulator/RNGoogleMobileAds.build/Objects-normal/arm64/RNGoogleMobileAdsBannerViewManager.o
/Users/kharyfiler/Documents/grip-claude/node_modules/react-native-google-mobile-ads/ios/RNGoogleMobileAds/RNGoogleMobileAdsBannerViewManager.mm:46:52: warning: incompatible pointer types initializing 'RNGoogleMobileAdsBannerComponent *__strong' with an expression of type 'UIView * _Nullable' [-Wincompatible-pointer-types]
   46 |         RNGoogleMobileAdsBannerComponent *banner = viewRegistry[reactTag];
      |                                                    ^~~~~~~~~~~~~~~~~~~~~~
/Users/kharyfiler/Documents/grip-claude/node_modules/react-native-google-mobile-ads/ios/RNGoogleMobileAds/RNGoogleMobileAdsBannerViewManager.mm:60:52: warning: incompatible pointer types initializing 'RNGoogleMobileAdsBannerComponent *__strong' with an expression of type 'UIView * _Nullable' [-Wincompatible-pointer-types]
   60 |         RNGoogleMobileAdsBannerComponent *banner = viewRegistry[reactTag];
      |                                                    ^~~~~~~~~~~~~~~~~~~~~~
2 warnings generated.

SwiftDriverJobDiscovery normal arm64 Compiling Blocks.swift, CardBrand.swift, PaymentIntent.swift (in target 'StripeApplePay' from project 'Pods')

CompileC /Users/kharyfiler/Library/Developer/Xcode/DerivedData/Gripah-gptnnpiwslcswlcpylqwkddqyprw/Build/Intermediates.noindex/Pods.build/Debug-iphonesimulator/RNGoogleMobileAds.build/Objects-normal/arm64/RNGoogleMobileAdsBannerView.o /Users/kharyfiler/Documents/grip-claude/node_modules/react-native-google-mobile-ads/ios/RNGoogleMobileAds/RNGoogleMobileAdsBannerView.mm normal arm64 objective-c++ com.apple.compilers.llvm.clang.1_0.compiler (in target 'RNGoogleMobileAds' from project 'Pods')
    cd /Users/kharyfiler/Documents/grip-claude/ios/Pods
    
    Using response file: /Users/kharyfiler/Library/Developer/Xcode/DerivedData/Gripah-gptnnpiwslcswlcpylqwkddqyprw/Build/Intermediates.noindex/Pods.build/Debug-iphonesimulator/RNGoogleMobileAds.build/Objects-normal/arm64/af3fcb34312c57c0f52879cdce924b91-common-args.resp
    
    /Applications/Xcode.app/Contents/Developer/Toolchains/XcodeDefault.xctoolchain/usr/bin/clang -x objective-c++ -ivfsstatcache /Users/kharyfiler/Library/Developer/Xcode/DerivedData/SDKStatCaches.noindex/iphonesimulator26.2-23C53-3885c01c3e6b6a337905948deab2002e7d00a8b37fbd7999ea79df8ebc024bf0.sdkstatcache -fmessage-length\=0 -fdiagnostics-show-note-include-stack -fmacro-backtrace-limit\=0 -fno-color-diagnostics -fmodules-prune-interval\=86400 -fmodules-prune-after\=345600 -fbuild-session-file\=/Users/kharyfiler/Library/Developer/Xcode/DerivedData/ModuleCache.noindex/Session.modulevalidation -fmodules-validate-once-per-build-session -Wnon-modular-include-in-framework-module -Werror\=non-modular-include-in-framework-module -Wno-trigraphs -Wno-missing-field-initializers -Wno-missing-prototypes -Werror\=return-type -Wdocumentation -Wunreachable-code -Wno-implicit-atomic-properties -Werror\=deprecated-objc-isa-usage -Wno-objc-interface-ivars -Werror\=objc-root-class -Wno-arc-repeated-use-of-weak -Wimplicit-retain-self -Wno-non-virtual-dtor -Wno-overloaded-virtual -Wno-exit-time-destructors -Wduplicate-method-match -Wno-missing-braces -Wparentheses -Wswitch -Wunused-function -Wno-unused-label -Wno-unused-parameter -Wunused-variable -Wunused-value -Wempty-body -Wuninitialized -Wconditional-uninitialized -Wno-unknown-pragmas -Wno-shadow -Wno-four-char-constants -Wno-conversion -Wconstant-conversion -Wint-conversion -Wbool-conversion -Wenum-conversion -Wno-float-conversion -Wnon-literal-null-conversion -Wobjc-literal-conversion -Wshorten-64-to-32 -Wno-newline-eof -Wno-selector -Wno-strict-selector-match -Wundeclared-selector -Wdeprecated-implementations -Wno-c++11-extensions -Wno-implicit-fallthrough -fstrict-aliasing -Wprotocol -Wdeprecated-declarations -Winvalid-offsetof -Wno-sign-conversion -Winfinite-recursion -Wmove -Wcomma -Wblock-capture-autoreleasing -Wstrict-prototypes -Wrange-loop-analysis -Wno-semicolon-before-method-body -Wunguarded-availability -index-store-path /Users/kharyfiler/Library/Developer/Xcode/DerivedData/Gripah-gptnnpiwslcswlcpylqwkddqyprw/Index.noindex/DataStore @/Users/kharyfiler/Library/Developer/Xcode/DerivedData/Gripah-gptnnpiwslcswlcpylqwkddqyprw/Build/Intermediates.noindex/Pods.build/Debug-iphonesimulator/RNGoogleMobileAds.build/Objects-normal/arm64/af3fcb34312c57c0f52879cdce924b91-common-args.resp -include /Users/kharyfiler/Documents/grip-claude/ios/Pods/Target\ Support\ Files/RNGoogleMobileAds/RNGoogleMobileAds-prefix.pch -MMD -MT dependencies -MF /Users/kharyfiler/Library/Developer/Xcode/DerivedData/Gripah-gptnnpiwslcswlcpylqwkddqyprw/Build/Intermediates.noindex/Pods.build/Debug-iphonesimulator/RNGoogleMobileAds.build/Objects-normal/arm64/RNGoogleMobileAdsBannerView.d --serialize-diagnostics /Users/kharyfiler/Library/Developer/Xcode/DerivedData/Gripah-gptnnpiwslcswlcpylqwkddqyprw/Build/Intermediates.noindex/Pods.build/Debug-iphonesimulator/RNGoogleMobileAds.build/Objects-normal/arm64/RNGoogleMobileAdsBannerView.dia -c /Users/kharyfiler/Documents/grip-claude/node_modules/react-native-google-mobile-ads/ios/RNGoogleMobileAds/RNGoogleMobileAdsBannerView.mm -o /Users/kharyfiler/Library/Developer/Xcode/DerivedData/Gripah-gptnnpiwslcswlcpylqwkddqyprw/Build/Intermediates.noindex/Pods.build/Debug-iphonesimulator/RNGoogleMobileAds.build/Objects-normal/arm64/RNGoogleMobileAdsBannerView.o -index-unit-output-path /Pods.build/Debug-iphonesimulator/RNGoogleMobileAds.build/Objects-normal/arm64/RNGoogleMobileAdsBannerView.o

SwiftDriverJobDiscovery normal arm64 Compiling Button.swift, CALayer+StripeUICore.swift, CheckboxButton.swift, CheckboxElement.swift, CompatibleColor.swift, ContainerElement.swift, DateFieldElement.swift, DoneButtonToolbar.swift (in target 'StripeUICore' from project 'Pods')

CompileC /Users/kharyfiler/Library/Developer/Xcode/DerivedData/Gripah-gptnnpiwslcswlcpylqwkddqyprw/Build/Intermediates.noindex/Pods.build/Debug-iphonesimulator/RNGoogleMobileAds.build/Objects-normal/arm64/RNGoogleMobileAdsAppOpenModule.o /Users/kharyfiler/Documents/grip-claude/node_modules/react-native-google-mobile-ads/ios/RNGoogleMobileAds/RNGoogleMobileAdsAppOpenModule.mm normal arm64 objective-c++ com.apple.compilers.llvm.clang.1_0.compiler (in target 'RNGoogleMobileAds' from project 'Pods')
    cd /Users/kharyfiler/Documents/grip-claude/ios/Pods
    
    Using response file: /Users/kharyfiler/Library/Developer/Xcode/DerivedData/Gripah-gptnnpiwslcswlcpylqwkddqyprw/Build/Intermediates.noindex/Pods.build/Debug-iphonesimulator/RNGoogleMobileAds.build/Objects-normal/arm64/af3fcb34312c57c0f52879cdce924b91-common-args.resp
    
    /Applications/Xcode.app/Contents/Developer/Toolchains/XcodeDefault.xctoolchain/usr/bin/clang -x objective-c++ -ivfsstatcache /Users/kharyfiler/Library/Developer/Xcode/DerivedData/SDKStatCaches.noindex/iphonesimulator26.2-23C53-3885c01c3e6b6a337905948deab2002e7d00a8b37fbd7999ea79df8ebc024bf0.sdkstatcache -fmessage-length\=0 -fdiagnostics-show-note-include-stack -fmacro-backtrace-limit\=0 -fno-color-diagnostics -fmodules-prune-interval\=86400 -fmodules-prune-after\=345600 -fbuild-session-file\=/Users/kharyfiler/Library/Developer/Xcode/DerivedData/ModuleCache.noindex/Session.modulevalidation -fmodules-validate-once-per-build-session -Wnon-modular-include-in-framework-module -Werror\=non-modular-include-in-framework-module -Wno-trigraphs -Wno-missing-field-initializers -Wno-missing-prototypes -Werror\=return-type -Wdocumentation -Wunreachable-code -Wno-implicit-atomic-properties -Werror\=deprecated-objc-isa-usage -Wno-objc-interface-ivars -Werror\=objc-root-class -Wno-arc-repeated-use-of-weak -Wimplicit-retain-self -Wno-non-virtual-dtor -Wno-overloaded-virtual -Wno-exit-time-destructors -Wduplicate-method-match -Wno-missing-braces -Wparentheses -Wswitch -Wunused-function -Wno-unused-label -Wno-unused-parameter -Wunused-variable -Wunused-value -Wempty-body -Wuninitialized -Wconditional-uninitialized -Wno-unknown-pragmas -Wno-shadow -Wno-four-char-constants -Wno-conversion -Wconstant-conversion -Wint-conversion -Wbool-conversion -Wenum-conversion -Wno-float-conversion -Wnon-literal-null-conversion -Wobjc-literal-conversion -Wshorten-64-to-32 -Wno-newline-eof -Wno-selector -Wno-strict-selector-match -Wundeclared-selector -Wdeprecated-implementations -Wno-c++11-extensions -Wno-implicit-fallthrough -fstrict-aliasing -Wprotocol -Wdeprecated-declarations -Winvalid-offsetof -Wno-sign-conversion -Winfinite-recursion -Wmove -Wcomma -Wblock-capture-autoreleasing -Wstrict-prototypes -Wrange-loop-analysis -Wno-semicolon-before-method-body -Wunguarded-availability -index-store-path /Users/kharyfiler/Library/Developer/Xcode/DerivedData/Gripah-gptnnpiwslcswlcpylqwkddqyprw/Index.noindex/DataStore @/Users/kharyfiler/Library/Developer/Xcode/DerivedData/Gripah-gptnnpiwslcswlcpylqwkddqyprw/Build/Intermediates.noindex/Pods.build/Debug-iphonesimulator/RNGoogleMobileAds.build/Objects-normal/arm64/af3fcb34312c57c0f52879cdce924b91-common-args.resp -include /Users/kharyfiler/Documents/grip-claude/ios/Pods/Target\ Support\ Files/RNGoogleMobileAds/RNGoogleMobileAds-prefix.pch -MMD -MT dependencies -MF /Users/kharyfiler/Library/Developer/Xcode/DerivedData/Gripah-gptnnpiwslcswlcpylqwkddqyprw/Build/Intermediates.noindex/Pods.build/Debug-iphonesimulator/RNGoogleMobileAds.build/Objects-normal/arm64/RNGoogleMobileAdsAppOpenModule.d --serialize-diagnostics /Users/kharyfiler/Library/Developer/Xcode/DerivedData/Gripah-gptnnpiwslcswlcpylqwkddqyprw/Build/Intermediates.noindex/Pods.build/Debug-iphonesimulator/RNGoogleMobileAds.build/Objects-normal/arm64/RNGoogleMobileAdsAppOpenModule.dia -c /Users/kharyfiler/Documents/grip-claude/node_modules/react-native-google-mobile-ads/ios/RNGoogleMobileAds/RNGoogleMobileAdsAppOpenModule.mm -o /Users/kharyfiler/Library/Developer/Xcode/DerivedData/Gripah-gptnnpiwslcswlcpylqwkddqyprw/Build/Intermediates.noindex/Pods.build/Debug-iphonesimulator/RNGoogleMobileAds.build/Objects-normal/arm64/RNGoogleMobileAdsAppOpenModule.o -index-unit-output-path /Pods.build/Debug-iphonesimulator/RNGoogleMobileAds.build/Objects-normal/arm64/RNGoogleMobileAdsAppOpenModule.o
/Users/kharyfiler/Documents/grip-claude/node_modules/react-native-google-mobile-ads/ios/RNGoogleMobileAds/RNGoogleMobileAdsAppOpenModule.mm:41:73: warning: conflicting parameter types in implementation of 'loadAd:adRequest:completionHandler:': 'void (^__strong)(__strong id<GADFullScreenPresentingAd>, NSError *__strong)' vs 'void (^__strong)(GADAppOpenAd * _Nullable __strong, NSError * _Nullable __strong)' [-Wmismatched-parameter-types]
   41 |         (void (^)(GADAppOpenAd *_Nullable ad, NSError *_Nullable error))completionHandler {
      |          ~~~~~~~~~~~~~~~~~~~~~~~~~~~~~~~~~~~~~~~~~~~~~~~~~~~~~~~~~~~~~~ ^
In file included from /Users/kharyfiler/Documents/grip-claude/node_modules/react-native-google-mobile-ads/ios/RNGoogleMobileAds/RNGoogleMobileAdsAppOpenModule.mm:26:
/Users/kharyfiler/Documents/grip-claude/node_modules/react-native-google-mobile-ads/ios/RNGoogleMobileAds/RNGoogleMobileAdsFullScreenAd.h:36:83: note: previous definition is here
   36 |     completionHandler:(void (^)(id<GADFullScreenPresentingAd> ad, NSError *error))completionHandler;
      |                        ~~~~~~~~~~~~~~~~~~~~~~~~~~~~~~~~~~~~~~~~~~~~~~~~~~~~~~~~~~ ^
1 warning generated.

CompileC /Users/kharyfiler/Library/Developer/Xcode/DerivedData/Gripah-gptnnpiwslcswlcpylqwkddqyprw/Build/Intermediates.noindex/Pods.build/Debug-iphonesimulator/RNGoogleMobileAds.build/Objects-normal/arm64/RNAppModule.o /Users/kharyfiler/Documents/grip-claude/node_modules/react-native-google-mobile-ads/ios/RNGoogleMobileAds/common/RNAppModule.mm normal arm64 objective-c++ com.apple.compilers.llvm.clang.1_0.compiler (in target 'RNGoogleMobileAds' from project 'Pods')
    cd /Users/kharyfiler/Documents/grip-claude/ios/Pods
    
    Using response file: /Users/kharyfiler/Library/Developer/Xcode/DerivedData/Gripah-gptnnpiwslcswlcpylqwkddqyprw/Build/Intermediates.noindex/Pods.build/Debug-iphonesimulator/RNGoogleMobileAds.build/Objects-normal/arm64/af3fcb34312c57c0f52879cdce924b91-common-args.resp
    
    /Applications/Xcode.app/Contents/Developer/Toolchains/XcodeDefault.xctoolchain/usr/bin/clang -x objective-c++ -ivfsstatcache /Users/kharyfiler/Library/Developer/Xcode/DerivedData/SDKStatCaches.noindex/iphonesimulator26.2-23C53-3885c01c3e6b6a337905948deab2002e7d00a8b37fbd7999ea79df8ebc024bf0.sdkstatcache -fmessage-length\=0 -fdiagnostics-show-note-include-stack -fmacro-backtrace-limit\=0 -fno-color-diagnostics -fmodules-prune-interval\=86400 -fmodules-prune-after\=345600 -fbuild-session-file\=/Users/kharyfiler/Library/Developer/Xcode/DerivedData/ModuleCache.noindex/Session.modulevalidation -fmodules-validate-once-per-build-session -Wnon-modular-include-in-framework-module -Werror\=non-modular-include-in-framework-module -Wno-trigraphs -Wno-missing-field-initializers -Wno-missing-prototypes -Werror\=return-type -Wdocumentation -Wunreachable-code -Wno-implicit-atomic-properties -Werror\=deprecated-objc-isa-usage -Wno-objc-interface-ivars -Werror\=objc-root-class -Wno-arc-repeated-use-of-weak -Wimplicit-retain-self -Wno-non-virtual-dtor -Wno-overloaded-virtual -Wno-exit-time-destructors -Wduplicate-method-match -Wno-missing-braces -Wparentheses -Wswitch -Wunused-function -Wno-unused-label -Wno-unused-parameter -Wunused-variable -Wunused-value -Wempty-body -Wuninitialized -Wconditional-uninitialized -Wno-unknown-pragmas -Wno-shadow -Wno-four-char-constants -Wno-conversion -Wconstant-conversion -Wint-conversion -Wbool-conversion -Wenum-conversion -Wno-float-conversion -Wnon-literal-null-conversion -Wobjc-literal-conversion -Wshorten-64-to-32 -Wno-newline-eof -Wno-selector -Wno-strict-selector-match -Wundeclared-selector -Wdeprecated-implementations -Wno-c++11-extensions -Wno-implicit-fallthrough -fstrict-aliasing -Wprotocol -Wdeprecated-declarations -Winvalid-offsetof -Wno-sign-conversion -Winfinite-recursion -Wmove -Wcomma -Wblock-capture-autoreleasing -Wstrict-prototypes -Wrange-loop-analysis -Wno-semicolon-before-method-body -Wunguarded-availability -index-store-path /Users/kharyfiler/Library/Developer/Xcode/DerivedData/Gripah-gptnnpiwslcswlcpylqwkddqyprw/Index.noindex/DataStore @/Users/kharyfiler/Library/Developer/Xcode/DerivedData/Gripah-gptnnpiwslcswlcpylqwkddqyprw/Build/Intermediates.noindex/Pods.build/Debug-iphonesimulator/RNGoogleMobileAds.build/Objects-normal/arm64/af3fcb34312c57c0f52879cdce924b91-common-args.resp -include /Users/kharyfiler/Documents/grip-claude/ios/Pods/Target\ Support\ Files/RNGoogleMobileAds/RNGoogleMobileAds-prefix.pch -MMD -MT dependencies -MF /Users/kharyfiler/Library/Developer/Xcode/DerivedData/Gripah-gptnnpiwslcswlcpylqwkddqyprw/Build/Intermediates.noindex/Pods.build/Debug-iphonesimulator/RNGoogleMobileAds.build/Objects-normal/arm64/RNAppModule.d --serialize-diagnostics /Users/kharyfiler/Library/Developer/Xcode/DerivedData/Gripah-gptnnpiwslcswlcpylqwkddqyprw/Build/Intermediates.noindex/Pods.build/Debug-iphonesimulator/RNGoogleMobileAds.build/Objects-normal/arm64/RNAppModule.dia -c /Users/kharyfiler/Documents/grip-claude/node_modules/react-native-google-mobile-ads/ios/RNGoogleMobileAds/common/RNAppModule.mm -o /Users/kharyfiler/Library/Developer/Xcode/DerivedData/Gripah-gptnnpiwslcswlcpylqwkddqyprw/Build/Intermediates.noindex/Pods.build/Debug-iphonesimulator/RNGoogleMobileAds.build/Objects-normal/arm64/RNAppModule.o -index-unit-output-path /Pods.build/Debug-iphonesimulator/RNGoogleMobileAds.build/Objects-normal/arm64/RNAppModule.o

SwiftDriverJobDiscovery normal arm64 Compiling PKPayment+Stripe.swift, SetupIntent.swift, SetupIntent+API.swift (in target 'StripeApplePay' from project 'Pods')

SwiftDriverJobDiscovery normal arm64 Compiling TextFieldElementConfiguration.swift, TextFieldFormatter.swift, TextFieldView.swift, TextOrDropdownElement.swift, UIBarButtonItem+StripeUICore.swift, UIButton+StripeUICore.swift, UIColor+StripeUICore.swift, UIFont+StripeUICore.swift (in target 'StripeUICore' from project 'Pods')

SwiftDriverJobDiscovery normal arm64 Emitting module for StripePayments (in target 'StripePayments' from project 'Pods')

SwiftDriver\ Compilation StripeUICore normal arm64 com.apple.xcode.tools.swift.compiler (in target 'StripeUICore' from project 'Pods')
    cd /Users/kharyfiler/Documents/grip-claude/ios/Pods
    builtin-Swift-Compilation -- /Applications/Xcode.app/Contents/Developer/Toolchains/XcodeDefault.xctoolchain/usr/bin/swiftc -module-name StripeUICore -Onone -enforce-exclusivity\=checked @/Users/kharyfiler/Library/Developer/Xcode/DerivedData/Gripah-gptnnpiwslcswlcpylqwkddqyprw/Build/Intermediates.noindex/Pods.build/Debug-iphonesimulator/StripeUICore.build/Objects-normal/arm64/StripeUICore.SwiftFileList -DDEBUG -D COCOAPODS -Xcc -fmodule-map-file\=/Users/kharyfiler/Library/Developer/Xcode/DerivedData/Gripah-gptnnpiwslcswlcpylqwkddqyprw/Build/Products/Debug-iphonesimulator/StripeCore/StripeCore.modulemap -import-underlying-module -Xcc -fmodule-map-file\=/Users/kharyfiler/Documents/grip-claude/ios/Pods/Headers/Public/StripeUICore/StripeUICore.modulemap -enable-bare-slash-regex -enable-experimental-feature DebugDescriptionMacro -sdk /Applications/Xcode.app/Contents/Developer/Platforms/iPhoneSimulator.platform/Developer/SDKs/iPhoneSimulator26.2.sdk -target arm64-apple-ios15.1-simulator -g -module-cache-path /Users/kharyfiler/Library/Developer/Xcode/DerivedData/ModuleCache.noindex -Xfrontend -serialize-debugging-options -enable-testing -index-store-path /Users/kharyfiler/Library/Developer/Xcode/DerivedData/Gripah-gptnnpiwslcswlcpylqwkddqyprw/Index.noindex/DataStore -Xcc -D_LIBCPP_HARDENING_MODE\=_LIBCPP_HARDENING_MODE_DEBUG -swift-version 5 -I /Users/kharyfiler/Library/Developer/Xcode/DerivedData/Gripah-gptnnpiwslcswlcpylqwkddqyprw/Build/Products/Debug-iphonesimulator/StripeUICore -I /Users/kharyfiler/Library/Developer/Xcode/DerivedData/Gripah-gptnnpiwslcswlcpylqwkddqyprw/Build/Products/Debug-iphonesimulator/StripeCore -F /Users/kharyfiler/Library/Developer/Xcode/DerivedData/Gripah-gptnnpiwslcswlcpylqwkddqyprw/Build/Products/Debug-iphonesimulator/StripeUICore -c -j10 -enable-batch-mode -incremental -Xcc -ivfsstatcache -Xcc /Users/kharyfiler/Library/Developer/Xcode/DerivedData/SDKStatCaches.noindex/iphonesimulator26.2-23C53-3885c01c3e6b6a337905948deab2002e7d00a8b37fbd7999ea79df8ebc024bf0.sdkstatcache -output-file-map /Users/kharyfiler/Library/Developer/Xcode/DerivedData/Gripah-gptnnpiwslcswlcpylqwkddqyprw/Build/Intermediates.noindex/Pods.build/Debug-iphonesimulator/StripeUICore.build/Objects-normal/arm64/StripeUICore-OutputFileMap.json -use-frontend-parseable-output -save-temps -no-color-diagnostics -explicit-module-build -module-cache-path /Users/kharyfiler/Library/Developer/Xcode/DerivedData/Gripah-gptnnpiwslcswlcpylqwkddqyprw/Build/Intermediates.noindex/SwiftExplicitPrecompiledModules -clang-scanner-module-cache-path /Users/kharyfiler/Library/Developer/Xcode/DerivedData/ModuleCache.noindex -sdk-module-cache-path /Users/kharyfiler/Library/Developer/Xcode/DerivedData/ModuleCache.noindex -serialize-diagnostics -emit-dependencies -emit-module -emit-module-path /Users/kharyfiler/Library/Developer/Xcode/DerivedData/Gripah-gptnnpiwslcswlcpylqwkddqyprw/Build/Intermediates.noindex/Pods.build/Debug-iphonesimulator/StripeUICore.build/Objects-normal/arm64/StripeUICore.swiftmodule -validate-clang-modules-once -clang-build-session-file /Users/kharyfiler/Library/Developer/Xcode/DerivedData/ModuleCache.noindex/Session.modulevalidation -Xcc -I/Users/kharyfiler/Library/Developer/Xcode/DerivedData/Gripah-gptnnpiwslcswlcpylqwkddqyprw/Build/Intermediates.noindex/Pods.build/Debug-iphonesimulator/StripeUICore.build/swift-overrides.hmap -emit-const-values -Xfrontend -const-gather-protocols-file -Xfrontend /Users/kharyfiler/Library/Developer/Xcode/DerivedData/Gripah-gptnnpiwslcswlcpylqwkddqyprw/Build/Intermediates.noindex/Pods.build/Debug-iphonesimulator/StripeUICore.build/Objects-normal/arm64/StripeUICore_const_extract_protocols.json -Xcc -iquote -Xcc /Users/kharyfiler/Library/Developer/Xcode/DerivedData/Gripah-gptnnpiwslcswlcpylqwkddqyprw/Build/Intermediates.noindex/Pods.build/Debug-iphonesimulator/StripeUICore.build/StripeUICore-generated-files.hmap -Xcc -I/Users/kharyfiler/Library/Developer/Xcode/DerivedData/Gripah-gptnnpiwslcswlcpylqwkddqyprw/Build/Intermediates.noindex/Pods.build/Debug-iphonesimulator/StripeUICore.build/StripeUICore-own-target-headers.hmap -Xcc -I/Users/kharyfiler/Library/Developer/Xcode/DerivedData/Gripah-gptnnpiwslcswlcpylqwkddqyprw/Build/Intermediates.noindex/Pods.build/Debug-iphonesimulator/StripeUICore.build/StripeUICore-all-non-framework-target-headers.hmap -Xcc -ivfsoverlay -Xcc /Users/kharyfiler/Library/Developer/Xcode/DerivedData/Gripah-gptnnpiwslcswlcpylqwkddqyprw/Build/Intermediates.noindex/Pods.build/Debug-iphonesimulator/Pods-8699adb1dd336b26511df848a716bd42-VFS-iphonesimulator/all-product-headers.yaml -Xcc -iquote -Xcc /Users/kharyfiler/Library/Developer/Xcode/DerivedData/Gripah-gptnnpiwslcswlcpylqwkddqyprw/Build/Intermediates.noindex/Pods.build/Debug-iphonesimulator/StripeUICore.build/StripeUICore-project-headers.hmap -Xcc -I/Users/kharyfiler/Library/Developer/Xcode/DerivedData/Gripah-gptnnpiwslcswlcpylqwkddqyprw/Build/Products/Debug-iphonesimulator/StripeUICore/include -Xcc -I/Users/kharyfiler/Library/Developer/Xcode/DerivedData/Gripah-gptnnpiwslcswlcpylqwkddqyprw/Build/Intermediates.noindex/Pods.build/Debug-iphonesimulator/StripeUICore.build/DerivedSources-normal/arm64 -Xcc -I/Users/kharyfiler/Library/Developer/Xcode/DerivedData/Gripah-gptnnpiwslcswlcpylqwkddqyprw/Build/Intermediates.noindex/Pods.build/Debug-iphonesimulator/StripeUICore.build/DerivedSources/arm64 -Xcc -I/Users/kharyfiler/Library/Developer/Xcode/DerivedData/Gripah-gptnnpiwslcswlcpylqwkddqyprw/Build/Intermediates.noindex/Pods.build/Debug-iphonesimulator/StripeUICore.build/DerivedSources -Xcc -DPOD_CONFIGURATION_DEBUG\=1 -Xcc -DDEBUG\=1 -Xcc -DCOCOAPODS\=1 -emit-objc-header -emit-objc-header-path /Users/kharyfiler/Library/Developer/Xcode/DerivedData/Gripah-gptnnpiwslcswlcpylqwkddqyprw/Build/Intermediates.noindex/Pods.build/Debug-iphonesimulator/StripeUICore.build/Objects-normal/arm64/StripeUICore-Swift.h -working-directory /Users/kharyfiler/Documents/grip-claude/ios/Pods -experimental-emit-module-separately -disable-cmo

SwiftDriver\ Compilation\ Requirements StripePayments normal arm64 com.apple.xcode.tools.swift.compiler (in target 'StripePayments' from project 'Pods')
    cd /Users/kharyfiler/Documents/grip-claude/ios/Pods
    builtin-Swift-Compilation-Requirements -- /Applications/Xcode.app/Contents/Developer/Toolchains/XcodeDefault.xctoolchain/usr/bin/swiftc -module-name StripePayments -Onone -enforce-exclusivity\=checked @/Users/kharyfiler/Library/Developer/Xcode/DerivedData/Gripah-gptnnpiwslcswlcpylqwkddqyprw/Build/Intermediates.noindex/Pods.build/Debug-iphonesimulator/StripePayments.build/Objects-normal/arm64/StripePayments.SwiftFileList -DDEBUG -D COCOAPODS -Xcc -fmodule-map-file\=/Users/kharyfiler/Library/Developer/Xcode/DerivedData/Gripah-gptnnpiwslcswlcpylqwkddqyprw/Build/Products/Debug-iphonesimulator/StripeCore/StripeCore.modulemap -import-underlying-module -Xcc -fmodule-map-file\=/Users/kharyfiler/Documents/grip-claude/ios/Pods/Headers/Public/StripePayments/StripePayments.modulemap -enable-bare-slash-regex -enable-experimental-feature DebugDescriptionMacro -sdk /Applications/Xcode.app/Contents/Developer/Platforms/iPhoneSimulator.platform/Developer/SDKs/iPhoneSimulator26.2.sdk -target arm64-apple-ios15.1-simulator -g -module-cache-path /Users/kharyfiler/Library/Developer/Xcode/DerivedData/ModuleCache.noindex -Xfrontend -serialize-debugging-options -enable-testing -index-store-path /Users/kharyfiler/Library/Developer/Xcode/DerivedData/Gripah-gptnnpiwslcswlcpylqwkddqyprw/Index.noindex/DataStore -Xcc -D_LIBCPP_HARDENING_MODE\=_LIBCPP_HARDENING_MODE_DEBUG -swift-version 5 -I /Users/kharyfiler/Library/Developer/Xcode/DerivedData/Gripah-gptnnpiwslcswlcpylqwkddqyprw/Build/Products/Debug-iphonesimulator/StripePayments -I /Users/kharyfiler/Library/Developer/Xcode/DerivedData/Gripah-gptnnpiwslcswlcpylqwkddqyprw/Build/Products/Debug-iphonesimulator/StripeCore -F /Users/kharyfiler/Library/Developer/Xcode/DerivedData/Gripah-gptnnpiwslcswlcpylqwkddqyprw/Build/Products/Debug-iphonesimulator/StripePayments -c -j10 -enable-batch-mode -incremental -Xcc -ivfsstatcache -Xcc /Users/kharyfiler/Library/Developer/Xcode/DerivedData/SDKStatCaches.noindex/iphonesimulator26.2-23C53-3885c01c3e6b6a337905948deab2002e7d00a8b37fbd7999ea79df8ebc024bf0.sdkstatcache -output-file-map /Users/kharyfiler/Library/Developer/Xcode/DerivedData/Gripah-gptnnpiwslcswlcpylqwkddqyprw/Build/Intermediates.noindex/Pods.build/Debug-iphonesimulator/StripePayments.build/Objects-normal/arm64/StripePayments-OutputFileMap.json -use-frontend-parseable-output -save-temps -no-color-diagnostics -explicit-module-build -module-cache-path /Users/kharyfiler/Library/Developer/Xcode/DerivedData/Gripah-gptnnpiwslcswlcpylqwkddqyprw/Build/Intermediates.noindex/SwiftExplicitPrecompiledModules -clang-scanner-module-cache-path /Users/kharyfiler/Library/Developer/Xcode/DerivedData/ModuleCache.noindex -sdk-module-cache-path /Users/kharyfiler/Library/Developer/Xcode/DerivedData/ModuleCache.noindex -serialize-diagnostics -emit-dependencies -emit-module -emit-module-path /Users/kharyfiler/Library/Developer/Xcode/DerivedData/Gripah-gptnnpiwslcswlcpylqwkddqyprw/Build/Intermediates.noindex/Pods.build/Debug-iphonesimulator/StripePayments.build/Objects-normal/arm64/StripePayments.swiftmodule -validate-clang-modules-once -clang-build-session-file /Users/kharyfiler/Library/Developer/Xcode/DerivedData/ModuleCache.noindex/Session.modulevalidation -Xcc -I/Users/kharyfiler/Library/Developer/Xcode/DerivedData/Gripah-gptnnpiwslcswlcpylqwkddqyprw/Build/Intermediates.noindex/Pods.build/Debug-iphonesimulator/StripePayments.build/swift-overrides.hmap -emit-const-values -Xfrontend -const-gather-protocols-file -Xfrontend /Users/kharyfiler/Library/Developer/Xcode/DerivedData/Gripah-gptnnpiwslcswlcpylqwkddqyprw/Build/Intermediates.noindex/Pods.build/Debug-iphonesimulator/StripePayments.build/Objects-normal/arm64/StripePayments_const_extract_protocols.json -Xcc -iquote -Xcc /Users/kharyfiler/Library/Developer/Xcode/DerivedData/Gripah-gptnnpiwslcswlcpylqwkddqyprw/Build/Intermediates.noindex/Pods.build/Debug-iphonesimulator/StripePayments.build/StripePayments-generated-files.hmap -Xcc -I/Users/kharyfiler/Library/Developer/Xcode/DerivedData/Gripah-gptnnpiwslcswlcpylqwkddqyprw/Build/Intermediates.noindex/Pods.build/Debug-iphonesimulator/StripePayments.build/StripePayments-own-target-headers.hmap -Xcc -I/Users/kharyfiler/Library/Developer/Xcode/DerivedData/Gripah-gptnnpiwslcswlcpylqwkddqyprw/Build/Intermediates.noindex/Pods.build/Debug-iphonesimulator/StripePayments.build/StripePayments-all-non-framework-target-headers.hmap -Xcc -ivfsoverlay -Xcc /Users/kharyfiler/Library/Developer/Xcode/DerivedData/Gripah-gptnnpiwslcswlcpylqwkddqyprw/Build/Intermediates.noindex/Pods.build/Debug-iphonesimulator/Pods-8699adb1dd336b26511df848a716bd42-VFS-iphonesimulator/all-product-headers.yaml -Xcc -iquote -Xcc /Users/kharyfiler/Library/Developer/Xcode/DerivedData/Gripah-gptnnpiwslcswlcpylqwkddqyprw/Build/Intermediates.noindex/Pods.build/Debug-iphonesimulator/StripePayments.build/StripePayments-project-headers.hmap -Xcc -I/Users/kharyfiler/Library/Developer/Xcode/DerivedData/Gripah-gptnnpiwslcswlcpylqwkddqyprw/Build/Products/Debug-iphonesimulator/StripePayments/include -Xcc -I/Users/kharyfiler/Documents/grip-claude/ios/Pods/Headers/Private -Xcc -I/Users/kharyfiler/Documents/grip-claude/ios/Pods/Headers/Private/StripePayments -Xcc -I/Users/kharyfiler/Documents/grip-claude/ios/Pods/Headers/Public -Xcc -I/Users/kharyfiler/Library/Developer/Xcode/DerivedData/Gripah-gptnnpiwslcswlcpylqwkddqyprw/Build/Intermediates.noindex/Pods.build/Debug-iphonesimulator/StripePayments.build/DerivedSources-normal/arm64 -Xcc -I/Users/kharyfiler/Library/Developer/Xcode/DerivedData/Gripah-gptnnpiwslcswlcpylqwkddqyprw/Build/Intermediates.noindex/Pods.build/Debug-iphonesimulator/StripePayments.build/DerivedSources/arm64 -Xcc -I/Users/kharyfiler/Library/Developer/Xcode/DerivedData/Gripah-gptnnpiwslcswlcpylqwkddqyprw/Build/Intermediates.noindex/Pods.build/Debug-iphonesimulator/StripePayments.build/DerivedSources -Xcc -DPOD_CONFIGURATION_DEBUG\=1 -Xcc -DDEBUG\=1 -Xcc -DCOCOAPODS\=1 -emit-objc-header -emit-objc-header-path /Users/kharyfiler/Library/Developer/Xcode/DerivedData/Gripah-gptnnpiwslcswlcpylqwkddqyprw/Build/Intermediates.noindex/Pods.build/Debug-iphonesimulator/StripePayments.build/Objects-normal/arm64/StripePayments-Swift.h -working-directory /Users/kharyfiler/Documents/grip-claude/ios/Pods -experimental-emit-module-separately -disable-cmo

SwiftDriver\ Compilation StripeApplePay normal arm64 com.apple.xcode.tools.swift.compiler (in target 'StripeApplePay' from project 'Pods')
    cd /Users/kharyfiler/Documents/grip-claude/ios/Pods
    builtin-Swift-Compilation -- /Applications/Xcode.app/Contents/Developer/Toolchains/XcodeDefault.xctoolchain/usr/bin/swiftc -module-name StripeApplePay -Onone -enforce-exclusivity\=checked @/Users/kharyfiler/Library/Developer/Xcode/DerivedData/Gripah-gptnnpiwslcswlcpylqwkddqyprw/Build/Intermediates.noindex/Pods.build/Debug-iphonesimulator/StripeApplePay.build/Objects-normal/arm64/StripeApplePay.SwiftFileList -DDEBUG -D COCOAPODS -Xcc -fmodule-map-file\=/Users/kharyfiler/Library/Developer/Xcode/DerivedData/Gripah-gptnnpiwslcswlcpylqwkddqyprw/Build/Products/Debug-iphonesimulator/StripeCore/StripeCore.modulemap -import-underlying-module -Xcc -fmodule-map-file\=/Users/kharyfiler/Documents/grip-claude/ios/Pods/Headers/Public/StripeApplePay/StripeApplePay.modulemap -enable-bare-slash-regex -enable-experimental-feature DebugDescriptionMacro -sdk /Applications/Xcode.app/Contents/Developer/Platforms/iPhoneSimulator.platform/Developer/SDKs/iPhoneSimulator26.2.sdk -target arm64-apple-ios15.1-simulator -g -module-cache-path /Users/kharyfiler/Library/Developer/Xcode/DerivedData/ModuleCache.noindex -Xfrontend -serialize-debugging-options -enable-testing -index-store-path /Users/kharyfiler/Library/Developer/Xcode/DerivedData/Gripah-gptnnpiwslcswlcpylqwkddqyprw/Index.noindex/DataStore -Xcc -D_LIBCPP_HARDENING_MODE\=_LIBCPP_HARDENING_MODE_DEBUG -swift-version 5 -I /Users/kharyfiler/Library/Developer/Xcode/DerivedData/Gripah-gptnnpiwslcswlcpylqwkddqyprw/Build/Products/Debug-iphonesimulator/StripeApplePay -I /Users/kharyfiler/Library/Developer/Xcode/DerivedData/Gripah-gptnnpiwslcswlcpylqwkddqyprw/Build/Products/Debug-iphonesimulator/StripeCore -F /Users/kharyfiler/Library/Developer/Xcode/DerivedData/Gripah-gptnnpiwslcswlcpylqwkddqyprw/Build/Products/Debug-iphonesimulator/StripeApplePay -c -j10 -enable-batch-mode -incremental -Xcc -ivfsstatcache -Xcc /Users/kharyfiler/Library/Developer/Xcode/DerivedData/SDKStatCaches.noindex/iphonesimulator26.2-23C53-3885c01c3e6b6a337905948deab2002e7d00a8b37fbd7999ea79df8ebc024bf0.sdkstatcache -output-file-map /Users/kharyfiler/Library/Developer/Xcode/DerivedData/Gripah-gptnnpiwslcswlcpylqwkddqyprw/Build/Intermediates.noindex/Pods.build/Debug-iphonesimulator/StripeApplePay.build/Objects-normal/arm64/StripeApplePay-OutputFileMap.json -use-frontend-parseable-output -save-temps -no-color-diagnostics -explicit-module-build -module-cache-path /Users/kharyfiler/Library/Developer/Xcode/DerivedData/Gripah-gptnnpiwslcswlcpylqwkddqyprw/Build/Intermediates.noindex/SwiftExplicitPrecompiledModules -clang-scanner-module-cache-path /Users/kharyfiler/Library/Developer/Xcode/DerivedData/ModuleCache.noindex -sdk-module-cache-path /Users/kharyfiler/Library/Developer/Xcode/DerivedData/ModuleCache.noindex -serialize-diagnostics -emit-dependencies -emit-module -emit-module-path /Users/kharyfiler/Library/Developer/Xcode/DerivedData/Gripah-gptnnpiwslcswlcpylqwkddqyprw/Build/Intermediates.noindex/Pods.build/Debug-iphonesimulator/StripeApplePay.build/Objects-normal/arm64/StripeApplePay.swiftmodule -validate-clang-modules-once -clang-build-session-file /Users/kharyfiler/Library/Developer/Xcode/DerivedData/ModuleCache.noindex/Session.modulevalidation -Xcc -I/Users/kharyfiler/Library/Developer/Xcode/DerivedData/Gripah-gptnnpiwslcswlcpylqwkddqyprw/Build/Intermediates.noindex/Pods.build/Debug-iphonesimulator/StripeApplePay.build/swift-overrides.hmap -emit-const-values -Xfrontend -const-gather-protocols-file -Xfrontend /Users/kharyfiler/Library/Developer/Xcode/DerivedData/Gripah-gptnnpiwslcswlcpylqwkddqyprw/Build/Intermediates.noindex/Pods.build/Debug-iphonesimulator/StripeApplePay.build/Objects-normal/arm64/StripeApplePay_const_extract_protocols.json -Xcc -iquote -Xcc /Users/kharyfiler/Library/Developer/Xcode/DerivedData/Gripah-gptnnpiwslcswlcpylqwkddqyprw/Build/Intermediates.noindex/Pods.build/Debug-iphonesimulator/StripeApplePay.build/StripeApplePay-generated-files.hmap -Xcc -I/Users/kharyfiler/Library/Developer/Xcode/DerivedData/Gripah-gptnnpiwslcswlcpylqwkddqyprw/Build/Intermediates.noindex/Pods.build/Debug-iphonesimulator/StripeApplePay.build/StripeApplePay-own-target-headers.hmap -Xcc -I/Users/kharyfiler/Library/Developer/Xcode/DerivedData/Gripah-gptnnpiwslcswlcpylqwkddqyprw/Build/Intermediates.noindex/Pods.build/Debug-iphonesimulator/StripeApplePay.build/StripeApplePay-all-non-framework-target-headers.hmap -Xcc -ivfsoverlay -Xcc /Users/kharyfiler/Library/Developer/Xcode/DerivedData/Gripah-gptnnpiwslcswlcpylqwkddqyprw/Build/Intermediates.noindex/Pods.build/Debug-iphonesimulator/Pods-8699adb1dd336b26511df848a716bd42-VFS-iphonesimulator/all-product-headers.yaml -Xcc -iquote -Xcc /Users/kharyfiler/Library/Developer/Xcode/DerivedData/Gripah-gptnnpiwslcswlcpylqwkddqyprw/Build/Intermediates.noindex/Pods.build/Debug-iphonesimulator/StripeApplePay.build/StripeApplePay-project-headers.hmap -Xcc -I/Users/kharyfiler/Library/Developer/Xcode/DerivedData/Gripah-gptnnpiwslcswlcpylqwkddqyprw/Build/Products/Debug-iphonesimulator/StripeApplePay/include -Xcc -I/Users/kharyfiler/Library/Developer/Xcode/DerivedData/Gripah-gptnnpiwslcswlcpylqwkddqyprw/Build/Intermediates.noindex/Pods.build/Debug-iphonesimulator/StripeApplePay.build/DerivedSources-normal/arm64 -Xcc -I/Users/kharyfiler/Library/Developer/Xcode/DerivedData/Gripah-gptnnpiwslcswlcpylqwkddqyprw/Build/Intermediates.noindex/Pods.build/Debug-iphonesimulator/StripeApplePay.build/DerivedSources/arm64 -Xcc -I/Users/kharyfiler/Library/Developer/Xcode/DerivedData/Gripah-gptnnpiwslcswlcpylqwkddqyprw/Build/Intermediates.noindex/Pods.build/Debug-iphonesimulator/StripeApplePay.build/DerivedSources -Xcc -DPOD_CONFIGURATION_DEBUG\=1 -Xcc -DDEBUG\=1 -Xcc -DCOCOAPODS\=1 -emit-objc-header -emit-objc-header-path /Users/kharyfiler/Library/Developer/Xcode/DerivedData/Gripah-gptnnpiwslcswlcpylqwkddqyprw/Build/Intermediates.noindex/Pods.build/Debug-iphonesimulator/StripeApplePay.build/Objects-normal/arm64/StripeApplePay-Swift.h -working-directory /Users/kharyfiler/Documents/grip-claude/ios/Pods -experimental-emit-module-separately -disable-cmo

Copy /Users/kharyfiler/Library/Developer/Xcode/DerivedData/Gripah-gptnnpiwslcswlcpylqwkddqyprw/Build/Products/Debug-iphonesimulator/StripePayments/StripePayments.swiftmodule/arm64-apple-ios-simulator.abi.json /Users/kharyfiler/Library/Developer/Xcode/DerivedData/Gripah-gptnnpiwslcswlcpylqwkddqyprw/Build/Intermediates.noindex/Pods.build/Debug-iphonesimulator/StripePayments.build/Objects-normal/arm64/StripePayments.abi.json (in target 'StripePayments' from project 'Pods')
    cd /Users/kharyfiler/Documents/grip-claude/ios/Pods
    builtin-copy -exclude .DS_Store -exclude CVS -exclude .svn -exclude .git -exclude .hg -resolve-src-symlinks -rename /Users/kharyfiler/Library/Developer/Xcode/DerivedData/Gripah-gptnnpiwslcswlcpylqwkddqyprw/Build/Intermediates.noindex/Pods.build/Debug-iphonesimulator/StripePayments.build/Objects-normal/arm64/StripePayments.abi.json /Users/kharyfiler/Library/Developer/Xcode/DerivedData/Gripah-gptnnpiwslcswlcpylqwkddqyprw/Build/Products/Debug-iphonesimulator/StripePayments/StripePayments.swiftmodule/arm64-apple-ios-simulator.abi.json

ScanDependencies /Users/kharyfiler/Library/Developer/Xcode/DerivedData/Gripah-gptnnpiwslcswlcpylqwkddqyprw/Build/Intermediates.noindex/Pods.build/Debug-iphonesimulator/RNGoogleMobileAds.build/Objects-normal/arm64/RNGoogleMobileAdsBannerComponent.o /Users/kharyfiler/Documents/grip-claude/node_modules/react-native-google-mobile-ads/ios/RNGoogleMobileAds/RNGoogleMobileAdsBannerComponent.m normal arm64 objective-c com.apple.compilers.llvm.clang.1_0.compiler (in target 'RNGoogleMobileAds' from project 'Pods')
    cd /Users/kharyfiler/Documents/grip-claude/ios/Pods
    
    Using response file: /Users/kharyfiler/Library/Developer/Xcode/DerivedData/Gripah-gptnnpiwslcswlcpylqwkddqyprw/Build/Intermediates.noindex/Pods.build/Debug-iphonesimulator/RNGoogleMobileAds.build/Objects-normal/arm64/e6072d4f65d7061329687fe24e3d63a7-common-args.resp
    
    builtin-ScanDependencies -o /Users/kharyfiler/Library/Developer/Xcode/DerivedData/Gripah-gptnnpiwslcswlcpylqwkddqyprw/Build/Intermediates.noindex/Pods.build/Debug-iphonesimulator/RNGoogleMobileAds.build/Objects-normal/arm64/RNGoogleMobileAdsBannerComponent.o.scan -- /Applications/Xcode.app/Contents/Developer/Toolchains/XcodeDefault.xctoolchain/usr/bin/clang -x objective-c -ivfsstatcache /Users/kharyfiler/Library/Developer/Xcode/DerivedData/SDKStatCaches.noindex/iphonesimulator26.2-23C53-3885c01c3e6b6a337905948deab2002e7d00a8b37fbd7999ea79df8ebc024bf0.sdkstatcache -fmessage-length\=0 -fdiagnostics-show-note-include-stack -fmacro-backtrace-limit\=0 -fno-color-diagnostics -fmodules-prune-interval\=86400 -fmodules-prune-after\=345600 -fbuild-session-file\=/Users/kharyfiler/Library/Developer/Xcode/DerivedData/ModuleCache.noindex/Session.modulevalidation -fmodules-validate-once-per-build-session -Wnon-modular-include-in-framework-module -Werror\=non-modular-include-in-framework-module -Wno-trigraphs -Wno-missing-field-initializers -Wno-missing-prototypes -Werror\=return-type -Wdocumentation -Wunreachable-code -Wno-implicit-atomic-properties -Werror\=deprecated-objc-isa-usage -Wno-objc-interface-ivars -Werror\=objc-root-class -Wno-arc-repeated-use-of-weak -Wimplicit-retain-self -Wduplicate-method-match -Wno-missing-braces -Wparentheses -Wswitch -Wunused-function -Wno-unused-label -Wno-unused-parameter -Wunused-variable -Wunused-value -Wempty-body -Wuninitialized -Wconditional-uninitialized -Wno-unknown-pragmas -Wno-shadow -Wno-four-char-constants -Wno-conversion -Wconstant-conversion -Wint-conversion -Wbool-conversion -Wenum-conversion -Wno-float-conversion -Wnon-literal-null-conversion -Wobjc-literal-conversion -Wshorten-64-to-32 -Wpointer-sign -Wno-newline-eof -Wno-selector -Wno-strict-selector-match -Wundeclared-selector -Wdeprecated-implementations -Wno-implicit-fallthrough -fstrict-aliasing -Wprotocol -Wdeprecated-declarations -Wno-sign-conversion -Winfinite-recursion -Wcomma -Wblock-capture-autoreleasing -Wstrict-prototypes -Wno-semicolon-before-method-body -Wunguarded-availability -index-store-path /Users/kharyfiler/Library/Developer/Xcode/DerivedData/Gripah-gptnnpiwslcswlcpylqwkddqyprw/Index.noindex/DataStore @/Users/kharyfiler/Library/Developer/Xcode/DerivedData/Gripah-gptnnpiwslcswlcpylqwkddqyprw/Build/Intermediates.noindex/Pods.build/Debug-iphonesimulator/RNGoogleMobileAds.build/Objects-normal/arm64/e6072d4f65d7061329687fe24e3d63a7-common-args.resp -include /Users/kharyfiler/Documents/grip-claude/ios/Pods/Target\ Support\ Files/RNGoogleMobileAds/RNGoogleMobileAds-prefix.pch -MMD -MT dependencies -MF /Users/kharyfiler/Library/Developer/Xcode/DerivedData/Gripah-gptnnpiwslcswlcpylqwkddqyprw/Build/Intermediates.noindex/Pods.build/Debug-iphonesimulator/RNGoogleMobileAds.build/Objects-normal/arm64/RNGoogleMobileAdsBannerComponent.d --serialize-diagnostics /Users/kharyfiler/Library/Developer/Xcode/DerivedData/Gripah-gptnnpiwslcswlcpylqwkddqyprw/Build/Intermediates.noindex/Pods.build/Debug-iphonesimulator/RNGoogleMobileAds.build/Objects-normal/arm64/RNGoogleMobileAdsBannerComponent.dia -c /Users/kharyfiler/Documents/grip-claude/node_modules/react-native-google-mobile-ads/ios/RNGoogleMobileAds/RNGoogleMobileAdsBannerComponent.m -o /Users/kharyfiler/Library/Developer/Xcode/DerivedData/Gripah-gptnnpiwslcswlcpylqwkddqyprw/Build/Intermediates.noindex/Pods.build/Debug-iphonesimulator/RNGoogleMobileAds.build/Objects-normal/arm64/RNGoogleMobileAdsBannerComponent.o -index-unit-output-path /Pods.build/Debug-iphonesimulator/RNGoogleMobileAds.build/Objects-normal/arm64/RNGoogleMobileAdsBannerComponent.o

ScanDependencies /Users/kharyfiler/Library/Developer/Xcode/DerivedData/Gripah-gptnnpiwslcswlcpylqwkddqyprw/Build/Intermediates.noindex/Pods.build/Debug-iphonesimulator/RNGoogleMobileAds.build/Objects-normal/arm64/RNGoogleMobileAds-dummy.o /Users/kharyfiler/Documents/grip-claude/ios/Pods/Target\ Support\ Files/RNGoogleMobileAds/RNGoogleMobileAds-dummy.m normal arm64 objective-c com.apple.compilers.llvm.clang.1_0.compiler (in target 'RNGoogleMobileAds' from project 'Pods')
    cd /Users/kharyfiler/Documents/grip-claude/ios/Pods
    
    Using response file: /Users/kharyfiler/Library/Developer/Xcode/DerivedData/Gripah-gptnnpiwslcswlcpylqwkddqyprw/Build/Intermediates.noindex/Pods.build/Debug-iphonesimulator/RNGoogleMobileAds.build/Objects-normal/arm64/e6072d4f65d7061329687fe24e3d63a7-common-args.resp
    
    builtin-ScanDependencies -o /Users/kharyfiler/Library/Developer/Xcode/DerivedData/Gripah-gptnnpiwslcswlcpylqwkddqyprw/Build/Intermediates.noindex/Pods.build/Debug-iphonesimulator/RNGoogleMobileAds.build/Objects-normal/arm64/RNGoogleMobileAds-dummy.o.scan -- /Applications/Xcode.app/Contents/Developer/Toolchains/XcodeDefault.xctoolchain/usr/bin/clang -x objective-c -ivfsstatcache /Users/kharyfiler/Library/Developer/Xcode/DerivedData/SDKStatCaches.noindex/iphonesimulator26.2-23C53-3885c01c3e6b6a337905948deab2002e7d00a8b37fbd7999ea79df8ebc024bf0.sdkstatcache -fmessage-length\=0 -fdiagnostics-show-note-include-stack -fmacro-backtrace-limit\=0 -fno-color-diagnostics -fmodules-prune-interval\=86400 -fmodules-prune-after\=345600 -fbuild-session-file\=/Users/kharyfiler/Library/Developer/Xcode/DerivedData/ModuleCache.noindex/Session.modulevalidation -fmodules-validate-once-per-build-session -Wnon-modular-include-in-framework-module -Werror\=non-modular-include-in-framework-module -Wno-trigraphs -Wno-missing-field-initializers -Wno-missing-prototypes -Werror\=return-type -Wdocumentation -Wunreachable-code -Wno-implicit-atomic-properties -Werror\=deprecated-objc-isa-usage -Wno-objc-interface-ivars -Werror\=objc-root-class -Wno-arc-repeated-use-of-weak -Wimplicit-retain-self -Wduplicate-method-match -Wno-missing-braces -Wparentheses -Wswitch -Wunused-function -Wno-unused-label -Wno-unused-parameter -Wunused-variable -Wunused-value -Wempty-body -Wuninitialized -Wconditional-uninitialized -Wno-unknown-pragmas -Wno-shadow -Wno-four-char-constants -Wno-conversion -Wconstant-conversion -Wint-conversion -Wbool-conversion -Wenum-conversion -Wno-float-conversion -Wnon-literal-null-conversion -Wobjc-literal-conversion -Wshorten-64-to-32 -Wpointer-sign -Wno-newline-eof -Wno-selector -Wno-strict-selector-match -Wundeclared-selector -Wdeprecated-implementations -Wno-implicit-fallthrough -fstrict-aliasing -Wprotocol -Wdeprecated-declarations -Wno-sign-conversion -Winfinite-recursion -Wcomma -Wblock-capture-autoreleasing -Wstrict-prototypes -Wno-semicolon-before-method-body -Wunguarded-availability -index-store-path /Users/kharyfiler/Library/Developer/Xcode/DerivedData/Gripah-gptnnpiwslcswlcpylqwkddqyprw/Index.noindex/DataStore @/Users/kharyfiler/Library/Developer/Xcode/DerivedData/Gripah-gptnnpiwslcswlcpylqwkddqyprw/Build/Intermediates.noindex/Pods.build/Debug-iphonesimulator/RNGoogleMobileAds.build/Objects-normal/arm64/e6072d4f65d7061329687fe24e3d63a7-common-args.resp -include /Users/kharyfiler/Documents/grip-claude/ios/Pods/Target\ Support\ Files/RNGoogleMobileAds/RNGoogleMobileAds-prefix.pch -MMD -MT dependencies -MF /Users/kharyfiler/Library/Developer/Xcode/DerivedData/Gripah-gptnnpiwslcswlcpylqwkddqyprw/Build/Intermediates.noindex/Pods.build/Debug-iphonesimulator/RNGoogleMobileAds.build/Objects-normal/arm64/RNGoogleMobileAds-dummy.d --serialize-diagnostics /Users/kharyfiler/Library/Developer/Xcode/DerivedData/Gripah-gptnnpiwslcswlcpylqwkddqyprw/Build/Intermediates.noindex/Pods.build/Debug-iphonesimulator/RNGoogleMobileAds.build/Objects-normal/arm64/RNGoogleMobileAds-dummy.dia -c /Users/kharyfiler/Documents/grip-claude/ios/Pods/Target\ Support\ Files/RNGoogleMobileAds/RNGoogleMobileAds-dummy.m -o /Users/kharyfiler/Library/Developer/Xcode/DerivedData/Gripah-gptnnpiwslcswlcpylqwkddqyprw/Build/Intermediates.noindex/Pods.build/Debug-iphonesimulator/RNGoogleMobileAds.build/Objects-normal/arm64/RNGoogleMobileAds-dummy.o -index-unit-output-path /Pods.build/Debug-iphonesimulator/RNGoogleMobileAds.build/Objects-normal/arm64/RNGoogleMobileAds-dummy.o

SwiftDriverJobDiscovery normal arm64 Compiling MobileWebAuth.swift, MultifactorChallenge.swift, MyAccount.swift, MyAccountAuthenticationMethods.swift, MyAccountError.swift, MyAccountHandlers.swift, NewPasskey.swift, NSData+URLSafe.swift, NSURL+Auth0.swift, NSURLComponents+OAuth2.swift (in target 'Auth0' from project 'Pods')

SwiftCompile normal arm64 Compiling\ ClearSessionTransaction.swift,\ Credentials.swift,\ CredentialsManager.swift,\ CredentialsManagerError.swift,\ CredentialsStorage.swift,\ DesktopWebAuth.swift,\ DPoP.swift,\ DPoPChallenge.swift,\ DPoPError.swift,\ DPoPKeyStore.swift /Users/kharyfiler/Documents/grip-claude/ios/Pods/Auth0/Auth0/ClearSessionTransaction.swift /Users/kharyfiler/Documents/grip-claude/ios/Pods/Auth0/Auth0/Credentials.swift /Users/kharyfiler/Documents/grip-claude/ios/Pods/Auth0/Auth0/CredentialsManager.swift /Users/kharyfiler/Documents/grip-claude/ios/Pods/Auth0/Auth0/CredentialsManagerError.swift /Users/kharyfiler/Documents/grip-claude/ios/Pods/Auth0/Auth0/CredentialsStorage.swift /Users/kharyfiler/Documents/grip-claude/ios/Pods/Auth0/Auth0/DesktopWebAuth.swift /Users/kharyfiler/Documents/grip-claude/ios/Pods/Auth0/Auth0/DPoP/DPoP.swift /Users/kharyfiler/Documents/grip-claude/ios/Pods/Auth0/Auth0/DPoP/DPoPChallenge.swift /Users/kharyfiler/Documents/grip-claude/ios/Pods/Auth0/Auth0/DPoP/DPoPError.swift /Users/kharyfiler/Documents/grip-claude/ios/Pods/Auth0/Auth0/DPoP/DPoPKeyStore.swift (in target 'Auth0' from project 'Pods')

SwiftCompile normal arm64 /Users/kharyfiler/Documents/grip-claude/ios/Pods/Auth0/Auth0/ClearSessionTransaction.swift (in target 'Auth0' from project 'Pods')
    cd /Users/kharyfiler/Documents/grip-claude/ios/Pods
    

SwiftCompile normal arm64 /Users/kharyfiler/Documents/grip-claude/ios/Pods/Auth0/Auth0/Credentials.swift (in target 'Auth0' from project 'Pods')
    cd /Users/kharyfiler/Documents/grip-claude/ios/Pods
    

SwiftCompile normal arm64 /Users/kharyfiler/Documents/grip-claude/ios/Pods/Auth0/Auth0/CredentialsManager.swift (in target 'Auth0' from project 'Pods')
    cd /Users/kharyfiler/Documents/grip-claude/ios/Pods
    

SwiftCompile normal arm64 /Users/kharyfiler/Documents/grip-claude/ios/Pods/Auth0/Auth0/CredentialsManagerError.swift (in target 'Auth0' from project 'Pods')
    cd /Users/kharyfiler/Documents/grip-claude/ios/Pods
    

SwiftCompile normal arm64 /Users/kharyfiler/Documents/grip-claude/ios/Pods/Auth0/Auth0/CredentialsStorage.swift (in target 'Auth0' from project 'Pods')
    cd /Users/kharyfiler/Documents/grip-claude/ios/Pods
    

SwiftCompile normal arm64 /Users/kharyfiler/Documents/grip-claude/ios/Pods/Auth0/Auth0/DesktopWebAuth.swift (in target 'Auth0' from project 'Pods')
    cd /Users/kharyfiler/Documents/grip-claude/ios/Pods
    

SwiftCompile normal arm64 /Users/kharyfiler/Documents/grip-claude/ios/Pods/Auth0/Auth0/DPoP/DPoP.swift (in target 'Auth0' from project 'Pods')
    cd /Users/kharyfiler/Documents/grip-claude/ios/Pods
    

SwiftCompile normal arm64 /Users/kharyfiler/Documents/grip-claude/ios/Pods/Auth0/Auth0/DPoP/DPoPChallenge.swift (in target 'Auth0' from project 'Pods')
    cd /Users/kharyfiler/Documents/grip-claude/ios/Pods
    

SwiftCompile normal arm64 /Users/kharyfiler/Documents/grip-claude/ios/Pods/Auth0/Auth0/DPoP/DPoPError.swift (in target 'Auth0' from project 'Pods')
    cd /Users/kharyfiler/Documents/grip-claude/ios/Pods
    

SwiftCompile normal arm64 /Users/kharyfiler/Documents/grip-claude/ios/Pods/Auth0/Auth0/DPoP/DPoPKeyStore.swift (in target 'Auth0' from project 'Pods')
    cd /Users/kharyfiler/Documents/grip-claude/ios/Pods
    

SwiftCompile normal arm64 Compiling\ JWKS.swift,\ JWT+Header.swift,\ JWTAlgorithm.swift,\ KeychainKeyStore.swift,\ Loggable.swift,\ Logger.swift,\ LoginPasskey.swift,\ LoginTransaction.swift,\ Management.swift,\ ManagementError.swift /Users/kharyfiler/Documents/grip-claude/ios/Pods/Auth0/Auth0/JWKS.swift /Users/kharyfiler/Documents/grip-claude/ios/Pods/Auth0/Auth0/JWT+Header.swift /Users/kharyfiler/Documents/grip-claude/ios/Pods/Auth0/Auth0/JWTAlgorithm.swift /Users/kharyfiler/Documents/grip-claude/ios/Pods/Auth0/Auth0/DPoP/KeychainKeyStore.swift /Users/kharyfiler/Documents/grip-claude/ios/Pods/Auth0/Auth0/Loggable.swift /Users/kharyfiler/Documents/grip-claude/ios/Pods/Auth0/Auth0/Logger.swift /Users/kharyfiler/Documents/grip-claude/ios/Pods/Auth0/Auth0/LoginPasskey.swift /Users/kharyfiler/Documents/grip-claude/ios/Pods/Auth0/Auth0/LoginTransaction.swift /Users/kharyfiler/Documents/grip-claude/ios/Pods/Auth0/Auth0/Management.swift /Users/kharyfiler/Documents/grip-claude/ios/Pods/Auth0/Auth0/ManagementError.swift (in target 'Auth0' from project 'Pods')

SwiftCompile normal arm64 /Users/kharyfiler/Documents/grip-claude/ios/Pods/Auth0/Auth0/JWKS.swift (in target 'Auth0' from project 'Pods')
    cd /Users/kharyfiler/Documents/grip-claude/ios/Pods
    

SwiftCompile normal arm64 /Users/kharyfiler/Documents/grip-claude/ios/Pods/Auth0/Auth0/JWT+Header.swift (in target 'Auth0' from project 'Pods')
    cd /Users/kharyfiler/Documents/grip-claude/ios/Pods
    

SwiftCompile normal arm64 /Users/kharyfiler/Documents/grip-claude/ios/Pods/Auth0/Auth0/JWTAlgorithm.swift (in target 'Auth0' from project 'Pods')
    cd /Users/kharyfiler/Documents/grip-claude/ios/Pods
    

SwiftCompile normal arm64 /Users/kharyfiler/Documents/grip-claude/ios/Pods/Auth0/Auth0/DPoP/KeychainKeyStore.swift (in target 'Auth0' from project 'Pods')
    cd /Users/kharyfiler/Documents/grip-claude/ios/Pods
    

SwiftCompile normal arm64 /Users/kharyfiler/Documents/grip-claude/ios/Pods/Auth0/Auth0/Loggable.swift (in target 'Auth0' from project 'Pods')
    cd /Users/kharyfiler/Documents/grip-claude/ios/Pods
    

SwiftCompile normal arm64 /Users/kharyfiler/Documents/grip-claude/ios/Pods/Auth0/Auth0/Logger.swift (in target 'Auth0' from project 'Pods')
    cd /Users/kharyfiler/Documents/grip-claude/ios/Pods
    

SwiftCompile normal arm64 /Users/kharyfiler/Documents/grip-claude/ios/Pods/Auth0/Auth0/LoginPasskey.swift (in target 'Auth0' from project 'Pods')
    cd /Users/kharyfiler/Documents/grip-claude/ios/Pods
    

SwiftCompile normal arm64 /Users/kharyfiler/Documents/grip-claude/ios/Pods/Auth0/Auth0/LoginTransaction.swift (in target 'Auth0' from project 'Pods')
    cd /Users/kharyfiler/Documents/grip-claude/ios/Pods
    

SwiftCompile normal arm64 /Users/kharyfiler/Documents/grip-claude/ios/Pods/Auth0/Auth0/Management.swift (in target 'Auth0' from project 'Pods')
    cd /Users/kharyfiler/Documents/grip-claude/ios/Pods
    

SwiftCompile normal arm64 /Users/kharyfiler/Documents/grip-claude/ios/Pods/Auth0/Auth0/ManagementError.swift (in target 'Auth0' from project 'Pods')
    cd /Users/kharyfiler/Documents/grip-claude/ios/Pods
    

SwiftCompile normal arm64 Compiling\ OAuth2Grant.swift,\ Optional+DebugDescription.swift,\ OSUnifiedLoggingService.swift,\ PasskeyAuthenticationMethod.swift,\ PasskeyEnrollmentChallenge.swift,\ PasskeyLoginChallenge.swift,\ PasskeySignupChallenge.swift,\ PasswordlessType.swift,\ PhoneEnrollmentChallenge.swift,\ PreferredAuthenticationMethod.swift /Users/kharyfiler/Documents/grip-claude/ios/Pods/Auth0/Auth0/OAuth2Grant.swift /Users/kharyfiler/Documents/grip-claude/ios/Pods/Auth0/Auth0/Optional+DebugDescription.swift /Users/kharyfiler/Documents/grip-claude/ios/Pods/Auth0/Auth0/OSUnifiedLoggingService.swift /Users/kharyfiler/Documents/grip-claude/ios/Pods/Auth0/Auth0/MyAccount/AuthenticationMethods/PasskeyAuthenticationMethod.swift /Users/kharyfiler/Documents/grip-claude/ios/Pods/Auth0/Auth0/MyAccount/AuthenticationMethods/PasskeyEnrollmentChallenge.swift /Users/kharyfiler/Documents/grip-claude/ios/Pods/Auth0/Auth0/PasskeyLoginChallenge.swift /Users/kharyfiler/Documents/grip-claude/ios/Pods/Auth0/Auth0/PasskeySignupChallenge.swift /Users/kharyfiler/Documents/grip-claude/ios/Pods/Auth0/Auth0/PasswordlessType.swift /Users/kharyfiler/Documents/grip-claude/ios/Pods/Auth0/Auth0/MyAccount/AuthenticationMethods/PhoneEnrollmentChallenge.swift /Users/kharyfiler/Documents/grip-claude/ios/Pods/Auth0/Auth0/MyAccount/AuthenticationMethods/PreferredAuthenticationMethod.swift (in target 'Auth0' from project 'Pods')

SwiftCompile normal arm64 /Users/kharyfiler/Documents/grip-claude/ios/Pods/Auth0/Auth0/OAuth2Grant.swift (in target 'Auth0' from project 'Pods')
    cd /Users/kharyfiler/Documents/grip-claude/ios/Pods
    

SwiftCompile normal arm64 /Users/kharyfiler/Documents/grip-claude/ios/Pods/Auth0/Auth0/Optional+DebugDescription.swift (in target 'Auth0' from project 'Pods')
    cd /Users/kharyfiler/Documents/grip-claude/ios/Pods
    

SwiftCompile normal arm64 /Users/kharyfiler/Documents/grip-claude/ios/Pods/Auth0/Auth0/OSUnifiedLoggingService.swift (in target 'Auth0' from project 'Pods')
    cd /Users/kharyfiler/Documents/grip-claude/ios/Pods
    

SwiftCompile normal arm64 /Users/kharyfiler/Documents/grip-claude/ios/Pods/Auth0/Auth0/MyAccount/AuthenticationMethods/PasskeyAuthenticationMethod.swift (in target 'Auth0' from project 'Pods')
    cd /Users/kharyfiler/Documents/grip-claude/ios/Pods
    

SwiftCompile normal arm64 /Users/kharyfiler/Documents/grip-claude/ios/Pods/Auth0/Auth0/MyAccount/AuthenticationMethods/PasskeyEnrollmentChallenge.swift (in target 'Auth0' from project 'Pods')
    cd /Users/kharyfiler/Documents/grip-claude/ios/Pods
    

SwiftCompile normal arm64 /Users/kharyfiler/Documents/grip-claude/ios/Pods/Auth0/Auth0/PasskeyLoginChallenge.swift (in target 'Auth0' from project 'Pods')
    cd /Users/kharyfiler/Documents/grip-claude/ios/Pods
    

SwiftCompile normal arm64 /Users/kharyfiler/Documents/grip-claude/ios/Pods/Auth0/Auth0/PasskeySignupChallenge.swift (in target 'Auth0' from project 'Pods')
    cd /Users/kharyfiler/Documents/grip-claude/ios/Pods
    

SwiftCompile normal arm64 /Users/kharyfiler/Documents/grip-claude/ios/Pods/Auth0/Auth0/PasswordlessType.swift (in target 'Auth0' from project 'Pods')
    cd /Users/kharyfiler/Documents/grip-claude/ios/Pods
    

SwiftCompile normal arm64 /Users/kharyfiler/Documents/grip-claude/ios/Pods/Auth0/Auth0/MyAccount/AuthenticationMethods/PhoneEnrollmentChallenge.swift (in target 'Auth0' from project 'Pods')
    cd /Users/kharyfiler/Documents/grip-claude/ios/Pods
    
/Users/kharyfiler/Documents/grip-claude/ios/Pods/Auth0/Auth0/MyAccount/AuthenticationMethods/PhoneEnrollmentChallenge.swift:21:19: warning: immutable value 'authenticationMethodId' was never used; consider replacing with '_' or removing it
              let authenticationMethodId = locationHeader.components(separatedBy: "/").last else {
              ~~~~^~~~~~~~~~~~~~~~~~~~~~
              _

SwiftCompile normal arm64 /Users/kharyfiler/Documents/grip-claude/ios/Pods/Auth0/Auth0/MyAccount/AuthenticationMethods/PreferredAuthenticationMethod.swift (in target 'Auth0' from project 'Pods')
    cd /Users/kharyfiler/Documents/grip-claude/ios/Pods
    

SwiftCompile normal arm64 Compiling\ DPoPProofGenerator.swift,\ ECPublicKey.swift,\ EmailEnrollmentChallenge.swift,\ Factor.swift,\ GetAuthenticationMethodsResponse.swift,\ IDTokenSignatureValidator.swift,\ IDTokenValidator.swift,\ IDTokenValidatorContext.swift,\ JSONObjectPayload.swift,\ JWK+RSA.swift /Users/kharyfiler/Documents/grip-claude/ios/Pods/Auth0/Auth0/DPoP/DPoPProofGenerator.swift /Users/kharyfiler/Documents/grip-claude/ios/Pods/Auth0/Auth0/DPoP/ECPublicKey.swift /Users/kharyfiler/Documents/grip-claude/ios/Pods/Auth0/Auth0/MyAccount/AuthenticationMethods/EmailEnrollmentChallenge.swift /Users/kharyfiler/Documents/grip-claude/ios/Pods/Auth0/Auth0/MyAccount/AuthenticationMethods/Factor.swift /Users/kharyfiler/Documents/grip-claude/ios/Pods/Auth0/Auth0/MyAccount/AuthenticationMethods/GetAuthenticationMethodsResponse.swift /Users/kharyfiler/Documents/grip-claude/ios/Pods/Auth0/Auth0/IDTokenSignatureValidator.swift /Users/kharyfiler/Documents/grip-claude/ios/Pods/Auth0/Auth0/IDTokenValidator.swift /Users/kharyfiler/Documents/grip-claude/ios/Pods/Auth0/Auth0/IDTokenValidatorContext.swift /Users/kharyfiler/Documents/grip-claude/ios/Pods/Auth0/Auth0/JSONObjectPayload.swift /Users/kharyfiler/Documents/grip-claude/ios/Pods/Auth0/Auth0/JWK+RSA.swift (in target 'Auth0' from project 'Pods')

SwiftCompile normal arm64 /Users/kharyfiler/Documents/grip-claude/ios/Pods/Auth0/Auth0/DPoP/DPoPProofGenerator.swift (in target 'Auth0' from project 'Pods')
    cd /Users/kharyfiler/Documents/grip-claude/ios/Pods
    

SwiftCompile normal arm64 /Users/kharyfiler/Documents/grip-claude/ios/Pods/Auth0/Auth0/DPoP/ECPublicKey.swift (in target 'Auth0' from project 'Pods')
    cd /Users/kharyfiler/Documents/grip-claude/ios/Pods
    

SwiftCompile normal arm64 /Users/kharyfiler/Documents/grip-claude/ios/Pods/Auth0/Auth0/MyAccount/AuthenticationMethods/EmailEnrollmentChallenge.swift (in target 'Auth0' from project 'Pods')
    cd /Users/kharyfiler/Documents/grip-claude/ios/Pods
    
/Users/kharyfiler/Documents/grip-claude/ios/Pods/Auth0/Auth0/MyAccount/AuthenticationMethods/EmailEnrollmentChallenge.swift:21:19: warning: immutable value 'authenticationMethodId' was never used; consider replacing with '_' or removing it
              let authenticationMethodId = locationHeader.components(separatedBy: "/").last else {
              ~~~~^~~~~~~~~~~~~~~~~~~~~~
              _

SwiftCompile normal arm64 /Users/kharyfiler/Documents/grip-claude/ios/Pods/Auth0/Auth0/MyAccount/AuthenticationMethods/Factor.swift (in target 'Auth0' from project 'Pods')
    cd /Users/kharyfiler/Documents/grip-claude/ios/Pods
    

SwiftCompile normal arm64 /Users/kharyfiler/Documents/grip-claude/ios/Pods/Auth0/Auth0/MyAccount/AuthenticationMethods/GetAuthenticationMethodsResponse.swift (in target 'Auth0' from project 'Pods')
    cd /Users/kharyfiler/Documents/grip-claude/ios/Pods
    

SwiftCompile normal arm64 /Users/kharyfiler/Documents/grip-claude/ios/Pods/Auth0/Auth0/IDTokenSignatureValidator.swift (in target 'Auth0' from project 'Pods')
    cd /Users/kharyfiler/Documents/grip-claude/ios/Pods
    

SwiftCompile normal arm64 /Users/kharyfiler/Documents/grip-claude/ios/Pods/Auth0/Auth0/IDTokenValidator.swift (in target 'Auth0' from project 'Pods')
    cd /Users/kharyfiler/Documents/grip-claude/ios/Pods
    

SwiftCompile normal arm64 /Users/kharyfiler/Documents/grip-claude/ios/Pods/Auth0/Auth0/IDTokenValidatorContext.swift (in target 'Auth0' from project 'Pods')
    cd /Users/kharyfiler/Documents/grip-claude/ios/Pods
    

SwiftCompile normal arm64 /Users/kharyfiler/Documents/grip-claude/ios/Pods/Auth0/Auth0/JSONObjectPayload.swift (in target 'Auth0' from project 'Pods')
    cd /Users/kharyfiler/Documents/grip-claude/ios/Pods
    

SwiftCompile normal arm64 /Users/kharyfiler/Documents/grip-claude/ios/Pods/Auth0/Auth0/JWK+RSA.swift (in target 'Auth0' from project 'Pods')
    cd /Users/kharyfiler/Documents/grip-claude/ios/Pods
    

SwiftCompile normal arm64 Compiling\ PublicKeyCredentialCreationOptions.swift,\ PublicKeyCredentialRequestOptions.swift,\ PushEnrollmentChallenge.swift,\ RecoveryCodeEnrollmentChallenge.swift,\ Request.swift,\ Requestable.swift,\ Response.swift,\ SafariProvider.swift,\ SecureEnclaveKeyStore.swift,\ SenderConstraining.swift /Users/kharyfiler/Documents/grip-claude/ios/Pods/Auth0/Auth0/PublicKeyCredentialCreationOptions.swift /Users/kharyfiler/Documents/grip-claude/ios/Pods/Auth0/Auth0/PublicKeyCredentialRequestOptions.swift /Users/kharyfiler/Documents/grip-claude/ios/Pods/Auth0/Auth0/MyAccount/AuthenticationMethods/PushEnrollmentChallenge.swift /Users/kharyfiler/Documents/grip-claude/ios/Pods/Auth0/Auth0/MyAccount/AuthenticationMethods/RecoveryCodeEnrollmentChallenge.swift /Users/kharyfiler/Documents/grip-claude/ios/Pods/Auth0/Auth0/Request.swift /Users/kharyfiler/Documents/grip-claude/ios/Pods/Auth0/Auth0/Requestable.swift /Users/kharyfiler/Documents/grip-claude/ios/Pods/Auth0/Auth0/Response.swift /Users/kharyfiler/Documents/grip-claude/ios/Pods/Auth0/Auth0/SafariProvider.swift /Users/kharyfiler/Documents/grip-claude/ios/Pods/Auth0/Auth0/DPoP/SecureEnclaveKeyStore.swift /Users/kharyfiler/Documents/grip-claude/ios/Pods/Auth0/Auth0/DPoP/SenderConstraining.swift (in target 'Auth0' from project 'Pods')

SwiftCompile normal arm64 /Users/kharyfiler/Documents/grip-claude/ios/Pods/Auth0/Auth0/PublicKeyCredentialCreationOptions.swift (in target 'Auth0' from project 'Pods')
    cd /Users/kharyfiler/Documents/grip-claude/ios/Pods
    

SwiftCompile normal arm64 /Users/kharyfiler/Documents/grip-claude/ios/Pods/Auth0/Auth0/PublicKeyCredentialRequestOptions.swift (in target 'Auth0' from project 'Pods')
    cd /Users/kharyfiler/Documents/grip-claude/ios/Pods
    

SwiftCompile normal arm64 /Users/kharyfiler/Documents/grip-claude/ios/Pods/Auth0/Auth0/MyAccount/AuthenticationMethods/PushEnrollmentChallenge.swift (in target 'Auth0' from project 'Pods')
    cd /Users/kharyfiler/Documents/grip-claude/ios/Pods
    
/Users/kharyfiler/Documents/grip-claude/ios/Pods/Auth0/Auth0/MyAccount/AuthenticationMethods/PushEnrollmentChallenge.swift:31:19: warning: immutable value 'authenticationMethodId' was never used; consider replacing with '_' or removing it
              let authenticationMethodId = locationHeader.components(separatedBy: "/").last else {
              ~~~~^~~~~~~~~~~~~~~~~~~~~~
              _

SwiftCompile normal arm64 /Users/kharyfiler/Documents/grip-claude/ios/Pods/Auth0/Auth0/MyAccount/AuthenticationMethods/RecoveryCodeEnrollmentChallenge.swift (in target 'Auth0' from project 'Pods')
    cd /Users/kharyfiler/Documents/grip-claude/ios/Pods
    
/Users/kharyfiler/Documents/grip-claude/ios/Pods/Auth0/Auth0/MyAccount/AuthenticationMethods/RecoveryCodeEnrollmentChallenge.swift:27:19: warning: immutable value 'authenticationMethodId' was never used; consider replacing with '_' or removing it
              let authenticationMethodId = locationHeader.components(separatedBy: "/").last else {
              ~~~~^~~~~~~~~~~~~~~~~~~~~~
              _

SwiftCompile normal arm64 /Users/kharyfiler/Documents/grip-claude/ios/Pods/Auth0/Auth0/Request.swift (in target 'Auth0' from project 'Pods')
    cd /Users/kharyfiler/Documents/grip-claude/ios/Pods
    

SwiftCompile normal arm64 /Users/kharyfiler/Documents/grip-claude/ios/Pods/Auth0/Auth0/Requestable.swift (in target 'Auth0' from project 'Pods')
    cd /Users/kharyfiler/Documents/grip-claude/ios/Pods
    

SwiftCompile normal arm64 /Users/kharyfiler/Documents/grip-claude/ios/Pods/Auth0/Auth0/Response.swift (in target 'Auth0' from project 'Pods')
    cd /Users/kharyfiler/Documents/grip-claude/ios/Pods
    

SwiftCompile normal arm64 /Users/kharyfiler/Documents/grip-claude/ios/Pods/Auth0/Auth0/SafariProvider.swift (in target 'Auth0' from project 'Pods')
    cd /Users/kharyfiler/Documents/grip-claude/ios/Pods
    

SwiftCompile normal arm64 /Users/kharyfiler/Documents/grip-claude/ios/Pods/Auth0/Auth0/DPoP/SecureEnclaveKeyStore.swift (in target 'Auth0' from project 'Pods')
    cd /Users/kharyfiler/Documents/grip-claude/ios/Pods
    

SwiftCompile normal arm64 /Users/kharyfiler/Documents/grip-claude/ios/Pods/Auth0/Auth0/DPoP/SenderConstraining.swift (in target 'Auth0' from project 'Pods')
    cd /Users/kharyfiler/Documents/grip-claude/ios/Pods
    

SwiftCompile normal arm64 Compiling\ Auth0WebAuth.swift,\ Authentication.swift,\ AuthenticationError.swift,\ AuthenticationHandlers.swift,\ AuthTransaction.swift,\ Barrier.swift,\ BioAuthentication.swift,\ BiometricPolicy.swift,\ ChallengeGenerator.swift,\ ClaimValidators.swift /Users/kharyfiler/Documents/grip-claude/ios/Pods/Auth0/Auth0/Auth0WebAuth.swift /Users/kharyfiler/Documents/grip-claude/ios/Pods/Auth0/Auth0/Authentication.swift /Users/kharyfiler/Documents/grip-claude/ios/Pods/Auth0/Auth0/AuthenticationError.swift /Users/kharyfiler/Documents/grip-claude/ios/Pods/Auth0/Auth0/AuthenticationHandlers.swift /Users/kharyfiler/Documents/grip-claude/ios/Pods/Auth0/Auth0/AuthTransaction.swift /Users/kharyfiler/Documents/grip-claude/ios/Pods/Auth0/Auth0/Barrier.swift /Users/kharyfiler/Documents/grip-claude/ios/Pods/Auth0/Auth0/BioAuthentication.swift /Users/kharyfiler/Documents/grip-claude/ios/Pods/Auth0/Auth0/BiometricPolicy.swift /Users/kharyfiler/Documents/grip-claude/ios/Pods/Auth0/Auth0/ChallengeGenerator.swift /Users/kharyfiler/Documents/grip-claude/ios/Pods/Auth0/Auth0/ClaimValidators.swift (in target 'Auth0' from project 'Pods')

SwiftCompile normal arm64 /Users/kharyfiler/Documents/grip-claude/ios/Pods/Auth0/Auth0/Auth0WebAuth.swift (in target 'Auth0' from project 'Pods')
    cd /Users/kharyfiler/Documents/grip-claude/ios/Pods
    

SwiftCompile normal arm64 /Users/kharyfiler/Documents/grip-claude/ios/Pods/Auth0/Auth0/Authentication.swift (in target 'Auth0' from project 'Pods')
    cd /Users/kharyfiler/Documents/grip-claude/ios/Pods
    

SwiftCompile normal arm64 /Users/kharyfiler/Documents/grip-claude/ios/Pods/Auth0/Auth0/AuthenticationError.swift (in target 'Auth0' from project 'Pods')
    cd /Users/kharyfiler/Documents/grip-claude/ios/Pods
    

SwiftCompile normal arm64 /Users/kharyfiler/Documents/grip-claude/ios/Pods/Auth0/Auth0/AuthenticationHandlers.swift (in target 'Auth0' from project 'Pods')
    cd /Users/kharyfiler/Documents/grip-claude/ios/Pods
    

SwiftCompile normal arm64 /Users/kharyfiler/Documents/grip-claude/ios/Pods/Auth0/Auth0/AuthTransaction.swift (in target 'Auth0' from project 'Pods')
    cd /Users/kharyfiler/Documents/grip-claude/ios/Pods
    

SwiftCompile normal arm64 /Users/kharyfiler/Documents/grip-claude/ios/Pods/Auth0/Auth0/Barrier.swift (in target 'Auth0' from project 'Pods')
    cd /Users/kharyfiler/Documents/grip-claude/ios/Pods
    

SwiftCompile normal arm64 /Users/kharyfiler/Documents/grip-claude/ios/Pods/Auth0/Auth0/BioAuthentication.swift (in target 'Auth0' from project 'Pods')
    cd /Users/kharyfiler/Documents/grip-claude/ios/Pods
    

SwiftCompile normal arm64 /Users/kharyfiler/Documents/grip-claude/ios/Pods/Auth0/Auth0/BiometricPolicy.swift (in target 'Auth0' from project 'Pods')
    cd /Users/kharyfiler/Documents/grip-claude/ios/Pods
    

SwiftCompile normal arm64 /Users/kharyfiler/Documents/grip-claude/ios/Pods/Auth0/Auth0/ChallengeGenerator.swift (in target 'Auth0' from project 'Pods')
    cd /Users/kharyfiler/Documents/grip-claude/ios/Pods
    

SwiftCompile normal arm64 /Users/kharyfiler/Documents/grip-claude/ios/Pods/Auth0/Auth0/ClaimValidators.swift (in target 'Auth0' from project 'Pods')
    cd /Users/kharyfiler/Documents/grip-claude/ios/Pods
    

SwiftCompile normal arm64 Compiling\ SensitiveDataRedactor.swift,\ Shared.swift,\ SignupPasskey.swift,\ SSOCredentials.swift,\ String+URLSafe.swift,\ SynchronizationBarrier.swift,\ Telemetry.swift,\ TOTPEnrollmentChallenge.swift,\ TransactionStore.swift,\ UIWindow+TopViewController.swift /Users/kharyfiler/Documents/grip-claude/ios/Pods/Auth0/Auth0/SensitiveDataRedactor.swift /Users/kharyfiler/Documents/grip-claude/ios/Pods/Auth0/Auth0/Shared.swift /Users/kharyfiler/Documents/grip-claude/ios/Pods/Auth0/Auth0/SignupPasskey.swift /Users/kharyfiler/Documents/grip-claude/ios/Pods/Auth0/Auth0/SSOCredentials.swift /Users/kharyfiler/Documents/grip-claude/ios/Pods/Auth0/Auth0/String+URLSafe.swift /Users/kharyfiler/Documents/grip-claude/ios/Pods/Auth0/Auth0/SynchronizationBarrier.swift /Users/kharyfiler/Documents/grip-claude/ios/Pods/Auth0/Auth0/Telemetry.swift /Users/kharyfiler/Documents/grip-claude/ios/Pods/Auth0/Auth0/MyAccount/AuthenticationMethods/TOTPEnrollmentChallenge.swift /Users/kharyfiler/Documents/grip-claude/ios/Pods/Auth0/Auth0/TransactionStore.swift /Users/kharyfiler/Documents/grip-claude/ios/Pods/Auth0/Auth0/UIWindow+TopViewController.swift (in target 'Auth0' from project 'Pods')

SwiftCompile normal arm64 /Users/kharyfiler/Documents/grip-claude/ios/Pods/Auth0/Auth0/SensitiveDataRedactor.swift (in target 'Auth0' from project 'Pods')
    cd /Users/kharyfiler/Documents/grip-claude/ios/Pods
    

SwiftCompile normal arm64 /Users/kharyfiler/Documents/grip-claude/ios/Pods/Auth0/Auth0/Shared.swift (in target 'Auth0' from project 'Pods')
    cd /Users/kharyfiler/Documents/grip-claude/ios/Pods
    

SwiftCompile normal arm64 /Users/kharyfiler/Documents/grip-claude/ios/Pods/Auth0/Auth0/SignupPasskey.swift (in target 'Auth0' from project 'Pods')
    cd /Users/kharyfiler/Documents/grip-claude/ios/Pods
    

SwiftCompile normal arm64 /Users/kharyfiler/Documents/grip-claude/ios/Pods/Auth0/Auth0/SSOCredentials.swift (in target 'Auth0' from project 'Pods')
    cd /Users/kharyfiler/Documents/grip-claude/ios/Pods
    

SwiftCompile normal arm64 /Users/kharyfiler/Documents/grip-claude/ios/Pods/Auth0/Auth0/String+URLSafe.swift (in target 'Auth0' from project 'Pods')
    cd /Users/kharyfiler/Documents/grip-claude/ios/Pods
    

SwiftCompile normal arm64 /Users/kharyfiler/Documents/grip-claude/ios/Pods/Auth0/Auth0/SynchronizationBarrier.swift (in target 'Auth0' from project 'Pods')
    cd /Users/kharyfiler/Documents/grip-claude/ios/Pods
    

SwiftCompile normal arm64 /Users/kharyfiler/Documents/grip-claude/ios/Pods/Auth0/Auth0/Telemetry.swift (in target 'Auth0' from project 'Pods')
    cd /Users/kharyfiler/Documents/grip-claude/ios/Pods
    

SwiftCompile normal arm64 /Users/kharyfiler/Documents/grip-claude/ios/Pods/Auth0/Auth0/MyAccount/AuthenticationMethods/TOTPEnrollmentChallenge.swift (in target 'Auth0' from project 'Pods')
    cd /Users/kharyfiler/Documents/grip-claude/ios/Pods
    
/Users/kharyfiler/Documents/grip-claude/ios/Pods/Auth0/Auth0/MyAccount/AuthenticationMethods/TOTPEnrollmentChallenge.swift:31:19: warning: immutable value 'authenticationMethodId' was never used; consider replacing with '_' or removing it
              let authenticationMethodId = locationHeader.components(separatedBy: "/").last else {
              ~~~~^~~~~~~~~~~~~~~~~~~~~~
              _

SwiftCompile normal arm64 /Users/kharyfiler/Documents/grip-claude/ios/Pods/Auth0/Auth0/TransactionStore.swift (in target 'Auth0' from project 'Pods')
    cd /Users/kharyfiler/Documents/grip-claude/ios/Pods
    

SwiftCompile normal arm64 /Users/kharyfiler/Documents/grip-claude/ios/Pods/Auth0/Auth0/UIWindow+TopViewController.swift (in target 'Auth0' from project 'Pods')
    cd /Users/kharyfiler/Documents/grip-claude/ios/Pods
    
/Users/kharyfiler/Documents/grip-claude/ios/Pods/Auth0/Auth0/UIWindow+TopViewController.swift:14:50: warning: 'windows' was deprecated in iOS 15.0: Use UIWindowScene.windows on a relevant window scene instead
        guard let root = UIApplication.shared()?.windows.last(where: \.isKeyWindow)?.rootViewController else {
                                                 ^

SwiftCompile normal arm64 Compiling\ APICredentials.swift,\ Array+Encode.swift,\ ASProvider.swift,\ Auth0.swift,\ Auth0APIError.swift,\ Auth0Authentication.swift,\ Auth0Error.swift,\ Auth0Log.swift,\ Auth0MyAccount.swift,\ Auth0MyAccountAuthenticationMethods.swift /Users/kharyfiler/Documents/grip-claude/ios/Pods/Auth0/Auth0/APICredentials.swift /Users/kharyfiler/Documents/grip-claude/ios/Pods/Auth0/Auth0/Array+Encode.swift /Users/kharyfiler/Documents/grip-claude/ios/Pods/Auth0/Auth0/ASProvider.swift /Users/kharyfiler/Documents/grip-claude/ios/Pods/Auth0/Auth0/Auth0.swift /Users/kharyfiler/Documents/grip-claude/ios/Pods/Auth0/Auth0/Auth0APIError.swift /Users/kharyfiler/Documents/grip-claude/ios/Pods/Auth0/Auth0/Auth0Authentication.swift /Users/kharyfiler/Documents/grip-claude/ios/Pods/Auth0/Auth0/Auth0Error.swift /Users/kharyfiler/Documents/grip-claude/ios/Pods/Auth0/Auth0/Auth0Log.swift /Users/kharyfiler/Documents/grip-claude/ios/Pods/Auth0/Auth0/MyAccount/Auth0MyAccount.swift /Users/kharyfiler/Documents/grip-claude/ios/Pods/Auth0/Auth0/MyAccount/AuthenticationMethods/Auth0MyAccountAuthenticationMethods.swift (in target 'Auth0' from project 'Pods')

SwiftCompile normal arm64 /Users/kharyfiler/Documents/grip-claude/ios/Pods/Auth0/Auth0/APICredentials.swift (in target 'Auth0' from project 'Pods')
    cd /Users/kharyfiler/Documents/grip-claude/ios/Pods
    

SwiftCompile normal arm64 /Users/kharyfiler/Documents/grip-claude/ios/Pods/Auth0/Auth0/Array+Encode.swift (in target 'Auth0' from project 'Pods')
    cd /Users/kharyfiler/Documents/grip-claude/ios/Pods
    

SwiftCompile normal arm64 /Users/kharyfiler/Documents/grip-claude/ios/Pods/Auth0/Auth0/ASProvider.swift (in target 'Auth0' from project 'Pods')
    cd /Users/kharyfiler/Documents/grip-claude/ios/Pods
    

SwiftCompile normal arm64 /Users/kharyfiler/Documents/grip-claude/ios/Pods/Auth0/Auth0/Auth0.swift (in target 'Auth0' from project 'Pods')
    cd /Users/kharyfiler/Documents/grip-claude/ios/Pods
    

SwiftCompile normal arm64 /Users/kharyfiler/Documents/grip-claude/ios/Pods/Auth0/Auth0/Auth0APIError.swift (in target 'Auth0' from project 'Pods')
    cd /Users/kharyfiler/Documents/grip-claude/ios/Pods
    

SwiftCompile normal arm64 /Users/kharyfiler/Documents/grip-claude/ios/Pods/Auth0/Auth0/Auth0Authentication.swift (in target 'Auth0' from project 'Pods')
    cd /Users/kharyfiler/Documents/grip-claude/ios/Pods
    
/Users/kharyfiler/Documents/grip-claude/ios/Pods/Auth0/Auth0/Auth0Authentication.swift:12:9: warning: stored property 'logger' of 'Sendable'-conforming struct 'Auth0Authentication' contains non-Sendable type 'any Logger'; this is an error in the Swift 6 language mode
    var logger: Logger?
        ^
/Users/kharyfiler/Documents/grip-claude/ios/Pods/Auth0/Auth0/Logger.swift:4:17: note: protocol 'Logger' does not conform to the 'Sendable' protocol
public protocol Logger {
                ^

SwiftCompile normal arm64 /Users/kharyfiler/Documents/grip-claude/ios/Pods/Auth0/Auth0/Auth0Error.swift (in target 'Auth0' from project 'Pods')
    cd /Users/kharyfiler/Documents/grip-claude/ios/Pods
    

SwiftCompile normal arm64 /Users/kharyfiler/Documents/grip-claude/ios/Pods/Auth0/Auth0/Auth0Log.swift (in target 'Auth0' from project 'Pods')
    cd /Users/kharyfiler/Documents/grip-claude/ios/Pods
    

SwiftCompile normal arm64 /Users/kharyfiler/Documents/grip-claude/ios/Pods/Auth0/Auth0/MyAccount/Auth0MyAccount.swift (in target 'Auth0' from project 'Pods')
    cd /Users/kharyfiler/Documents/grip-claude/ios/Pods
    

SwiftCompile normal arm64 /Users/kharyfiler/Documents/grip-claude/ios/Pods/Auth0/Auth0/MyAccount/AuthenticationMethods/Auth0MyAccountAuthenticationMethods.swift (in target 'Auth0' from project 'Pods')
    cd /Users/kharyfiler/Documents/grip-claude/ios/Pods
    

PrecompileModule /Users/kharyfiler/Library/Developer/Xcode/DerivedData/Gripah-gptnnpiwslcswlcpylqwkddqyprw/Build/Intermediates.noindex/ExplicitPrecompiledModules/ptrcheck-2Q00D3TLCKYUUAJ8P18NZT2HO.scan
    cd /
    builtin-precompileModule /Users/kharyfiler/Library/Developer/Xcode/DerivedData/Gripah-gptnnpiwslcswlcpylqwkddqyprw/Build/Intermediates.noindex/ExplicitPrecompiledModules/ptrcheck-2Q00D3TLCKYUUAJ8P18NZT2HO.scan

PrecompileModule /Users/kharyfiler/Library/Developer/Xcode/DerivedData/Gripah-gptnnpiwslcswlcpylqwkddqyprw/Build/Intermediates.noindex/ExplicitPrecompiledModules/_Builtin_stddef-881DCIX34I8JN1RPJ7YNSUUQ8.scan
    cd /
    builtin-precompileModule /Users/kharyfiler/Library/Developer/Xcode/DerivedData/Gripah-gptnnpiwslcswlcpylqwkddqyprw/Build/Intermediates.noindex/ExplicitPrecompiledModules/_Builtin_stddef-881DCIX34I8JN1RPJ7YNSUUQ8.scan

PrecompileModule /Users/kharyfiler/Library/Developer/Xcode/DerivedData/Gripah-gptnnpiwslcswlcpylqwkddqyprw/Build/Intermediates.noindex/ExplicitPrecompiledModules/_Builtin_stdarg-Q6DMM408JE5JHDS8IM4LFG91.scan
    cd /
    builtin-precompileModule /Users/kharyfiler/Library/Developer/Xcode/DerivedData/Gripah-gptnnpiwslcswlcpylqwkddqyprw/Build/Intermediates.noindex/ExplicitPrecompiledModules/_Builtin_stdarg-Q6DMM408JE5JHDS8IM4LFG91.scan

PrecompileModule /Users/kharyfiler/Library/Developer/Xcode/DerivedData/Gripah-gptnnpiwslcswlcpylqwkddqyprw/Build/Intermediates.noindex/ExplicitPrecompiledModules/_Builtin_stdbool-1HGG6EU1ZY8Z9ZK2S9ZC2ALYY.scan
    cd /
    builtin-precompileModule /Users/kharyfiler/Library/Developer/Xcode/DerivedData/Gripah-gptnnpiwslcswlcpylqwkddqyprw/Build/Intermediates.noindex/ExplicitPrecompiledModules/_Builtin_stdbool-1HGG6EU1ZY8Z9ZK2S9ZC2ALYY.scan

PrecompileModule /Users/kharyfiler/Library/Developer/Xcode/DerivedData/Gripah-gptnnpiwslcswlcpylqwkddqyprw/Build/Intermediates.noindex/ExplicitPrecompiledModules/_Builtin_float-4WY7RAXKN3TJV3X06UB7UMAK7.scan
    cd /
    builtin-precompileModule /Users/kharyfiler/Library/Developer/Xcode/DerivedData/Gripah-gptnnpiwslcswlcpylqwkddqyprw/Build/Intermediates.noindex/ExplicitPrecompiledModules/_Builtin_float-4WY7RAXKN3TJV3X06UB7UMAK7.scan

PrecompileModule /Users/kharyfiler/Library/Developer/Xcode/DerivedData/Gripah-gptnnpiwslcswlcpylqwkddqyprw/Build/Intermediates.noindex/ExplicitPrecompiledModules/_AvailabilityInternal-AG04H74OWPVJS334QKKQCF0TQ.scan
    cd /
    builtin-precompileModule /Users/kharyfiler/Library/Developer/Xcode/DerivedData/Gripah-gptnnpiwslcswlcpylqwkddqyprw/Build/Intermediates.noindex/ExplicitPrecompiledModules/_AvailabilityInternal-AG04H74OWPVJS334QKKQCF0TQ.scan

PrecompileModule /Users/kharyfiler/Library/Developer/Xcode/DerivedData/Gripah-gptnnpiwslcswlcpylqwkddqyprw/Build/Intermediates.noindex/ExplicitPrecompiledModules/ptrauth-2LQ97ESW5VETLUB6HW0KGB4OK.scan
    cd /
    builtin-precompileModule /Users/kharyfiler/Library/Developer/Xcode/DerivedData/Gripah-gptnnpiwslcswlcpylqwkddqyprw/Build/Intermediates.noindex/ExplicitPrecompiledModules/ptrauth-2LQ97ESW5VETLUB6HW0KGB4OK.scan

PrecompileModule /Users/kharyfiler/Library/Developer/Xcode/DerivedData/Gripah-gptnnpiwslcswlcpylqwkddqyprw/Build/Intermediates.noindex/ExplicitPrecompiledModules/_DarwinFoundation1-4T6GQ1S1YCZJ18M2MMLT17VV1.scan
    cd /
    builtin-precompileModule /Users/kharyfiler/Library/Developer/Xcode/DerivedData/Gripah-gptnnpiwslcswlcpylqwkddqyprw/Build/Intermediates.noindex/ExplicitPrecompiledModules/_DarwinFoundation1-4T6GQ1S1YCZJ18M2MMLT17VV1.scan

SwiftCompile normal arm64 Compiling\ UserInfo.swift,\ UserPatchAttributes.swift,\ Users.swift,\ Version.swift,\ WebAuth.swift,\ WebAuthentication.swift,\ WebAuthError.swift,\ WebAuthUserAgent.swift,\ WebViewProvider.swift /Users/kharyfiler/Documents/grip-claude/ios/Pods/Auth0/Auth0/UserInfo.swift /Users/kharyfiler/Documents/grip-claude/ios/Pods/Auth0/Auth0/UserPatchAttributes.swift /Users/kharyfiler/Documents/grip-claude/ios/Pods/Auth0/Auth0/Users.swift /Users/kharyfiler/Documents/grip-claude/ios/Pods/Auth0/Auth0/Version.swift /Users/kharyfiler/Documents/grip-claude/ios/Pods/Auth0/Auth0/WebAuth.swift /Users/kharyfiler/Documents/grip-claude/ios/Pods/Auth0/Auth0/WebAuthentication.swift /Users/kharyfiler/Documents/grip-claude/ios/Pods/Auth0/Auth0/WebAuthError.swift /Users/kharyfiler/Documents/grip-claude/ios/Pods/Auth0/Auth0/WebAuthUserAgent.swift /Users/kharyfiler/Documents/grip-claude/ios/Pods/Auth0/Auth0/WebViewProvider.swift (in target 'Auth0' from project 'Pods')

SwiftCompile normal arm64 /Users/kharyfiler/Documents/grip-claude/ios/Pods/Auth0/Auth0/UserInfo.swift (in target 'Auth0' from project 'Pods')
    cd /Users/kharyfiler/Documents/grip-claude/ios/Pods
    

SwiftCompile normal arm64 /Users/kharyfiler/Documents/grip-claude/ios/Pods/Auth0/Auth0/UserPatchAttributes.swift (in target 'Auth0' from project 'Pods')
    cd /Users/kharyfiler/Documents/grip-claude/ios/Pods
    

SwiftCompile normal arm64 /Users/kharyfiler/Documents/grip-claude/ios/Pods/Auth0/Auth0/Users.swift (in target 'Auth0' from project 'Pods')
    cd /Users/kharyfiler/Documents/grip-claude/ios/Pods
    

SwiftCompile normal arm64 /Users/kharyfiler/Documents/grip-claude/ios/Pods/Auth0/Auth0/Version.swift (in target 'Auth0' from project 'Pods')
    cd /Users/kharyfiler/Documents/grip-claude/ios/Pods
    

SwiftCompile normal arm64 /Users/kharyfiler/Documents/grip-claude/ios/Pods/Auth0/Auth0/WebAuth.swift (in target 'Auth0' from project 'Pods')
    cd /Users/kharyfiler/Documents/grip-claude/ios/Pods
    

SwiftCompile normal arm64 /Users/kharyfiler/Documents/grip-claude/ios/Pods/Auth0/Auth0/WebAuthentication.swift (in target 'Auth0' from project 'Pods')
    cd /Users/kharyfiler/Documents/grip-claude/ios/Pods
    

SwiftCompile normal arm64 /Users/kharyfiler/Documents/grip-claude/ios/Pods/Auth0/Auth0/WebAuthError.swift (in target 'Auth0' from project 'Pods')
    cd /Users/kharyfiler/Documents/grip-claude/ios/Pods
    

SwiftCompile normal arm64 /Users/kharyfiler/Documents/grip-claude/ios/Pods/Auth0/Auth0/WebAuthUserAgent.swift (in target 'Auth0' from project 'Pods')
    cd /Users/kharyfiler/Documents/grip-claude/ios/Pods
    

SwiftCompile normal arm64 /Users/kharyfiler/Documents/grip-claude/ios/Pods/Auth0/Auth0/WebViewProvider.swift (in target 'Auth0' from project 'Pods')
    cd /Users/kharyfiler/Documents/grip-claude/ios/Pods
    

PrecompileModule /Users/kharyfiler/Library/Developer/Xcode/DerivedData/Gripah-gptnnpiwslcswlcpylqwkddqyprw/Build/Intermediates.noindex/ExplicitPrecompiledModules/_Builtin_limits-CFWL59KW4UIM0VR28WCIP21E7.scan
    cd /
    builtin-precompileModule /Users/kharyfiler/Library/Developer/Xcode/DerivedData/Gripah-gptnnpiwslcswlcpylqwkddqyprw/Build/Intermediates.noindex/ExplicitPrecompiledModules/_Builtin_limits-CFWL59KW4UIM0VR28WCIP21E7.scan

SwiftDriverJobDiscovery normal arm64 Compiling JWKS.swift, JWT+Header.swift, JWTAlgorithm.swift, KeychainKeyStore.swift, Loggable.swift, Logger.swift, LoginPasskey.swift, LoginTransaction.swift, Management.swift, ManagementError.swift (in target 'Auth0' from project 'Pods')

PrecompileModule /Users/kharyfiler/Library/Developer/Xcode/DerivedData/Gripah-gptnnpiwslcswlcpylqwkddqyprw/Build/Intermediates.noindex/ExplicitPrecompiledModules/_DarwinFoundation2-3PS38UYH7XS3QY0U5MGTUEAVO.scan
    cd /
    builtin-precompileModule /Users/kharyfiler/Library/Developer/Xcode/DerivedData/Gripah-gptnnpiwslcswlcpylqwkddqyprw/Build/Intermediates.noindex/ExplicitPrecompiledModules/_DarwinFoundation2-3PS38UYH7XS3QY0U5MGTUEAVO.scan

SwiftDriverJobDiscovery normal arm64 Compiling DPoPProofGenerator.swift, ECPublicKey.swift, EmailEnrollmentChallenge.swift, Factor.swift, GetAuthenticationMethodsResponse.swift, IDTokenSignatureValidator.swift, IDTokenValidator.swift, IDTokenValidatorContext.swift, JSONObjectPayload.swift, JWK+RSA.swift (in target 'Auth0' from project 'Pods')

CompileC /Users/kharyfiler/Library/Developer/Xcode/DerivedData/Gripah-gptnnpiwslcswlcpylqwkddqyprw/Build/Intermediates.noindex/Pods.build/Debug-iphonesimulator/ReactCodegen.build/Objects-normal/arm64/rnsvgJSI-generated.o /Users/kharyfiler/Documents/grip-claude/ios/build/generated/ios/rnsvgJSI-generated.cpp normal arm64 c++ com.apple.compilers.llvm.clang.1_0.compiler (in target 'ReactCodegen' from project 'Pods')
    cd /Users/kharyfiler/Documents/grip-claude/ios/Pods
    
    Using response file: /Users/kharyfiler/Library/Developer/Xcode/DerivedData/Gripah-gptnnpiwslcswlcpylqwkddqyprw/Build/Intermediates.noindex/Pods.build/Debug-iphonesimulator/ReactCodegen.build/Objects-normal/arm64/82b82416624d2658e5098eb0a28c15c5-common-args.resp
    
    /Applications/Xcode.app/Contents/Developer/Toolchains/XcodeDefault.xctoolchain/usr/bin/clang -x c++ -ivfsstatcache /Users/kharyfiler/Library/Developer/Xcode/DerivedData/SDKStatCaches.noindex/iphonesimulator26.2-23C53-3885c01c3e6b6a337905948deab2002e7d00a8b37fbd7999ea79df8ebc024bf0.sdkstatcache -fmessage-length\=0 -fdiagnostics-show-note-include-stack -fmacro-backtrace-limit\=0 -fno-color-diagnostics -fmodules-prune-interval\=86400 -fmodules-prune-after\=345600 -fbuild-session-file\=/Users/kharyfiler/Library/Developer/Xcode/DerivedData/ModuleCache.noindex/Session.modulevalidation -fmodules-validate-once-per-build-session -Wnon-modular-include-in-framework-module -Werror\=non-modular-include-in-framework-module -Wno-trigraphs -Wno-missing-field-initializers -Wno-missing-prototypes -Werror\=return-type -Wdocumentation -Wunreachable-code -Werror\=deprecated-objc-isa-usage -Werror\=objc-root-class -Wno-non-virtual-dtor -Wno-overloaded-virtual -Wno-exit-time-destructors -Wno-missing-braces -Wparentheses -Wswitch -Wunused-function -Wno-unused-label -Wno-unused-parameter -Wunused-variable -Wunused-value -Wempty-body -Wuninitialized -Wconditional-uninitialized -Wno-unknown-pragmas -Wno-shadow -Wno-four-char-constants -Wno-conversion -Wconstant-conversion -Wint-conversion -Wbool-conversion -Wenum-conversion -Wno-float-conversion -Wnon-literal-null-conversion -Wobjc-literal-conversion -Wshorten-64-to-32 -Wno-newline-eof -Wno-c++11-extensions -Wno-implicit-fallthrough -fstrict-aliasing -Wdeprecated-declarations -Winvalid-offsetof -Wno-sign-conversion -Winfinite-recursion -Wmove -Wcomma -Wblock-capture-autoreleasing -Wstrict-prototypes -Wrange-loop-analysis -Wno-semicolon-before-method-body -Wunguarded-availability -index-store-path /Users/kharyfiler/Library/Developer/Xcode/DerivedData/Gripah-gptnnpiwslcswlcpylqwkddqyprw/Index.noindex/DataStore -Wno-comma -Wno-shorten-64-to-32 -Wno-documentation @/Users/kharyfiler/Library/Developer/Xcode/DerivedData/Gripah-gptnnpiwslcswlcpylqwkddqyprw/Build/Intermediates.noindex/Pods.build/Debug-iphonesimulator/ReactCodegen.build/Objects-normal/arm64/82b82416624d2658e5098eb0a28c15c5-common-args.resp -DFOLLY_MOBILE\=1 -DFOLLY_USE_LIBCPP\=1 -DFOLLY_CFG_NO_COROUTINES\=1 -DFOLLY_HAVE_CLOCK_GETTIME\=1 -Wno-comma -Wno-shorten-64-to-32 -Wno-documentation -Wno-nullability-completeness -std\=c++20 -include /Users/kharyfiler/Documents/grip-claude/ios/Pods/Target\ Support\ Files/ReactCodegen/ReactCodegen-prefix.pch -MMD -MT dependencies -MF /Users/kharyfiler/Library/Developer/Xcode/DerivedData/Gripah-gptnnpiwslcswlcpylqwkddqyprw/Build/Intermediates.noindex/Pods.build/Debug-iphonesimulator/ReactCodegen.build/Objects-normal/arm64/rnsvgJSI-generated.d --serialize-diagnostics /Users/kharyfiler/Library/Developer/Xcode/DerivedData/Gripah-gptnnpiwslcswlcpylqwkddqyprw/Build/Intermediates.noindex/Pods.build/Debug-iphonesimulator/ReactCodegen.build/Objects-normal/arm64/rnsvgJSI-generated.dia -c /Users/kharyfiler/Documents/grip-claude/ios/build/generated/ios/rnsvgJSI-generated.cpp -o /Users/kharyfiler/Library/Developer/Xcode/DerivedData/Gripah-gptnnpiwslcswlcpylqwkddqyprw/Build/Intermediates.noindex/Pods.build/Debug-iphonesimulator/ReactCodegen.build/Objects-normal/arm64/rnsvgJSI-generated.o -index-unit-output-path /Pods.build/Debug-iphonesimulator/ReactCodegen.build/Objects-normal/arm64/rnsvgJSI-generated.o

CompileC /Users/kharyfiler/Library/Developer/Xcode/DerivedData/Gripah-gptnnpiwslcswlcpylqwkddqyprw/Build/Intermediates.noindex/Pods.build/Debug-iphonesimulator/ReactCodegen.build/Objects-normal/arm64/rnsvg-generated.o /Users/kharyfiler/Documents/grip-claude/ios/build/generated/ios/rnsvg/rnsvg-generated.mm normal arm64 objective-c++ com.apple.compilers.llvm.clang.1_0.compiler (in target 'ReactCodegen' from project 'Pods')
    cd /Users/kharyfiler/Documents/grip-claude/ios/Pods
    
    Using response file: /Users/kharyfiler/Library/Developer/Xcode/DerivedData/Gripah-gptnnpiwslcswlcpylqwkddqyprw/Build/Intermediates.noindex/Pods.build/Debug-iphonesimulator/ReactCodegen.build/Objects-normal/arm64/af3fcb34312c57c0f52879cdce924b91-common-args.resp
    
    /Applications/Xcode.app/Contents/Developer/Toolchains/XcodeDefault.xctoolchain/usr/bin/clang -x objective-c++ -ivfsstatcache /Users/kharyfiler/Library/Developer/Xcode/DerivedData/SDKStatCaches.noindex/iphonesimulator26.2-23C53-3885c01c3e6b6a337905948deab2002e7d00a8b37fbd7999ea79df8ebc024bf0.sdkstatcache -fmessage-length\=0 -fdiagnostics-show-note-include-stack -fmacro-backtrace-limit\=0 -fno-color-diagnostics -fmodules-prune-interval\=86400 -fmodules-prune-after\=345600 -fbuild-session-file\=/Users/kharyfiler/Library/Developer/Xcode/DerivedData/ModuleCache.noindex/Session.modulevalidation -fmodules-validate-once-per-build-session -Wnon-modular-include-in-framework-module -Werror\=non-modular-include-in-framework-module -Wno-trigraphs -Wno-missing-field-initializers -Wno-missing-prototypes -Werror\=return-type -Wdocumentation -Wunreachable-code -Wno-implicit-atomic-properties -Werror\=deprecated-objc-isa-usage -Wno-objc-interface-ivars -Werror\=objc-root-class -Wno-arc-repeated-use-of-weak -Wimplicit-retain-self -Wno-non-virtual-dtor -Wno-overloaded-virtual -Wno-exit-time-destructors -Wduplicate-method-match -Wno-missing-braces -Wparentheses -Wswitch -Wunused-function -Wno-unused-label -Wno-unused-parameter -Wunused-variable -Wunused-value -Wempty-body -Wuninitialized -Wconditional-uninitialized -Wno-unknown-pragmas -Wno-shadow -Wno-four-char-constants -Wno-conversion -Wconstant-conversion -Wint-conversion -Wbool-conversion -Wenum-conversion -Wno-float-conversion -Wnon-literal-null-conversion -Wobjc-literal-conversion -Wshorten-64-to-32 -Wno-newline-eof -Wno-selector -Wno-strict-selector-match -Wundeclared-selector -Wdeprecated-implementations -Wno-c++11-extensions -Wno-implicit-fallthrough -fstrict-aliasing -Wprotocol -Wdeprecated-declarations -Winvalid-offsetof -Wno-sign-conversion -Winfinite-recursion -Wmove -Wcomma -Wblock-capture-autoreleasing -Wstrict-prototypes -Wrange-loop-analysis -Wno-semicolon-before-method-body -Wunguarded-availability -index-store-path /Users/kharyfiler/Library/Developer/Xcode/DerivedData/Gripah-gptnnpiwslcswlcpylqwkddqyprw/Index.noindex/DataStore -Wno-comma -Wno-shorten-64-to-32 -Wno-documentation @/Users/kharyfiler/Library/Developer/Xcode/DerivedData/Gripah-gptnnpiwslcswlcpylqwkddqyprw/Build/Intermediates.noindex/Pods.build/Debug-iphonesimulator/ReactCodegen.build/Objects-normal/arm64/af3fcb34312c57c0f52879cdce924b91-common-args.resp -DFOLLY_MOBILE\=1 -DFOLLY_USE_LIBCPP\=1 -DFOLLY_CFG_NO_COROUTINES\=1 -DFOLLY_HAVE_CLOCK_GETTIME\=1 -Wno-comma -Wno-shorten-64-to-32 -Wno-documentation -Wno-nullability-completeness -std\=c++20 -include /Users/kharyfiler/Documents/grip-claude/ios/Pods/Target\ Support\ Files/ReactCodegen/ReactCodegen-prefix.pch -MMD -MT dependencies -MF /Users/kharyfiler/Library/Developer/Xcode/DerivedData/Gripah-gptnnpiwslcswlcpylqwkddqyprw/Build/Intermediates.noindex/Pods.build/Debug-iphonesimulator/ReactCodegen.build/Objects-normal/arm64/rnsvg-generated.d --serialize-diagnostics /Users/kharyfiler/Library/Developer/Xcode/DerivedData/Gripah-gptnnpiwslcswlcpylqwkddqyprw/Build/Intermediates.noindex/Pods.build/Debug-iphonesimulator/ReactCodegen.build/Objects-normal/arm64/rnsvg-generated.dia -c /Users/kharyfiler/Documents/grip-claude/ios/build/generated/ios/rnsvg/rnsvg-generated.mm -o /Users/kharyfiler/Library/Developer/Xcode/DerivedData/Gripah-gptnnpiwslcswlcpylqwkddqyprw/Build/Intermediates.noindex/Pods.build/Debug-iphonesimulator/ReactCodegen.build/Objects-normal/arm64/rnsvg-generated.o -index-unit-output-path /Pods.build/Debug-iphonesimulator/ReactCodegen.build/Objects-normal/arm64/rnsvg-generated.o

CompileC /Users/kharyfiler/Library/Developer/Xcode/DerivedData/Gripah-gptnnpiwslcswlcpylqwkddqyprw/Build/Intermediates.noindex/Pods.build/Debug-iphonesimulator/ReactCodegen.build/Objects-normal/arm64/rnstripeJSI-generated.o /Users/kharyfiler/Documents/grip-claude/ios/build/generated/ios/rnstripeJSI-generated.cpp normal arm64 c++ com.apple.compilers.llvm.clang.1_0.compiler (in target 'ReactCodegen' from project 'Pods')
    cd /Users/kharyfiler/Documents/grip-claude/ios/Pods
    
    Using response file: /Users/kharyfiler/Library/Developer/Xcode/DerivedData/Gripah-gptnnpiwslcswlcpylqwkddqyprw/Build/Intermediates.noindex/Pods.build/Debug-iphonesimulator/ReactCodegen.build/Objects-normal/arm64/82b82416624d2658e5098eb0a28c15c5-common-args.resp
    
    /Applications/Xcode.app/Contents/Developer/Toolchains/XcodeDefault.xctoolchain/usr/bin/clang -x c++ -ivfsstatcache /Users/kharyfiler/Library/Developer/Xcode/DerivedData/SDKStatCaches.noindex/iphonesimulator26.2-23C53-3885c01c3e6b6a337905948deab2002e7d00a8b37fbd7999ea79df8ebc024bf0.sdkstatcache -fmessage-length\=0 -fdiagnostics-show-note-include-stack -fmacro-backtrace-limit\=0 -fno-color-diagnostics -fmodules-prune-interval\=86400 -fmodules-prune-after\=345600 -fbuild-session-file\=/Users/kharyfiler/Library/Developer/Xcode/DerivedData/ModuleCache.noindex/Session.modulevalidation -fmodules-validate-once-per-build-session -Wnon-modular-include-in-framework-module -Werror\=non-modular-include-in-framework-module -Wno-trigraphs -Wno-missing-field-initializers -Wno-missing-prototypes -Werror\=return-type -Wdocumentation -Wunreachable-code -Werror\=deprecated-objc-isa-usage -Werror\=objc-root-class -Wno-non-virtual-dtor -Wno-overloaded-virtual -Wno-exit-time-destructors -Wno-missing-braces -Wparentheses -Wswitch -Wunused-function -Wno-unused-label -Wno-unused-parameter -Wunused-variable -Wunused-value -Wempty-body -Wuninitialized -Wconditional-uninitialized -Wno-unknown-pragmas -Wno-shadow -Wno-four-char-constants -Wno-conversion -Wconstant-conversion -Wint-conversion -Wbool-conversion -Wenum-conversion -Wno-float-conversion -Wnon-literal-null-conversion -Wobjc-literal-conversion -Wshorten-64-to-32 -Wno-newline-eof -Wno-c++11-extensions -Wno-implicit-fallthrough -fstrict-aliasing -Wdeprecated-declarations -Winvalid-offsetof -Wno-sign-conversion -Winfinite-recursion -Wmove -Wcomma -Wblock-capture-autoreleasing -Wstrict-prototypes -Wrange-loop-analysis -Wno-semicolon-before-method-body -Wunguarded-availability -index-store-path /Users/kharyfiler/Library/Developer/Xcode/DerivedData/Gripah-gptnnpiwslcswlcpylqwkddqyprw/Index.noindex/DataStore -Wno-comma -Wno-shorten-64-to-32 -Wno-documentation @/Users/kharyfiler/Library/Developer/Xcode/DerivedData/Gripah-gptnnpiwslcswlcpylqwkddqyprw/Build/Intermediates.noindex/Pods.build/Debug-iphonesimulator/ReactCodegen.build/Objects-normal/arm64/82b82416624d2658e5098eb0a28c15c5-common-args.resp -DFOLLY_MOBILE\=1 -DFOLLY_USE_LIBCPP\=1 -DFOLLY_CFG_NO_COROUTINES\=1 -DFOLLY_HAVE_CLOCK_GETTIME\=1 -Wno-comma -Wno-shorten-64-to-32 -Wno-documentation -Wno-nullability-completeness -std\=c++20 -include /Users/kharyfiler/Documents/grip-claude/ios/Pods/Target\ Support\ Files/ReactCodegen/ReactCodegen-prefix.pch -MMD -MT dependencies -MF /Users/kharyfiler/Library/Developer/Xcode/DerivedData/Gripah-gptnnpiwslcswlcpylqwkddqyprw/Build/Intermediates.noindex/Pods.build/Debug-iphonesimulator/ReactCodegen.build/Objects-normal/arm64/rnstripeJSI-generated.d --serialize-diagnostics /Users/kharyfiler/Library/Developer/Xcode/DerivedData/Gripah-gptnnpiwslcswlcpylqwkddqyprw/Build/Intermediates.noindex/Pods.build/Debug-iphonesimulator/ReactCodegen.build/Objects-normal/arm64/rnstripeJSI-generated.dia -c /Users/kharyfiler/Documents/grip-claude/ios/build/generated/ios/rnstripeJSI-generated.cpp -o /Users/kharyfiler/Library/Developer/Xcode/DerivedData/Gripah-gptnnpiwslcswlcpylqwkddqyprw/Build/Intermediates.noindex/Pods.build/Debug-iphonesimulator/ReactCodegen.build/Objects-normal/arm64/rnstripeJSI-generated.o -index-unit-output-path /Pods.build/Debug-iphonesimulator/ReactCodegen.build/Objects-normal/arm64/rnstripeJSI-generated.o

CompileC /Users/kharyfiler/Library/Developer/Xcode/DerivedData/Gripah-gptnnpiwslcswlcpylqwkddqyprw/Build/Intermediates.noindex/Pods.build/Debug-iphonesimulator/ReactCodegen.build/Objects-normal/arm64/rnstripe-generated.o /Users/kharyfiler/Documents/grip-claude/ios/build/generated/ios/rnstripe/rnstripe-generated.mm normal arm64 objective-c++ com.apple.compilers.llvm.clang.1_0.compiler (in target 'ReactCodegen' from project 'Pods')
    cd /Users/kharyfiler/Documents/grip-claude/ios/Pods
    
    Using response file: /Users/kharyfiler/Library/Developer/Xcode/DerivedData/Gripah-gptnnpiwslcswlcpylqwkddqyprw/Build/Intermediates.noindex/Pods.build/Debug-iphonesimulator/ReactCodegen.build/Objects-normal/arm64/af3fcb34312c57c0f52879cdce924b91-common-args.resp
    
    /Applications/Xcode.app/Contents/Developer/Toolchains/XcodeDefault.xctoolchain/usr/bin/clang -x objective-c++ -ivfsstatcache /Users/kharyfiler/Library/Developer/Xcode/DerivedData/SDKStatCaches.noindex/iphonesimulator26.2-23C53-3885c01c3e6b6a337905948deab2002e7d00a8b37fbd7999ea79df8ebc024bf0.sdkstatcache -fmessage-length\=0 -fdiagnostics-show-note-include-stack -fmacro-backtrace-limit\=0 -fno-color-diagnostics -fmodules-prune-interval\=86400 -fmodules-prune-after\=345600 -fbuild-session-file\=/Users/kharyfiler/Library/Developer/Xcode/DerivedData/ModuleCache.noindex/Session.modulevalidation -fmodules-validate-once-per-build-session -Wnon-modular-include-in-framework-module -Werror\=non-modular-include-in-framework-module -Wno-trigraphs -Wno-missing-field-initializers -Wno-missing-prototypes -Werror\=return-type -Wdocumentation -Wunreachable-code -Wno-implicit-atomic-properties -Werror\=deprecated-objc-isa-usage -Wno-objc-interface-ivars -Werror\=objc-root-class -Wno-arc-repeated-use-of-weak -Wimplicit-retain-self -Wno-non-virtual-dtor -Wno-overloaded-virtual -Wno-exit-time-destructors -Wduplicate-method-match -Wno-missing-braces -Wparentheses -Wswitch -Wunused-function -Wno-unused-label -Wno-unused-parameter -Wunused-variable -Wunused-value -Wempty-body -Wuninitialized -Wconditional-uninitialized -Wno-unknown-pragmas -Wno-shadow -Wno-four-char-constants -Wno-conversion -Wconstant-conversion -Wint-conversion -Wbool-conversion -Wenum-conversion -Wno-float-conversion -Wnon-literal-null-conversion -Wobjc-literal-conversion -Wshorten-64-to-32 -Wno-newline-eof -Wno-selector -Wno-strict-selector-match -Wundeclared-selector -Wdeprecated-implementations -Wno-c++11-extensions -Wno-implicit-fallthrough -fstrict-aliasing -Wprotocol -Wdeprecated-declarations -Winvalid-offsetof -Wno-sign-conversion -Winfinite-recursion -Wmove -Wcomma -Wblock-capture-autoreleasing -Wstrict-prototypes -Wrange-loop-analysis -Wno-semicolon-before-method-body -Wunguarded-availability -index-store-path /Users/kharyfiler/Library/Developer/Xcode/DerivedData/Gripah-gptnnpiwslcswlcpylqwkddqyprw/Index.noindex/DataStore -Wno-comma -Wno-shorten-64-to-32 -Wno-documentation @/Users/kharyfiler/Library/Developer/Xcode/DerivedData/Gripah-gptnnpiwslcswlcpylqwkddqyprw/Build/Intermediates.noindex/Pods.build/Debug-iphonesimulator/ReactCodegen.build/Objects-normal/arm64/af3fcb34312c57c0f52879cdce924b91-common-args.resp -DFOLLY_MOBILE\=1 -DFOLLY_USE_LIBCPP\=1 -DFOLLY_CFG_NO_COROUTINES\=1 -DFOLLY_HAVE_CLOCK_GETTIME\=1 -Wno-comma -Wno-shorten-64-to-32 -Wno-documentation -Wno-nullability-completeness -std\=c++20 -include /Users/kharyfiler/Documents/grip-claude/ios/Pods/Target\ Support\ Files/ReactCodegen/ReactCodegen-prefix.pch -MMD -MT dependencies -MF /Users/kharyfiler/Library/Developer/Xcode/DerivedData/Gripah-gptnnpiwslcswlcpylqwkddqyprw/Build/Intermediates.noindex/Pods.build/Debug-iphonesimulator/ReactCodegen.build/Objects-normal/arm64/rnstripe-generated.d --serialize-diagnostics /Users/kharyfiler/Library/Developer/Xcode/DerivedData/Gripah-gptnnpiwslcswlcpylqwkddqyprw/Build/Intermediates.noindex/Pods.build/Debug-iphonesimulator/ReactCodegen.build/Objects-normal/arm64/rnstripe-generated.dia -c /Users/kharyfiler/Documents/grip-claude/ios/build/generated/ios/rnstripe/rnstripe-generated.mm -o /Users/kharyfiler/Library/Developer/Xcode/DerivedData/Gripah-gptnnpiwslcswlcpylqwkddqyprw/Build/Intermediates.noindex/Pods.build/Debug-iphonesimulator/ReactCodegen.build/Objects-normal/arm64/rnstripe-generated.o -index-unit-output-path /Pods.build/Debug-iphonesimulator/ReactCodegen.build/Objects-normal/arm64/rnstripe-generated.o

SwiftDriverJobDiscovery normal arm64 Compiling OAuth2Grant.swift, Optional+DebugDescription.swift, OSUnifiedLoggingService.swift, PasskeyAuthenticationMethod.swift, PasskeyEnrollmentChallenge.swift, PasskeyLoginChallenge.swift, PasskeySignupChallenge.swift, PasswordlessType.swift, PhoneEnrollmentChallenge.swift, PreferredAuthenticationMethod.swift (in target 'Auth0' from project 'Pods')

SwiftDriverJobDiscovery normal arm64 Compiling PublicKeyCredentialCreationOptions.swift, PublicKeyCredentialRequestOptions.swift, PushEnrollmentChallenge.swift, RecoveryCodeEnrollmentChallenge.swift, Request.swift, Requestable.swift, Response.swift, SafariProvider.swift, SecureEnclaveKeyStore.swift, SenderConstraining.swift (in target 'Auth0' from project 'Pods')

CompileC /Users/kharyfiler/Library/Developer/Xcode/DerivedData/Gripah-gptnnpiwslcswlcpylqwkddqyprw/Build/Intermediates.noindex/Pods.build/Debug-iphonesimulator/StripeUICore.build/Objects-normal/arm64/StripeUICore-dummy.o /Users/kharyfiler/Documents/grip-claude/ios/Pods/Target\ Support\ Files/StripeUICore/StripeUICore-dummy.m normal arm64 objective-c com.apple.compilers.llvm.clang.1_0.compiler (in target 'StripeUICore' from project 'Pods')
    cd /Users/kharyfiler/Documents/grip-claude/ios/Pods
    
    Using response file: /Users/kharyfiler/Library/Developer/Xcode/DerivedData/Gripah-gptnnpiwslcswlcpylqwkddqyprw/Build/Intermediates.noindex/Pods.build/Debug-iphonesimulator/StripeUICore.build/Objects-normal/arm64/e6072d4f65d7061329687fe24e3d63a7-common-args.resp
    
    /Applications/Xcode.app/Contents/Developer/Toolchains/XcodeDefault.xctoolchain/usr/bin/clang -x objective-c -ivfsstatcache /Users/kharyfiler/Library/Developer/Xcode/DerivedData/SDKStatCaches.noindex/iphonesimulator26.2-23C53-3885c01c3e6b6a337905948deab2002e7d00a8b37fbd7999ea79df8ebc024bf0.sdkstatcache -fmessage-length\=0 -fdiagnostics-show-note-include-stack -fmacro-backtrace-limit\=0 -fno-color-diagnostics -fmodules-prune-interval\=86400 -fmodules-prune-after\=345600 -fbuild-session-file\=/Users/kharyfiler/Library/Developer/Xcode/DerivedData/ModuleCache.noindex/Session.modulevalidation -fmodules-validate-once-per-build-session -Wnon-modular-include-in-framework-module -Werror\=non-modular-include-in-framework-module -Wno-trigraphs -Wno-missing-field-initializers -Wno-missing-prototypes -Werror\=return-type -Wdocumentation -Wunreachable-code -Wno-implicit-atomic-properties -Werror\=deprecated-objc-isa-usage -Wno-objc-interface-ivars -Werror\=objc-root-class -Wno-arc-repeated-use-of-weak -Wimplicit-retain-self -Wduplicate-method-match -Wno-missing-braces -Wparentheses -Wswitch -Wunused-function -Wno-unused-label -Wno-unused-parameter -Wunused-variable -Wunused-value -Wempty-body -Wuninitialized -Wconditional-uninitialized -Wno-unknown-pragmas -Wno-shadow -Wno-four-char-constants -Wno-conversion -Wconstant-conversion -Wint-conversion -Wbool-conversion -Wenum-conversion -Wno-float-conversion -Wnon-literal-null-conversion -Wobjc-literal-conversion -Wshorten-64-to-32 -Wpointer-sign -Wno-newline-eof -Wno-selector -Wno-strict-selector-match -Wundeclared-selector -Wdeprecated-implementations -Wno-implicit-fallthrough -fstrict-aliasing -Wprotocol -Wdeprecated-declarations -Wno-sign-conversion -Winfinite-recursion -Wcomma -Wblock-capture-autoreleasing -Wstrict-prototypes -Wno-semicolon-before-method-body -Wunguarded-availability -index-store-path /Users/kharyfiler/Library/Developer/Xcode/DerivedData/Gripah-gptnnpiwslcswlcpylqwkddqyprw/Index.noindex/DataStore @/Users/kharyfiler/Library/Developer/Xcode/DerivedData/Gripah-gptnnpiwslcswlcpylqwkddqyprw/Build/Intermediates.noindex/Pods.build/Debug-iphonesimulator/StripeUICore.build/Objects-normal/arm64/e6072d4f65d7061329687fe24e3d63a7-common-args.resp -include /Users/kharyfiler/Documents/grip-claude/ios/Pods/Target\ Support\ Files/StripeUICore/StripeUICore-prefix.pch -MMD -MT dependencies -MF /Users/kharyfiler/Library/Developer/Xcode/DerivedData/Gripah-gptnnpiwslcswlcpylqwkddqyprw/Build/Intermediates.noindex/Pods.build/Debug-iphonesimulator/StripeUICore.build/Objects-normal/arm64/StripeUICore-dummy.d --serialize-diagnostics /Users/kharyfiler/Library/Developer/Xcode/DerivedData/Gripah-gptnnpiwslcswlcpylqwkddqyprw/Build/Intermediates.noindex/Pods.build/Debug-iphonesimulator/StripeUICore.build/Objects-normal/arm64/StripeUICore-dummy.dia -c /Users/kharyfiler/Documents/grip-claude/ios/Pods/Target\ Support\ Files/StripeUICore/StripeUICore-dummy.m -o /Users/kharyfiler/Library/Developer/Xcode/DerivedData/Gripah-gptnnpiwslcswlcpylqwkddqyprw/Build/Intermediates.noindex/Pods.build/Debug-iphonesimulator/StripeUICore.build/Objects-normal/arm64/StripeUICore-dummy.o -index-unit-output-path /Pods.build/Debug-iphonesimulator/StripeUICore.build/Objects-normal/arm64/StripeUICore-dummy.o

SwiftDriverJobDiscovery normal arm64 Compiling SensitiveDataRedactor.swift, Shared.swift, SignupPasskey.swift, SSOCredentials.swift, String+URLSafe.swift, SynchronizationBarrier.swift, Telemetry.swift, TOTPEnrollmentChallenge.swift, TransactionStore.swift, UIWindow+TopViewController.swift (in target 'Auth0' from project 'Pods')

CompileC /Users/kharyfiler/Library/Developer/Xcode/DerivedData/Gripah-gptnnpiwslcswlcpylqwkddqyprw/Build/Intermediates.noindex/Pods.build/Debug-iphonesimulator/StripePayments.build/Objects-normal/arm64/UIViewController+Stripe3DS2.o /Users/kharyfiler/Documents/grip-claude/ios/Pods/StripePayments/Stripe3DS2/Stripe3DS2/UIViewController+Stripe3DS2.m normal arm64 objective-c com.apple.compilers.llvm.clang.1_0.compiler (in target 'StripePayments' from project 'Pods')
    cd /Users/kharyfiler/Documents/grip-claude/ios/Pods
    
    Using response file: /Users/kharyfiler/Library/Developer/Xcode/DerivedData/Gripah-gptnnpiwslcswlcpylqwkddqyprw/Build/Intermediates.noindex/Pods.build/Debug-iphonesimulator/StripePayments.build/Objects-normal/arm64/e6072d4f65d7061329687fe24e3d63a7-common-args.resp
    
    /Applications/Xcode.app/Contents/Developer/Toolchains/XcodeDefault.xctoolchain/usr/bin/clang -x objective-c -ivfsstatcache /Users/kharyfiler/Library/Developer/Xcode/DerivedData/SDKStatCaches.noindex/iphonesimulator26.2-23C53-3885c01c3e6b6a337905948deab2002e7d00a8b37fbd7999ea79df8ebc024bf0.sdkstatcache -fmessage-length\=0 -fdiagnostics-show-note-include-stack -fmacro-backtrace-limit\=0 -fno-color-diagnostics -fmodules-prune-interval\=86400 -fmodules-prune-after\=345600 -fbuild-session-file\=/Users/kharyfiler/Library/Developer/Xcode/DerivedData/ModuleCache.noindex/Session.modulevalidation -fmodules-validate-once-per-build-session -Wnon-modular-include-in-framework-module -Werror\=non-modular-include-in-framework-module -Wno-trigraphs -Wno-missing-field-initializers -Wno-missing-prototypes -Werror\=return-type -Wdocumentation -Wunreachable-code -Wno-implicit-atomic-properties -Werror\=deprecated-objc-isa-usage -Wno-objc-interface-ivars -Werror\=objc-root-class -Wno-arc-repeated-use-of-weak -Wimplicit-retain-self -Wduplicate-method-match -Wno-missing-braces -Wparentheses -Wswitch -Wunused-function -Wno-unused-label -Wno-unused-parameter -Wunused-variable -Wunused-value -Wempty-body -Wuninitialized -Wconditional-uninitialized -Wno-unknown-pragmas -Wno-shadow -Wno-four-char-constants -Wno-conversion -Wconstant-conversion -Wint-conversion -Wbool-conversion -Wenum-conversion -Wno-float-conversion -Wnon-literal-null-conversion -Wobjc-literal-conversion -Wshorten-64-to-32 -Wpointer-sign -Wno-newline-eof -Wno-selector -Wno-strict-selector-match -Wundeclared-selector -Wdeprecated-implementations -Wno-implicit-fallthrough -fstrict-aliasing -Wprotocol -Wdeprecated-declarations -Wno-sign-conversion -Winfinite-recursion -Wcomma -Wblock-capture-autoreleasing -Wstrict-prototypes -Wno-semicolon-before-method-body -Wunguarded-availability -index-store-path /Users/kharyfiler/Library/Developer/Xcode/DerivedData/Gripah-gptnnpiwslcswlcpylqwkddqyprw/Index.noindex/DataStore @/Users/kharyfiler/Library/Developer/Xcode/DerivedData/Gripah-gptnnpiwslcswlcpylqwkddqyprw/Build/Intermediates.noindex/Pods.build/Debug-iphonesimulator/StripePayments.build/Objects-normal/arm64/e6072d4f65d7061329687fe24e3d63a7-common-args.resp -include /Users/kharyfiler/Documents/grip-claude/ios/Pods/Target\ Support\ Files/StripePayments/StripePayments-prefix.pch -MMD -MT dependencies -MF /Users/kharyfiler/Library/Developer/Xcode/DerivedData/Gripah-gptnnpiwslcswlcpylqwkddqyprw/Build/Intermediates.noindex/Pods.build/Debug-iphonesimulator/StripePayments.build/Objects-normal/arm64/UIViewController+Stripe3DS2.d --serialize-diagnostics /Users/kharyfiler/Library/Developer/Xcode/DerivedData/Gripah-gptnnpiwslcswlcpylqwkddqyprw/Build/Intermediates.noindex/Pods.build/Debug-iphonesimulator/StripePayments.build/Objects-normal/arm64/UIViewController+Stripe3DS2.dia -c /Users/kharyfiler/Documents/grip-claude/ios/Pods/StripePayments/Stripe3DS2/Stripe3DS2/UIViewController+Stripe3DS2.m -o /Users/kharyfiler/Library/Developer/Xcode/DerivedData/Gripah-gptnnpiwslcswlcpylqwkddqyprw/Build/Intermediates.noindex/Pods.build/Debug-iphonesimulator/StripePayments.build/Objects-normal/arm64/UIViewController+Stripe3DS2.o -index-unit-output-path /Pods.build/Debug-iphonesimulator/StripePayments.build/Objects-normal/arm64/UIViewController+Stripe3DS2.o

Libtool /Users/kharyfiler/Library/Developer/Xcode/DerivedData/Gripah-gptnnpiwslcswlcpylqwkddqyprw/Build/Products/Debug-iphonesimulator/StripeUICore/libStripeUICore.a normal (in target 'StripeUICore' from project 'Pods')
    cd /Users/kharyfiler/Documents/grip-claude/ios/Pods
    /Applications/Xcode.app/Contents/Developer/Toolchains/XcodeDefault.xctoolchain/usr/bin/libtool -static -arch_only arm64 -D -syslibroot /Applications/Xcode.app/Contents/Developer/Platforms/iPhoneSimulator.platform/Developer/SDKs/iPhoneSimulator26.2.sdk -L/Users/kharyfiler/Library/Developer/Xcode/DerivedData/Gripah-gptnnpiwslcswlcpylqwkddqyprw/Build/Products/Debug-iphonesimulator/StripeUICore -filelist /Users/kharyfiler/Library/Developer/Xcode/DerivedData/Gripah-gptnnpiwslcswlcpylqwkddqyprw/Build/Intermediates.noindex/Pods.build/Debug-iphonesimulator/StripeUICore.build/Objects-normal/arm64/StripeUICore.LinkFileList -dependency_info /Users/kharyfiler/Library/Developer/Xcode/DerivedData/Gripah-gptnnpiwslcswlcpylqwkddqyprw/Build/Intermediates.noindex/Pods.build/Debug-iphonesimulator/StripeUICore.build/Objects-normal/arm64/StripeUICore_libtool_dependency_info.dat -o /Users/kharyfiler/Library/Developer/Xcode/DerivedData/Gripah-gptnnpiwslcswlcpylqwkddqyprw/Build/Products/Debug-iphonesimulator/StripeUICore/libStripeUICore.a

SwiftDriverJobDiscovery normal arm64 Compiling ClearSessionTransaction.swift, Credentials.swift, CredentialsManager.swift, CredentialsManagerError.swift, CredentialsStorage.swift, DesktopWebAuth.swift, DPoP.swift, DPoPChallenge.swift, DPoPError.swift, DPoPKeyStore.swift (in target 'Auth0' from project 'Pods')

CompileC /Users/kharyfiler/Library/Developer/Xcode/DerivedData/Gripah-gptnnpiwslcswlcpylqwkddqyprw/Build/Intermediates.noindex/Pods.build/Debug-iphonesimulator/StripeApplePay.build/Objects-normal/arm64/StripeApplePay-dummy.o /Users/kharyfiler/Documents/grip-claude/ios/Pods/Target\ Support\ Files/StripeApplePay/StripeApplePay-dummy.m normal arm64 objective-c com.apple.compilers.llvm.clang.1_0.compiler (in target 'StripeApplePay' from project 'Pods')
    cd /Users/kharyfiler/Documents/grip-claude/ios/Pods
    
    Using response file: /Users/kharyfiler/Library/Developer/Xcode/DerivedData/Gripah-gptnnpiwslcswlcpylqwkddqyprw/Build/Intermediates.noindex/Pods.build/Debug-iphonesimulator/StripeApplePay.build/Objects-normal/arm64/e6072d4f65d7061329687fe24e3d63a7-common-args.resp
    
    /Applications/Xcode.app/Contents/Developer/Toolchains/XcodeDefault.xctoolchain/usr/bin/clang -x objective-c -ivfsstatcache /Users/kharyfiler/Library/Developer/Xcode/DerivedData/SDKStatCaches.noindex/iphonesimulator26.2-23C53-3885c01c3e6b6a337905948deab2002e7d00a8b37fbd7999ea79df8ebc024bf0.sdkstatcache -fmessage-length\=0 -fdiagnostics-show-note-include-stack -fmacro-backtrace-limit\=0 -fno-color-diagnostics -fmodules-prune-interval\=86400 -fmodules-prune-after\=345600 -fbuild-session-file\=/Users/kharyfiler/Library/Developer/Xcode/DerivedData/ModuleCache.noindex/Session.modulevalidation -fmodules-validate-once-per-build-session -Wnon-modular-include-in-framework-module -Werror\=non-modular-include-in-framework-module -Wno-trigraphs -Wno-missing-field-initializers -Wno-missing-prototypes -Werror\=return-type -Wdocumentation -Wunreachable-code -Wno-implicit-atomic-properties -Werror\=deprecated-objc-isa-usage -Wno-objc-interface-ivars -Werror\=objc-root-class -Wno-arc-repeated-use-of-weak -Wimplicit-retain-self -Wduplicate-method-match -Wno-missing-braces -Wparentheses -Wswitch -Wunused-function -Wno-unused-label -Wno-unused-parameter -Wunused-variable -Wunused-value -Wempty-body -Wuninitialized -Wconditional-uninitialized -Wno-unknown-pragmas -Wno-shadow -Wno-four-char-constants -Wno-conversion -Wconstant-conversion -Wint-conversion -Wbool-conversion -Wenum-conversion -Wno-float-conversion -Wnon-literal-null-conversion -Wobjc-literal-conversion -Wshorten-64-to-32 -Wpointer-sign -Wno-newline-eof -Wno-selector -Wno-strict-selector-match -Wundeclared-selector -Wdeprecated-implementations -Wno-implicit-fallthrough -fstrict-aliasing -Wprotocol -Wdeprecated-declarations -Wno-sign-conversion -Winfinite-recursion -Wcomma -Wblock-capture-autoreleasing -Wstrict-prototypes -Wno-semicolon-before-method-body -Wunguarded-availability -index-store-path /Users/kharyfiler/Library/Developer/Xcode/DerivedData/Gripah-gptnnpiwslcswlcpylqwkddqyprw/Index.noindex/DataStore @/Users/kharyfiler/Library/Developer/Xcode/DerivedData/Gripah-gptnnpiwslcswlcpylqwkddqyprw/Build/Intermediates.noindex/Pods.build/Debug-iphonesimulator/StripeApplePay.build/Objects-normal/arm64/e6072d4f65d7061329687fe24e3d63a7-common-args.resp -include /Users/kharyfiler/Documents/grip-claude/ios/Pods/Target\ Support\ Files/StripeApplePay/StripeApplePay-prefix.pch -MMD -MT dependencies -MF /Users/kharyfiler/Library/Developer/Xcode/DerivedData/Gripah-gptnnpiwslcswlcpylqwkddqyprw/Build/Intermediates.noindex/Pods.build/Debug-iphonesimulator/StripeApplePay.build/Objects-normal/arm64/StripeApplePay-dummy.d --serialize-diagnostics /Users/kharyfiler/Library/Developer/Xcode/DerivedData/Gripah-gptnnpiwslcswlcpylqwkddqyprw/Build/Intermediates.noindex/Pods.build/Debug-iphonesimulator/StripeApplePay.build/Objects-normal/arm64/StripeApplePay-dummy.dia -c /Users/kharyfiler/Documents/grip-claude/ios/Pods/Target\ Support\ Files/StripeApplePay/StripeApplePay-dummy.m -o /Users/kharyfiler/Library/Developer/Xcode/DerivedData/Gripah-gptnnpiwslcswlcpylqwkddqyprw/Build/Intermediates.noindex/Pods.build/Debug-iphonesimulator/StripeApplePay.build/Objects-normal/arm64/StripeApplePay-dummy.o -index-unit-output-path /Pods.build/Debug-iphonesimulator/StripeApplePay.build/Objects-normal/arm64/StripeApplePay-dummy.o

CompileC /Users/kharyfiler/Library/Developer/Xcode/DerivedData/Gripah-gptnnpiwslcswlcpylqwkddqyprw/Build/Intermediates.noindex/Pods.build/Debug-iphonesimulator/ReactCodegen.build/Objects-normal/arm64/rnasyncstorageJSI-generated.o /Users/kharyfiler/Documents/grip-claude/ios/build/generated/ios/rnasyncstorageJSI-generated.cpp normal arm64 c++ com.apple.compilers.llvm.clang.1_0.compiler (in target 'ReactCodegen' from project 'Pods')
    cd /Users/kharyfiler/Documents/grip-claude/ios/Pods
    
    Using response file: /Users/kharyfiler/Library/Developer/Xcode/DerivedData/Gripah-gptnnpiwslcswlcpylqwkddqyprw/Build/Intermediates.noindex/Pods.build/Debug-iphonesimulator/ReactCodegen.build/Objects-normal/arm64/82b82416624d2658e5098eb0a28c15c5-common-args.resp
    
    /Applications/Xcode.app/Contents/Developer/Toolchains/XcodeDefault.xctoolchain/usr/bin/clang -x c++ -ivfsstatcache /Users/kharyfiler/Library/Developer/Xcode/DerivedData/SDKStatCaches.noindex/iphonesimulator26.2-23C53-3885c01c3e6b6a337905948deab2002e7d00a8b37fbd7999ea79df8ebc024bf0.sdkstatcache -fmessage-length\=0 -fdiagnostics-show-note-include-stack -fmacro-backtrace-limit\=0 -fno-color-diagnostics -fmodules-prune-interval\=86400 -fmodules-prune-after\=345600 -fbuild-session-file\=/Users/kharyfiler/Library/Developer/Xcode/DerivedData/ModuleCache.noindex/Session.modulevalidation -fmodules-validate-once-per-build-session -Wnon-modular-include-in-framework-module -Werror\=non-modular-include-in-framework-module -Wno-trigraphs -Wno-missing-field-initializers -Wno-missing-prototypes -Werror\=return-type -Wdocumentation -Wunreachable-code -Werror\=deprecated-objc-isa-usage -Werror\=objc-root-class -Wno-non-virtual-dtor -Wno-overloaded-virtual -Wno-exit-time-destructors -Wno-missing-braces -Wparentheses -Wswitch -Wunused-function -Wno-unused-label -Wno-unused-parameter -Wunused-variable -Wunused-value -Wempty-body -Wuninitialized -Wconditional-uninitialized -Wno-unknown-pragmas -Wno-shadow -Wno-four-char-constants -Wno-conversion -Wconstant-conversion -Wint-conversion -Wbool-conversion -Wenum-conversion -Wno-float-conversion -Wnon-literal-null-conversion -Wobjc-literal-conversion -Wshorten-64-to-32 -Wno-newline-eof -Wno-c++11-extensions -Wno-implicit-fallthrough -fstrict-aliasing -Wdeprecated-declarations -Winvalid-offsetof -Wno-sign-conversion -Winfinite-recursion -Wmove -Wcomma -Wblock-capture-autoreleasing -Wstrict-prototypes -Wrange-loop-analysis -Wno-semicolon-before-method-body -Wunguarded-availability -index-store-path /Users/kharyfiler/Library/Developer/Xcode/DerivedData/Gripah-gptnnpiwslcswlcpylqwkddqyprw/Index.noindex/DataStore -Wno-comma -Wno-shorten-64-to-32 -Wno-documentation @/Users/kharyfiler/Library/Developer/Xcode/DerivedData/Gripah-gptnnpiwslcswlcpylqwkddqyprw/Build/Intermediates.noindex/Pods.build/Debug-iphonesimulator/ReactCodegen.build/Objects-normal/arm64/82b82416624d2658e5098eb0a28c15c5-common-args.resp -DFOLLY_MOBILE\=1 -DFOLLY_USE_LIBCPP\=1 -DFOLLY_CFG_NO_COROUTINES\=1 -DFOLLY_HAVE_CLOCK_GETTIME\=1 -Wno-comma -Wno-shorten-64-to-32 -Wno-documentation -Wno-nullability-completeness -std\=c++20 -include /Users/kharyfiler/Documents/grip-claude/ios/Pods/Target\ Support\ Files/ReactCodegen/ReactCodegen-prefix.pch -MMD -MT dependencies -MF /Users/kharyfiler/Library/Developer/Xcode/DerivedData/Gripah-gptnnpiwslcswlcpylqwkddqyprw/Build/Intermediates.noindex/Pods.build/Debug-iphonesimulator/ReactCodegen.build/Objects-normal/arm64/rnasyncstorageJSI-generated.d --serialize-diagnostics /Users/kharyfiler/Library/Developer/Xcode/DerivedData/Gripah-gptnnpiwslcswlcpylqwkddqyprw/Build/Intermediates.noindex/Pods.build/Debug-iphonesimulator/ReactCodegen.build/Objects-normal/arm64/rnasyncstorageJSI-generated.dia -c /Users/kharyfiler/Documents/grip-claude/ios/build/generated/ios/rnasyncstorageJSI-generated.cpp -o /Users/kharyfiler/Library/Developer/Xcode/DerivedData/Gripah-gptnnpiwslcswlcpylqwkddqyprw/Build/Intermediates.noindex/Pods.build/Debug-iphonesimulator/ReactCodegen.build/Objects-normal/arm64/rnasyncstorageJSI-generated.o -index-unit-output-path /Pods.build/Debug-iphonesimulator/ReactCodegen.build/Objects-normal/arm64/rnasyncstorageJSI-generated.o

CompileC /Users/kharyfiler/Library/Developer/Xcode/DerivedData/Gripah-gptnnpiwslcswlcpylqwkddqyprw/Build/Intermediates.noindex/Pods.build/Debug-iphonesimulator/ReactCodegen.build/Objects-normal/arm64/rnasyncstorage-generated.o /Users/kharyfiler/Documents/grip-claude/ios/build/generated/ios/rnasyncstorage/rnasyncstorage-generated.mm normal arm64 objective-c++ com.apple.compilers.llvm.clang.1_0.compiler (in target 'ReactCodegen' from project 'Pods')
    cd /Users/kharyfiler/Documents/grip-claude/ios/Pods
    
    Using response file: /Users/kharyfiler/Library/Developer/Xcode/DerivedData/Gripah-gptnnpiwslcswlcpylqwkddqyprw/Build/Intermediates.noindex/Pods.build/Debug-iphonesimulator/ReactCodegen.build/Objects-normal/arm64/af3fcb34312c57c0f52879cdce924b91-common-args.resp
    
    /Applications/Xcode.app/Contents/Developer/Toolchains/XcodeDefault.xctoolchain/usr/bin/clang -x objective-c++ -ivfsstatcache /Users/kharyfiler/Library/Developer/Xcode/DerivedData/SDKStatCaches.noindex/iphonesimulator26.2-23C53-3885c01c3e6b6a337905948deab2002e7d00a8b37fbd7999ea79df8ebc024bf0.sdkstatcache -fmessage-length\=0 -fdiagnostics-show-note-include-stack -fmacro-backtrace-limit\=0 -fno-color-diagnostics -fmodules-prune-interval\=86400 -fmodules-prune-after\=345600 -fbuild-session-file\=/Users/kharyfiler/Library/Developer/Xcode/DerivedData/ModuleCache.noindex/Session.modulevalidation -fmodules-validate-once-per-build-session -Wnon-modular-include-in-framework-module -Werror\=non-modular-include-in-framework-module -Wno-trigraphs -Wno-missing-field-initializers -Wno-missing-prototypes -Werror\=return-type -Wdocumentation -Wunreachable-code -Wno-implicit-atomic-properties -Werror\=deprecated-objc-isa-usage -Wno-objc-interface-ivars -Werror\=objc-root-class -Wno-arc-repeated-use-of-weak -Wimplicit-retain-self -Wno-non-virtual-dtor -Wno-overloaded-virtual -Wno-exit-time-destructors -Wduplicate-method-match -Wno-missing-braces -Wparentheses -Wswitch -Wunused-function -Wno-unused-label -Wno-unused-parameter -Wunused-variable -Wunused-value -Wempty-body -Wuninitialized -Wconditional-uninitialized -Wno-unknown-pragmas -Wno-shadow -Wno-four-char-constants -Wno-conversion -Wconstant-conversion -Wint-conversion -Wbool-conversion -Wenum-conversion -Wno-float-conversion -Wnon-literal-null-conversion -Wobjc-literal-conversion -Wshorten-64-to-32 -Wno-newline-eof -Wno-selector -Wno-strict-selector-match -Wundeclared-selector -Wdeprecated-implementations -Wno-c++11-extensions -Wno-implicit-fallthrough -fstrict-aliasing -Wprotocol -Wdeprecated-declarations -Winvalid-offsetof -Wno-sign-conversion -Winfinite-recursion -Wmove -Wcomma -Wblock-capture-autoreleasing -Wstrict-prototypes -Wrange-loop-analysis -Wno-semicolon-before-method-body -Wunguarded-availability -index-store-path /Users/kharyfiler/Library/Developer/Xcode/DerivedData/Gripah-gptnnpiwslcswlcpylqwkddqyprw/Index.noindex/DataStore -Wno-comma -Wno-shorten-64-to-32 -Wno-documentation @/Users/kharyfiler/Library/Developer/Xcode/DerivedData/Gripah-gptnnpiwslcswlcpylqwkddqyprw/Build/Intermediates.noindex/Pods.build/Debug-iphonesimulator/ReactCodegen.build/Objects-normal/arm64/af3fcb34312c57c0f52879cdce924b91-common-args.resp -DFOLLY_MOBILE\=1 -DFOLLY_USE_LIBCPP\=1 -DFOLLY_CFG_NO_COROUTINES\=1 -DFOLLY_HAVE_CLOCK_GETTIME\=1 -Wno-comma -Wno-shorten-64-to-32 -Wno-documentation -Wno-nullability-completeness -std\=c++20 -include /Users/kharyfiler/Documents/grip-claude/ios/Pods/Target\ Support\ Files/ReactCodegen/ReactCodegen-prefix.pch -MMD -MT dependencies -MF /Users/kharyfiler/Library/Developer/Xcode/DerivedData/Gripah-gptnnpiwslcswlcpylqwkddqyprw/Build/Intermediates.noindex/Pods.build/Debug-iphonesimulator/ReactCodegen.build/Objects-normal/arm64/rnasyncstorage-generated.d --serialize-diagnostics /Users/kharyfiler/Library/Developer/Xcode/DerivedData/Gripah-gptnnpiwslcswlcpylqwkddqyprw/Build/Intermediates.noindex/Pods.build/Debug-iphonesimulator/ReactCodegen.build/Objects-normal/arm64/rnasyncstorage-generated.dia -c /Users/kharyfiler/Documents/grip-claude/ios/build/generated/ios/rnasyncstorage/rnasyncstorage-generated.mm -o /Users/kharyfiler/Library/Developer/Xcode/DerivedData/Gripah-gptnnpiwslcswlcpylqwkddqyprw/Build/Intermediates.noindex/Pods.build/Debug-iphonesimulator/ReactCodegen.build/Objects-normal/arm64/rnasyncstorage-generated.o -index-unit-output-path /Pods.build/Debug-iphonesimulator/ReactCodegen.build/Objects-normal/arm64/rnasyncstorage-generated.o

CompileC /Users/kharyfiler/Library/Developer/Xcode/DerivedData/Gripah-gptnnpiwslcswlcpylqwkddqyprw/Build/Intermediates.noindex/Pods.build/Debug-iphonesimulator/ReactCodegen.build/Objects-normal/arm64/States-ac12a59305bd8c182a2496f8d933407e.o /Users/kharyfiler/Documents/grip-claude/ios/build/generated/ios/react/renderer/components/RNGoogleMobileAdsSpec/States.cpp normal arm64 c++ com.apple.compilers.llvm.clang.1_0.compiler (in target 'ReactCodegen' from project 'Pods')
    cd /Users/kharyfiler/Documents/grip-claude/ios/Pods
    
    Using response file: /Users/kharyfiler/Library/Developer/Xcode/DerivedData/Gripah-gptnnpiwslcswlcpylqwkddqyprw/Build/Intermediates.noindex/Pods.build/Debug-iphonesimulator/ReactCodegen.build/Objects-normal/arm64/82b82416624d2658e5098eb0a28c15c5-common-args.resp
    
    /Applications/Xcode.app/Contents/Developer/Toolchains/XcodeDefault.xctoolchain/usr/bin/clang -x c++ -ivfsstatcache /Users/kharyfiler/Library/Developer/Xcode/DerivedData/SDKStatCaches.noindex/iphonesimulator26.2-23C53-3885c01c3e6b6a337905948deab2002e7d00a8b37fbd7999ea79df8ebc024bf0.sdkstatcache -fmessage-length\=0 -fdiagnostics-show-note-include-stack -fmacro-backtrace-limit\=0 -fno-color-diagnostics -fmodules-prune-interval\=86400 -fmodules-prune-after\=345600 -fbuild-session-file\=/Users/kharyfiler/Library/Developer/Xcode/DerivedData/ModuleCache.noindex/Session.modulevalidation -fmodules-validate-once-per-build-session -Wnon-modular-include-in-framework-module -Werror\=non-modular-include-in-framework-module -Wno-trigraphs -Wno-missing-field-initializers -Wno-missing-prototypes -Werror\=return-type -Wdocumentation -Wunreachable-code -Werror\=deprecated-objc-isa-usage -Werror\=objc-root-class -Wno-non-virtual-dtor -Wno-overloaded-virtual -Wno-exit-time-destructors -Wno-missing-braces -Wparentheses -Wswitch -Wunused-function -Wno-unused-label -Wno-unused-parameter -Wunused-variable -Wunused-value -Wempty-body -Wuninitialized -Wconditional-uninitialized -Wno-unknown-pragmas -Wno-shadow -Wno-four-char-constants -Wno-conversion -Wconstant-conversion -Wint-conversion -Wbool-conversion -Wenum-conversion -Wno-float-conversion -Wnon-literal-null-conversion -Wobjc-literal-conversion -Wshorten-64-to-32 -Wno-newline-eof -Wno-c++11-extensions -Wno-implicit-fallthrough -fstrict-aliasing -Wdeprecated-declarations -Winvalid-offsetof -Wno-sign-conversion -Winfinite-recursion -Wmove -Wcomma -Wblock-capture-autoreleasing -Wstrict-prototypes -Wrange-loop-analysis -Wno-semicolon-before-method-body -Wunguarded-availability -index-store-path /Users/kharyfiler/Library/Developer/Xcode/DerivedData/Gripah-gptnnpiwslcswlcpylqwkddqyprw/Index.noindex/DataStore -Wno-comma -Wno-shorten-64-to-32 -Wno-documentation @/Users/kharyfiler/Library/Developer/Xcode/DerivedData/Gripah-gptnnpiwslcswlcpylqwkddqyprw/Build/Intermediates.noindex/Pods.build/Debug-iphonesimulator/ReactCodegen.build/Objects-normal/arm64/82b82416624d2658e5098eb0a28c15c5-common-args.resp -DFOLLY_MOBILE\=1 -DFOLLY_USE_LIBCPP\=1 -DFOLLY_CFG_NO_COROUTINES\=1 -DFOLLY_HAVE_CLOCK_GETTIME\=1 -Wno-comma -Wno-shorten-64-to-32 -Wno-documentation -Wno-nullability-completeness -std\=c++20 -include /Users/kharyfiler/Documents/grip-claude/ios/Pods/Target\ Support\ Files/ReactCodegen/ReactCodegen-prefix.pch -MMD -MT dependencies -MF /Users/kharyfiler/Library/Developer/Xcode/DerivedData/Gripah-gptnnpiwslcswlcpylqwkddqyprw/Build/Intermediates.noindex/Pods.build/Debug-iphonesimulator/ReactCodegen.build/Objects-normal/arm64/States-ac12a59305bd8c182a2496f8d933407e.d --serialize-diagnostics /Users/kharyfiler/Library/Developer/Xcode/DerivedData/Gripah-gptnnpiwslcswlcpylqwkddqyprw/Build/Intermediates.noindex/Pods.build/Debug-iphonesimulator/ReactCodegen.build/Objects-normal/arm64/States-ac12a59305bd8c182a2496f8d933407e.dia -c /Users/kharyfiler/Documents/grip-claude/ios/build/generated/ios/react/renderer/components/RNGoogleMobileAdsSpec/States.cpp -o /Users/kharyfiler/Library/Developer/Xcode/DerivedData/Gripah-gptnnpiwslcswlcpylqwkddqyprw/Build/Intermediates.noindex/Pods.build/Debug-iphonesimulator/ReactCodegen.build/Objects-normal/arm64/States-ac12a59305bd8c182a2496f8d933407e.o -index-unit-output-path /Pods.build/Debug-iphonesimulator/ReactCodegen.build/Objects-normal/arm64/States-ac12a59305bd8c182a2496f8d933407e.o

SwiftDriverJobDiscovery normal arm64 Compiling Auth0WebAuth.swift, Authentication.swift, AuthenticationError.swift, AuthenticationHandlers.swift, AuthTransaction.swift, Barrier.swift, BioAuthentication.swift, BiometricPolicy.swift, ChallengeGenerator.swift, ClaimValidators.swift (in target 'Auth0' from project 'Pods')

Libtool /Users/kharyfiler/Library/Developer/Xcode/DerivedData/Gripah-gptnnpiwslcswlcpylqwkddqyprw/Build/Products/Debug-iphonesimulator/StripeApplePay/libStripeApplePay.a normal (in target 'StripeApplePay' from project 'Pods')
    cd /Users/kharyfiler/Documents/grip-claude/ios/Pods
    /Applications/Xcode.app/Contents/Developer/Toolchains/XcodeDefault.xctoolchain/usr/bin/libtool -static -arch_only arm64 -D -syslibroot /Applications/Xcode.app/Contents/Developer/Platforms/iPhoneSimulator.platform/Developer/SDKs/iPhoneSimulator26.2.sdk -L/Users/kharyfiler/Library/Developer/Xcode/DerivedData/Gripah-gptnnpiwslcswlcpylqwkddqyprw/Build/Products/Debug-iphonesimulator/StripeApplePay -filelist /Users/kharyfiler/Library/Developer/Xcode/DerivedData/Gripah-gptnnpiwslcswlcpylqwkddqyprw/Build/Intermediates.noindex/Pods.build/Debug-iphonesimulator/StripeApplePay.build/Objects-normal/arm64/StripeApplePay.LinkFileList -dependency_info /Users/kharyfiler/Library/Developer/Xcode/DerivedData/Gripah-gptnnpiwslcswlcpylqwkddqyprw/Build/Intermediates.noindex/Pods.build/Debug-iphonesimulator/StripeApplePay.build/Objects-normal/arm64/StripeApplePay_libtool_dependency_info.dat -o /Users/kharyfiler/Library/Developer/Xcode/DerivedData/Gripah-gptnnpiwslcswlcpylqwkddqyprw/Build/Products/Debug-iphonesimulator/StripeApplePay/libStripeApplePay.a

SwiftDriverJobDiscovery normal arm64 Compiling APICredentials.swift, Array+Encode.swift, ASProvider.swift, Auth0.swift, Auth0APIError.swift, Auth0Authentication.swift, Auth0Error.swift, Auth0Log.swift, Auth0MyAccount.swift, Auth0MyAccountAuthenticationMethods.swift (in target 'Auth0' from project 'Pods')

CompileC /Users/kharyfiler/Library/Developer/Xcode/DerivedData/Gripah-gptnnpiwslcswlcpylqwkddqyprw/Build/Intermediates.noindex/Pods.build/Debug-iphonesimulator/StripePayments.build/Objects-normal/arm64/UIView+LayoutSupport.o /Users/kharyfiler/Documents/grip-claude/ios/Pods/StripePayments/Stripe3DS2/Stripe3DS2/UIView+LayoutSupport.m normal arm64 objective-c com.apple.compilers.llvm.clang.1_0.compiler (in target 'StripePayments' from project 'Pods')
    cd /Users/kharyfiler/Documents/grip-claude/ios/Pods
    
    Using response file: /Users/kharyfiler/Library/Developer/Xcode/DerivedData/Gripah-gptnnpiwslcswlcpylqwkddqyprw/Build/Intermediates.noindex/Pods.build/Debug-iphonesimulator/StripePayments.build/Objects-normal/arm64/e6072d4f65d7061329687fe24e3d63a7-common-args.resp
    
    /Applications/Xcode.app/Contents/Developer/Toolchains/XcodeDefault.xctoolchain/usr/bin/clang -x objective-c -ivfsstatcache /Users/kharyfiler/Library/Developer/Xcode/DerivedData/SDKStatCaches.noindex/iphonesimulator26.2-23C53-3885c01c3e6b6a337905948deab2002e7d00a8b37fbd7999ea79df8ebc024bf0.sdkstatcache -fmessage-length\=0 -fdiagnostics-show-note-include-stack -fmacro-backtrace-limit\=0 -fno-color-diagnostics -fmodules-prune-interval\=86400 -fmodules-prune-after\=345600 -fbuild-session-file\=/Users/kharyfiler/Library/Developer/Xcode/DerivedData/ModuleCache.noindex/Session.modulevalidation -fmodules-validate-once-per-build-session -Wnon-modular-include-in-framework-module -Werror\=non-modular-include-in-framework-module -Wno-trigraphs -Wno-missing-field-initializers -Wno-missing-prototypes -Werror\=return-type -Wdocumentation -Wunreachable-code -Wno-implicit-atomic-properties -Werror\=deprecated-objc-isa-usage -Wno-objc-interface-ivars -Werror\=objc-root-class -Wno-arc-repeated-use-of-weak -Wimplicit-retain-self -Wduplicate-method-match -Wno-missing-braces -Wparentheses -Wswitch -Wunused-function -Wno-unused-label -Wno-unused-parameter -Wunused-variable -Wunused-value -Wempty-body -Wuninitialized -Wconditional-uninitialized -Wno-unknown-pragmas -Wno-shadow -Wno-four-char-constants -Wno-conversion -Wconstant-conversion -Wint-conversion -Wbool-conversion -Wenum-conversion -Wno-float-conversion -Wnon-literal-null-conversion -Wobjc-literal-conversion -Wshorten-64-to-32 -Wpointer-sign -Wno-newline-eof -Wno-selector -Wno-strict-selector-match -Wundeclared-selector -Wdeprecated-implementations -Wno-implicit-fallthrough -fstrict-aliasing -Wprotocol -Wdeprecated-declarations -Wno-sign-conversion -Winfinite-recursion -Wcomma -Wblock-capture-autoreleasing -Wstrict-prototypes -Wno-semicolon-before-method-body -Wunguarded-availability -index-store-path /Users/kharyfiler/Library/Developer/Xcode/DerivedData/Gripah-gptnnpiwslcswlcpylqwkddqyprw/Index.noindex/DataStore @/Users/kharyfiler/Library/Developer/Xcode/DerivedData/Gripah-gptnnpiwslcswlcpylqwkddqyprw/Build/Intermediates.noindex/Pods.build/Debug-iphonesimulator/StripePayments.build/Objects-normal/arm64/e6072d4f65d7061329687fe24e3d63a7-common-args.resp -include /Users/kharyfiler/Documents/grip-claude/ios/Pods/Target\ Support\ Files/StripePayments/StripePayments-prefix.pch -MMD -MT dependencies -MF /Users/kharyfiler/Library/Developer/Xcode/DerivedData/Gripah-gptnnpiwslcswlcpylqwkddqyprw/Build/Intermediates.noindex/Pods.build/Debug-iphonesimulator/StripePayments.build/Objects-normal/arm64/UIView+LayoutSupport.d --serialize-diagnostics /Users/kharyfiler/Library/Developer/Xcode/DerivedData/Gripah-gptnnpiwslcswlcpylqwkddqyprw/Build/Intermediates.noindex/Pods.build/Debug-iphonesimulator/StripePayments.build/Objects-normal/arm64/UIView+LayoutSupport.dia -c /Users/kharyfiler/Documents/grip-claude/ios/Pods/StripePayments/Stripe3DS2/Stripe3DS2/UIView+LayoutSupport.m -o /Users/kharyfiler/Library/Developer/Xcode/DerivedData/Gripah-gptnnpiwslcswlcpylqwkddqyprw/Build/Intermediates.noindex/Pods.build/Debug-iphonesimulator/StripePayments.build/Objects-normal/arm64/UIView+LayoutSupport.o -index-unit-output-path /Pods.build/Debug-iphonesimulator/StripePayments.build/Objects-normal/arm64/UIView+LayoutSupport.o

CompileC /Users/kharyfiler/Library/Developer/Xcode/DerivedData/Gripah-gptnnpiwslcswlcpylqwkddqyprw/Build/Intermediates.noindex/Pods.build/Debug-iphonesimulator/StripePayments.build/Objects-normal/arm64/UIFont+DefaultFonts.o /Users/kharyfiler/Documents/grip-claude/ios/Pods/StripePayments/Stripe3DS2/Stripe3DS2/UIFont+DefaultFonts.m normal arm64 objective-c com.apple.compilers.llvm.clang.1_0.compiler (in target 'StripePayments' from project 'Pods')
    cd /Users/kharyfiler/Documents/grip-claude/ios/Pods
    
    Using response file: /Users/kharyfiler/Library/Developer/Xcode/DerivedData/Gripah-gptnnpiwslcswlcpylqwkddqyprw/Build/Intermediates.noindex/Pods.build/Debug-iphonesimulator/StripePayments.build/Objects-normal/arm64/e6072d4f65d7061329687fe24e3d63a7-common-args.resp
    
    /Applications/Xcode.app/Contents/Developer/Toolchains/XcodeDefault.xctoolchain/usr/bin/clang -x objective-c -ivfsstatcache /Users/kharyfiler/Library/Developer/Xcode/DerivedData/SDKStatCaches.noindex/iphonesimulator26.2-23C53-3885c01c3e6b6a337905948deab2002e7d00a8b37fbd7999ea79df8ebc024bf0.sdkstatcache -fmessage-length\=0 -fdiagnostics-show-note-include-stack -fmacro-backtrace-limit\=0 -fno-color-diagnostics -fmodules-prune-interval\=86400 -fmodules-prune-after\=345600 -fbuild-session-file\=/Users/kharyfiler/Library/Developer/Xcode/DerivedData/ModuleCache.noindex/Session.modulevalidation -fmodules-validate-once-per-build-session -Wnon-modular-include-in-framework-module -Werror\=non-modular-include-in-framework-module -Wno-trigraphs -Wno-missing-field-initializers -Wno-missing-prototypes -Werror\=return-type -Wdocumentation -Wunreachable-code -Wno-implicit-atomic-properties -Werror\=deprecated-objc-isa-usage -Wno-objc-interface-ivars -Werror\=objc-root-class -Wno-arc-repeated-use-of-weak -Wimplicit-retain-self -Wduplicate-method-match -Wno-missing-braces -Wparentheses -Wswitch -Wunused-function -Wno-unused-label -Wno-unused-parameter -Wunused-variable -Wunused-value -Wempty-body -Wuninitialized -Wconditional-uninitialized -Wno-unknown-pragmas -Wno-shadow -Wno-four-char-constants -Wno-conversion -Wconstant-conversion -Wint-conversion -Wbool-conversion -Wenum-conversion -Wno-float-conversion -Wnon-literal-null-conversion -Wobjc-literal-conversion -Wshorten-64-to-32 -Wpointer-sign -Wno-newline-eof -Wno-selector -Wno-strict-selector-match -Wundeclared-selector -Wdeprecated-implementations -Wno-implicit-fallthrough -fstrict-aliasing -Wprotocol -Wdeprecated-declarations -Wno-sign-conversion -Winfinite-recursion -Wcomma -Wblock-capture-autoreleasing -Wstrict-prototypes -Wno-semicolon-before-method-body -Wunguarded-availability -index-store-path /Users/kharyfiler/Library/Developer/Xcode/DerivedData/Gripah-gptnnpiwslcswlcpylqwkddqyprw/Index.noindex/DataStore @/Users/kharyfiler/Library/Developer/Xcode/DerivedData/Gripah-gptnnpiwslcswlcpylqwkddqyprw/Build/Intermediates.noindex/Pods.build/Debug-iphonesimulator/StripePayments.build/Objects-normal/arm64/e6072d4f65d7061329687fe24e3d63a7-common-args.resp -include /Users/kharyfiler/Documents/grip-claude/ios/Pods/Target\ Support\ Files/StripePayments/StripePayments-prefix.pch -MMD -MT dependencies -MF /Users/kharyfiler/Library/Developer/Xcode/DerivedData/Gripah-gptnnpiwslcswlcpylqwkddqyprw/Build/Intermediates.noindex/Pods.build/Debug-iphonesimulator/StripePayments.build/Objects-normal/arm64/UIFont+DefaultFonts.d --serialize-diagnostics /Users/kharyfiler/Library/Developer/Xcode/DerivedData/Gripah-gptnnpiwslcswlcpylqwkddqyprw/Build/Intermediates.noindex/Pods.build/Debug-iphonesimulator/StripePayments.build/Objects-normal/arm64/UIFont+DefaultFonts.dia -c /Users/kharyfiler/Documents/grip-claude/ios/Pods/StripePayments/Stripe3DS2/Stripe3DS2/UIFont+DefaultFonts.m -o /Users/kharyfiler/Library/Developer/Xcode/DerivedData/Gripah-gptnnpiwslcswlcpylqwkddqyprw/Build/Intermediates.noindex/Pods.build/Debug-iphonesimulator/StripePayments.build/Objects-normal/arm64/UIFont+DefaultFonts.o -index-unit-output-path /Pods.build/Debug-iphonesimulator/StripePayments.build/Objects-normal/arm64/UIFont+DefaultFonts.o

SwiftDriverJobDiscovery normal arm64 Compiling UserInfo.swift, UserPatchAttributes.swift, Users.swift, Version.swift, WebAuth.swift, WebAuthentication.swift, WebAuthError.swift, WebAuthUserAgent.swift, WebViewProvider.swift (in target 'Auth0' from project 'Pods')

CompileC /Users/kharyfiler/Library/Developer/Xcode/DerivedData/Gripah-gptnnpiwslcswlcpylqwkddqyprw/Build/Intermediates.noindex/Pods.build/Debug-iphonesimulator/StripePayments.build/Objects-normal/arm64/UIColor+ThirteenSupport.o /Users/kharyfiler/Documents/grip-claude/ios/Pods/StripePayments/Stripe3DS2/Stripe3DS2/UIColor+ThirteenSupport.m normal arm64 objective-c com.apple.compilers.llvm.clang.1_0.compiler (in target 'StripePayments' from project 'Pods')
    cd /Users/kharyfiler/Documents/grip-claude/ios/Pods
    
    Using response file: /Users/kharyfiler/Library/Developer/Xcode/DerivedData/Gripah-gptnnpiwslcswlcpylqwkddqyprw/Build/Intermediates.noindex/Pods.build/Debug-iphonesimulator/StripePayments.build/Objects-normal/arm64/e6072d4f65d7061329687fe24e3d63a7-common-args.resp
    
    /Applications/Xcode.app/Contents/Developer/Toolchains/XcodeDefault.xctoolchain/usr/bin/clang -x objective-c -ivfsstatcache /Users/kharyfiler/Library/Developer/Xcode/DerivedData/SDKStatCaches.noindex/iphonesimulator26.2-23C53-3885c01c3e6b6a337905948deab2002e7d00a8b37fbd7999ea79df8ebc024bf0.sdkstatcache -fmessage-length\=0 -fdiagnostics-show-note-include-stack -fmacro-backtrace-limit\=0 -fno-color-diagnostics -fmodules-prune-interval\=86400 -fmodules-prune-after\=345600 -fbuild-session-file\=/Users/kharyfiler/Library/Developer/Xcode/DerivedData/ModuleCache.noindex/Session.modulevalidation -fmodules-validate-once-per-build-session -Wnon-modular-include-in-framework-module -Werror\=non-modular-include-in-framework-module -Wno-trigraphs -Wno-missing-field-initializers -Wno-missing-prototypes -Werror\=return-type -Wdocumentation -Wunreachable-code -Wno-implicit-atomic-properties -Werror\=deprecated-objc-isa-usage -Wno-objc-interface-ivars -Werror\=objc-root-class -Wno-arc-repeated-use-of-weak -Wimplicit-retain-self -Wduplicate-method-match -Wno-missing-braces -Wparentheses -Wswitch -Wunused-function -Wno-unused-label -Wno-unused-parameter -Wunused-variable -Wunused-value -Wempty-body -Wuninitialized -Wconditional-uninitialized -Wno-unknown-pragmas -Wno-shadow -Wno-four-char-constants -Wno-conversion -Wconstant-conversion -Wint-conversion -Wbool-conversion -Wenum-conversion -Wno-float-conversion -Wnon-literal-null-conversion -Wobjc-literal-conversion -Wshorten-64-to-32 -Wpointer-sign -Wno-newline-eof -Wno-selector -Wno-strict-selector-match -Wundeclared-selector -Wdeprecated-implementations -Wno-implicit-fallthrough -fstrict-aliasing -Wprotocol -Wdeprecated-declarations -Wno-sign-conversion -Winfinite-recursion -Wcomma -Wblock-capture-autoreleasing -Wstrict-prototypes -Wno-semicolon-before-method-body -Wunguarded-availability -index-store-path /Users/kharyfiler/Library/Developer/Xcode/DerivedData/Gripah-gptnnpiwslcswlcpylqwkddqyprw/Index.noindex/DataStore @/Users/kharyfiler/Library/Developer/Xcode/DerivedData/Gripah-gptnnpiwslcswlcpylqwkddqyprw/Build/Intermediates.noindex/Pods.build/Debug-iphonesimulator/StripePayments.build/Objects-normal/arm64/e6072d4f65d7061329687fe24e3d63a7-common-args.resp -include /Users/kharyfiler/Documents/grip-claude/ios/Pods/Target\ Support\ Files/StripePayments/StripePayments-prefix.pch -MMD -MT dependencies -MF /Users/kharyfiler/Library/Developer/Xcode/DerivedData/Gripah-gptnnpiwslcswlcpylqwkddqyprw/Build/Intermediates.noindex/Pods.build/Debug-iphonesimulator/StripePayments.build/Objects-normal/arm64/UIColor+ThirteenSupport.d --serialize-diagnostics /Users/kharyfiler/Library/Developer/Xcode/DerivedData/Gripah-gptnnpiwslcswlcpylqwkddqyprw/Build/Intermediates.noindex/Pods.build/Debug-iphonesimulator/StripePayments.build/Objects-normal/arm64/UIColor+ThirteenSupport.dia -c /Users/kharyfiler/Documents/grip-claude/ios/Pods/StripePayments/Stripe3DS2/Stripe3DS2/UIColor+ThirteenSupport.m -o /Users/kharyfiler/Library/Developer/Xcode/DerivedData/Gripah-gptnnpiwslcswlcpylqwkddqyprw/Build/Intermediates.noindex/Pods.build/Debug-iphonesimulator/StripePayments.build/Objects-normal/arm64/UIColor+ThirteenSupport.o -index-unit-output-path /Pods.build/Debug-iphonesimulator/StripePayments.build/Objects-normal/arm64/UIColor+ThirteenSupport.o

CompileC /Users/kharyfiler/Library/Developer/Xcode/DerivedData/Gripah-gptnnpiwslcswlcpylqwkddqyprw/Build/Intermediates.noindex/Pods.build/Debug-iphonesimulator/StripePayments.build/Objects-normal/arm64/UIColor+DefaultColors.o /Users/kharyfiler/Documents/grip-claude/ios/Pods/StripePayments/Stripe3DS2/Stripe3DS2/UIColor+DefaultColors.m normal arm64 objective-c com.apple.compilers.llvm.clang.1_0.compiler (in target 'StripePayments' from project 'Pods')
    cd /Users/kharyfiler/Documents/grip-claude/ios/Pods
    
    Using response file: /Users/kharyfiler/Library/Developer/Xcode/DerivedData/Gripah-gptnnpiwslcswlcpylqwkddqyprw/Build/Intermediates.noindex/Pods.build/Debug-iphonesimulator/StripePayments.build/Objects-normal/arm64/e6072d4f65d7061329687fe24e3d63a7-common-args.resp
    
    /Applications/Xcode.app/Contents/Developer/Toolchains/XcodeDefault.xctoolchain/usr/bin/clang -x objective-c -ivfsstatcache /Users/kharyfiler/Library/Developer/Xcode/DerivedData/SDKStatCaches.noindex/iphonesimulator26.2-23C53-3885c01c3e6b6a337905948deab2002e7d00a8b37fbd7999ea79df8ebc024bf0.sdkstatcache -fmessage-length\=0 -fdiagnostics-show-note-include-stack -fmacro-backtrace-limit\=0 -fno-color-diagnostics -fmodules-prune-interval\=86400 -fmodules-prune-after\=345600 -fbuild-session-file\=/Users/kharyfiler/Library/Developer/Xcode/DerivedData/ModuleCache.noindex/Session.modulevalidation -fmodules-validate-once-per-build-session -Wnon-modular-include-in-framework-module -Werror\=non-modular-include-in-framework-module -Wno-trigraphs -Wno-missing-field-initializers -Wno-missing-prototypes -Werror\=return-type -Wdocumentation -Wunreachable-code -Wno-implicit-atomic-properties -Werror\=deprecated-objc-isa-usage -Wno-objc-interface-ivars -Werror\=objc-root-class -Wno-arc-repeated-use-of-weak -Wimplicit-retain-self -Wduplicate-method-match -Wno-missing-braces -Wparentheses -Wswitch -Wunused-function -Wno-unused-label -Wno-unused-parameter -Wunused-variable -Wunused-value -Wempty-body -Wuninitialized -Wconditional-uninitialized -Wno-unknown-pragmas -Wno-shadow -Wno-four-char-constants -Wno-conversion -Wconstant-conversion -Wint-conversion -Wbool-conversion -Wenum-conversion -Wno-float-conversion -Wnon-literal-null-conversion -Wobjc-literal-conversion -Wshorten-64-to-32 -Wpointer-sign -Wno-newline-eof -Wno-selector -Wno-strict-selector-match -Wundeclared-selector -Wdeprecated-implementations -Wno-implicit-fallthrough -fstrict-aliasing -Wprotocol -Wdeprecated-declarations -Wno-sign-conversion -Winfinite-recursion -Wcomma -Wblock-capture-autoreleasing -Wstrict-prototypes -Wno-semicolon-before-method-body -Wunguarded-availability -index-store-path /Users/kharyfiler/Library/Developer/Xcode/DerivedData/Gripah-gptnnpiwslcswlcpylqwkddqyprw/Index.noindex/DataStore @/Users/kharyfiler/Library/Developer/Xcode/DerivedData/Gripah-gptnnpiwslcswlcpylqwkddqyprw/Build/Intermediates.noindex/Pods.build/Debug-iphonesimulator/StripePayments.build/Objects-normal/arm64/e6072d4f65d7061329687fe24e3d63a7-common-args.resp -include /Users/kharyfiler/Documents/grip-claude/ios/Pods/Target\ Support\ Files/StripePayments/StripePayments-prefix.pch -MMD -MT dependencies -MF /Users/kharyfiler/Library/Developer/Xcode/DerivedData/Gripah-gptnnpiwslcswlcpylqwkddqyprw/Build/Intermediates.noindex/Pods.build/Debug-iphonesimulator/StripePayments.build/Objects-normal/arm64/UIColor+DefaultColors.d --serialize-diagnostics /Users/kharyfiler/Library/Developer/Xcode/DerivedData/Gripah-gptnnpiwslcswlcpylqwkddqyprw/Build/Intermediates.noindex/Pods.build/Debug-iphonesimulator/StripePayments.build/Objects-normal/arm64/UIColor+DefaultColors.dia -c /Users/kharyfiler/Documents/grip-claude/ios/Pods/StripePayments/Stripe3DS2/Stripe3DS2/UIColor+DefaultColors.m -o /Users/kharyfiler/Library/Developer/Xcode/DerivedData/Gripah-gptnnpiwslcswlcpylqwkddqyprw/Build/Intermediates.noindex/Pods.build/Debug-iphonesimulator/StripePayments.build/Objects-normal/arm64/UIColor+DefaultColors.o -index-unit-output-path /Pods.build/Debug-iphonesimulator/StripePayments.build/Objects-normal/arm64/UIColor+DefaultColors.o

CompileC /Users/kharyfiler/Library/Developer/Xcode/DerivedData/Gripah-gptnnpiwslcswlcpylqwkddqyprw/Build/Intermediates.noindex/Pods.build/Debug-iphonesimulator/StripePayments.build/Objects-normal/arm64/UIButton+CustomInitialization.o /Users/kharyfiler/Documents/grip-claude/ios/Pods/StripePayments/Stripe3DS2/Stripe3DS2/UIButton+CustomInitialization.m normal arm64 objective-c com.apple.compilers.llvm.clang.1_0.compiler (in target 'StripePayments' from project 'Pods')
    cd /Users/kharyfiler/Documents/grip-claude/ios/Pods
    
    Using response file: /Users/kharyfiler/Library/Developer/Xcode/DerivedData/Gripah-gptnnpiwslcswlcpylqwkddqyprw/Build/Intermediates.noindex/Pods.build/Debug-iphonesimulator/StripePayments.build/Objects-normal/arm64/e6072d4f65d7061329687fe24e3d63a7-common-args.resp
    
    /Applications/Xcode.app/Contents/Developer/Toolchains/XcodeDefault.xctoolchain/usr/bin/clang -x objective-c -ivfsstatcache /Users/kharyfiler/Library/Developer/Xcode/DerivedData/SDKStatCaches.noindex/iphonesimulator26.2-23C53-3885c01c3e6b6a337905948deab2002e7d00a8b37fbd7999ea79df8ebc024bf0.sdkstatcache -fmessage-length\=0 -fdiagnostics-show-note-include-stack -fmacro-backtrace-limit\=0 -fno-color-diagnostics -fmodules-prune-interval\=86400 -fmodules-prune-after\=345600 -fbuild-session-file\=/Users/kharyfiler/Library/Developer/Xcode/DerivedData/ModuleCache.noindex/Session.modulevalidation -fmodules-validate-once-per-build-session -Wnon-modular-include-in-framework-module -Werror\=non-modular-include-in-framework-module -Wno-trigraphs -Wno-missing-field-initializers -Wno-missing-prototypes -Werror\=return-type -Wdocumentation -Wunreachable-code -Wno-implicit-atomic-properties -Werror\=deprecated-objc-isa-usage -Wno-objc-interface-ivars -Werror\=objc-root-class -Wno-arc-repeated-use-of-weak -Wimplicit-retain-self -Wduplicate-method-match -Wno-missing-braces -Wparentheses -Wswitch -Wunused-function -Wno-unused-label -Wno-unused-parameter -Wunused-variable -Wunused-value -Wempty-body -Wuninitialized -Wconditional-uninitialized -Wno-unknown-pragmas -Wno-shadow -Wno-four-char-constants -Wno-conversion -Wconstant-conversion -Wint-conversion -Wbool-conversion -Wenum-conversion -Wno-float-conversion -Wnon-literal-null-conversion -Wobjc-literal-conversion -Wshorten-64-to-32 -Wpointer-sign -Wno-newline-eof -Wno-selector -Wno-strict-selector-match -Wundeclared-selector -Wdeprecated-implementations -Wno-implicit-fallthrough -fstrict-aliasing -Wprotocol -Wdeprecated-declarations -Wno-sign-conversion -Winfinite-recursion -Wcomma -Wblock-capture-autoreleasing -Wstrict-prototypes -Wno-semicolon-before-method-body -Wunguarded-availability -index-store-path /Users/kharyfiler/Library/Developer/Xcode/DerivedData/Gripah-gptnnpiwslcswlcpylqwkddqyprw/Index.noindex/DataStore @/Users/kharyfiler/Library/Developer/Xcode/DerivedData/Gripah-gptnnpiwslcswlcpylqwkddqyprw/Build/Intermediates.noindex/Pods.build/Debug-iphonesimulator/StripePayments.build/Objects-normal/arm64/e6072d4f65d7061329687fe24e3d63a7-common-args.resp -include /Users/kharyfiler/Documents/grip-claude/ios/Pods/Target\ Support\ Files/StripePayments/StripePayments-prefix.pch -MMD -MT dependencies -MF /Users/kharyfiler/Library/Developer/Xcode/DerivedData/Gripah-gptnnpiwslcswlcpylqwkddqyprw/Build/Intermediates.noindex/Pods.build/Debug-iphonesimulator/StripePayments.build/Objects-normal/arm64/UIButton+CustomInitialization.d --serialize-diagnostics /Users/kharyfiler/Library/Developer/Xcode/DerivedData/Gripah-gptnnpiwslcswlcpylqwkddqyprw/Build/Intermediates.noindex/Pods.build/Debug-iphonesimulator/StripePayments.build/Objects-normal/arm64/UIButton+CustomInitialization.dia -c /Users/kharyfiler/Documents/grip-claude/ios/Pods/StripePayments/Stripe3DS2/Stripe3DS2/UIButton+CustomInitialization.m -o /Users/kharyfiler/Library/Developer/Xcode/DerivedData/Gripah-gptnnpiwslcswlcpylqwkddqyprw/Build/Intermediates.noindex/Pods.build/Debug-iphonesimulator/StripePayments.build/Objects-normal/arm64/UIButton+CustomInitialization.o -index-unit-output-path /Pods.build/Debug-iphonesimulator/StripePayments.build/Objects-normal/arm64/UIButton+CustomInitialization.o
[1m/Users/kharyfiler/Documents/grip-claude/ios/Pods/StripePayments/Stripe3DS2/Stripe3DS2/UIButton+CustomInitialization.m:24:12: [0m[0;1;35mwarning: [0m[1m
      'contentEdgeInsets' is deprecated: first deprecated in iOS
      15.0 - This property is ignored when using
      UIButtonConfiguration [-Wdeprecated-declarations][0m
   24 |     button.contentEdgeInsets = UIEdgeInsetsMake(kDefault...[0m
      | [0;1;32m           ^
[0mIn module 'UIKit' imported from /Users/kharyfiler/Documents/grip-claude/ios/Pods/Target Support Files/StripePayments/StripePayments-prefix.pch:2:
[1m/Applications/Xcode.app/Contents/Developer/Platforms/iPhoneSimulator.platform/Developer/SDKs/iPhoneSimulator26.2.sdk/System/Library/Frameworks/UIKit.framework/Headers/UIButton.h:162:35: [0m[0;1;36mnote: [0m
      'contentEdgeInsets' has been explicitly marked deprecated
      here[0m
  162 | @property(nonatomic) UIEdgeInsets contentEdgeInsets API_...[0m
      | [0;1;32m                                  ^
[0m1 warning generated.

CompileC /Users/kharyfiler/Library/Developer/Xcode/DerivedData/Gripah-gptnnpiwslcswlcpylqwkddqyprw/Build/Intermediates.noindex/Pods.build/Debug-iphonesimulator/StripePayments.build/Objects-normal/arm64/StripePayments-dummy.o /Users/kharyfiler/Documents/grip-claude/ios/Pods/Target\ Support\ Files/StripePayments/StripePayments-dummy.m normal arm64 objective-c com.apple.compilers.llvm.clang.1_0.compiler (in target 'StripePayments' from project 'Pods')
    cd /Users/kharyfiler/Documents/grip-claude/ios/Pods
    
    Using response file: /Users/kharyfiler/Library/Developer/Xcode/DerivedData/Gripah-gptnnpiwslcswlcpylqwkddqyprw/Build/Intermediates.noindex/Pods.build/Debug-iphonesimulator/StripePayments.build/Objects-normal/arm64/e6072d4f65d7061329687fe24e3d63a7-common-args.resp
    
    /Applications/Xcode.app/Contents/Developer/Toolchains/XcodeDefault.xctoolchain/usr/bin/clang -x objective-c -ivfsstatcache /Users/kharyfiler/Library/Developer/Xcode/DerivedData/SDKStatCaches.noindex/iphonesimulator26.2-23C53-3885c01c3e6b6a337905948deab2002e7d00a8b37fbd7999ea79df8ebc024bf0.sdkstatcache -fmessage-length\=0 -fdiagnostics-show-note-include-stack -fmacro-backtrace-limit\=0 -fno-color-diagnostics -fmodules-prune-interval\=86400 -fmodules-prune-after\=345600 -fbuild-session-file\=/Users/kharyfiler/Library/Developer/Xcode/DerivedData/ModuleCache.noindex/Session.modulevalidation -fmodules-validate-once-per-build-session -Wnon-modular-include-in-framework-module -Werror\=non-modular-include-in-framework-module -Wno-trigraphs -Wno-missing-field-initializers -Wno-missing-prototypes -Werror\=return-type -Wdocumentation -Wunreachable-code -Wno-implicit-atomic-properties -Werror\=deprecated-objc-isa-usage -Wno-objc-interface-ivars -Werror\=objc-root-class -Wno-arc-repeated-use-of-weak -Wimplicit-retain-self -Wduplicate-method-match -Wno-missing-braces -Wparentheses -Wswitch -Wunused-function -Wno-unused-label -Wno-unused-parameter -Wunused-variable -Wunused-value -Wempty-body -Wuninitialized -Wconditional-uninitialized -Wno-unknown-pragmas -Wno-shadow -Wno-four-char-constants -Wno-conversion -Wconstant-conversion -Wint-conversion -Wbool-conversion -Wenum-conversion -Wno-float-conversion -Wnon-literal-null-conversion -Wobjc-literal-conversion -Wshorten-64-to-32 -Wpointer-sign -Wno-newline-eof -Wno-selector -Wno-strict-selector-match -Wundeclared-selector -Wdeprecated-implementations -Wno-implicit-fallthrough -fstrict-aliasing -Wprotocol -Wdeprecated-declarations -Wno-sign-conversion -Winfinite-recursion -Wcomma -Wblock-capture-autoreleasing -Wstrict-prototypes -Wno-semicolon-before-method-body -Wunguarded-availability -index-store-path /Users/kharyfiler/Library/Developer/Xcode/DerivedData/Gripah-gptnnpiwslcswlcpylqwkddqyprw/Index.noindex/DataStore @/Users/kharyfiler/Library/Developer/Xcode/DerivedData/Gripah-gptnnpiwslcswlcpylqwkddqyprw/Build/Intermediates.noindex/Pods.build/Debug-iphonesimulator/StripePayments.build/Objects-normal/arm64/e6072d4f65d7061329687fe24e3d63a7-common-args.resp -include /Users/kharyfiler/Documents/grip-claude/ios/Pods/Target\ Support\ Files/StripePayments/StripePayments-prefix.pch -MMD -MT dependencies -MF /Users/kharyfiler/Library/Developer/Xcode/DerivedData/Gripah-gptnnpiwslcswlcpylqwkddqyprw/Build/Intermediates.noindex/Pods.build/Debug-iphonesimulator/StripePayments.build/Objects-normal/arm64/StripePayments-dummy.d --serialize-diagnostics /Users/kharyfiler/Library/Developer/Xcode/DerivedData/Gripah-gptnnpiwslcswlcpylqwkddqyprw/Build/Intermediates.noindex/Pods.build/Debug-iphonesimulator/StripePayments.build/Objects-normal/arm64/StripePayments-dummy.dia -c /Users/kharyfiler/Documents/grip-claude/ios/Pods/Target\ Support\ Files/StripePayments/StripePayments-dummy.m -o /Users/kharyfiler/Library/Developer/Xcode/DerivedData/Gripah-gptnnpiwslcswlcpylqwkddqyprw/Build/Intermediates.noindex/Pods.build/Debug-iphonesimulator/StripePayments.build/Objects-normal/arm64/StripePayments-dummy.o -index-unit-output-path /Pods.build/Debug-iphonesimulator/StripePayments.build/Objects-normal/arm64/StripePayments-dummy.o

CompileC /Users/kharyfiler/Library/Developer/Xcode/DerivedData/Gripah-gptnnpiwslcswlcpylqwkddqyprw/Build/Intermediates.noindex/Pods.build/Debug-iphonesimulator/StripePayments.build/Objects-normal/arm64/STDSWhitelistView.o /Users/kharyfiler/Documents/grip-claude/ios/Pods/StripePayments/Stripe3DS2/Stripe3DS2/STDSWhitelistView.m normal arm64 objective-c com.apple.compilers.llvm.clang.1_0.compiler (in target 'StripePayments' from project 'Pods')
    cd /Users/kharyfiler/Documents/grip-claude/ios/Pods
    
    Using response file: /Users/kharyfiler/Library/Developer/Xcode/DerivedData/Gripah-gptnnpiwslcswlcpylqwkddqyprw/Build/Intermediates.noindex/Pods.build/Debug-iphonesimulator/StripePayments.build/Objects-normal/arm64/e6072d4f65d7061329687fe24e3d63a7-common-args.resp
    
    /Applications/Xcode.app/Contents/Developer/Toolchains/XcodeDefault.xctoolchain/usr/bin/clang -x objective-c -ivfsstatcache /Users/kharyfiler/Library/Developer/Xcode/DerivedData/SDKStatCaches.noindex/iphonesimulator26.2-23C53-3885c01c3e6b6a337905948deab2002e7d00a8b37fbd7999ea79df8ebc024bf0.sdkstatcache -fmessage-length\=0 -fdiagnostics-show-note-include-stack -fmacro-backtrace-limit\=0 -fno-color-diagnostics -fmodules-prune-interval\=86400 -fmodules-prune-after\=345600 -fbuild-session-file\=/Users/kharyfiler/Library/Developer/Xcode/DerivedData/ModuleCache.noindex/Session.modulevalidation -fmodules-validate-once-per-build-session -Wnon-modular-include-in-framework-module -Werror\=non-modular-include-in-framework-module -Wno-trigraphs -Wno-missing-field-initializers -Wno-missing-prototypes -Werror\=return-type -Wdocumentation -Wunreachable-code -Wno-implicit-atomic-properties -Werror\=deprecated-objc-isa-usage -Wno-objc-interface-ivars -Werror\=objc-root-class -Wno-arc-repeated-use-of-weak -Wimplicit-retain-self -Wduplicate-method-match -Wno-missing-braces -Wparentheses -Wswitch -Wunused-function -Wno-unused-label -Wno-unused-parameter -Wunused-variable -Wunused-value -Wempty-body -Wuninitialized -Wconditional-uninitialized -Wno-unknown-pragmas -Wno-shadow -Wno-four-char-constants -Wno-conversion -Wconstant-conversion -Wint-conversion -Wbool-conversion -Wenum-conversion -Wno-float-conversion -Wnon-literal-null-conversion -Wobjc-literal-conversion -Wshorten-64-to-32 -Wpointer-sign -Wno-newline-eof -Wno-selector -Wno-strict-selector-match -Wundeclared-selector -Wdeprecated-implementations -Wno-implicit-fallthrough -fstrict-aliasing -Wprotocol -Wdeprecated-declarations -Wno-sign-conversion -Winfinite-recursion -Wcomma -Wblock-capture-autoreleasing -Wstrict-prototypes -Wno-semicolon-before-method-body -Wunguarded-availability -index-store-path /Users/kharyfiler/Library/Developer/Xcode/DerivedData/Gripah-gptnnpiwslcswlcpylqwkddqyprw/Index.noindex/DataStore @/Users/kharyfiler/Library/Developer/Xcode/DerivedData/Gripah-gptnnpiwslcswlcpylqwkddqyprw/Build/Intermediates.noindex/Pods.build/Debug-iphonesimulator/StripePayments.build/Objects-normal/arm64/e6072d4f65d7061329687fe24e3d63a7-common-args.resp -include /Users/kharyfiler/Documents/grip-claude/ios/Pods/Target\ Support\ Files/StripePayments/StripePayments-prefix.pch -MMD -MT dependencies -MF /Users/kharyfiler/Library/Developer/Xcode/DerivedData/Gripah-gptnnpiwslcswlcpylqwkddqyprw/Build/Intermediates.noindex/Pods.build/Debug-iphonesimulator/StripePayments.build/Objects-normal/arm64/STDSWhitelistView.d --serialize-diagnostics /Users/kharyfiler/Library/Developer/Xcode/DerivedData/Gripah-gptnnpiwslcswlcpylqwkddqyprw/Build/Intermediates.noindex/Pods.build/Debug-iphonesimulator/StripePayments.build/Objects-normal/arm64/STDSWhitelistView.dia -c /Users/kharyfiler/Documents/grip-claude/ios/Pods/StripePayments/Stripe3DS2/Stripe3DS2/STDSWhitelistView.m -o /Users/kharyfiler/Library/Developer/Xcode/DerivedData/Gripah-gptnnpiwslcswlcpylqwkddqyprw/Build/Intermediates.noindex/Pods.build/Debug-iphonesimulator/StripePayments.build/Objects-normal/arm64/STDSWhitelistView.o -index-unit-output-path /Pods.build/Debug-iphonesimulator/StripePayments.build/Objects-normal/arm64/STDSWhitelistView.o

CompileC /Users/kharyfiler/Library/Developer/Xcode/DerivedData/Gripah-gptnnpiwslcswlcpylqwkddqyprw/Build/Intermediates.noindex/Pods.build/Debug-iphonesimulator/StripePayments.build/Objects-normal/arm64/STDSWebView.o /Users/kharyfiler/Documents/grip-claude/ios/Pods/StripePayments/Stripe3DS2/Stripe3DS2/STDSWebView.m normal arm64 objective-c com.apple.compilers.llvm.clang.1_0.compiler (in target 'StripePayments' from project 'Pods')
    cd /Users/kharyfiler/Documents/grip-claude/ios/Pods
    
    Using response file: /Users/kharyfiler/Library/Developer/Xcode/DerivedData/Gripah-gptnnpiwslcswlcpylqwkddqyprw/Build/Intermediates.noindex/Pods.build/Debug-iphonesimulator/StripePayments.build/Objects-normal/arm64/e6072d4f65d7061329687fe24e3d63a7-common-args.resp
    
    /Applications/Xcode.app/Contents/Developer/Toolchains/XcodeDefault.xctoolchain/usr/bin/clang -x objective-c -ivfsstatcache /Users/kharyfiler/Library/Developer/Xcode/DerivedData/SDKStatCaches.noindex/iphonesimulator26.2-23C53-3885c01c3e6b6a337905948deab2002e7d00a8b37fbd7999ea79df8ebc024bf0.sdkstatcache -fmessage-length\=0 -fdiagnostics-show-note-include-stack -fmacro-backtrace-limit\=0 -fno-color-diagnostics -fmodules-prune-interval\=86400 -fmodules-prune-after\=345600 -fbuild-session-file\=/Users/kharyfiler/Library/Developer/Xcode/DerivedData/ModuleCache.noindex/Session.modulevalidation -fmodules-validate-once-per-build-session -Wnon-modular-include-in-framework-module -Werror\=non-modular-include-in-framework-module -Wno-trigraphs -Wno-missing-field-initializers -Wno-missing-prototypes -Werror\=return-type -Wdocumentation -Wunreachable-code -Wno-implicit-atomic-properties -Werror\=deprecated-objc-isa-usage -Wno-objc-interface-ivars -Werror\=objc-root-class -Wno-arc-repeated-use-of-weak -Wimplicit-retain-self -Wduplicate-method-match -Wno-missing-braces -Wparentheses -Wswitch -Wunused-function -Wno-unused-label -Wno-unused-parameter -Wunused-variable -Wunused-value -Wempty-body -Wuninitialized -Wconditional-uninitialized -Wno-unknown-pragmas -Wno-shadow -Wno-four-char-constants -Wno-conversion -Wconstant-conversion -Wint-conversion -Wbool-conversion -Wenum-conversion -Wno-float-conversion -Wnon-literal-null-conversion -Wobjc-literal-conversion -Wshorten-64-to-32 -Wpointer-sign -Wno-newline-eof -Wno-selector -Wno-strict-selector-match -Wundeclared-selector -Wdeprecated-implementations -Wno-implicit-fallthrough -fstrict-aliasing -Wprotocol -Wdeprecated-declarations -Wno-sign-conversion -Winfinite-recursion -Wcomma -Wblock-capture-autoreleasing -Wstrict-prototypes -Wno-semicolon-before-method-body -Wunguarded-availability -index-store-path /Users/kharyfiler/Library/Developer/Xcode/DerivedData/Gripah-gptnnpiwslcswlcpylqwkddqyprw/Index.noindex/DataStore @/Users/kharyfiler/Library/Developer/Xcode/DerivedData/Gripah-gptnnpiwslcswlcpylqwkddqyprw/Build/Intermediates.noindex/Pods.build/Debug-iphonesimulator/StripePayments.build/Objects-normal/arm64/e6072d4f65d7061329687fe24e3d63a7-common-args.resp -include /Users/kharyfiler/Documents/grip-claude/ios/Pods/Target\ Support\ Files/StripePayments/StripePayments-prefix.pch -MMD -MT dependencies -MF /Users/kharyfiler/Library/Developer/Xcode/DerivedData/Gripah-gptnnpiwslcswlcpylqwkddqyprw/Build/Intermediates.noindex/Pods.build/Debug-iphonesimulator/StripePayments.build/Objects-normal/arm64/STDSWebView.d --serialize-diagnostics /Users/kharyfiler/Library/Developer/Xcode/DerivedData/Gripah-gptnnpiwslcswlcpylqwkddqyprw/Build/Intermediates.noindex/Pods.build/Debug-iphonesimulator/StripePayments.build/Objects-normal/arm64/STDSWebView.dia -c /Users/kharyfiler/Documents/grip-claude/ios/Pods/StripePayments/Stripe3DS2/Stripe3DS2/STDSWebView.m -o /Users/kharyfiler/Library/Developer/Xcode/DerivedData/Gripah-gptnnpiwslcswlcpylqwkddqyprw/Build/Intermediates.noindex/Pods.build/Debug-iphonesimulator/StripePayments.build/Objects-normal/arm64/STDSWebView.o -index-unit-output-path /Pods.build/Debug-iphonesimulator/StripePayments.build/Objects-normal/arm64/STDSWebView.o
[1m/Users/kharyfiler/Documents/grip-claude/ios/Pods/StripePayments/Stripe3DS2/Stripe3DS2/STDSWebView.m:18:31: [0m[0;1;35mwarning: [0m[1m
      'javaScriptEnabled' is deprecated: first deprecated in iOS
      14.0 - Use WKWebpagePreferences.allowsContentJavaScript to
      disable content JavaScript on a per-navigation basis
      [-Wdeprecated-declarations][0m
   18 |     configuration.preferences.javaScriptEnabled = NO;[0m
      | [0;1;32m                              ^
[0mIn module 'WebKit' imported from /Users/kharyfiler/Documents/grip-claude/ios/Pods/StripePayments/Stripe3DS2/Stripe3DS2/STDSWebView.h:9:
[1m/Applications/Xcode.app/Contents/Developer/Platforms/iPhoneSimulator.platform/Developer/SDKs/iPhoneSimulator26.2.sdk/System/Library/Frameworks/WebKit.framework/Headers/WKPreferences.h:110:28: [0m[0;1;36mnote: [0m
      'javaScriptEnabled' has been explicitly marked deprecated
      here[0m
  110 | @property (nonatomic) BOOL javaScriptEnabled API_DEPRECA...[0m
      | [0;1;32m                           ^
[0m1 warning generated.

CompileC /Users/kharyfiler/Library/Developer/Xcode/DerivedData/Gripah-gptnnpiwslcswlcpylqwkddqyprw/Build/Intermediates.noindex/Pods.build/Debug-iphonesimulator/StripePayments.build/Objects-normal/arm64/STDSWarning.o /Users/kharyfiler/Documents/grip-claude/ios/Pods/StripePayments/Stripe3DS2/Stripe3DS2/include/STDSWarning.m normal arm64 objective-c com.apple.compilers.llvm.clang.1_0.compiler (in target 'StripePayments' from project 'Pods')
    cd /Users/kharyfiler/Documents/grip-claude/ios/Pods
    
    Using response file: /Users/kharyfiler/Library/Developer/Xcode/DerivedData/Gripah-gptnnpiwslcswlcpylqwkddqyprw/Build/Intermediates.noindex/Pods.build/Debug-iphonesimulator/StripePayments.build/Objects-normal/arm64/e6072d4f65d7061329687fe24e3d63a7-common-args.resp
    
    /Applications/Xcode.app/Contents/Developer/Toolchains/XcodeDefault.xctoolchain/usr/bin/clang -x objective-c -ivfsstatcache /Users/kharyfiler/Library/Developer/Xcode/DerivedData/SDKStatCaches.noindex/iphonesimulator26.2-23C53-3885c01c3e6b6a337905948deab2002e7d00a8b37fbd7999ea79df8ebc024bf0.sdkstatcache -fmessage-length\=0 -fdiagnostics-show-note-include-stack -fmacro-backtrace-limit\=0 -fno-color-diagnostics -fmodules-prune-interval\=86400 -fmodules-prune-after\=345600 -fbuild-session-file\=/Users/kharyfiler/Library/Developer/Xcode/DerivedData/ModuleCache.noindex/Session.modulevalidation -fmodules-validate-once-per-build-session -Wnon-modular-include-in-framework-module -Werror\=non-modular-include-in-framework-module -Wno-trigraphs -Wno-missing-field-initializers -Wno-missing-prototypes -Werror\=return-type -Wdocumentation -Wunreachable-code -Wno-implicit-atomic-properties -Werror\=deprecated-objc-isa-usage -Wno-objc-interface-ivars -Werror\=objc-root-class -Wno-arc-repeated-use-of-weak -Wimplicit-retain-self -Wduplicate-method-match -Wno-missing-braces -Wparentheses -Wswitch -Wunused-function -Wno-unused-label -Wno-unused-parameter -Wunused-variable -Wunused-value -Wempty-body -Wuninitialized -Wconditional-uninitialized -Wno-unknown-pragmas -Wno-shadow -Wno-four-char-constants -Wno-conversion -Wconstant-conversion -Wint-conversion -Wbool-conversion -Wenum-conversion -Wno-float-conversion -Wnon-literal-null-conversion -Wobjc-literal-conversion -Wshorten-64-to-32 -Wpointer-sign -Wno-newline-eof -Wno-selector -Wno-strict-selector-match -Wundeclared-selector -Wdeprecated-implementations -Wno-implicit-fallthrough -fstrict-aliasing -Wprotocol -Wdeprecated-declarations -Wno-sign-conversion -Winfinite-recursion -Wcomma -Wblock-capture-autoreleasing -Wstrict-prototypes -Wno-semicolon-before-method-body -Wunguarded-availability -index-store-path /Users/kharyfiler/Library/Developer/Xcode/DerivedData/Gripah-gptnnpiwslcswlcpylqwkddqyprw/Index.noindex/DataStore @/Users/kharyfiler/Library/Developer/Xcode/DerivedData/Gripah-gptnnpiwslcswlcpylqwkddqyprw/Build/Intermediates.noindex/Pods.build/Debug-iphonesimulator/StripePayments.build/Objects-normal/arm64/e6072d4f65d7061329687fe24e3d63a7-common-args.resp -include /Users/kharyfiler/Documents/grip-claude/ios/Pods/Target\ Support\ Files/StripePayments/StripePayments-prefix.pch -MMD -MT dependencies -MF /Users/kharyfiler/Library/Developer/Xcode/DerivedData/Gripah-gptnnpiwslcswlcpylqwkddqyprw/Build/Intermediates.noindex/Pods.build/Debug-iphonesimulator/StripePayments.build/Objects-normal/arm64/STDSWarning.d --serialize-diagnostics /Users/kharyfiler/Library/Developer/Xcode/DerivedData/Gripah-gptnnpiwslcswlcpylqwkddqyprw/Build/Intermediates.noindex/Pods.build/Debug-iphonesimulator/StripePayments.build/Objects-normal/arm64/STDSWarning.dia -c /Users/kharyfiler/Documents/grip-claude/ios/Pods/StripePayments/Stripe3DS2/Stripe3DS2/include/STDSWarning.m -o /Users/kharyfiler/Library/Developer/Xcode/DerivedData/Gripah-gptnnpiwslcswlcpylqwkddqyprw/Build/Intermediates.noindex/Pods.build/Debug-iphonesimulator/StripePayments.build/Objects-normal/arm64/STDSWarning.o -index-unit-output-path /Pods.build/Debug-iphonesimulator/StripePayments.build/Objects-normal/arm64/STDSWarning.o

CompileC /Users/kharyfiler/Library/Developer/Xcode/DerivedData/Gripah-gptnnpiwslcswlcpylqwkddqyprw/Build/Intermediates.noindex/Pods.build/Debug-iphonesimulator/StripePayments.build/Objects-normal/arm64/STDSUICustomization.o /Users/kharyfiler/Documents/grip-claude/ios/Pods/StripePayments/Stripe3DS2/Stripe3DS2/include/STDSUICustomization.m normal arm64 objective-c com.apple.compilers.llvm.clang.1_0.compiler (in target 'StripePayments' from project 'Pods')
    cd /Users/kharyfiler/Documents/grip-claude/ios/Pods
    
    Using response file: /Users/kharyfiler/Library/Developer/Xcode/DerivedData/Gripah-gptnnpiwslcswlcpylqwkddqyprw/Build/Intermediates.noindex/Pods.build/Debug-iphonesimulator/StripePayments.build/Objects-normal/arm64/e6072d4f65d7061329687fe24e3d63a7-common-args.resp
    
    /Applications/Xcode.app/Contents/Developer/Toolchains/XcodeDefault.xctoolchain/usr/bin/clang -x objective-c -ivfsstatcache /Users/kharyfiler/Library/Developer/Xcode/DerivedData/SDKStatCaches.noindex/iphonesimulator26.2-23C53-3885c01c3e6b6a337905948deab2002e7d00a8b37fbd7999ea79df8ebc024bf0.sdkstatcache -fmessage-length\=0 -fdiagnostics-show-note-include-stack -fmacro-backtrace-limit\=0 -fno-color-diagnostics -fmodules-prune-interval\=86400 -fmodules-prune-after\=345600 -fbuild-session-file\=/Users/kharyfiler/Library/Developer/Xcode/DerivedData/ModuleCache.noindex/Session.modulevalidation -fmodules-validate-once-per-build-session -Wnon-modular-include-in-framework-module -Werror\=non-modular-include-in-framework-module -Wno-trigraphs -Wno-missing-field-initializers -Wno-missing-prototypes -Werror\=return-type -Wdocumentation -Wunreachable-code -Wno-implicit-atomic-properties -Werror\=deprecated-objc-isa-usage -Wno-objc-interface-ivars -Werror\=objc-root-class -Wno-arc-repeated-use-of-weak -Wimplicit-retain-self -Wduplicate-method-match -Wno-missing-braces -Wparentheses -Wswitch -Wunused-function -Wno-unused-label -Wno-unused-parameter -Wunused-variable -Wunused-value -Wempty-body -Wuninitialized -Wconditional-uninitialized -Wno-unknown-pragmas -Wno-shadow -Wno-four-char-constants -Wno-conversion -Wconstant-conversion -Wint-conversion -Wbool-conversion -Wenum-conversion -Wno-float-conversion -Wnon-literal-null-conversion -Wobjc-literal-conversion -Wshorten-64-to-32 -Wpointer-sign -Wno-newline-eof -Wno-selector -Wno-strict-selector-match -Wundeclared-selector -Wdeprecated-implementations -Wno-implicit-fallthrough -fstrict-aliasing -Wprotocol -Wdeprecated-declarations -Wno-sign-conversion -Winfinite-recursion -Wcomma -Wblock-capture-autoreleasing -Wstrict-prototypes -Wno-semicolon-before-method-body -Wunguarded-availability -index-store-path /Users/kharyfiler/Library/Developer/Xcode/DerivedData/Gripah-gptnnpiwslcswlcpylqwkddqyprw/Index.noindex/DataStore @/Users/kharyfiler/Library/Developer/Xcode/DerivedData/Gripah-gptnnpiwslcswlcpylqwkddqyprw/Build/Intermediates.noindex/Pods.build/Debug-iphonesimulator/StripePayments.build/Objects-normal/arm64/e6072d4f65d7061329687fe24e3d63a7-common-args.resp -include /Users/kharyfiler/Documents/grip-claude/ios/Pods/Target\ Support\ Files/StripePayments/StripePayments-prefix.pch -MMD -MT dependencies -MF /Users/kharyfiler/Library/Developer/Xcode/DerivedData/Gripah-gptnnpiwslcswlcpylqwkddqyprw/Build/Intermediates.noindex/Pods.build/Debug-iphonesimulator/StripePayments.build/Objects-normal/arm64/STDSUICustomization.d --serialize-diagnostics /Users/kharyfiler/Library/Developer/Xcode/DerivedData/Gripah-gptnnpiwslcswlcpylqwkddqyprw/Build/Intermediates.noindex/Pods.build/Debug-iphonesimulator/StripePayments.build/Objects-normal/arm64/STDSUICustomization.dia -c /Users/kharyfiler/Documents/grip-claude/ios/Pods/StripePayments/Stripe3DS2/Stripe3DS2/include/STDSUICustomization.m -o /Users/kharyfiler/Library/Developer/Xcode/DerivedData/Gripah-gptnnpiwslcswlcpylqwkddqyprw/Build/Intermediates.noindex/Pods.build/Debug-iphonesimulator/StripePayments.build/Objects-normal/arm64/STDSUICustomization.o -index-unit-output-path /Pods.build/Debug-iphonesimulator/StripePayments.build/Objects-normal/arm64/STDSUICustomization.o

CompileC /Users/kharyfiler/Library/Developer/Xcode/DerivedData/Gripah-gptnnpiwslcswlcpylqwkddqyprw/Build/Intermediates.noindex/Pods.build/Debug-iphonesimulator/StripePayments.build/Objects-normal/arm64/STDSTransaction.o /Users/kharyfiler/Documents/grip-claude/ios/Pods/StripePayments/Stripe3DS2/Stripe3DS2/include/STDSTransaction.m normal arm64 objective-c com.apple.compilers.llvm.clang.1_0.compiler (in target 'StripePayments' from project 'Pods')
    cd /Users/kharyfiler/Documents/grip-claude/ios/Pods
    
    Using response file: /Users/kharyfiler/Library/Developer/Xcode/DerivedData/Gripah-gptnnpiwslcswlcpylqwkddqyprw/Build/Intermediates.noindex/Pods.build/Debug-iphonesimulator/StripePayments.build/Objects-normal/arm64/e6072d4f65d7061329687fe24e3d63a7-common-args.resp
    
    /Applications/Xcode.app/Contents/Developer/Toolchains/XcodeDefault.xctoolchain/usr/bin/clang -x objective-c -ivfsstatcache /Users/kharyfiler/Library/Developer/Xcode/DerivedData/SDKStatCaches.noindex/iphonesimulator26.2-23C53-3885c01c3e6b6a337905948deab2002e7d00a8b37fbd7999ea79df8ebc024bf0.sdkstatcache -fmessage-length\=0 -fdiagnostics-show-note-include-stack -fmacro-backtrace-limit\=0 -fno-color-diagnostics -fmodules-prune-interval\=86400 -fmodules-prune-after\=345600 -fbuild-session-file\=/Users/kharyfiler/Library/Developer/Xcode/DerivedData/ModuleCache.noindex/Session.modulevalidation -fmodules-validate-once-per-build-session -Wnon-modular-include-in-framework-module -Werror\=non-modular-include-in-framework-module -Wno-trigraphs -Wno-missing-field-initializers -Wno-missing-prototypes -Werror\=return-type -Wdocumentation -Wunreachable-code -Wno-implicit-atomic-properties -Werror\=deprecated-objc-isa-usage -Wno-objc-interface-ivars -Werror\=objc-root-class -Wno-arc-repeated-use-of-weak -Wimplicit-retain-self -Wduplicate-method-match -Wno-missing-braces -Wparentheses -Wswitch -Wunused-function -Wno-unused-label -Wno-unused-parameter -Wunused-variable -Wunused-value -Wempty-body -Wuninitialized -Wconditional-uninitialized -Wno-unknown-pragmas -Wno-shadow -Wno-four-char-constants -Wno-conversion -Wconstant-conversion -Wint-conversion -Wbool-conversion -Wenum-conversion -Wno-float-conversion -Wnon-literal-null-conversion -Wobjc-literal-conversion -Wshorten-64-to-32 -Wpointer-sign -Wno-newline-eof -Wno-selector -Wno-strict-selector-match -Wundeclared-selector -Wdeprecated-implementations -Wno-implicit-fallthrough -fstrict-aliasing -Wprotocol -Wdeprecated-declarations -Wno-sign-conversion -Winfinite-recursion -Wcomma -Wblock-capture-autoreleasing -Wstrict-prototypes -Wno-semicolon-before-method-body -Wunguarded-availability -index-store-path /Users/kharyfiler/Library/Developer/Xcode/DerivedData/Gripah-gptnnpiwslcswlcpylqwkddqyprw/Index.noindex/DataStore @/Users/kharyfiler/Library/Developer/Xcode/DerivedData/Gripah-gptnnpiwslcswlcpylqwkddqyprw/Build/Intermediates.noindex/Pods.build/Debug-iphonesimulator/StripePayments.build/Objects-normal/arm64/e6072d4f65d7061329687fe24e3d63a7-common-args.resp -include /Users/kharyfiler/Documents/grip-claude/ios/Pods/Target\ Support\ Files/StripePayments/StripePayments-prefix.pch -MMD -MT dependencies -MF /Users/kharyfiler/Library/Developer/Xcode/DerivedData/Gripah-gptnnpiwslcswlcpylqwkddqyprw/Build/Intermediates.noindex/Pods.build/Debug-iphonesimulator/StripePayments.build/Objects-normal/arm64/STDSTransaction.d --serialize-diagnostics /Users/kharyfiler/Library/Developer/Xcode/DerivedData/Gripah-gptnnpiwslcswlcpylqwkddqyprw/Build/Intermediates.noindex/Pods.build/Debug-iphonesimulator/StripePayments.build/Objects-normal/arm64/STDSTransaction.dia -c /Users/kharyfiler/Documents/grip-claude/ios/Pods/StripePayments/Stripe3DS2/Stripe3DS2/include/STDSTransaction.m -o /Users/kharyfiler/Library/Developer/Xcode/DerivedData/Gripah-gptnnpiwslcswlcpylqwkddqyprw/Build/Intermediates.noindex/Pods.build/Debug-iphonesimulator/StripePayments.build/Objects-normal/arm64/STDSTransaction.o -index-unit-output-path /Pods.build/Debug-iphonesimulator/StripePayments.build/Objects-normal/arm64/STDSTransaction.o

CompileC /Users/kharyfiler/Library/Developer/Xcode/DerivedData/Gripah-gptnnpiwslcswlcpylqwkddqyprw/Build/Intermediates.noindex/Pods.build/Debug-iphonesimulator/StripePayments.build/Objects-normal/arm64/STDSThreeDSProtocolVersion.o /Users/kharyfiler/Documents/grip-claude/ios/Pods/StripePayments/Stripe3DS2/Stripe3DS2/STDSThreeDSProtocolVersion.m normal arm64 objective-c com.apple.compilers.llvm.clang.1_0.compiler (in target 'StripePayments' from project 'Pods')
    cd /Users/kharyfiler/Documents/grip-claude/ios/Pods
    
    Using response file: /Users/kharyfiler/Library/Developer/Xcode/DerivedData/Gripah-gptnnpiwslcswlcpylqwkddqyprw/Build/Intermediates.noindex/Pods.build/Debug-iphonesimulator/StripePayments.build/Objects-normal/arm64/e6072d4f65d7061329687fe24e3d63a7-common-args.resp
    
    /Applications/Xcode.app/Contents/Developer/Toolchains/XcodeDefault.xctoolchain/usr/bin/clang -x objective-c -ivfsstatcache /Users/kharyfiler/Library/Developer/Xcode/DerivedData/SDKStatCaches.noindex/iphonesimulator26.2-23C53-3885c01c3e6b6a337905948deab2002e7d00a8b37fbd7999ea79df8ebc024bf0.sdkstatcache -fmessage-length\=0 -fdiagnostics-show-note-include-stack -fmacro-backtrace-limit\=0 -fno-color-diagnostics -fmodules-prune-interval\=86400 -fmodules-prune-after\=345600 -fbuild-session-file\=/Users/kharyfiler/Library/Developer/Xcode/DerivedData/ModuleCache.noindex/Session.modulevalidation -fmodules-validate-once-per-build-session -Wnon-modular-include-in-framework-module -Werror\=non-modular-include-in-framework-module -Wno-trigraphs -Wno-missing-field-initializers -Wno-missing-prototypes -Werror\=return-type -Wdocumentation -Wunreachable-code -Wno-implicit-atomic-properties -Werror\=deprecated-objc-isa-usage -Wno-objc-interface-ivars -Werror\=objc-root-class -Wno-arc-repeated-use-of-weak -Wimplicit-retain-self -Wduplicate-method-match -Wno-missing-braces -Wparentheses -Wswitch -Wunused-function -Wno-unused-label -Wno-unused-parameter -Wunused-variable -Wunused-value -Wempty-body -Wuninitialized -Wconditional-uninitialized -Wno-unknown-pragmas -Wno-shadow -Wno-four-char-constants -Wno-conversion -Wconstant-conversion -Wint-conversion -Wbool-conversion -Wenum-conversion -Wno-float-conversion -Wnon-literal-null-conversion -Wobjc-literal-conversion -Wshorten-64-to-32 -Wpointer-sign -Wno-newline-eof -Wno-selector -Wno-strict-selector-match -Wundeclared-selector -Wdeprecated-implementations -Wno-implicit-fallthrough -fstrict-aliasing -Wprotocol -Wdeprecated-declarations -Wno-sign-conversion -Winfinite-recursion -Wcomma -Wblock-capture-autoreleasing -Wstrict-prototypes -Wno-semicolon-before-method-body -Wunguarded-availability -index-store-path /Users/kharyfiler/Library/Developer/Xcode/DerivedData/Gripah-gptnnpiwslcswlcpylqwkddqyprw/Index.noindex/DataStore @/Users/kharyfiler/Library/Developer/Xcode/DerivedData/Gripah-gptnnpiwslcswlcpylqwkddqyprw/Build/Intermediates.noindex/Pods.build/Debug-iphonesimulator/StripePayments.build/Objects-normal/arm64/e6072d4f65d7061329687fe24e3d63a7-common-args.resp -include /Users/kharyfiler/Documents/grip-claude/ios/Pods/Target\ Support\ Files/StripePayments/StripePayments-prefix.pch -MMD -MT dependencies -MF /Users/kharyfiler/Library/Developer/Xcode/DerivedData/Gripah-gptnnpiwslcswlcpylqwkddqyprw/Build/Intermediates.noindex/Pods.build/Debug-iphonesimulator/StripePayments.build/Objects-normal/arm64/STDSThreeDSProtocolVersion.d --serialize-diagnostics /Users/kharyfiler/Library/Developer/Xcode/DerivedData/Gripah-gptnnpiwslcswlcpylqwkddqyprw/Build/Intermediates.noindex/Pods.build/Debug-iphonesimulator/StripePayments.build/Objects-normal/arm64/STDSThreeDSProtocolVersion.dia -c /Users/kharyfiler/Documents/grip-claude/ios/Pods/StripePayments/Stripe3DS2/Stripe3DS2/STDSThreeDSProtocolVersion.m -o /Users/kharyfiler/Library/Developer/Xcode/DerivedData/Gripah-gptnnpiwslcswlcpylqwkddqyprw/Build/Intermediates.noindex/Pods.build/Debug-iphonesimulator/StripePayments.build/Objects-normal/arm64/STDSThreeDSProtocolVersion.o -index-unit-output-path /Pods.build/Debug-iphonesimulator/StripePayments.build/Objects-normal/arm64/STDSThreeDSProtocolVersion.o

CompileC /Users/kharyfiler/Library/Developer/Xcode/DerivedData/Gripah-gptnnpiwslcswlcpylqwkddqyprw/Build/Intermediates.noindex/Pods.build/Debug-iphonesimulator/StripePayments.build/Objects-normal/arm64/STDSThreeDS2Service.o /Users/kharyfiler/Documents/grip-claude/ios/Pods/StripePayments/Stripe3DS2/Stripe3DS2/include/STDSThreeDS2Service.m normal arm64 objective-c com.apple.compilers.llvm.clang.1_0.compiler (in target 'StripePayments' from project 'Pods')
    cd /Users/kharyfiler/Documents/grip-claude/ios/Pods
    
    Using response file: /Users/kharyfiler/Library/Developer/Xcode/DerivedData/Gripah-gptnnpiwslcswlcpylqwkddqyprw/Build/Intermediates.noindex/Pods.build/Debug-iphonesimulator/StripePayments.build/Objects-normal/arm64/e6072d4f65d7061329687fe24e3d63a7-common-args.resp
    
    /Applications/Xcode.app/Contents/Developer/Toolchains/XcodeDefault.xctoolchain/usr/bin/clang -x objective-c -ivfsstatcache /Users/kharyfiler/Library/Developer/Xcode/DerivedData/SDKStatCaches.noindex/iphonesimulator26.2-23C53-3885c01c3e6b6a337905948deab2002e7d00a8b37fbd7999ea79df8ebc024bf0.sdkstatcache -fmessage-length\=0 -fdiagnostics-show-note-include-stack -fmacro-backtrace-limit\=0 -fno-color-diagnostics -fmodules-prune-interval\=86400 -fmodules-prune-after\=345600 -fbuild-session-file\=/Users/kharyfiler/Library/Developer/Xcode/DerivedData/ModuleCache.noindex/Session.modulevalidation -fmodules-validate-once-per-build-session -Wnon-modular-include-in-framework-module -Werror\=non-modular-include-in-framework-module -Wno-trigraphs -Wno-missing-field-initializers -Wno-missing-prototypes -Werror\=return-type -Wdocumentation -Wunreachable-code -Wno-implicit-atomic-properties -Werror\=deprecated-objc-isa-usage -Wno-objc-interface-ivars -Werror\=objc-root-class -Wno-arc-repeated-use-of-weak -Wimplicit-retain-self -Wduplicate-method-match -Wno-missing-braces -Wparentheses -Wswitch -Wunused-function -Wno-unused-label -Wno-unused-parameter -Wunused-variable -Wunused-value -Wempty-body -Wuninitialized -Wconditional-uninitialized -Wno-unknown-pragmas -Wno-shadow -Wno-four-char-constants -Wno-conversion -Wconstant-conversion -Wint-conversion -Wbool-conversion -Wenum-conversion -Wno-float-conversion -Wnon-literal-null-conversion -Wobjc-literal-conversion -Wshorten-64-to-32 -Wpointer-sign -Wno-newline-eof -Wno-selector -Wno-strict-selector-match -Wundeclared-selector -Wdeprecated-implementations -Wno-implicit-fallthrough -fstrict-aliasing -Wprotocol -Wdeprecated-declarations -Wno-sign-conversion -Winfinite-recursion -Wcomma -Wblock-capture-autoreleasing -Wstrict-prototypes -Wno-semicolon-before-method-body -Wunguarded-availability -index-store-path /Users/kharyfiler/Library/Developer/Xcode/DerivedData/Gripah-gptnnpiwslcswlcpylqwkddqyprw/Index.noindex/DataStore @/Users/kharyfiler/Library/Developer/Xcode/DerivedData/Gripah-gptnnpiwslcswlcpylqwkddqyprw/Build/Intermediates.noindex/Pods.build/Debug-iphonesimulator/StripePayments.build/Objects-normal/arm64/e6072d4f65d7061329687fe24e3d63a7-common-args.resp -include /Users/kharyfiler/Documents/grip-claude/ios/Pods/Target\ Support\ Files/StripePayments/StripePayments-prefix.pch -MMD -MT dependencies -MF /Users/kharyfiler/Library/Developer/Xcode/DerivedData/Gripah-gptnnpiwslcswlcpylqwkddqyprw/Build/Intermediates.noindex/Pods.build/Debug-iphonesimulator/StripePayments.build/Objects-normal/arm64/STDSThreeDS2Service.d --serialize-diagnostics /Users/kharyfiler/Library/Developer/Xcode/DerivedData/Gripah-gptnnpiwslcswlcpylqwkddqyprw/Build/Intermediates.noindex/Pods.build/Debug-iphonesimulator/StripePayments.build/Objects-normal/arm64/STDSThreeDS2Service.dia -c /Users/kharyfiler/Documents/grip-claude/ios/Pods/StripePayments/Stripe3DS2/Stripe3DS2/include/STDSThreeDS2Service.m -o /Users/kharyfiler/Library/Developer/Xcode/DerivedData/Gripah-gptnnpiwslcswlcpylqwkddqyprw/Build/Intermediates.noindex/Pods.build/Debug-iphonesimulator/StripePayments.build/Objects-normal/arm64/STDSThreeDS2Service.o -index-unit-output-path /Pods.build/Debug-iphonesimulator/StripePayments.build/Objects-normal/arm64/STDSThreeDS2Service.o

CompileC /Users/kharyfiler/Library/Developer/Xcode/DerivedData/Gripah-gptnnpiwslcswlcpylqwkddqyprw/Build/Intermediates.noindex/Pods.build/Debug-iphonesimulator/StripePayments.build/Objects-normal/arm64/STDSTextFieldCustomization.o /Users/kharyfiler/Documents/grip-claude/ios/Pods/StripePayments/Stripe3DS2/Stripe3DS2/include/STDSTextFieldCustomization.m normal arm64 objective-c com.apple.compilers.llvm.clang.1_0.compiler (in target 'StripePayments' from project 'Pods')
    cd /Users/kharyfiler/Documents/grip-claude/ios/Pods
    
    Using response file: /Users/kharyfiler/Library/Developer/Xcode/DerivedData/Gripah-gptnnpiwslcswlcpylqwkddqyprw/Build/Intermediates.noindex/Pods.build/Debug-iphonesimulator/StripePayments.build/Objects-normal/arm64/e6072d4f65d7061329687fe24e3d63a7-common-args.resp
    
    /Applications/Xcode.app/Contents/Developer/Toolchains/XcodeDefault.xctoolchain/usr/bin/clang -x objective-c -ivfsstatcache /Users/kharyfiler/Library/Developer/Xcode/DerivedData/SDKStatCaches.noindex/iphonesimulator26.2-23C53-3885c01c3e6b6a337905948deab2002e7d00a8b37fbd7999ea79df8ebc024bf0.sdkstatcache -fmessage-length\=0 -fdiagnostics-show-note-include-stack -fmacro-backtrace-limit\=0 -fno-color-diagnostics -fmodules-prune-interval\=86400 -fmodules-prune-after\=345600 -fbuild-session-file\=/Users/kharyfiler/Library/Developer/Xcode/DerivedData/ModuleCache.noindex/Session.modulevalidation -fmodules-validate-once-per-build-session -Wnon-modular-include-in-framework-module -Werror\=non-modular-include-in-framework-module -Wno-trigraphs -Wno-missing-field-initializers -Wno-missing-prototypes -Werror\=return-type -Wdocumentation -Wunreachable-code -Wno-implicit-atomic-properties -Werror\=deprecated-objc-isa-usage -Wno-objc-interface-ivars -Werror\=objc-root-class -Wno-arc-repeated-use-of-weak -Wimplicit-retain-self -Wduplicate-method-match -Wno-missing-braces -Wparentheses -Wswitch -Wunused-function -Wno-unused-label -Wno-unused-parameter -Wunused-variable -Wunused-value -Wempty-body -Wuninitialized -Wconditional-uninitialized -Wno-unknown-pragmas -Wno-shadow -Wno-four-char-constants -Wno-conversion -Wconstant-conversion -Wint-conversion -Wbool-conversion -Wenum-conversion -Wno-float-conversion -Wnon-literal-null-conversion -Wobjc-literal-conversion -Wshorten-64-to-32 -Wpointer-sign -Wno-newline-eof -Wno-selector -Wno-strict-selector-match -Wundeclared-selector -Wdeprecated-implementations -Wno-implicit-fallthrough -fstrict-aliasing -Wprotocol -Wdeprecated-declarations -Wno-sign-conversion -Winfinite-recursion -Wcomma -Wblock-capture-autoreleasing -Wstrict-prototypes -Wno-semicolon-before-method-body -Wunguarded-availability -index-store-path /Users/kharyfiler/Library/Developer/Xcode/DerivedData/Gripah-gptnnpiwslcswlcpylqwkddqyprw/Index.noindex/DataStore @/Users/kharyfiler/Library/Developer/Xcode/DerivedData/Gripah-gptnnpiwslcswlcpylqwkddqyprw/Build/Intermediates.noindex/Pods.build/Debug-iphonesimulator/StripePayments.build/Objects-normal/arm64/e6072d4f65d7061329687fe24e3d63a7-common-args.resp -include /Users/kharyfiler/Documents/grip-claude/ios/Pods/Target\ Support\ Files/StripePayments/StripePayments-prefix.pch -MMD -MT dependencies -MF /Users/kharyfiler/Library/Developer/Xcode/DerivedData/Gripah-gptnnpiwslcswlcpylqwkddqyprw/Build/Intermediates.noindex/Pods.build/Debug-iphonesimulator/StripePayments.build/Objects-normal/arm64/STDSTextFieldCustomization.d --serialize-diagnostics /Users/kharyfiler/Library/Developer/Xcode/DerivedData/Gripah-gptnnpiwslcswlcpylqwkddqyprw/Build/Intermediates.noindex/Pods.build/Debug-iphonesimulator/StripePayments.build/Objects-normal/arm64/STDSTextFieldCustomization.dia -c /Users/kharyfiler/Documents/grip-claude/ios/Pods/StripePayments/Stripe3DS2/Stripe3DS2/include/STDSTextFieldCustomization.m -o /Users/kharyfiler/Library/Developer/Xcode/DerivedData/Gripah-gptnnpiwslcswlcpylqwkddqyprw/Build/Intermediates.noindex/Pods.build/Debug-iphonesimulator/StripePayments.build/Objects-normal/arm64/STDSTextFieldCustomization.o -index-unit-output-path /Pods.build/Debug-iphonesimulator/StripePayments.build/Objects-normal/arm64/STDSTextFieldCustomization.o

CompileC /Users/kharyfiler/Library/Developer/Xcode/DerivedData/Gripah-gptnnpiwslcswlcpylqwkddqyprw/Build/Intermediates.noindex/Pods.build/Debug-iphonesimulator/StripePayments.build/Objects-normal/arm64/STDSTextChallengeView.o /Users/kharyfiler/Documents/grip-claude/ios/Pods/StripePayments/Stripe3DS2/Stripe3DS2/STDSTextChallengeView.m normal arm64 objective-c com.apple.compilers.llvm.clang.1_0.compiler (in target 'StripePayments' from project 'Pods')
    cd /Users/kharyfiler/Documents/grip-claude/ios/Pods
    
    Using response file: /Users/kharyfiler/Library/Developer/Xcode/DerivedData/Gripah-gptnnpiwslcswlcpylqwkddqyprw/Build/Intermediates.noindex/Pods.build/Debug-iphonesimulator/StripePayments.build/Objects-normal/arm64/e6072d4f65d7061329687fe24e3d63a7-common-args.resp
    
    /Applications/Xcode.app/Contents/Developer/Toolchains/XcodeDefault.xctoolchain/usr/bin/clang -x objective-c -ivfsstatcache /Users/kharyfiler/Library/Developer/Xcode/DerivedData/SDKStatCaches.noindex/iphonesimulator26.2-23C53-3885c01c3e6b6a337905948deab2002e7d00a8b37fbd7999ea79df8ebc024bf0.sdkstatcache -fmessage-length\=0 -fdiagnostics-show-note-include-stack -fmacro-backtrace-limit\=0 -fno-color-diagnostics -fmodules-prune-interval\=86400 -fmodules-prune-after\=345600 -fbuild-session-file\=/Users/kharyfiler/Library/Developer/Xcode/DerivedData/ModuleCache.noindex/Session.modulevalidation -fmodules-validate-once-per-build-session -Wnon-modular-include-in-framework-module -Werror\=non-modular-include-in-framework-module -Wno-trigraphs -Wno-missing-field-initializers -Wno-missing-prototypes -Werror\=return-type -Wdocumentation -Wunreachable-code -Wno-implicit-atomic-properties -Werror\=deprecated-objc-isa-usage -Wno-objc-interface-ivars -Werror\=objc-root-class -Wno-arc-repeated-use-of-weak -Wimplicit-retain-self -Wduplicate-method-match -Wno-missing-braces -Wparentheses -Wswitch -Wunused-function -Wno-unused-label -Wno-unused-parameter -Wunused-variable -Wunused-value -Wempty-body -Wuninitialized -Wconditional-uninitialized -Wno-unknown-pragmas -Wno-shadow -Wno-four-char-constants -Wno-conversion -Wconstant-conversion -Wint-conversion -Wbool-conversion -Wenum-conversion -Wno-float-conversion -Wnon-literal-null-conversion -Wobjc-literal-conversion -Wshorten-64-to-32 -Wpointer-sign -Wno-newline-eof -Wno-selector -Wno-strict-selector-match -Wundeclared-selector -Wdeprecated-implementations -Wno-implicit-fallthrough -fstrict-aliasing -Wprotocol -Wdeprecated-declarations -Wno-sign-conversion -Winfinite-recursion -Wcomma -Wblock-capture-autoreleasing -Wstrict-prototypes -Wno-semicolon-before-method-body -Wunguarded-availability -index-store-path /Users/kharyfiler/Library/Developer/Xcode/DerivedData/Gripah-gptnnpiwslcswlcpylqwkddqyprw/Index.noindex/DataStore @/Users/kharyfiler/Library/Developer/Xcode/DerivedData/Gripah-gptnnpiwslcswlcpylqwkddqyprw/Build/Intermediates.noindex/Pods.build/Debug-iphonesimulator/StripePayments.build/Objects-normal/arm64/e6072d4f65d7061329687fe24e3d63a7-common-args.resp -include /Users/kharyfiler/Documents/grip-claude/ios/Pods/Target\ Support\ Files/StripePayments/StripePayments-prefix.pch -MMD -MT dependencies -MF /Users/kharyfiler/Library/Developer/Xcode/DerivedData/Gripah-gptnnpiwslcswlcpylqwkddqyprw/Build/Intermediates.noindex/Pods.build/Debug-iphonesimulator/StripePayments.build/Objects-normal/arm64/STDSTextChallengeView.d --serialize-diagnostics /Users/kharyfiler/Library/Developer/Xcode/DerivedData/Gripah-gptnnpiwslcswlcpylqwkddqyprw/Build/Intermediates.noindex/Pods.build/Debug-iphonesimulator/StripePayments.build/Objects-normal/arm64/STDSTextChallengeView.dia -c /Users/kharyfiler/Documents/grip-claude/ios/Pods/StripePayments/Stripe3DS2/Stripe3DS2/STDSTextChallengeView.m -o /Users/kharyfiler/Library/Developer/Xcode/DerivedData/Gripah-gptnnpiwslcswlcpylqwkddqyprw/Build/Intermediates.noindex/Pods.build/Debug-iphonesimulator/StripePayments.build/Objects-normal/arm64/STDSTextChallengeView.o -index-unit-output-path /Pods.build/Debug-iphonesimulator/StripePayments.build/Objects-normal/arm64/STDSTextChallengeView.o

CompileC /Users/kharyfiler/Library/Developer/Xcode/DerivedData/Gripah-gptnnpiwslcswlcpylqwkddqyprw/Build/Intermediates.noindex/Pods.build/Debug-iphonesimulator/StripePayments.build/Objects-normal/arm64/STDSSynchronousLocationManager.o /Users/kharyfiler/Documents/grip-claude/ios/Pods/StripePayments/Stripe3DS2/Stripe3DS2/STDSSynchronousLocationManager.m normal arm64 objective-c com.apple.compilers.llvm.clang.1_0.compiler (in target 'StripePayments' from project 'Pods')
    cd /Users/kharyfiler/Documents/grip-claude/ios/Pods
    
    Using response file: /Users/kharyfiler/Library/Developer/Xcode/DerivedData/Gripah-gptnnpiwslcswlcpylqwkddqyprw/Build/Intermediates.noindex/Pods.build/Debug-iphonesimulator/StripePayments.build/Objects-normal/arm64/e6072d4f65d7061329687fe24e3d63a7-common-args.resp
    
    /Applications/Xcode.app/Contents/Developer/Toolchains/XcodeDefault.xctoolchain/usr/bin/clang -x objective-c -ivfsstatcache /Users/kharyfiler/Library/Developer/Xcode/DerivedData/SDKStatCaches.noindex/iphonesimulator26.2-23C53-3885c01c3e6b6a337905948deab2002e7d00a8b37fbd7999ea79df8ebc024bf0.sdkstatcache -fmessage-length\=0 -fdiagnostics-show-note-include-stack -fmacro-backtrace-limit\=0 -fno-color-diagnostics -fmodules-prune-interval\=86400 -fmodules-prune-after\=345600 -fbuild-session-file\=/Users/kharyfiler/Library/Developer/Xcode/DerivedData/ModuleCache.noindex/Session.modulevalidation -fmodules-validate-once-per-build-session -Wnon-modular-include-in-framework-module -Werror\=non-modular-include-in-framework-module -Wno-trigraphs -Wno-missing-field-initializers -Wno-missing-prototypes -Werror\=return-type -Wdocumentation -Wunreachable-code -Wno-implicit-atomic-properties -Werror\=deprecated-objc-isa-usage -Wno-objc-interface-ivars -Werror\=objc-root-class -Wno-arc-repeated-use-of-weak -Wimplicit-retain-self -Wduplicate-method-match -Wno-missing-braces -Wparentheses -Wswitch -Wunused-function -Wno-unused-label -Wno-unused-parameter -Wunused-variable -Wunused-value -Wempty-body -Wuninitialized -Wconditional-uninitialized -Wno-unknown-pragmas -Wno-shadow -Wno-four-char-constants -Wno-conversion -Wconstant-conversion -Wint-conversion -Wbool-conversion -Wenum-conversion -Wno-float-conversion -Wnon-literal-null-conversion -Wobjc-literal-conversion -Wshorten-64-to-32 -Wpointer-sign -Wno-newline-eof -Wno-selector -Wno-strict-selector-match -Wundeclared-selector -Wdeprecated-implementations -Wno-implicit-fallthrough -fstrict-aliasing -Wprotocol -Wdeprecated-declarations -Wno-sign-conversion -Winfinite-recursion -Wcomma -Wblock-capture-autoreleasing -Wstrict-prototypes -Wno-semicolon-before-method-body -Wunguarded-availability -index-store-path /Users/kharyfiler/Library/Developer/Xcode/DerivedData/Gripah-gptnnpiwslcswlcpylqwkddqyprw/Index.noindex/DataStore @/Users/kharyfiler/Library/Developer/Xcode/DerivedData/Gripah-gptnnpiwslcswlcpylqwkddqyprw/Build/Intermediates.noindex/Pods.build/Debug-iphonesimulator/StripePayments.build/Objects-normal/arm64/e6072d4f65d7061329687fe24e3d63a7-common-args.resp -include /Users/kharyfiler/Documents/grip-claude/ios/Pods/Target\ Support\ Files/StripePayments/StripePayments-prefix.pch -MMD -MT dependencies -MF /Users/kharyfiler/Library/Developer/Xcode/DerivedData/Gripah-gptnnpiwslcswlcpylqwkddqyprw/Build/Intermediates.noindex/Pods.build/Debug-iphonesimulator/StripePayments.build/Objects-normal/arm64/STDSSynchronousLocationManager.d --serialize-diagnostics /Users/kharyfiler/Library/Developer/Xcode/DerivedData/Gripah-gptnnpiwslcswlcpylqwkddqyprw/Build/Intermediates.noindex/Pods.build/Debug-iphonesimulator/StripePayments.build/Objects-normal/arm64/STDSSynchronousLocationManager.dia -c /Users/kharyfiler/Documents/grip-claude/ios/Pods/StripePayments/Stripe3DS2/Stripe3DS2/STDSSynchronousLocationManager.m -o /Users/kharyfiler/Library/Developer/Xcode/DerivedData/Gripah-gptnnpiwslcswlcpylqwkddqyprw/Build/Intermediates.noindex/Pods.build/Debug-iphonesimulator/StripePayments.build/Objects-normal/arm64/STDSSynchronousLocationManager.o -index-unit-output-path /Pods.build/Debug-iphonesimulator/StripePayments.build/Objects-normal/arm64/STDSSynchronousLocationManager.o
[1m/Users/kharyfiler/Documents/grip-claude/ios/Pods/StripePayments/Stripe3DS2/Stripe3DS2/STDSSynchronousLocationManager.m:52:68: [0m[0;1;35mwarning: [0m[1m
      'authorizationStatus' is deprecated: first deprecated in
      iOS 14.0 [-Wdeprecated-declarations][0m
   52 |   ...= [CLLocationManager authorizationStatus];[0m
      | [0;1;32m                          ^~~~~~~~~~~~~~~~~~~
[0m      | [0;32m                          authorizationStatus
[0mIn module 'CoreLocation' imported from /Users/kharyfiler/Documents/grip-claude/ios/Pods/StripePayments/Stripe3DS2/Stripe3DS2/STDSSynchronousLocationManager.m:12:
[1m/Applications/Xcode.app/Contents/Developer/Platforms/iPhoneSimulator.platform/Developer/SDKs/iPhoneSimulator26.2.sdk/System/Library/Frameworks/CoreLocation.framework/Headers/CLLocationManager.h:224:1: [0m[0;1;36mnote: [0m
      'authorizationStatus' has been explicitly marked
      deprecated here[0m
  224 | + (CLAuthorizationStatus)authorizationStatus API_DEPRECA...[0m
      | [0;1;32m^
[0m1 warning generated.

CompileC /Users/kharyfiler/Library/Developer/Xcode/DerivedData/Gripah-gptnnpiwslcswlcpylqwkddqyprw/Build/Intermediates.noindex/Pods.build/Debug-iphonesimulator/StripePayments.build/Objects-normal/arm64/STDSSwiftTryCatch.o /Users/kharyfiler/Documents/grip-claude/ios/Pods/StripePayments/Stripe3DS2/Stripe3DS2/include/STDSSwiftTryCatch.m normal arm64 objective-c com.apple.compilers.llvm.clang.1_0.compiler (in target 'StripePayments' from project 'Pods')
    cd /Users/kharyfiler/Documents/grip-claude/ios/Pods
    
    Using response file: /Users/kharyfiler/Library/Developer/Xcode/DerivedData/Gripah-gptnnpiwslcswlcpylqwkddqyprw/Build/Intermediates.noindex/Pods.build/Debug-iphonesimulator/StripePayments.build/Objects-normal/arm64/e6072d4f65d7061329687fe24e3d63a7-common-args.resp
    
    /Applications/Xcode.app/Contents/Developer/Toolchains/XcodeDefault.xctoolchain/usr/bin/clang -x objective-c -ivfsstatcache /Users/kharyfiler/Library/Developer/Xcode/DerivedData/SDKStatCaches.noindex/iphonesimulator26.2-23C53-3885c01c3e6b6a337905948deab2002e7d00a8b37fbd7999ea79df8ebc024bf0.sdkstatcache -fmessage-length\=0 -fdiagnostics-show-note-include-stack -fmacro-backtrace-limit\=0 -fno-color-diagnostics -fmodules-prune-interval\=86400 -fmodules-prune-after\=345600 -fbuild-session-file\=/Users/kharyfiler/Library/Developer/Xcode/DerivedData/ModuleCache.noindex/Session.modulevalidation -fmodules-validate-once-per-build-session -Wnon-modular-include-in-framework-module -Werror\=non-modular-include-in-framework-module -Wno-trigraphs -Wno-missing-field-initializers -Wno-missing-prototypes -Werror\=return-type -Wdocumentation -Wunreachable-code -Wno-implicit-atomic-properties -Werror\=deprecated-objc-isa-usage -Wno-objc-interface-ivars -Werror\=objc-root-class -Wno-arc-repeated-use-of-weak -Wimplicit-retain-self -Wduplicate-method-match -Wno-missing-braces -Wparentheses -Wswitch -Wunused-function -Wno-unused-label -Wno-unused-parameter -Wunused-variable -Wunused-value -Wempty-body -Wuninitialized -Wconditional-uninitialized -Wno-unknown-pragmas -Wno-shadow -Wno-four-char-constants -Wno-conversion -Wconstant-conversion -Wint-conversion -Wbool-conversion -Wenum-conversion -Wno-float-conversion -Wnon-literal-null-conversion -Wobjc-literal-conversion -Wshorten-64-to-32 -Wpointer-sign -Wno-newline-eof -Wno-selector -Wno-strict-selector-match -Wundeclared-selector -Wdeprecated-implementations -Wno-implicit-fallthrough -fstrict-aliasing -Wprotocol -Wdeprecated-declarations -Wno-sign-conversion -Winfinite-recursion -Wcomma -Wblock-capture-autoreleasing -Wstrict-prototypes -Wno-semicolon-before-method-body -Wunguarded-availability -index-store-path /Users/kharyfiler/Library/Developer/Xcode/DerivedData/Gripah-gptnnpiwslcswlcpylqwkddqyprw/Index.noindex/DataStore @/Users/kharyfiler/Library/Developer/Xcode/DerivedData/Gripah-gptnnpiwslcswlcpylqwkddqyprw/Build/Intermediates.noindex/Pods.build/Debug-iphonesimulator/StripePayments.build/Objects-normal/arm64/e6072d4f65d7061329687fe24e3d63a7-common-args.resp -include /Users/kharyfiler/Documents/grip-claude/ios/Pods/Target\ Support\ Files/StripePayments/StripePayments-prefix.pch -MMD -MT dependencies -MF /Users/kharyfiler/Library/Developer/Xcode/DerivedData/Gripah-gptnnpiwslcswlcpylqwkddqyprw/Build/Intermediates.noindex/Pods.build/Debug-iphonesimulator/StripePayments.build/Objects-normal/arm64/STDSSwiftTryCatch.d --serialize-diagnostics /Users/kharyfiler/Library/Developer/Xcode/DerivedData/Gripah-gptnnpiwslcswlcpylqwkddqyprw/Build/Intermediates.noindex/Pods.build/Debug-iphonesimulator/StripePayments.build/Objects-normal/arm64/STDSSwiftTryCatch.dia -c /Users/kharyfiler/Documents/grip-claude/ios/Pods/StripePayments/Stripe3DS2/Stripe3DS2/include/STDSSwiftTryCatch.m -o /Users/kharyfiler/Library/Developer/Xcode/DerivedData/Gripah-gptnnpiwslcswlcpylqwkddqyprw/Build/Intermediates.noindex/Pods.build/Debug-iphonesimulator/StripePayments.build/Objects-normal/arm64/STDSSwiftTryCatch.o -index-unit-output-path /Pods.build/Debug-iphonesimulator/StripePayments.build/Objects-normal/arm64/STDSSwiftTryCatch.o

CompileC /Users/kharyfiler/Library/Developer/Xcode/DerivedData/Gripah-gptnnpiwslcswlcpylqwkddqyprw/Build/Intermediates.noindex/Pods.build/Debug-iphonesimulator/StripePayments.build/Objects-normal/arm64/STDSStripe3DS2Error.o /Users/kharyfiler/Documents/grip-claude/ios/Pods/StripePayments/Stripe3DS2/Stripe3DS2/include/STDSStripe3DS2Error.m normal arm64 objective-c com.apple.compilers.llvm.clang.1_0.compiler (in target 'StripePayments' from project 'Pods')
    cd /Users/kharyfiler/Documents/grip-claude/ios/Pods
    
    Using response file: /Users/kharyfiler/Library/Developer/Xcode/DerivedData/Gripah-gptnnpiwslcswlcpylqwkddqyprw/Build/Intermediates.noindex/Pods.build/Debug-iphonesimulator/StripePayments.build/Objects-normal/arm64/e6072d4f65d7061329687fe24e3d63a7-common-args.resp
    
    /Applications/Xcode.app/Contents/Developer/Toolchains/XcodeDefault.xctoolchain/usr/bin/clang -x objective-c -ivfsstatcache /Users/kharyfiler/Library/Developer/Xcode/DerivedData/SDKStatCaches.noindex/iphonesimulator26.2-23C53-3885c01c3e6b6a337905948deab2002e7d00a8b37fbd7999ea79df8ebc024bf0.sdkstatcache -fmessage-length\=0 -fdiagnostics-show-note-include-stack -fmacro-backtrace-limit\=0 -fno-color-diagnostics -fmodules-prune-interval\=86400 -fmodules-prune-after\=345600 -fbuild-session-file\=/Users/kharyfiler/Library/Developer/Xcode/DerivedData/ModuleCache.noindex/Session.modulevalidation -fmodules-validate-once-per-build-session -Wnon-modular-include-in-framework-module -Werror\=non-modular-include-in-framework-module -Wno-trigraphs -Wno-missing-field-initializers -Wno-missing-prototypes -Werror\=return-type -Wdocumentation -Wunreachable-code -Wno-implicit-atomic-properties -Werror\=deprecated-objc-isa-usage -Wno-objc-interface-ivars -Werror\=objc-root-class -Wno-arc-repeated-use-of-weak -Wimplicit-retain-self -Wduplicate-method-match -Wno-missing-braces -Wparentheses -Wswitch -Wunused-function -Wno-unused-label -Wno-unused-parameter -Wunused-variable -Wunused-value -Wempty-body -Wuninitialized -Wconditional-uninitialized -Wno-unknown-pragmas -Wno-shadow -Wno-four-char-constants -Wno-conversion -Wconstant-conversion -Wint-conversion -Wbool-conversion -Wenum-conversion -Wno-float-conversion -Wnon-literal-null-conversion -Wobjc-literal-conversion -Wshorten-64-to-32 -Wpointer-sign -Wno-newline-eof -Wno-selector -Wno-strict-selector-match -Wundeclared-selector -Wdeprecated-implementations -Wno-implicit-fallthrough -fstrict-aliasing -Wprotocol -Wdeprecated-declarations -Wno-sign-conversion -Winfinite-recursion -Wcomma -Wblock-capture-autoreleasing -Wstrict-prototypes -Wno-semicolon-before-method-body -Wunguarded-availability -index-store-path /Users/kharyfiler/Library/Developer/Xcode/DerivedData/Gripah-gptnnpiwslcswlcpylqwkddqyprw/Index.noindex/DataStore @/Users/kharyfiler/Library/Developer/Xcode/DerivedData/Gripah-gptnnpiwslcswlcpylqwkddqyprw/Build/Intermediates.noindex/Pods.build/Debug-iphonesimulator/StripePayments.build/Objects-normal/arm64/e6072d4f65d7061329687fe24e3d63a7-common-args.resp -include /Users/kharyfiler/Documents/grip-claude/ios/Pods/Target\ Support\ Files/StripePayments/StripePayments-prefix.pch -MMD -MT dependencies -MF /Users/kharyfiler/Library/Developer/Xcode/DerivedData/Gripah-gptnnpiwslcswlcpylqwkddqyprw/Build/Intermediates.noindex/Pods.build/Debug-iphonesimulator/StripePayments.build/Objects-normal/arm64/STDSStripe3DS2Error.d --serialize-diagnostics /Users/kharyfiler/Library/Developer/Xcode/DerivedData/Gripah-gptnnpiwslcswlcpylqwkddqyprw/Build/Intermediates.noindex/Pods.build/Debug-iphonesimulator/StripePayments.build/Objects-normal/arm64/STDSStripe3DS2Error.dia -c /Users/kharyfiler/Documents/grip-claude/ios/Pods/StripePayments/Stripe3DS2/Stripe3DS2/include/STDSStripe3DS2Error.m -o /Users/kharyfiler/Library/Developer/Xcode/DerivedData/Gripah-gptnnpiwslcswlcpylqwkddqyprw/Build/Intermediates.noindex/Pods.build/Debug-iphonesimulator/StripePayments.build/Objects-normal/arm64/STDSStripe3DS2Error.o -index-unit-output-path /Pods.build/Debug-iphonesimulator/StripePayments.build/Objects-normal/arm64/STDSStripe3DS2Error.o

CompileC /Users/kharyfiler/Library/Developer/Xcode/DerivedData/Gripah-gptnnpiwslcswlcpylqwkddqyprw/Build/Intermediates.noindex/Pods.build/Debug-iphonesimulator/StripePayments.build/Objects-normal/arm64/STDSStackView.o /Users/kharyfiler/Documents/grip-claude/ios/Pods/StripePayments/Stripe3DS2/Stripe3DS2/STDSStackView.m normal arm64 objective-c com.apple.compilers.llvm.clang.1_0.compiler (in target 'StripePayments' from project 'Pods')
    cd /Users/kharyfiler/Documents/grip-claude/ios/Pods
    
    Using response file: /Users/kharyfiler/Library/Developer/Xcode/DerivedData/Gripah-gptnnpiwslcswlcpylqwkddqyprw/Build/Intermediates.noindex/Pods.build/Debug-iphonesimulator/StripePayments.build/Objects-normal/arm64/e6072d4f65d7061329687fe24e3d63a7-common-args.resp
    
    /Applications/Xcode.app/Contents/Developer/Toolchains/XcodeDefault.xctoolchain/usr/bin/clang -x objective-c -ivfsstatcache /Users/kharyfiler/Library/Developer/Xcode/DerivedData/SDKStatCaches.noindex/iphonesimulator26.2-23C53-3885c01c3e6b6a337905948deab2002e7d00a8b37fbd7999ea79df8ebc024bf0.sdkstatcache -fmessage-length\=0 -fdiagnostics-show-note-include-stack -fmacro-backtrace-limit\=0 -fno-color-diagnostics -fmodules-prune-interval\=86400 -fmodules-prune-after\=345600 -fbuild-session-file\=/Users/kharyfiler/Library/Developer/Xcode/DerivedData/ModuleCache.noindex/Session.modulevalidation -fmodules-validate-once-per-build-session -Wnon-modular-include-in-framework-module -Werror\=non-modular-include-in-framework-module -Wno-trigraphs -Wno-missing-field-initializers -Wno-missing-prototypes -Werror\=return-type -Wdocumentation -Wunreachable-code -Wno-implicit-atomic-properties -Werror\=deprecated-objc-isa-usage -Wno-objc-interface-ivars -Werror\=objc-root-class -Wno-arc-repeated-use-of-weak -Wimplicit-retain-self -Wduplicate-method-match -Wno-missing-braces -Wparentheses -Wswitch -Wunused-function -Wno-unused-label -Wno-unused-parameter -Wunused-variable -Wunused-value -Wempty-body -Wuninitialized -Wconditional-uninitialized -Wno-unknown-pragmas -Wno-shadow -Wno-four-char-constants -Wno-conversion -Wconstant-conversion -Wint-conversion -Wbool-conversion -Wenum-conversion -Wno-float-conversion -Wnon-literal-null-conversion -Wobjc-literal-conversion -Wshorten-64-to-32 -Wpointer-sign -Wno-newline-eof -Wno-selector -Wno-strict-selector-match -Wundeclared-selector -Wdeprecated-implementations -Wno-implicit-fallthrough -fstrict-aliasing -Wprotocol -Wdeprecated-declarations -Wno-sign-conversion -Winfinite-recursion -Wcomma -Wblock-capture-autoreleasing -Wstrict-prototypes -Wno-semicolon-before-method-body -Wunguarded-availability -index-store-path /Users/kharyfiler/Library/Developer/Xcode/DerivedData/Gripah-gptnnpiwslcswlcpylqwkddqyprw/Index.noindex/DataStore @/Users/kharyfiler/Library/Developer/Xcode/DerivedData/Gripah-gptnnpiwslcswlcpylqwkddqyprw/Build/Intermediates.noindex/Pods.build/Debug-iphonesimulator/StripePayments.build/Objects-normal/arm64/e6072d4f65d7061329687fe24e3d63a7-common-args.resp -include /Users/kharyfiler/Documents/grip-claude/ios/Pods/Target\ Support\ Files/StripePayments/StripePayments-prefix.pch -MMD -MT dependencies -MF /Users/kharyfiler/Library/Developer/Xcode/DerivedData/Gripah-gptnnpiwslcswlcpylqwkddqyprw/Build/Intermediates.noindex/Pods.build/Debug-iphonesimulator/StripePayments.build/Objects-normal/arm64/STDSStackView.d --serialize-diagnostics /Users/kharyfiler/Library/Developer/Xcode/DerivedData/Gripah-gptnnpiwslcswlcpylqwkddqyprw/Build/Intermediates.noindex/Pods.build/Debug-iphonesimulator/StripePayments.build/Objects-normal/arm64/STDSStackView.dia -c /Users/kharyfiler/Documents/grip-claude/ios/Pods/StripePayments/Stripe3DS2/Stripe3DS2/STDSStackView.m -o /Users/kharyfiler/Library/Developer/Xcode/DerivedData/Gripah-gptnnpiwslcswlcpylqwkddqyprw/Build/Intermediates.noindex/Pods.build/Debug-iphonesimulator/StripePayments.build/Objects-normal/arm64/STDSStackView.o -index-unit-output-path /Pods.build/Debug-iphonesimulator/StripePayments.build/Objects-normal/arm64/STDSStackView.o

CompileC /Users/kharyfiler/Library/Developer/Xcode/DerivedData/Gripah-gptnnpiwslcswlcpylqwkddqyprw/Build/Intermediates.noindex/Pods.build/Debug-iphonesimulator/StripePayments.build/Objects-normal/arm64/STDSSpacerView.o /Users/kharyfiler/Documents/grip-claude/ios/Pods/StripePayments/Stripe3DS2/Stripe3DS2/STDSSpacerView.m normal arm64 objective-c com.apple.compilers.llvm.clang.1_0.compiler (in target 'StripePayments' from project 'Pods')
    cd /Users/kharyfiler/Documents/grip-claude/ios/Pods
    
    Using response file: /Users/kharyfiler/Library/Developer/Xcode/DerivedData/Gripah-gptnnpiwslcswlcpylqwkddqyprw/Build/Intermediates.noindex/Pods.build/Debug-iphonesimulator/StripePayments.build/Objects-normal/arm64/e6072d4f65d7061329687fe24e3d63a7-common-args.resp
    
    /Applications/Xcode.app/Contents/Developer/Toolchains/XcodeDefault.xctoolchain/usr/bin/clang -x objective-c -ivfsstatcache /Users/kharyfiler/Library/Developer/Xcode/DerivedData/SDKStatCaches.noindex/iphonesimulator26.2-23C53-3885c01c3e6b6a337905948deab2002e7d00a8b37fbd7999ea79df8ebc024bf0.sdkstatcache -fmessage-length\=0 -fdiagnostics-show-note-include-stack -fmacro-backtrace-limit\=0 -fno-color-diagnostics -fmodules-prune-interval\=86400 -fmodules-prune-after\=345600 -fbuild-session-file\=/Users/kharyfiler/Library/Developer/Xcode/DerivedData/ModuleCache.noindex/Session.modulevalidation -fmodules-validate-once-per-build-session -Wnon-modular-include-in-framework-module -Werror\=non-modular-include-in-framework-module -Wno-trigraphs -Wno-missing-field-initializers -Wno-missing-prototypes -Werror\=return-type -Wdocumentation -Wunreachable-code -Wno-implicit-atomic-properties -Werror\=deprecated-objc-isa-usage -Wno-objc-interface-ivars -Werror\=objc-root-class -Wno-arc-repeated-use-of-weak -Wimplicit-retain-self -Wduplicate-method-match -Wno-missing-braces -Wparentheses -Wswitch -Wunused-function -Wno-unused-label -Wno-unused-parameter -Wunused-variable -Wunused-value -Wempty-body -Wuninitialized -Wconditional-uninitialized -Wno-unknown-pragmas -Wno-shadow -Wno-four-char-constants -Wno-conversion -Wconstant-conversion -Wint-conversion -Wbool-conversion -Wenum-conversion -Wno-float-conversion -Wnon-literal-null-conversion -Wobjc-literal-conversion -Wshorten-64-to-32 -Wpointer-sign -Wno-newline-eof -Wno-selector -Wno-strict-selector-match -Wundeclared-selector -Wdeprecated-implementations -Wno-implicit-fallthrough -fstrict-aliasing -Wprotocol -Wdeprecated-declarations -Wno-sign-conversion -Winfinite-recursion -Wcomma -Wblock-capture-autoreleasing -Wstrict-prototypes -Wno-semicolon-before-method-body -Wunguarded-availability -index-store-path /Users/kharyfiler/Library/Developer/Xcode/DerivedData/Gripah-gptnnpiwslcswlcpylqwkddqyprw/Index.noindex/DataStore @/Users/kharyfiler/Library/Developer/Xcode/DerivedData/Gripah-gptnnpiwslcswlcpylqwkddqyprw/Build/Intermediates.noindex/Pods.build/Debug-iphonesimulator/StripePayments.build/Objects-normal/arm64/e6072d4f65d7061329687fe24e3d63a7-common-args.resp -include /Users/kharyfiler/Documents/grip-claude/ios/Pods/Target\ Support\ Files/StripePayments/StripePayments-prefix.pch -MMD -MT dependencies -MF /Users/kharyfiler/Library/Developer/Xcode/DerivedData/Gripah-gptnnpiwslcswlcpylqwkddqyprw/Build/Intermediates.noindex/Pods.build/Debug-iphonesimulator/StripePayments.build/Objects-normal/arm64/STDSSpacerView.d --serialize-diagnostics /Users/kharyfiler/Library/Developer/Xcode/DerivedData/Gripah-gptnnpiwslcswlcpylqwkddqyprw/Build/Intermediates.noindex/Pods.build/Debug-iphonesimulator/StripePayments.build/Objects-normal/arm64/STDSSpacerView.dia -c /Users/kharyfiler/Documents/grip-claude/ios/Pods/StripePayments/Stripe3DS2/Stripe3DS2/STDSSpacerView.m -o /Users/kharyfiler/Library/Developer/Xcode/DerivedData/Gripah-gptnnpiwslcswlcpylqwkddqyprw/Build/Intermediates.noindex/Pods.build/Debug-iphonesimulator/StripePayments.build/Objects-normal/arm64/STDSSpacerView.o -index-unit-output-path /Pods.build/Debug-iphonesimulator/StripePayments.build/Objects-normal/arm64/STDSSpacerView.o

CompileC /Users/kharyfiler/Library/Developer/Xcode/DerivedData/Gripah-gptnnpiwslcswlcpylqwkddqyprw/Build/Intermediates.noindex/Pods.build/Debug-iphonesimulator/StripePayments.build/Objects-normal/arm64/STDSSimulatorChecker.o /Users/kharyfiler/Documents/grip-claude/ios/Pods/StripePayments/Stripe3DS2/Stripe3DS2/STDSSimulatorChecker.m normal arm64 objective-c com.apple.compilers.llvm.clang.1_0.compiler (in target 'StripePayments' from project 'Pods')
    cd /Users/kharyfiler/Documents/grip-claude/ios/Pods
    
    Using response file: /Users/kharyfiler/Library/Developer/Xcode/DerivedData/Gripah-gptnnpiwslcswlcpylqwkddqyprw/Build/Intermediates.noindex/Pods.build/Debug-iphonesimulator/StripePayments.build/Objects-normal/arm64/e6072d4f65d7061329687fe24e3d63a7-common-args.resp
    
    /Applications/Xcode.app/Contents/Developer/Toolchains/XcodeDefault.xctoolchain/usr/bin/clang -x objective-c -ivfsstatcache /Users/kharyfiler/Library/Developer/Xcode/DerivedData/SDKStatCaches.noindex/iphonesimulator26.2-23C53-3885c01c3e6b6a337905948deab2002e7d00a8b37fbd7999ea79df8ebc024bf0.sdkstatcache -fmessage-length\=0 -fdiagnostics-show-note-include-stack -fmacro-backtrace-limit\=0 -fno-color-diagnostics -fmodules-prune-interval\=86400 -fmodules-prune-after\=345600 -fbuild-session-file\=/Users/kharyfiler/Library/Developer/Xcode/DerivedData/ModuleCache.noindex/Session.modulevalidation -fmodules-validate-once-per-build-session -Wnon-modular-include-in-framework-module -Werror\=non-modular-include-in-framework-module -Wno-trigraphs -Wno-missing-field-initializers -Wno-missing-prototypes -Werror\=return-type -Wdocumentation -Wunreachable-code -Wno-implicit-atomic-properties -Werror\=deprecated-objc-isa-usage -Wno-objc-interface-ivars -Werror\=objc-root-class -Wno-arc-repeated-use-of-weak -Wimplicit-retain-self -Wduplicate-method-match -Wno-missing-braces -Wparentheses -Wswitch -Wunused-function -Wno-unused-label -Wno-unused-parameter -Wunused-variable -Wunused-value -Wempty-body -Wuninitialized -Wconditional-uninitialized -Wno-unknown-pragmas -Wno-shadow -Wno-four-char-constants -Wno-conversion -Wconstant-conversion -Wint-conversion -Wbool-conversion -Wenum-conversion -Wno-float-conversion -Wnon-literal-null-conversion -Wobjc-literal-conversion -Wshorten-64-to-32 -Wpointer-sign -Wno-newline-eof -Wno-selector -Wno-strict-selector-match -Wundeclared-selector -Wdeprecated-implementations -Wno-implicit-fallthrough -fstrict-aliasing -Wprotocol -Wdeprecated-declarations -Wno-sign-conversion -Winfinite-recursion -Wcomma -Wblock-capture-autoreleasing -Wstrict-prototypes -Wno-semicolon-before-method-body -Wunguarded-availability -index-store-path /Users/kharyfiler/Library/Developer/Xcode/DerivedData/Gripah-gptnnpiwslcswlcpylqwkddqyprw/Index.noindex/DataStore @/Users/kharyfiler/Library/Developer/Xcode/DerivedData/Gripah-gptnnpiwslcswlcpylqwkddqyprw/Build/Intermediates.noindex/Pods.build/Debug-iphonesimulator/StripePayments.build/Objects-normal/arm64/e6072d4f65d7061329687fe24e3d63a7-common-args.resp -include /Users/kharyfiler/Documents/grip-claude/ios/Pods/Target\ Support\ Files/StripePayments/StripePayments-prefix.pch -MMD -MT dependencies -MF /Users/kharyfiler/Library/Developer/Xcode/DerivedData/Gripah-gptnnpiwslcswlcpylqwkddqyprw/Build/Intermediates.noindex/Pods.build/Debug-iphonesimulator/StripePayments.build/Objects-normal/arm64/STDSSimulatorChecker.d --serialize-diagnostics /Users/kharyfiler/Library/Developer/Xcode/DerivedData/Gripah-gptnnpiwslcswlcpylqwkddqyprw/Build/Intermediates.noindex/Pods.build/Debug-iphonesimulator/StripePayments.build/Objects-normal/arm64/STDSSimulatorChecker.dia -c /Users/kharyfiler/Documents/grip-claude/ios/Pods/StripePayments/Stripe3DS2/Stripe3DS2/STDSSimulatorChecker.m -o /Users/kharyfiler/Library/Developer/Xcode/DerivedData/Gripah-gptnnpiwslcswlcpylqwkddqyprw/Build/Intermediates.noindex/Pods.build/Debug-iphonesimulator/StripePayments.build/Objects-normal/arm64/STDSSimulatorChecker.o -index-unit-output-path /Pods.build/Debug-iphonesimulator/StripePayments.build/Objects-normal/arm64/STDSSimulatorChecker.o

CompileC /Users/kharyfiler/Library/Developer/Xcode/DerivedData/Gripah-gptnnpiwslcswlcpylqwkddqyprw/Build/Intermediates.noindex/Pods.build/Debug-iphonesimulator/StripePayments.build/Objects-normal/arm64/STDSSelectionCustomization.o /Users/kharyfiler/Documents/grip-claude/ios/Pods/StripePayments/Stripe3DS2/Stripe3DS2/include/STDSSelectionCustomization.m normal arm64 objective-c com.apple.compilers.llvm.clang.1_0.compiler (in target 'StripePayments' from project 'Pods')
    cd /Users/kharyfiler/Documents/grip-claude/ios/Pods
    
    Using response file: /Users/kharyfiler/Library/Developer/Xcode/DerivedData/Gripah-gptnnpiwslcswlcpylqwkddqyprw/Build/Intermediates.noindex/Pods.build/Debug-iphonesimulator/StripePayments.build/Objects-normal/arm64/e6072d4f65d7061329687fe24e3d63a7-common-args.resp
    
    /Applications/Xcode.app/Contents/Developer/Toolchains/XcodeDefault.xctoolchain/usr/bin/clang -x objective-c -ivfsstatcache /Users/kharyfiler/Library/Developer/Xcode/DerivedData/SDKStatCaches.noindex/iphonesimulator26.2-23C53-3885c01c3e6b6a337905948deab2002e7d00a8b37fbd7999ea79df8ebc024bf0.sdkstatcache -fmessage-length\=0 -fdiagnostics-show-note-include-stack -fmacro-backtrace-limit\=0 -fno-color-diagnostics -fmodules-prune-interval\=86400 -fmodules-prune-after\=345600 -fbuild-session-file\=/Users/kharyfiler/Library/Developer/Xcode/DerivedData/ModuleCache.noindex/Session.modulevalidation -fmodules-validate-once-per-build-session -Wnon-modular-include-in-framework-module -Werror\=non-modular-include-in-framework-module -Wno-trigraphs -Wno-missing-field-initializers -Wno-missing-prototypes -Werror\=return-type -Wdocumentation -Wunreachable-code -Wno-implicit-atomic-properties -Werror\=deprecated-objc-isa-usage -Wno-objc-interface-ivars -Werror\=objc-root-class -Wno-arc-repeated-use-of-weak -Wimplicit-retain-self -Wduplicate-method-match -Wno-missing-braces -Wparentheses -Wswitch -Wunused-function -Wno-unused-label -Wno-unused-parameter -Wunused-variable -Wunused-value -Wempty-body -Wuninitialized -Wconditional-uninitialized -Wno-unknown-pragmas -Wno-shadow -Wno-four-char-constants -Wno-conversion -Wconstant-conversion -Wint-conversion -Wbool-conversion -Wenum-conversion -Wno-float-conversion -Wnon-literal-null-conversion -Wobjc-literal-conversion -Wshorten-64-to-32 -Wpointer-sign -Wno-newline-eof -Wno-selector -Wno-strict-selector-match -Wundeclared-selector -Wdeprecated-implementations -Wno-implicit-fallthrough -fstrict-aliasing -Wprotocol -Wdeprecated-declarations -Wno-sign-conversion -Winfinite-recursion -Wcomma -Wblock-capture-autoreleasing -Wstrict-prototypes -Wno-semicolon-before-method-body -Wunguarded-availability -index-store-path /Users/kharyfiler/Library/Developer/Xcode/DerivedData/Gripah-gptnnpiwslcswlcpylqwkddqyprw/Index.noindex/DataStore @/Users/kharyfiler/Library/Developer/Xcode/DerivedData/Gripah-gptnnpiwslcswlcpylqwkddqyprw/Build/Intermediates.noindex/Pods.build/Debug-iphonesimulator/StripePayments.build/Objects-normal/arm64/e6072d4f65d7061329687fe24e3d63a7-common-args.resp -include /Users/kharyfiler/Documents/grip-claude/ios/Pods/Target\ Support\ Files/StripePayments/StripePayments-prefix.pch -MMD -MT dependencies -MF /Users/kharyfiler/Library/Developer/Xcode/DerivedData/Gripah-gptnnpiwslcswlcpylqwkddqyprw/Build/Intermediates.noindex/Pods.build/Debug-iphonesimulator/StripePayments.build/Objects-normal/arm64/STDSSelectionCustomization.d --serialize-diagnostics /Users/kharyfiler/Library/Developer/Xcode/DerivedData/Gripah-gptnnpiwslcswlcpylqwkddqyprw/Build/Intermediates.noindex/Pods.build/Debug-iphonesimulator/StripePayments.build/Objects-normal/arm64/STDSSelectionCustomization.dia -c /Users/kharyfiler/Documents/grip-claude/ios/Pods/StripePayments/Stripe3DS2/Stripe3DS2/include/STDSSelectionCustomization.m -o /Users/kharyfiler/Library/Developer/Xcode/DerivedData/Gripah-gptnnpiwslcswlcpylqwkddqyprw/Build/Intermediates.noindex/Pods.build/Debug-iphonesimulator/StripePayments.build/Objects-normal/arm64/STDSSelectionCustomization.o -index-unit-output-path /Pods.build/Debug-iphonesimulator/StripePayments.build/Objects-normal/arm64/STDSSelectionCustomization.o
Failed frontend command:
/Applications/Xcode.app/Contents/Developer/Toolchains/XcodeDefault.xctoolchain/usr/bin/clang -cc1 -Wundef-prefix\=TARGET_OS_ -fdiagnostics-show-note-include-stack -fmacro-backtrace-limit\=0 -fmessage-length\=64 -ferror-limit 19 -serialize-diagnostic-file /Users/kharyfiler/Library/Developer/Xcode/DerivedData/Gripah-gptnnpiwslcswlcpylqwkddqyprw/Build/Intermediates.noindex/Pods.build/Debug-iphonesimulator/StripePayments.build/Objects-normal/arm64/STDSSelectionCustomization.dia -fcolor-diagnostics -Wdeprecated-objc-isa-usage -Werror\=deprecated-objc-isa-usage -Werror\=implicit-function-declaration -Wnon-modular-include-in-framework-module -Werror\=non-modular-include-in-framework-module -Wno-trigraphs -Wno-missing-field-initializers -Wno-missing-prototypes -Werror\=return-type -Wdocumentation -Wunreachable-code -Wno-implicit-atomic-properties -Werror\=deprecated-objc-isa-usage -Wno-objc-interface-ivars -Werror\=objc-root-class -Wno-arc-repeated-use-of-weak -Wimplicit-retain-self -Wduplicate-method-match -Wno-missing-braces -Wparentheses -Wswitch -Wunused-function -Wno-unused-label -Wno-unused-parameter -Wunused-variable -Wunused-value -Wempty-body -Wuninitialized -Wconditional-uninitialized -Wno-unknown-pragmas -Wno-shadow -Wno-four-char-constants -Wno-conversion -Wconstant-conversion -Wint-conversion -Wbool-conversion -Wenum-conversion -Wno-float-conversion -Wnon-literal-null-conversion -Wobjc-literal-conversion -Wshorten-64-to-32 -Wpointer-sign -Wno-newline-eof -Wno-selector -Wno-strict-selector-match -Wundeclared-selector -Wdeprecated-implementations -Wno-implicit-fallthrough -Wprotocol -Wdeprecated-declarations -Wno-sign-conversion -Winfinite-recursion -Wcomma -Wblock-capture-autoreleasing -Wstrict-prototypes -Wno-semicolon-before-method-body -Wunguarded-availability -Wno-reorder-init-list -Wno-implicit-int-float-conversion -Wno-c99-designator -Wno-final-dtor-non-final-class -Wno-extra-semi-stmt -Wno-misleading-indentation -Wno-quoted-include-in-framework-header -Wno-implicit-fallthrough -Wno-enum-enum-conversion -Wno-enum-float-conversion -Wno-elaborated-enum-base -index-store-path /Users/kharyfiler/Library/Developer/Xcode/DerivedData/Gripah-gptnnpiwslcswlcpylqwkddqyprw/Index.noindex/DataStore -index-unit-output-path /Pods.build/Debug-iphonesimulator/StripePayments.build/Objects-normal/arm64/STDSSelectionCustomization.o -fmodule-map-file\=/Users/kharyfiler/Library/Developer/Xcode/DerivedData/Gripah-gptnnpiwslcswlcpylqwkddqyprw/Build/Products/Debug-iphonesimulator/StripeCore/StripeCore.modulemap -fmodule-map-file\=/Applications/Xcode.app/Contents/Developer/Platforms/iPhoneSimulator.platform/Developer/SDKs/iPhoneSimulator.sdk/System/Library/Frameworks/UIKit.framework/Modules/module.modulemap -o /Users/kharyfiler/Library/Developer/Xcode/DerivedData/Gripah-gptnnpiwslcswlcpylqwkddqyprw/Build/Intermediates.noindex/Pods.build/Debug-iphonesimulator/StripePayments.build/Objects-normal/arm64/STDSSelectionCustomization.o -disable-free -emit-obj -x objective-c /Users/kharyfiler/Documents/grip-claude/ios/Pods/StripePayments/Stripe3DS2/Stripe3DS2/include/STDSSelectionCustomization.m -target-abi darwinpcs -target-cpu apple-m1 -target-feature +zcm -target-feature +zcz -target-feature +v8.5a -target-feature +aes -target-feature +altnzcv -target-feature +ccdp -target-feature +complxnum -target-feature +crc -target-feature +dotprod -target-feature +fp-armv8 -target-feature +fp16fml -target-feature +fptoint -target-feature +fullfp16 -target-feature +jsconv -target-feature +lse -target-feature +neon -target-feature +pauth -target-feature +perfmon -target-feature +predres -target-feature +ras -target-feature +rcpc -target-feature +rdm -target-feature +sb -target-feature +sha2 -target-feature +sha3 -target-feature +specrestrict -target-feature +ssbs -triple arm64-apple-ios15.1.0-simulator -target-linker-version 1230.1 -target-sdk-version\=26.2 -fmodules-validate-system-headers -fno-modulemap-allow-subdirectory-search -isysroot /Applications/Xcode.app/Contents/Developer/Platforms/iPhoneSimulator.platform/Developer/SDKs/iPhoneSimulator26.2.sdk -resource-dir /Applications/Xcode.app/Contents/Developer/Toolchains/XcodeDefault.xctoolchain/usr/lib/clang/17 -fmodule-file\=UIKit\=/Users/kharyfiler/Library/Developer/Xcode/DerivedData/Gripah-gptnnpiwslcswlcpylqwkddqyprw/Build/Intermediates.noindex/ExplicitPrecompiledModules/UIKit-9QKT0580GDM5N9TDU6ZJTMMA1.pcm -I /Users/kharyfiler/Library/Developer/Xcode/DerivedData/Gripah-gptnnpiwslcswlcpylqwkddqyprw/Build/Intermediates.noindex/Pods.build/Debug-iphonesimulator/StripePayments.build/StripePayments-own-target-headers.hmap -I /Users/kharyfiler/Library/Developer/Xcode/DerivedData/Gripah-gptnnpiwslcswlcpylqwkddqyprw/Build/Intermediates.noindex/Pods.build/Debug-iphonesimulator/StripePayments.build/StripePayments-all-non-framework-target-headers.hmap -I /Users/kharyfiler/Library/Developer/Xcode/DerivedData/Gripah-gptnnpiwslcswlcpylqwkddqyprw/Build/Products/Debug-iphonesimulator/StripePayments/include -I /Users/kharyfiler/Documents/grip-claude/ios/Pods/Headers/Private -I /Users/kharyfiler/Documents/grip-claude/ios/Pods/Headers/Private/StripePayments -I /Users/kharyfiler/Documents/grip-claude/ios/Pods/Headers/Public -I /Users/kharyfiler/Library/Developer/Xcode/DerivedData/Gripah-gptnnpiwslcswlcpylqwkddqyprw/Build/Intermediates.noindex/Pods.build/Debug-iphonesimulator/StripePayments.build/DerivedSources-normal/arm64 -I /Users/kharyfiler/Library/Developer/Xcode/DerivedData/Gripah-gptnnpiwslcswlcpylqwkddqyprw/Build/Intermediates.noindex/Pods.build/Debug-iphonesimulator/StripePayments.build/DerivedSources/arm64 -I /Users/kharyfiler/Library/Developer/Xcode/DerivedData/Gripah-gptnnpiwslcswlcpylqwkddqyprw/Build/Intermediates.noindex/Pods.build/Debug-iphonesimulator/StripePayments.build/DerivedSources -F /Users/kharyfiler/Library/Developer/Xcode/DerivedData/Gripah-gptnnpiwslcswlcpylqwkddqyprw/Build/Products/Debug-iphonesimulator/StripePayments -iquote /Users/kharyfiler/Library/Developer/Xcode/DerivedData/Gripah-gptnnpiwslcswlcpylqwkddqyprw/Build/Intermediates.noindex/Pods.build/Debug-iphonesimulator/StripePayments.build/StripePayments-generated-files.hmap -iquote /Users/kharyfiler/Library/Developer/Xcode/DerivedData/Gripah-gptnnpiwslcswlcpylqwkddqyprw/Build/Intermediates.noindex/Pods.build/Debug-iphonesimulator/StripePayments.build/StripePayments-project-headers.hmap -isystem /Applications/Xcode.app/Contents/Developer/Platforms/iPhoneSimulator.platform/Developer/SDKs/iPhoneSimulator26.2.sdk/usr/local/include -isystem /Applications/Xcode.app/Contents/Developer/Toolchains/XcodeDefault.xctoolchain/usr/lib/clang/17/include -internal-externc-isystem /Applications/Xcode.app/Contents/Developer/Platforms/iPhoneSimulator.platform/Developer/SDKs/iPhoneSimulator26.2.sdk/usr/include -internal-externc-isystem /Applications/Xcode.app/Contents/Developer/Toolchains/XcodeDefault.xctoolchain/usr/include -internal-iframework /Applications/Xcode.app/Contents/Developer/Platforms/iPhoneSimulator.platform/Developer/SDKs/iPhoneSimulator26.2.sdk/System/Library/Frameworks -internal-iframework /Applications/Xcode.app/Contents/Developer/Platforms/iPhoneSimulator.platform/Developer/SDKs/iPhoneSimulator26.2.sdk/System/Library/SubFrameworks -internal-iframework /Applications/Xcode.app/Contents/Developer/Platforms/iPhoneSimulator.platform/Developer/SDKs/iPhoneSimulator26.2.sdk/Library/Frameworks -ivfsstatcache /Users/kharyfiler/Library/Developer/Xcode/DerivedData/SDKStatCaches.noindex/iphonesimulator26.2-23C53-3885c01c3e6b6a337905948deab2002e7d00a8b37fbd7999ea79df8ebc024bf0.sdkstatcache -ivfsoverlay /Users/kharyfiler/Library/Developer/Xcode/DerivedData/Gripah-gptnnpiwslcswlcpylqwkddqyprw/Build/Intermediates.noindex/Pods.build/Debug-iphonesimulator/Pods-8699adb1dd336b26511df848a716bd42-VFS-iphonesimulator/all-product-headers.yaml -std\=gnu11 -fexceptions -fskip-odr-check-in-gmf -fmodules -fno-implicit-modules -fobjc-exceptions -fmax-type-align\=16 -fpascal-strings -fvisibility-inlines-hidden-static-local-var -mdarwin-stkchk-strong-link -fno-odr-hash-protocols -pic-level 2 -fencode-extended-block-signature -stack-protector 1 -fobjc-runtime\=ios-15.1.0 -fobjc-arc -fobjc-runtime-has-weak -fobjc-weak -fgnuc-version\=4.2.1 -fblocks -ffp-contract\=on -fclang-abi-compat\=4.0 -fno-experimental-relative-c++-abi-vtables -fno-file-reproducible -clang-vendor-feature\=+disableNonDependentMemberExprInCurrentInstantiation -clang-vendor-feature\=+enableAggressiveVLAFolding -clang-vendor-feature\=+revert09abecef7bbf -clang-vendor-feature\=+thisNoAlignAttr -clang-vendor-feature\=+thisNoNullAttr -clang-vendor-feature\=+disableAtImportPrivateFrameworkInImplementationError -O0 -fno-assume-unique-vtables -fdebug-compilation-dir\=/Users/kharyfiler/Documents/grip-claude/ios/Pods -fcoverage-compilation-dir\=/Users/kharyfiler/Documents/grip-claude/ios/Pods -fobjc-msgsend-selector-stubs -fregister-global-dtors-with-atexit -fno-strict-return -dwarf-version\=4 -debugger-tuning\=lldb -disable-llvm-verifier -funwind-tables\=1 -clear-ast-before-backend -discard-value-names -main-file-name STDSSelectionCustomization.m -mframe-pointer\=non-leaf -debug-info-kind\=standalone -fdiagnostics-hotness-threshold\=0 -fdiagnostics-misexpect-tolerance\=0 -D COCOAPODS\=1 -D DEBUG\=1 -D OBJC_OLD_DISPATCH_PROTOTYPES\=0 -D POD_CONFIGURATION_DEBUG\=1 -D __GCC_HAVE_DWARF2_CFI_ASM\=1 -include /Users/kharyfiler/Documents/grip-claude/ios/Pods/Target\ Support\ Files/StripePayments/StripePayments-prefix.pch -fdefine-target-os-macros -MT dependencies -dependency-file /Users/kharyfiler/Library/Developer/Xcode/DerivedData/Gripah-gptnnpiwslcswlcpylqwkddqyprw/Build/Intermediates.noindex/Pods.build/Debug-iphonesimulator/StripePayments.build/Objects-normal/arm64/STDSSelectionCustomization.d -skip-unused-modulemap-deps

CompileC /Users/kharyfiler/Library/Developer/Xcode/DerivedData/Gripah-gptnnpiwslcswlcpylqwkddqyprw/Build/Intermediates.noindex/Pods.build/Debug-iphonesimulator/StripePayments.build/Objects-normal/arm64/STDSSelectionButton.o /Users/kharyfiler/Documents/grip-claude/ios/Pods/StripePayments/Stripe3DS2/Stripe3DS2/STDSSelectionButton.m normal arm64 objective-c com.apple.compilers.llvm.clang.1_0.compiler (in target 'StripePayments' from project 'Pods')
    cd /Users/kharyfiler/Documents/grip-claude/ios/Pods
    
    Using response file: /Users/kharyfiler/Library/Developer/Xcode/DerivedData/Gripah-gptnnpiwslcswlcpylqwkddqyprw/Build/Intermediates.noindex/Pods.build/Debug-iphonesimulator/StripePayments.build/Objects-normal/arm64/e6072d4f65d7061329687fe24e3d63a7-common-args.resp
    
    /Applications/Xcode.app/Contents/Developer/Toolchains/XcodeDefault.xctoolchain/usr/bin/clang -x objective-c -ivfsstatcache /Users/kharyfiler/Library/Developer/Xcode/DerivedData/SDKStatCaches.noindex/iphonesimulator26.2-23C53-3885c01c3e6b6a337905948deab2002e7d00a8b37fbd7999ea79df8ebc024bf0.sdkstatcache -fmessage-length\=0 -fdiagnostics-show-note-include-stack -fmacro-backtrace-limit\=0 -fno-color-diagnostics -fmodules-prune-interval\=86400 -fmodules-prune-after\=345600 -fbuild-session-file\=/Users/kharyfiler/Library/Developer/Xcode/DerivedData/ModuleCache.noindex/Session.modulevalidation -fmodules-validate-once-per-build-session -Wnon-modular-include-in-framework-module -Werror\=non-modular-include-in-framework-module -Wno-trigraphs -Wno-missing-field-initializers -Wno-missing-prototypes -Werror\=return-type -Wdocumentation -Wunreachable-code -Wno-implicit-atomic-properties -Werror\=deprecated-objc-isa-usage -Wno-objc-interface-ivars -Werror\=objc-root-class -Wno-arc-repeated-use-of-weak -Wimplicit-retain-self -Wduplicate-method-match -Wno-missing-braces -Wparentheses -Wswitch -Wunused-function -Wno-unused-label -Wno-unused-parameter -Wunused-variable -Wunused-value -Wempty-body -Wuninitialized -Wconditional-uninitialized -Wno-unknown-pragmas -Wno-shadow -Wno-four-char-constants -Wno-conversion -Wconstant-conversion -Wint-conversion -Wbool-conversion -Wenum-conversion -Wno-float-conversion -Wnon-literal-null-conversion -Wobjc-literal-conversion -Wshorten-64-to-32 -Wpointer-sign -Wno-newline-eof -Wno-selector -Wno-strict-selector-match -Wundeclared-selector -Wdeprecated-implementations -Wno-implicit-fallthrough -fstrict-aliasing -Wprotocol -Wdeprecated-declarations -Wno-sign-conversion -Winfinite-recursion -Wcomma -Wblock-capture-autoreleasing -Wstrict-prototypes -Wno-semicolon-before-method-body -Wunguarded-availability -index-store-path /Users/kharyfiler/Library/Developer/Xcode/DerivedData/Gripah-gptnnpiwslcswlcpylqwkddqyprw/Index.noindex/DataStore @/Users/kharyfiler/Library/Developer/Xcode/DerivedData/Gripah-gptnnpiwslcswlcpylqwkddqyprw/Build/Intermediates.noindex/Pods.build/Debug-iphonesimulator/StripePayments.build/Objects-normal/arm64/e6072d4f65d7061329687fe24e3d63a7-common-args.resp -include /Users/kharyfiler/Documents/grip-claude/ios/Pods/Target\ Support\ Files/StripePayments/StripePayments-prefix.pch -MMD -MT dependencies -MF /Users/kharyfiler/Library/Developer/Xcode/DerivedData/Gripah-gptnnpiwslcswlcpylqwkddqyprw/Build/Intermediates.noindex/Pods.build/Debug-iphonesimulator/StripePayments.build/Objects-normal/arm64/STDSSelectionButton.d --serialize-diagnostics /Users/kharyfiler/Library/Developer/Xcode/DerivedData/Gripah-gptnnpiwslcswlcpylqwkddqyprw/Build/Intermediates.noindex/Pods.build/Debug-iphonesimulator/StripePayments.build/Objects-normal/arm64/STDSSelectionButton.dia -c /Users/kharyfiler/Documents/grip-claude/ios/Pods/StripePayments/Stripe3DS2/Stripe3DS2/STDSSelectionButton.m -o /Users/kharyfiler/Library/Developer/Xcode/DerivedData/Gripah-gptnnpiwslcswlcpylqwkddqyprw/Build/Intermediates.noindex/Pods.build/Debug-iphonesimulator/StripePayments.build/Objects-normal/arm64/STDSSelectionButton.o -index-unit-output-path /Pods.build/Debug-iphonesimulator/StripePayments.build/Objects-normal/arm64/STDSSelectionButton.o
Failed frontend command:
/Applications/Xcode.app/Contents/Developer/Toolchains/XcodeDefault.xctoolchain/usr/bin/clang -cc1 -Wundef-prefix\=TARGET_OS_ -fdiagnostics-show-note-include-stack -fmacro-backtrace-limit\=0 -fmessage-length\=64 -ferror-limit 19 -serialize-diagnostic-file /Users/kharyfiler/Library/Developer/Xcode/DerivedData/Gripah-gptnnpiwslcswlcpylqwkddqyprw/Build/Intermediates.noindex/Pods.build/Debug-iphonesimulator/StripePayments.build/Objects-normal/arm64/STDSSelectionButton.dia -fcolor-diagnostics -Wdeprecated-objc-isa-usage -Werror\=deprecated-objc-isa-usage -Werror\=implicit-function-declaration -Wnon-modular-include-in-framework-module -Werror\=non-modular-include-in-framework-module -Wno-trigraphs -Wno-missing-field-initializers -Wno-missing-prototypes -Werror\=return-type -Wdocumentation -Wunreachable-code -Wno-implicit-atomic-properties -Werror\=deprecated-objc-isa-usage -Wno-objc-interface-ivars -Werror\=objc-root-class -Wno-arc-repeated-use-of-weak -Wimplicit-retain-self -Wduplicate-method-match -Wno-missing-braces -Wparentheses -Wswitch -Wunused-function -Wno-unused-label -Wno-unused-parameter -Wunused-variable -Wunused-value -Wempty-body -Wuninitialized -Wconditional-uninitialized -Wno-unknown-pragmas -Wno-shadow -Wno-four-char-constants -Wno-conversion -Wconstant-conversion -Wint-conversion -Wbool-conversion -Wenum-conversion -Wno-float-conversion -Wnon-literal-null-conversion -Wobjc-literal-conversion -Wshorten-64-to-32 -Wpointer-sign -Wno-newline-eof -Wno-selector -Wno-strict-selector-match -Wundeclared-selector -Wdeprecated-implementations -Wno-implicit-fallthrough -Wprotocol -Wdeprecated-declarations -Wno-sign-conversion -Winfinite-recursion -Wcomma -Wblock-capture-autoreleasing -Wstrict-prototypes -Wno-semicolon-before-method-body -Wunguarded-availability -Wno-reorder-init-list -Wno-implicit-int-float-conversion -Wno-c99-designator -Wno-final-dtor-non-final-class -Wno-extra-semi-stmt -Wno-misleading-indentation -Wno-quoted-include-in-framework-header -Wno-implicit-fallthrough -Wno-enum-enum-conversion -Wno-enum-float-conversion -Wno-elaborated-enum-base -index-store-path /Users/kharyfiler/Library/Developer/Xcode/DerivedData/Gripah-gptnnpiwslcswlcpylqwkddqyprw/Index.noindex/DataStore -index-unit-output-path /Pods.build/Debug-iphonesimulator/StripePayments.build/Objects-normal/arm64/STDSSelectionButton.o -fmodule-map-file\=/Users/kharyfiler/Library/Developer/Xcode/DerivedData/Gripah-gptnnpiwslcswlcpylqwkddqyprw/Build/Products/Debug-iphonesimulator/StripeCore/StripeCore.modulemap -fmodule-map-file\=/Applications/Xcode.app/Contents/Developer/Platforms/iPhoneSimulator.platform/Developer/SDKs/iPhoneSimulator.sdk/System/Library/Frameworks/UIKit.framework/Modules/module.modulemap -o /Users/kharyfiler/Library/Developer/Xcode/DerivedData/Gripah-gptnnpiwslcswlcpylqwkddqyprw/Build/Intermediates.noindex/Pods.build/Debug-iphonesimulator/StripePayments.build/Objects-normal/arm64/STDSSelectionButton.o -disable-free -emit-obj -x objective-c /Users/kharyfiler/Documents/grip-claude/ios/Pods/StripePayments/Stripe3DS2/Stripe3DS2/STDSSelectionButton.m -target-abi darwinpcs -target-cpu apple-m1 -target-feature +zcm -target-feature +zcz -target-feature +v8.5a -target-feature +aes -target-feature +altnzcv -target-feature +ccdp -target-feature +complxnum -target-feature +crc -target-feature +dotprod -target-feature +fp-armv8 -target-feature +fp16fml -target-feature +fptoint -target-feature +fullfp16 -target-feature +jsconv -target-feature +lse -target-feature +neon -target-feature +pauth -target-feature +perfmon -target-feature +predres -target-feature +ras -target-feature +rcpc -target-feature +rdm -target-feature +sb -target-feature +sha2 -target-feature +sha3 -target-feature +specrestrict -target-feature +ssbs -triple arm64-apple-ios15.1.0-simulator -target-linker-version 1230.1 -target-sdk-version\=26.2 -fmodules-validate-system-headers -fno-modulemap-allow-subdirectory-search -isysroot /Applications/Xcode.app/Contents/Developer/Platforms/iPhoneSimulator.platform/Developer/SDKs/iPhoneSimulator26.2.sdk -resource-dir /Applications/Xcode.app/Contents/Developer/Toolchains/XcodeDefault.xctoolchain/usr/lib/clang/17 -fmodule-file\=UIKit\=/Users/kharyfiler/Library/Developer/Xcode/DerivedData/Gripah-gptnnpiwslcswlcpylqwkddqyprw/Build/Intermediates.noindex/ExplicitPrecompiledModules/UIKit-9QKT0580GDM5N9TDU6ZJTMMA1.pcm -I /Users/kharyfiler/Library/Developer/Xcode/DerivedData/Gripah-gptnnpiwslcswlcpylqwkddqyprw/Build/Intermediates.noindex/Pods.build/Debug-iphonesimulator/StripePayments.build/StripePayments-own-target-headers.hmap -I /Users/kharyfiler/Library/Developer/Xcode/DerivedData/Gripah-gptnnpiwslcswlcpylqwkddqyprw/Build/Intermediates.noindex/Pods.build/Debug-iphonesimulator/StripePayments.build/StripePayments-all-non-framework-target-headers.hmap -I /Users/kharyfiler/Library/Developer/Xcode/DerivedData/Gripah-gptnnpiwslcswlcpylqwkddqyprw/Build/Products/Debug-iphonesimulator/StripePayments/include -I /Users/kharyfiler/Documents/grip-claude/ios/Pods/Headers/Private -I /Users/kharyfiler/Documents/grip-claude/ios/Pods/Headers/Private/StripePayments -I /Users/kharyfiler/Documents/grip-claude/ios/Pods/Headers/Public -I /Users/kharyfiler/Library/Developer/Xcode/DerivedData/Gripah-gptnnpiwslcswlcpylqwkddqyprw/Build/Intermediates.noindex/Pods.build/Debug-iphonesimulator/StripePayments.build/DerivedSources-normal/arm64 -I /Users/kharyfiler/Library/Developer/Xcode/DerivedData/Gripah-gptnnpiwslcswlcpylqwkddqyprw/Build/Intermediates.noindex/Pods.build/Debug-iphonesimulator/StripePayments.build/DerivedSources/arm64 -I /Users/kharyfiler/Library/Developer/Xcode/DerivedData/Gripah-gptnnpiwslcswlcpylqwkddqyprw/Build/Intermediates.noindex/Pods.build/Debug-iphonesimulator/StripePayments.build/DerivedSources -F /Users/kharyfiler/Library/Developer/Xcode/DerivedData/Gripah-gptnnpiwslcswlcpylqwkddqyprw/Build/Products/Debug-iphonesimulator/StripePayments -iquote /Users/kharyfiler/Library/Developer/Xcode/DerivedData/Gripah-gptnnpiwslcswlcpylqwkddqyprw/Build/Intermediates.noindex/Pods.build/Debug-iphonesimulator/StripePayments.build/StripePayments-generated-files.hmap -iquote /Users/kharyfiler/Library/Developer/Xcode/DerivedData/Gripah-gptnnpiwslcswlcpylqwkddqyprw/Build/Intermediates.noindex/Pods.build/Debug-iphonesimulator/StripePayments.build/StripePayments-project-headers.hmap -isystem /Applications/Xcode.app/Contents/Developer/Platforms/iPhoneSimulator.platform/Developer/SDKs/iPhoneSimulator26.2.sdk/usr/local/include -isystem /Applications/Xcode.app/Contents/Developer/Toolchains/XcodeDefault.xctoolchain/usr/lib/clang/17/include -internal-externc-isystem /Applications/Xcode.app/Contents/Developer/Platforms/iPhoneSimulator.platform/Developer/SDKs/iPhoneSimulator26.2.sdk/usr/include -internal-externc-isystem /Applications/Xcode.app/Contents/Developer/Toolchains/XcodeDefault.xctoolchain/usr/include -internal-iframework /Applications/Xcode.app/Contents/Developer/Platforms/iPhoneSimulator.platform/Developer/SDKs/iPhoneSimulator26.2.sdk/System/Library/Frameworks -internal-iframework /Applications/Xcode.app/Contents/Developer/Platforms/iPhoneSimulator.platform/Developer/SDKs/iPhoneSimulator26.2.sdk/System/Library/SubFrameworks -internal-iframework /Applications/Xcode.app/Contents/Developer/Platforms/iPhoneSimulator.platform/Developer/SDKs/iPhoneSimulator26.2.sdk/Library/Frameworks -ivfsstatcache /Users/kharyfiler/Library/Developer/Xcode/DerivedData/SDKStatCaches.noindex/iphonesimulator26.2-23C53-3885c01c3e6b6a337905948deab2002e7d00a8b37fbd7999ea79df8ebc024bf0.sdkstatcache -ivfsoverlay /Users/kharyfiler/Library/Developer/Xcode/DerivedData/Gripah-gptnnpiwslcswlcpylqwkddqyprw/Build/Intermediates.noindex/Pods.build/Debug-iphonesimulator/Pods-8699adb1dd336b26511df848a716bd42-VFS-iphonesimulator/all-product-headers.yaml -std\=gnu11 -fexceptions -fskip-odr-check-in-gmf -fmodules -fno-implicit-modules -fobjc-exceptions -fmax-type-align\=16 -fpascal-strings -fvisibility-inlines-hidden-static-local-var -mdarwin-stkchk-strong-link -fno-odr-hash-protocols -pic-level 2 -fencode-extended-block-signature -stack-protector 1 -fobjc-runtime\=ios-15.1.0 -fobjc-arc -fobjc-runtime-has-weak -fobjc-weak -fgnuc-version\=4.2.1 -fblocks -ffp-contract\=on -fclang-abi-compat\=4.0 -fno-experimental-relative-c++-abi-vtables -fno-file-reproducible -clang-vendor-feature\=+disableNonDependentMemberExprInCurrentInstantiation -clang-vendor-feature\=+enableAggressiveVLAFolding -clang-vendor-feature\=+revert09abecef7bbf -clang-vendor-feature\=+thisNoAlignAttr -clang-vendor-feature\=+thisNoNullAttr -clang-vendor-feature\=+disableAtImportPrivateFrameworkInImplementationError -O0 -fno-assume-unique-vtables -fdebug-compilation-dir\=/Users/kharyfiler/Documents/grip-claude/ios/Pods -fcoverage-compilation-dir\=/Users/kharyfiler/Documents/grip-claude/ios/Pods -fobjc-msgsend-selector-stubs -fregister-global-dtors-with-atexit -fno-strict-return -dwarf-version\=4 -debugger-tuning\=lldb -disable-llvm-verifier -funwind-tables\=1 -clear-ast-before-backend -discard-value-names -main-file-name STDSSelectionButton.m -mframe-pointer\=non-leaf -debug-info-kind\=standalone -fdiagnostics-hotness-threshold\=0 -fdiagnostics-misexpect-tolerance\=0 -D COCOAPODS\=1 -D DEBUG\=1 -D OBJC_OLD_DISPATCH_PROTOTYPES\=0 -D POD_CONFIGURATION_DEBUG\=1 -D __GCC_HAVE_DWARF2_CFI_ASM\=1 -include /Users/kharyfiler/Documents/grip-claude/ios/Pods/Target\ Support\ Files/StripePayments/StripePayments-prefix.pch -fdefine-target-os-macros -MT dependencies -dependency-file /Users/kharyfiler/Library/Developer/Xcode/DerivedData/Gripah-gptnnpiwslcswlcpylqwkddqyprw/Build/Intermediates.noindex/Pods.build/Debug-iphonesimulator/StripePayments.build/Objects-normal/arm64/STDSSelectionButton.d -skip-unused-modulemap-deps

CompileC /Users/kharyfiler/Library/Developer/Xcode/DerivedData/Gripah-gptnnpiwslcswlcpylqwkddqyprw/Build/Intermediates.noindex/Pods.build/Debug-iphonesimulator/StripePayments.build/Objects-normal/arm64/STDSSecTypeUtilities.o /Users/kharyfiler/Documents/grip-claude/ios/Pods/StripePayments/Stripe3DS2/Stripe3DS2/STDSSecTypeUtilities.m normal arm64 objective-c com.apple.compilers.llvm.clang.1_0.compiler (in target 'StripePayments' from project 'Pods')
    cd /Users/kharyfiler/Documents/grip-claude/ios/Pods
    
    Using response file: /Users/kharyfiler/Library/Developer/Xcode/DerivedData/Gripah-gptnnpiwslcswlcpylqwkddqyprw/Build/Intermediates.noindex/Pods.build/Debug-iphonesimulator/StripePayments.build/Objects-normal/arm64/e6072d4f65d7061329687fe24e3d63a7-common-args.resp
    
    /Applications/Xcode.app/Contents/Developer/Toolchains/XcodeDefault.xctoolchain/usr/bin/clang -x objective-c -ivfsstatcache /Users/kharyfiler/Library/Developer/Xcode/DerivedData/SDKStatCaches.noindex/iphonesimulator26.2-23C53-3885c01c3e6b6a337905948deab2002e7d00a8b37fbd7999ea79df8ebc024bf0.sdkstatcache -fmessage-length\=0 -fdiagnostics-show-note-include-stack -fmacro-backtrace-limit\=0 -fno-color-diagnostics -fmodules-prune-interval\=86400 -fmodules-prune-after\=345600 -fbuild-session-file\=/Users/kharyfiler/Library/Developer/Xcode/DerivedData/ModuleCache.noindex/Session.modulevalidation -fmodules-validate-once-per-build-session -Wnon-modular-include-in-framework-module -Werror\=non-modular-include-in-framework-module -Wno-trigraphs -Wno-missing-field-initializers -Wno-missing-prototypes -Werror\=return-type -Wdocumentation -Wunreachable-code -Wno-implicit-atomic-properties -Werror\=deprecated-objc-isa-usage -Wno-objc-interface-ivars -Werror\=objc-root-class -Wno-arc-repeated-use-of-weak -Wimplicit-retain-self -Wduplicate-method-match -Wno-missing-braces -Wparentheses -Wswitch -Wunused-function -Wno-unused-label -Wno-unused-parameter -Wunused-variable -Wunused-value -Wempty-body -Wuninitialized -Wconditional-uninitialized -Wno-unknown-pragmas -Wno-shadow -Wno-four-char-constants -Wno-conversion -Wconstant-conversion -Wint-conversion -Wbool-conversion -Wenum-conversion -Wno-float-conversion -Wnon-literal-null-conversion -Wobjc-literal-conversion -Wshorten-64-to-32 -Wpointer-sign -Wno-newline-eof -Wno-selector -Wno-strict-selector-match -Wundeclared-selector -Wdeprecated-implementations -Wno-implicit-fallthrough -fstrict-aliasing -Wprotocol -Wdeprecated-declarations -Wno-sign-conversion -Winfinite-recursion -Wcomma -Wblock-capture-autoreleasing -Wstrict-prototypes -Wno-semicolon-before-method-body -Wunguarded-availability -index-store-path /Users/kharyfiler/Library/Developer/Xcode/DerivedData/Gripah-gptnnpiwslcswlcpylqwkddqyprw/Index.noindex/DataStore @/Users/kharyfiler/Library/Developer/Xcode/DerivedData/Gripah-gptnnpiwslcswlcpylqwkddqyprw/Build/Intermediates.noindex/Pods.build/Debug-iphonesimulator/StripePayments.build/Objects-normal/arm64/e6072d4f65d7061329687fe24e3d63a7-common-args.resp -include /Users/kharyfiler/Documents/grip-claude/ios/Pods/Target\ Support\ Files/StripePayments/StripePayments-prefix.pch -MMD -MT dependencies -MF /Users/kharyfiler/Library/Developer/Xcode/DerivedData/Gripah-gptnnpiwslcswlcpylqwkddqyprw/Build/Intermediates.noindex/Pods.build/Debug-iphonesimulator/StripePayments.build/Objects-normal/arm64/STDSSecTypeUtilities.d --serialize-diagnostics /Users/kharyfiler/Library/Developer/Xcode/DerivedData/Gripah-gptnnpiwslcswlcpylqwkddqyprw/Build/Intermediates.noindex/Pods.build/Debug-iphonesimulator/StripePayments.build/Objects-normal/arm64/STDSSecTypeUtilities.dia -c /Users/kharyfiler/Documents/grip-claude/ios/Pods/StripePayments/Stripe3DS2/Stripe3DS2/STDSSecTypeUtilities.m -o /Users/kharyfiler/Library/Developer/Xcode/DerivedData/Gripah-gptnnpiwslcswlcpylqwkddqyprw/Build/Intermediates.noindex/Pods.build/Debug-iphonesimulator/StripePayments.build/Objects-normal/arm64/STDSSecTypeUtilities.o -index-unit-output-path /Pods.build/Debug-iphonesimulator/StripePayments.build/Objects-normal/arm64/STDSSecTypeUtilities.o
Failed frontend command:
/Applications/Xcode.app/Contents/Developer/Toolchains/XcodeDefault.xctoolchain/usr/bin/clang -cc1 -Wundef-prefix\=TARGET_OS_ -fdiagnostics-show-note-include-stack -fmacro-backtrace-limit\=0 -fmessage-length\=64 -ferror-limit 19 -serialize-diagnostic-file /Users/kharyfiler/Library/Developer/Xcode/DerivedData/Gripah-gptnnpiwslcswlcpylqwkddqyprw/Build/Intermediates.noindex/Pods.build/Debug-iphonesimulator/StripePayments.build/Objects-normal/arm64/STDSSecTypeUtilities.dia -fcolor-diagnostics -Wdeprecated-objc-isa-usage -Werror\=deprecated-objc-isa-usage -Werror\=implicit-function-declaration -Wnon-modular-include-in-framework-module -Werror\=non-modular-include-in-framework-module -Wno-trigraphs -Wno-missing-field-initializers -Wno-missing-prototypes -Werror\=return-type -Wdocumentation -Wunreachable-code -Wno-implicit-atomic-properties -Werror\=deprecated-objc-isa-usage -Wno-objc-interface-ivars -Werror\=objc-root-class -Wno-arc-repeated-use-of-weak -Wimplicit-retain-self -Wduplicate-method-match -Wno-missing-braces -Wparentheses -Wswitch -Wunused-function -Wno-unused-label -Wno-unused-parameter -Wunused-variable -Wunused-value -Wempty-body -Wuninitialized -Wconditional-uninitialized -Wno-unknown-pragmas -Wno-shadow -Wno-four-char-constants -Wno-conversion -Wconstant-conversion -Wint-conversion -Wbool-conversion -Wenum-conversion -Wno-float-conversion -Wnon-literal-null-conversion -Wobjc-literal-conversion -Wshorten-64-to-32 -Wpointer-sign -Wno-newline-eof -Wno-selector -Wno-strict-selector-match -Wundeclared-selector -Wdeprecated-implementations -Wno-implicit-fallthrough -Wprotocol -Wdeprecated-declarations -Wno-sign-conversion -Winfinite-recursion -Wcomma -Wblock-capture-autoreleasing -Wstrict-prototypes -Wno-semicolon-before-method-body -Wunguarded-availability -Wno-reorder-init-list -Wno-implicit-int-float-conversion -Wno-c99-designator -Wno-final-dtor-non-final-class -Wno-extra-semi-stmt -Wno-misleading-indentation -Wno-quoted-include-in-framework-header -Wno-implicit-fallthrough -Wno-enum-enum-conversion -Wno-enum-float-conversion -Wno-elaborated-enum-base -index-store-path /Users/kharyfiler/Library/Developer/Xcode/DerivedData/Gripah-gptnnpiwslcswlcpylqwkddqyprw/Index.noindex/DataStore -index-unit-output-path /Pods.build/Debug-iphonesimulator/StripePayments.build/Objects-normal/arm64/STDSSecTypeUtilities.o -fmodule-map-file\=/Users/kharyfiler/Library/Developer/Xcode/DerivedData/Gripah-gptnnpiwslcswlcpylqwkddqyprw/Build/Products/Debug-iphonesimulator/StripeCore/StripeCore.modulemap -fmodule-map-file\=/Applications/Xcode.app/Contents/Developer/Platforms/iPhoneSimulator.platform/Developer/SDKs/iPhoneSimulator.sdk/System/Library/Frameworks/Security.framework/Modules/module.modulemap -fmodule-map-file\=/Applications/Xcode.app/Contents/Developer/Platforms/iPhoneSimulator.platform/Developer/SDKs/iPhoneSimulator.sdk/System/Library/Frameworks/Foundation.framework/Modules/module.modulemap -fmodule-map-file\=/Applications/Xcode.app/Contents/Developer/Platforms/iPhoneSimulator.platform/Developer/SDKs/iPhoneSimulator.sdk/System/Library/Frameworks/UIKit.framework/Modules/module.modulemap -fmodule-map-file\=/Applications/Xcode.app/Contents/Developer/Platforms/iPhoneSimulator.platform/Developer/SDKs/iPhoneSimulator.sdk/usr/include/CommonCrypto/module.modulemap -o /Users/kharyfiler/Library/Developer/Xcode/DerivedData/Gripah-gptnnpiwslcswlcpylqwkddqyprw/Build/Intermediates.noindex/Pods.build/Debug-iphonesimulator/StripePayments.build/Objects-normal/arm64/STDSSecTypeUtilities.o -disable-free -emit-obj -x objective-c /Users/kharyfiler/Documents/grip-claude/ios/Pods/StripePayments/Stripe3DS2/Stripe3DS2/STDSSecTypeUtilities.m -target-abi darwinpcs -target-cpu apple-m1 -target-feature +zcm -target-feature +zcz -target-feature +v8.5a -target-feature +aes -target-feature +altnzcv -target-feature +ccdp -target-feature +complxnum -target-feature +crc -target-feature +dotprod -target-feature +fp-armv8 -target-feature +fp16fml -target-feature +fptoint -target-feature +fullfp16 -target-feature +jsconv -target-feature +lse -target-feature +neon -target-feature +pauth -target-feature +perfmon -target-feature +predres -target-feature +ras -target-feature +rcpc -target-feature +rdm -target-feature +sb -target-feature +sha2 -target-feature +sha3 -target-feature +specrestrict -target-feature +ssbs -triple arm64-apple-ios15.1.0-simulator -target-linker-version 1230.1 -target-sdk-version\=26.2 -fmodules-validate-system-headers -fno-modulemap-allow-subdirectory-search -isysroot /Applications/Xcode.app/Contents/Developer/Platforms/iPhoneSimulator.platform/Developer/SDKs/iPhoneSimulator26.2.sdk -resource-dir /Applications/Xcode.app/Contents/Developer/Toolchains/XcodeDefault.xctoolchain/usr/lib/clang/17 -fmodule-file\=CommonCrypto\=/Users/kharyfiler/Library/Developer/Xcode/DerivedData/Gripah-gptnnpiwslcswlcpylqwkddqyprw/Build/Intermediates.noindex/ExplicitPrecompiledModules/CommonCrypto-3D8BL1GXZEKBRHCPJ3EZX14WG.pcm -fmodule-file\=Foundation\=/Users/kharyfiler/Library/Developer/Xcode/DerivedData/Gripah-gptnnpiwslcswlcpylqwkddqyprw/Build/Intermediates.noindex/ExplicitPrecompiledModules/Foundation-ELJYZGL6C5JBHHALALXYWOBTQ.pcm -fmodule-file\=Security\=/Users/kharyfiler/Library/Developer/Xcode/DerivedData/Gripah-gptnnpiwslcswlcpylqwkddqyprw/Build/Intermediates.noindex/ExplicitPrecompiledModules/Security-CCQTI3BMR5UOK9JSIHMNBIUBC.pcm -fmodule-file\=UIKit\=/Users/kharyfiler/Library/Developer/Xcode/DerivedData/Gripah-gptnnpiwslcswlcpylqwkddqyprw/Build/Intermediates.noindex/ExplicitPrecompiledModules/UIKit-9QKT0580GDM5N9TDU6ZJTMMA1.pcm -I /Users/kharyfiler/Library/Developer/Xcode/DerivedData/Gripah-gptnnpiwslcswlcpylqwkddqyprw/Build/Intermediates.noindex/Pods.build/Debug-iphonesimulator/StripePayments.build/StripePayments-own-target-headers.hmap -I /Users/kharyfiler/Library/Developer/Xcode/DerivedData/Gripah-gptnnpiwslcswlcpylqwkddqyprw/Build/Intermediates.noindex/Pods.build/Debug-iphonesimulator/StripePayments.build/StripePayments-all-non-framework-target-headers.hmap -I /Users/kharyfiler/Library/Developer/Xcode/DerivedData/Gripah-gptnnpiwslcswlcpylqwkddqyprw/Build/Products/Debug-iphonesimulator/StripePayments/include -I /Users/kharyfiler/Documents/grip-claude/ios/Pods/Headers/Private -I /Users/kharyfiler/Documents/grip-claude/ios/Pods/Headers/Private/StripePayments -I /Users/kharyfiler/Documents/grip-claude/ios/Pods/Headers/Public -I /Users/kharyfiler/Library/Developer/Xcode/DerivedData/Gripah-gptnnpiwslcswlcpylqwkddqyprw/Build/Intermediates.noindex/Pods.build/Debug-iphonesimulator/StripePayments.build/DerivedSources-normal/arm64 -I /Users/kharyfiler/Library/Developer/Xcode/DerivedData/Gripah-gptnnpiwslcswlcpylqwkddqyprw/Build/Intermediates.noindex/Pods.build/Debug-iphonesimulator/StripePayments.build/DerivedSources/arm64 -I /Users/kharyfiler/Library/Developer/Xcode/DerivedData/Gripah-gptnnpiwslcswlcpylqwkddqyprw/Build/Intermediates.noindex/Pods.build/Debug-iphonesimulator/StripePayments.build/DerivedSources -F /Users/kharyfiler/Library/Developer/Xcode/DerivedData/Gripah-gptnnpiwslcswlcpylqwkddqyprw/Build/Products/Debug-iphonesimulator/StripePayments -iquote /Users/kharyfiler/Library/Developer/Xcode/DerivedData/Gripah-gptnnpiwslcswlcpylqwkddqyprw/Build/Intermediates.noindex/Pods.build/Debug-iphonesimulator/StripePayments.build/StripePayments-generated-files.hmap -iquote /Users/kharyfiler/Library/Developer/Xcode/DerivedData/Gripah-gptnnpiwslcswlcpylqwkddqyprw/Build/Intermediates.noindex/Pods.build/Debug-iphonesimulator/StripePayments.build/StripePayments-project-headers.hmap -isystem /Applications/Xcode.app/Contents/Developer/Platforms/iPhoneSimulator.platform/Developer/SDKs/iPhoneSimulator26.2.sdk/usr/local/include -isystem /Applications/Xcode.app/Contents/Developer/Toolchains/XcodeDefault.xctoolchain/usr/lib/clang/17/include -internal-externc-isystem /Applications/Xcode.app/Contents/Developer/Platforms/iPhoneSimulator.platform/Developer/SDKs/iPhoneSimulator26.2.sdk/usr/include -internal-externc-isystem /Applications/Xcode.app/Contents/Developer/Toolchains/XcodeDefault.xctoolchain/usr/include -internal-iframework /Applications/Xcode.app/Contents/Developer/Platforms/iPhoneSimulator.platform/Developer/SDKs/iPhoneSimulator26.2.sdk/System/Library/Frameworks -internal-iframework /Applications/Xcode.app/Contents/Developer/Platforms/iPhoneSimulator.platform/Developer/SDKs/iPhoneSimulator26.2.sdk/System/Library/SubFrameworks -internal-iframework /Applications/Xcode.app/Contents/Developer/Platforms/iPhoneSimulator.platform/Developer/SDKs/iPhoneSimulator26.2.sdk/Library/Frameworks -ivfsstatcache /Users/kharyfiler/Library/Developer/Xcode/DerivedData/SDKStatCaches.noindex/iphonesimulator26.2-23C53-3885c01c3e6b6a337905948deab2002e7d00a8b37fbd7999ea79df8ebc024bf0.sdkstatcache -ivfsoverlay /Users/kharyfiler/Library/Developer/Xcode/DerivedData/Gripah-gptnnpiwslcswlcpylqwkddqyprw/Build/Intermediates.noindex/Pods.build/Debug-iphonesimulator/Pods-8699adb1dd336b26511df848a716bd42-VFS-iphonesimulator/all-product-headers.yaml -std\=gnu11 -fexceptions -fskip-odr-check-in-gmf -fmodules -fno-implicit-modules -fobjc-exceptions -fmax-type-align\=16 -fpascal-strings -fvisibility-inlines-hidden-static-local-var -mdarwin-stkchk-strong-link -fno-odr-hash-protocols -pic-level 2 -fencode-extended-block-signature -stack-protector 1 -fobjc-runtime\=ios-15.1.0 -fobjc-arc -fobjc-runtime-has-weak -fobjc-weak -fgnuc-version\=4.2.1 -fblocks -ffp-contract\=on -fclang-abi-compat\=4.0 -fno-experimental-relative-c++-abi-vtables -fno-file-reproducible -clang-vendor-feature\=+disableNonDependentMemberExprInCurrentInstantiation -clang-vendor-feature\=+enableAggressiveVLAFolding -clang-vendor-feature\=+revert09abecef7bbf -clang-vendor-feature\=+thisNoAlignAttr -clang-vendor-feature\=+thisNoNullAttr -clang-vendor-feature\=+disableAtImportPrivateFrameworkInImplementationError -O0 -fno-assume-unique-vtables -fdebug-compilation-dir\=/Users/kharyfiler/Documents/grip-claude/ios/Pods -fcoverage-compilation-dir\=/Users/kharyfiler/Documents/grip-claude/ios/Pods -fobjc-msgsend-selector-stubs -fregister-global-dtors-with-atexit -fno-strict-return -dwarf-version\=4 -debugger-tuning\=lldb -disable-llvm-verifier -funwind-tables\=1 -clear-ast-before-backend -discard-value-names -main-file-name STDSSecTypeUtilities.m -mframe-pointer\=non-leaf -debug-info-kind\=standalone -fdiagnostics-hotness-threshold\=0 -fdiagnostics-misexpect-tolerance\=0 -D COCOAPODS\=1 -D DEBUG\=1 -D OBJC_OLD_DISPATCH_PROTOTYPES\=0 -D POD_CONFIGURATION_DEBUG\=1 -D __GCC_HAVE_DWARF2_CFI_ASM\=1 -include /Users/kharyfiler/Documents/grip-claude/ios/Pods/Target\ Support\ Files/StripePayments/StripePayments-prefix.pch -fdefine-target-os-macros -MT dependencies -dependency-file /Users/kharyfiler/Library/Developer/Xcode/DerivedData/Gripah-gptnnpiwslcswlcpylqwkddqyprw/Build/Intermediates.noindex/Pods.build/Debug-iphonesimulator/StripePayments.build/Objects-normal/arm64/STDSSecTypeUtilities.d -skip-unused-modulemap-deps

CompileC /Users/kharyfiler/Library/Developer/Xcode/DerivedData/Gripah-gptnnpiwslcswlcpylqwkddqyprw/Build/Intermediates.noindex/Pods.build/Debug-iphonesimulator/StripePayments.build/Objects-normal/arm64/STDSRuntimeException.o /Users/kharyfiler/Documents/grip-claude/ios/Pods/StripePayments/Stripe3DS2/Stripe3DS2/include/STDSRuntimeException.m normal arm64 objective-c com.apple.compilers.llvm.clang.1_0.compiler (in target 'StripePayments' from project 'Pods')
    cd /Users/kharyfiler/Documents/grip-claude/ios/Pods
    
    Using response file: /Users/kharyfiler/Library/Developer/Xcode/DerivedData/Gripah-gptnnpiwslcswlcpylqwkddqyprw/Build/Intermediates.noindex/Pods.build/Debug-iphonesimulator/StripePayments.build/Objects-normal/arm64/e6072d4f65d7061329687fe24e3d63a7-common-args.resp
    
    /Applications/Xcode.app/Contents/Developer/Toolchains/XcodeDefault.xctoolchain/usr/bin/clang -x objective-c -ivfsstatcache /Users/kharyfiler/Library/Developer/Xcode/DerivedData/SDKStatCaches.noindex/iphonesimulator26.2-23C53-3885c01c3e6b6a337905948deab2002e7d00a8b37fbd7999ea79df8ebc024bf0.sdkstatcache -fmessage-length\=0 -fdiagnostics-show-note-include-stack -fmacro-backtrace-limit\=0 -fno-color-diagnostics -fmodules-prune-interval\=86400 -fmodules-prune-after\=345600 -fbuild-session-file\=/Users/kharyfiler/Library/Developer/Xcode/DerivedData/ModuleCache.noindex/Session.modulevalidation -fmodules-validate-once-per-build-session -Wnon-modular-include-in-framework-module -Werror\=non-modular-include-in-framework-module -Wno-trigraphs -Wno-missing-field-initializers -Wno-missing-prototypes -Werror\=return-type -Wdocumentation -Wunreachable-code -Wno-implicit-atomic-properties -Werror\=deprecated-objc-isa-usage -Wno-objc-interface-ivars -Werror\=objc-root-class -Wno-arc-repeated-use-of-weak -Wimplicit-retain-self -Wduplicate-method-match -Wno-missing-braces -Wparentheses -Wswitch -Wunused-function -Wno-unused-label -Wno-unused-parameter -Wunused-variable -Wunused-value -Wempty-body -Wuninitialized -Wconditional-uninitialized -Wno-unknown-pragmas -Wno-shadow -Wno-four-char-constants -Wno-conversion -Wconstant-conversion -Wint-conversion -Wbool-conversion -Wenum-conversion -Wno-float-conversion -Wnon-literal-null-conversion -Wobjc-literal-conversion -Wshorten-64-to-32 -Wpointer-sign -Wno-newline-eof -Wno-selector -Wno-strict-selector-match -Wundeclared-selector -Wdeprecated-implementations -Wno-implicit-fallthrough -fstrict-aliasing -Wprotocol -Wdeprecated-declarations -Wno-sign-conversion -Winfinite-recursion -Wcomma -Wblock-capture-autoreleasing -Wstrict-prototypes -Wno-semicolon-before-method-body -Wunguarded-availability -index-store-path /Users/kharyfiler/Library/Developer/Xcode/DerivedData/Gripah-gptnnpiwslcswlcpylqwkddqyprw/Index.noindex/DataStore @/Users/kharyfiler/Library/Developer/Xcode/DerivedData/Gripah-gptnnpiwslcswlcpylqwkddqyprw/Build/Intermediates.noindex/Pods.build/Debug-iphonesimulator/StripePayments.build/Objects-normal/arm64/e6072d4f65d7061329687fe24e3d63a7-common-args.resp -include /Users/kharyfiler/Documents/grip-claude/ios/Pods/Target\ Support\ Files/StripePayments/StripePayments-prefix.pch -MMD -MT dependencies -MF /Users/kharyfiler/Library/Developer/Xcode/DerivedData/Gripah-gptnnpiwslcswlcpylqwkddqyprw/Build/Intermediates.noindex/Pods.build/Debug-iphonesimulator/StripePayments.build/Objects-normal/arm64/STDSRuntimeException.d --serialize-diagnostics /Users/kharyfiler/Library/Developer/Xcode/DerivedData/Gripah-gptnnpiwslcswlcpylqwkddqyprw/Build/Intermediates.noindex/Pods.build/Debug-iphonesimulator/StripePayments.build/Objects-normal/arm64/STDSRuntimeException.dia -c /Users/kharyfiler/Documents/grip-claude/ios/Pods/StripePayments/Stripe3DS2/Stripe3DS2/include/STDSRuntimeException.m -o /Users/kharyfiler/Library/Developer/Xcode/DerivedData/Gripah-gptnnpiwslcswlcpylqwkddqyprw/Build/Intermediates.noindex/Pods.build/Debug-iphonesimulator/StripePayments.build/Objects-normal/arm64/STDSRuntimeException.o -index-unit-output-path /Pods.build/Debug-iphonesimulator/StripePayments.build/Objects-normal/arm64/STDSRuntimeException.o
Failed frontend command:
/Applications/Xcode.app/Contents/Developer/Toolchains/XcodeDefault.xctoolchain/usr/bin/clang -cc1 -Wundef-prefix\=TARGET_OS_ -fdiagnostics-show-note-include-stack -fmacro-backtrace-limit\=0 -fmessage-length\=64 -ferror-limit 19 -serialize-diagnostic-file /Users/kharyfiler/Library/Developer/Xcode/DerivedData/Gripah-gptnnpiwslcswlcpylqwkddqyprw/Build/Intermediates.noindex/Pods.build/Debug-iphonesimulator/StripePayments.build/Objects-normal/arm64/STDSRuntimeException.dia -fcolor-diagnostics -Wdeprecated-objc-isa-usage -Werror\=deprecated-objc-isa-usage -Werror\=implicit-function-declaration -Wnon-modular-include-in-framework-module -Werror\=non-modular-include-in-framework-module -Wno-trigraphs -Wno-missing-field-initializers -Wno-missing-prototypes -Werror\=return-type -Wdocumentation -Wunreachable-code -Wno-implicit-atomic-properties -Werror\=deprecated-objc-isa-usage -Wno-objc-interface-ivars -Werror\=objc-root-class -Wno-arc-repeated-use-of-weak -Wimplicit-retain-self -Wduplicate-method-match -Wno-missing-braces -Wparentheses -Wswitch -Wunused-function -Wno-unused-label -Wno-unused-parameter -Wunused-variable -Wunused-value -Wempty-body -Wuninitialized -Wconditional-uninitialized -Wno-unknown-pragmas -Wno-shadow -Wno-four-char-constants -Wno-conversion -Wconstant-conversion -Wint-conversion -Wbool-conversion -Wenum-conversion -Wno-float-conversion -Wnon-literal-null-conversion -Wobjc-literal-conversion -Wshorten-64-to-32 -Wpointer-sign -Wno-newline-eof -Wno-selector -Wno-strict-selector-match -Wundeclared-selector -Wdeprecated-implementations -Wno-implicit-fallthrough -Wprotocol -Wdeprecated-declarations -Wno-sign-conversion -Winfinite-recursion -Wcomma -Wblock-capture-autoreleasing -Wstrict-prototypes -Wno-semicolon-before-method-body -Wunguarded-availability -Wno-reorder-init-list -Wno-implicit-int-float-conversion -Wno-c99-designator -Wno-final-dtor-non-final-class -Wno-extra-semi-stmt -Wno-misleading-indentation -Wno-quoted-include-in-framework-header -Wno-implicit-fallthrough -Wno-enum-enum-conversion -Wno-enum-float-conversion -Wno-elaborated-enum-base -index-store-path /Users/kharyfiler/Library/Developer/Xcode/DerivedData/Gripah-gptnnpiwslcswlcpylqwkddqyprw/Index.noindex/DataStore -index-unit-output-path /Pods.build/Debug-iphonesimulator/StripePayments.build/Objects-normal/arm64/STDSRuntimeException.o -fmodule-map-file\=/Users/kharyfiler/Library/Developer/Xcode/DerivedData/Gripah-gptnnpiwslcswlcpylqwkddqyprw/Build/Products/Debug-iphonesimulator/StripeCore/StripeCore.modulemap -fmodule-map-file\=/Applications/Xcode.app/Contents/Developer/Platforms/iPhoneSimulator.platform/Developer/SDKs/iPhoneSimulator.sdk/System/Library/Frameworks/Foundation.framework/Modules/module.modulemap -fmodule-map-file\=/Applications/Xcode.app/Contents/Developer/Platforms/iPhoneSimulator.platform/Developer/SDKs/iPhoneSimulator.sdk/System/Library/Frameworks/UIKit.framework/Modules/module.modulemap -o /Users/kharyfiler/Library/Developer/Xcode/DerivedData/Gripah-gptnnpiwslcswlcpylqwkddqyprw/Build/Intermediates.noindex/Pods.build/Debug-iphonesimulator/StripePayments.build/Objects-normal/arm64/STDSRuntimeException.o -disable-free -emit-obj -x objective-c /Users/kharyfiler/Documents/grip-claude/ios/Pods/StripePayments/Stripe3DS2/Stripe3DS2/include/STDSRuntimeException.m -target-abi darwinpcs -target-cpu apple-m1 -target-feature +zcm -target-feature +zcz -target-feature +v8.5a -target-feature +aes -target-feature +altnzcv -target-feature +ccdp -target-feature +complxnum -target-feature +crc -target-feature +dotprod -target-feature +fp-armv8 -target-feature +fp16fml -target-feature +fptoint -target-feature +fullfp16 -target-feature +jsconv -target-feature +lse -target-feature +neon -target-feature +pauth -target-feature +perfmon -target-feature +predres -target-feature +ras -target-feature +rcpc -target-feature +rdm -target-feature +sb -target-feature +sha2 -target-feature +sha3 -target-feature +specrestrict -target-feature +ssbs -triple arm64-apple-ios15.1.0-simulator -target-linker-version 1230.1 -target-sdk-version\=26.2 -fmodules-validate-system-headers -fno-modulemap-allow-subdirectory-search -isysroot /Applications/Xcode.app/Contents/Developer/Platforms/iPhoneSimulator.platform/Developer/SDKs/iPhoneSimulator26.2.sdk -resource-dir /Applications/Xcode.app/Contents/Developer/Toolchains/XcodeDefault.xctoolchain/usr/lib/clang/17 -fmodule-file\=Foundation\=/Users/kharyfiler/Library/Developer/Xcode/DerivedData/Gripah-gptnnpiwslcswlcpylqwkddqyprw/Build/Intermediates.noindex/ExplicitPrecompiledModules/Foundation-ELJYZGL6C5JBHHALALXYWOBTQ.pcm -fmodule-file\=UIKit\=/Users/kharyfiler/Library/Developer/Xcode/DerivedData/Gripah-gptnnpiwslcswlcpylqwkddqyprw/Build/Intermediates.noindex/ExplicitPrecompiledModules/UIKit-9QKT0580GDM5N9TDU6ZJTMMA1.pcm -I /Users/kharyfiler/Library/Developer/Xcode/DerivedData/Gripah-gptnnpiwslcswlcpylqwkddqyprw/Build/Intermediates.noindex/Pods.build/Debug-iphonesimulator/StripePayments.build/StripePayments-own-target-headers.hmap -I /Users/kharyfiler/Library/Developer/Xcode/DerivedData/Gripah-gptnnpiwslcswlcpylqwkddqyprw/Build/Intermediates.noindex/Pods.build/Debug-iphonesimulator/StripePayments.build/StripePayments-all-non-framework-target-headers.hmap -I /Users/kharyfiler/Library/Developer/Xcode/DerivedData/Gripah-gptnnpiwslcswlcpylqwkddqyprw/Build/Products/Debug-iphonesimulator/StripePayments/include -I /Users/kharyfiler/Documents/grip-claude/ios/Pods/Headers/Private -I /Users/kharyfiler/Documents/grip-claude/ios/Pods/Headers/Private/StripePayments -I /Users/kharyfiler/Documents/grip-claude/ios/Pods/Headers/Public -I /Users/kharyfiler/Library/Developer/Xcode/DerivedData/Gripah-gptnnpiwslcswlcpylqwkddqyprw/Build/Intermediates.noindex/Pods.build/Debug-iphonesimulator/StripePayments.build/DerivedSources-normal/arm64 -I /Users/kharyfiler/Library/Developer/Xcode/DerivedData/Gripah-gptnnpiwslcswlcpylqwkddqyprw/Build/Intermediates.noindex/Pods.build/Debug-iphonesimulator/StripePayments.build/DerivedSources/arm64 -I /Users/kharyfiler/Library/Developer/Xcode/DerivedData/Gripah-gptnnpiwslcswlcpylqwkddqyprw/Build/Intermediates.noindex/Pods.build/Debug-iphonesimulator/StripePayments.build/DerivedSources -F /Users/kharyfiler/Library/Developer/Xcode/DerivedData/Gripah-gptnnpiwslcswlcpylqwkddqyprw/Build/Products/Debug-iphonesimulator/StripePayments -iquote /Users/kharyfiler/Library/Developer/Xcode/DerivedData/Gripah-gptnnpiwslcswlcpylqwkddqyprw/Build/Intermediates.noindex/Pods.build/Debug-iphonesimulator/StripePayments.build/StripePayments-generated-files.hmap -iquote /Users/kharyfiler/Library/Developer/Xcode/DerivedData/Gripah-gptnnpiwslcswlcpylqwkddqyprw/Build/Intermediates.noindex/Pods.build/Debug-iphonesimulator/StripePayments.build/StripePayments-project-headers.hmap -isystem /Applications/Xcode.app/Contents/Developer/Platforms/iPhoneSimulator.platform/Developer/SDKs/iPhoneSimulator26.2.sdk/usr/local/include -isystem /Applications/Xcode.app/Contents/Developer/Toolchains/XcodeDefault.xctoolchain/usr/lib/clang/17/include -internal-externc-isystem /Applications/Xcode.app/Contents/Developer/Platforms/iPhoneSimulator.platform/Developer/SDKs/iPhoneSimulator26.2.sdk/usr/include -internal-externc-isystem /Applications/Xcode.app/Contents/Developer/Toolchains/XcodeDefault.xctoolchain/usr/include -internal-iframework /Applications/Xcode.app/Contents/Developer/Platforms/iPhoneSimulator.platform/Developer/SDKs/iPhoneSimulator26.2.sdk/System/Library/Frameworks -internal-iframework /Applications/Xcode.app/Contents/Developer/Platforms/iPhoneSimulator.platform/Developer/SDKs/iPhoneSimulator26.2.sdk/System/Library/SubFrameworks -internal-iframework /Applications/Xcode.app/Contents/Developer/Platforms/iPhoneSimulator.platform/Developer/SDKs/iPhoneSimulator26.2.sdk/Library/Frameworks -ivfsstatcache /Users/kharyfiler/Library/Developer/Xcode/DerivedData/SDKStatCaches.noindex/iphonesimulator26.2-23C53-3885c01c3e6b6a337905948deab2002e7d00a8b37fbd7999ea79df8ebc024bf0.sdkstatcache -ivfsoverlay /Users/kharyfiler/Library/Developer/Xcode/DerivedData/Gripah-gptnnpiwslcswlcpylqwkddqyprw/Build/Intermediates.noindex/Pods.build/Debug-iphonesimulator/Pods-8699adb1dd336b26511df848a716bd42-VFS-iphonesimulator/all-product-headers.yaml -std\=gnu11 -fexceptions -fskip-odr-check-in-gmf -fmodules -fno-implicit-modules -fobjc-exceptions -fmax-type-align\=16 -fpascal-strings -fvisibility-inlines-hidden-static-local-var -mdarwin-stkchk-strong-link -fno-odr-hash-protocols -pic-level 2 -fencode-extended-block-signature -stack-protector 1 -fobjc-runtime\=ios-15.1.0 -fobjc-arc -fobjc-runtime-has-weak -fobjc-weak -fgnuc-version\=4.2.1 -fblocks -ffp-contract\=on -fclang-abi-compat\=4.0 -fno-experimental-relative-c++-abi-vtables -fno-file-reproducible -clang-vendor-feature\=+disableNonDependentMemberExprInCurrentInstantiation -clang-vendor-feature\=+enableAggressiveVLAFolding -clang-vendor-feature\=+revert09abecef7bbf -clang-vendor-feature\=+thisNoAlignAttr -clang-vendor-feature\=+thisNoNullAttr -clang-vendor-feature\=+disableAtImportPrivateFrameworkInImplementationError -O0 -fno-assume-unique-vtables -fdebug-compilation-dir\=/Users/kharyfiler/Documents/grip-claude/ios/Pods -fcoverage-compilation-dir\=/Users/kharyfiler/Documents/grip-claude/ios/Pods -fobjc-msgsend-selector-stubs -fregister-global-dtors-with-atexit -fno-strict-return -dwarf-version\=4 -debugger-tuning\=lldb -disable-llvm-verifier -funwind-tables\=1 -clear-ast-before-backend -discard-value-names -main-file-name STDSRuntimeException.m -mframe-pointer\=non-leaf -debug-info-kind\=standalone -fdiagnostics-hotness-threshold\=0 -fdiagnostics-misexpect-tolerance\=0 -D COCOAPODS\=1 -D DEBUG\=1 -D OBJC_OLD_DISPATCH_PROTOTYPES\=0 -D POD_CONFIGURATION_DEBUG\=1 -D __GCC_HAVE_DWARF2_CFI_ASM\=1 -include /Users/kharyfiler/Documents/grip-claude/ios/Pods/Target\ Support\ Files/StripePayments/StripePayments-prefix.pch -fdefine-target-os-macros -MT dependencies -dependency-file /Users/kharyfiler/Library/Developer/Xcode/DerivedData/Gripah-gptnnpiwslcswlcpylqwkddqyprw/Build/Intermediates.noindex/Pods.build/Debug-iphonesimulator/StripePayments.build/Objects-normal/arm64/STDSRuntimeException.d -skip-unused-modulemap-deps

note: Run script build phase '[CP-User] Generate app.config for prebuilt Constants.manifest' will be run during every build because the option to run the script phase "Based on dependency analysis" is unchecked. (in target 'EXConstants' from project 'Pods')
warning: None of the architectures in ARCHS (arm64) are valid. Consider setting ARCHS to $(ARCHS_STANDARD) or updating it to include at least one value from VALID_ARCHS (arm64, x86_64) which is not in EXCLUDED_ARCHS (arm64). (in target 'Gripah' from project 'Gripah')
note: Run script build phase 'Bundle React Native code and images' will be run during every build because the option to run the script phase "Based on dependency analysis" is unchecked. (in target 'Gripah' from project 'Gripah')
note: Run script build phase '[Expo] Configure project' will be run during every build because the option to run the script phase "Based on dependency analysis" is unchecked. (in target 'Gripah' from project 'Gripah')
warning: Run script build phase '[CP-User] [RNGoogleMobileAds] Configuration' will be run during every build because it does not specify any outputs. To address this issue, either add output dependencies to the script phase, or configure it to run in every build by unchecking "Based on dependency analysis" in the script phase. (in target 'Gripah' from project 'Gripah')
warning: None of the architectures in ARCHS (arm64) are valid. Consider setting ARCHS to $(ARCHS_STANDARD) or updating it to include at least one value from VALID_ARCHS (arm64, x86_64) which is not in EXCLUDED_ARCHS (arm64). (in target 'Pods-Gripah' from project 'Pods')
/Users/kharyfiler/Documents/grip-claude/ios/Pods/Pods.xcodeproj: warning: The iOS Simulator deployment target 'IPHONEOS_DEPLOYMENT_TARGET' is set to 10.0, but the range of supported deployment target versions is 12.0 to 26.2.99. (in target 'GoogleToolboxForMac-GoogleToolboxForMac_Logger_Privacy' from project 'Pods')
/Users/kharyfiler/Documents/grip-claude/ios/Pods/Pods.xcodeproj: warning: The iOS Simulator deployment target 'IPHONEOS_DEPLOYMENT_TARGET' is set to 10.0, but the range of supported deployment target versions is 12.0 to 26.2.99. (in target 'GTMSessionFetcher-GTMSessionFetcher_Core_Privacy' from project 'Pods')
warning: Run script build phase '[CP-User] [Hermes] Replace Hermes for the right configuration, if needed' will be run during every build because it does not specify any outputs. To address this issue, either add output dependencies to the script phase, or configure it to run in every build by unchecking "Based on dependency analysis" in the script phase. (in target 'hermes-engine' from project 'Pods')
/Users/kharyfiler/Documents/grip-claude/ios/Pods/Pods.xcodeproj: warning: The iOS Simulator deployment target 'IPHONEOS_DEPLOYMENT_TARGET' is set to 9.0, but the range of supported deployment target versions is 12.0 to 26.2.99. (in target 'RNCAsyncStorage-RNCAsyncStorage_resources' from project 'Pods')
/Users/kharyfiler/Documents/grip-claude/ios/Pods/Pods.xcodeproj: warning: The iOS Simulator deployment target 'IPHONEOS_DEPLOYMENT_TARGET' is set to 9.0, but the range of supported deployment target versions is 12.0 to 26.2.99. (in target 'PromisesObjC-FBLPromises_Privacy' from project 'Pods')
/Users/kharyfiler/Documents/grip-claude/ios/Pods/Pods.xcodeproj: warning: The iOS Simulator deployment target 'IPHONEOS_DEPLOYMENT_TARGET' is set to 10.0, but the range of supported deployment target versions is 12.0 to 26.2.99. (in target 'GoogleToolboxForMac-GoogleToolboxForMac_Privacy' from project 'Pods')
note: Run script build phase '[CP-User] [RN]Check FBReactNativeSpec' will be run during every build because the option to run the script phase "Based on dependency analysis" is unchecked. (in target 'React-RCTFBReactNativeSpec' from project 'Pods')
** BUILD FAILED **


The following build commands failed:
	CompileC /Users/kharyfiler/Library/Developer/Xcode/DerivedData/Gripah-gptnnpiwslcswlcpylqwkddqyprw/Build/Intermediates.noindex/Pods.build/Debug-iphonesimulator/react-native-slider.build/Objects-normal/arm64/RNCSliderComponentView.o /Users/kharyfiler/Documents/grip-claude/node_modules/@react-native-community/slider/ios/RNCSliderComponentView.mm normal arm64 objective-c++ com.apple.compilers.llvm.clang.1_0.compiler (in target 'react-native-slider' from project 'Pods')
	Building workspace Gripah with scheme Gripah and configuration Debug
(2 failures)
